[0.342s][info][gc,start    ] GC(0) Pause Young (Normal) (G1 Evacuation Pause)
[0.343s][info][gc,task     ] GC(0) Using 3 workers of 6 for evacuation
[0.349s][info][gc,phases   ] GC(0)   Pre Evacuate Collection Set: 0.2ms
[0.350s][info][gc,phases   ] GC(0)   Merge Heap Roots: 0.2ms
[0.350s][info][gc,phases   ] GC(0)   Evacuate Collection Set: 5.1ms
[0.350s][info][gc,phases   ] GC(0)   Post Evacuate Collection Set: 0.6ms
[0.350s][info][gc,phases   ] GC(0)   Other: 0.8ms
[0.350s][info][gc,heap     ] GC(0) Eden regions: 4->0(1)
[0.350s][info][gc,heap     ] GC(0) Survivor regions: 0->1(1)
[0.351s][info][gc,heap     ] GC(0) Old regions: 1->3
[0.351s][info][gc,heap     ] GC(0) Humongous regions: 3->3
[0.351s][info][gc,metaspace] GC(0) Metaspace: 1825K(2048K)->1825K(2048K) NonClass: 1750K(1856K)->1750K(1856K) Class: 75K(192K)->75K(192K)
[0.351s][info][gc          ] GC(0) Pause Young (Normal) (G1 Evacuation Pause) 30M->26M(132M) 9.616ms
[0.351s][info][gc,cpu      ] GC(0) User=0.01s Sys=0.01s Real=0.01s
[0.363s][info][gc,start    ] GC(1) Pause Young (Normal) (G1 Evacuation Pause)
[0.363s][info][gc,task     ] GC(1) Using 3 workers of 6 for evacuation
[0.366s][info][gc,phases   ] GC(1)   Pre Evacuate Collection Set: 0.2ms
[0.367s][info][gc,phases   ] GC(1)   Merge Heap Roots: 0.1ms
[0.367s][info][gc,phases   ] GC(1)   Evacuate Collection Set: 2.5ms
[0.367s][info][gc,phases   ] GC(1)   Post Evacuate Collection Set: 0.3ms
[0.368s][info][gc,phases   ] GC(1)   Other: 0.3ms
[0.368s][info][gc,heap     ] GC(1) Eden regions: 1->0(5)
[0.368s][info][gc,heap     ] GC(1) Survivor regions: 1->1(1)
[0.368s][info][gc,heap     ] GC(1) Old regions: 3->4
[0.368s][info][gc,heap     ] GC(1) Humongous regions: 3->3
[0.369s][info][gc,metaspace] GC(1) Metaspace: 1843K(2048K)->1843K(2048K) NonClass: 1768K(1856K)->1768K(1856K) Class: 75K(192K)->75K(192K)
[0.369s][info][gc          ] GC(1) Pause Young (Normal) (G1 Evacuation Pause) 29M->27M(132M) 6.156ms
[0.369s][info][gc,cpu      ] GC(1) User=0.00s Sys=0.00s Real=0.01s
[0.851s][info][gc,start    ] GC(2) Pause Young (Normal) (G1 Evacuation Pause)
[0.852s][info][gc,task     ] GC(2) Using 6 workers of 6 for evacuation
[0.860s][info][gc,phases   ] GC(2)   Pre Evacuate Collection Set: 0.2ms
[0.860s][info][gc,phases   ] GC(2)   Merge Heap Roots: 0.1ms
[0.860s][info][gc,phases   ] GC(2)   Evacuate Collection Set: 5.9ms
[0.860s][info][gc,phases   ] GC(2)   Post Evacuate Collection Set: 1.3ms
[0.861s][info][gc,phases   ] GC(2)   Other: 0.9ms
[0.861s][info][gc,heap     ] GC(2) Eden regions: 5->0(8)
[0.861s][info][gc,heap     ] GC(2) Survivor regions: 1->1(1)
[0.861s][info][gc,heap     ] GC(2) Old regions: 4->5
[0.861s][info][gc,heap     ] GC(2) Humongous regions: 3->3
[0.861s][info][gc,metaspace] GC(2) Metaspace: 16118K(16576K)->16118K(16576K) NonClass: 14550K(14784K)->14550K(14784K) Class: 1568K(1792K)->1568K(1792K)
[0.862s][info][gc          ] GC(2) Pause Young (Normal) (G1 Evacuation Pause) 47M->32M(132M) 10.670ms
[0.862s][info][gc,cpu      ] GC(2) User=0.01s Sys=0.02s Real=0.01s
[1.657s][info][gc,start    ] GC(3) Pause Young (Normal) (G1 Evacuation Pause)
[1.658s][info][gc,task     ] GC(3) Using 6 workers of 6 for evacuation
[1.983s][info][gc,mmu      ] GC(3) MMU target violated: 201.0ms (200.0ms/201.0ms)
[2.005s][info][gc,phases   ] GC(3)   Pre Evacuate Collection Set: 0.2ms
[2.071s][info][gc,phases   ] GC(3)   Merge Heap Roots: 0.1ms
[2.073s][info][gc,phases   ] GC(3)   Evacuate Collection Set: 321.4ms
[2.074s][info][gc,phases   ] GC(3)   Post Evacuate Collection Set: 1.7ms
[2.075s][info][gc,phases   ] GC(3)   Other: 23.8ms
[2.076s][info][gc,heap     ] GC(3) Eden regions: 8->0(9)
[2.077s][info][gc,heap     ] GC(3) Survivor regions: 1->2(2)
[2.077s][info][gc,heap     ] GC(3) Old regions: 5->7
[2.094s][info][gc,heap     ] GC(3) Humongous regions: 3->3
[2.186s][info][gc,metaspace] GC(3) Metaspace: 20590K(21056K)->20590K(21056K) NonClass: 18570K(18816K)->18570K(18816K) Class: 2020K(2240K)->2020K(2240K)
[2.188s][info][gc          ] GC(3) Pause Young (Normal) (G1 Evacuation Pause) 64M->46M(132M) 530.943ms
[2.190s][info][gc,cpu      ] GC(3) User=0.81s Sys=0.18s Real=0.54s
[2.302s][info][gc,start    ] GC(4) Pause Young (Concurrent Start) (Metadata GC Threshold)
[2.302s][info][gc,task     ] GC(4) Using 6 workers of 6 for evacuation
[2.397s][info][gc,phases   ] GC(4)   Pre Evacuate Collection Set: 0.2ms
[2.397s][info][gc,phases   ] GC(4)   Merge Heap Roots: 0.1ms
[2.398s][info][gc,phases   ] GC(4)   Evacuate Collection Set: 76.8ms
[2.398s][info][gc,phases   ] GC(4)   Post Evacuate Collection Set: 17.3ms
[2.398s][info][gc,phases   ] GC(4)   Other: 0.3ms
[2.398s][info][gc,heap     ] GC(4) Eden regions: 2->0(15)
[2.398s][info][gc,heap     ] GC(4) Survivor regions: 2->1(1)
[2.399s][info][gc,heap     ] GC(4) Old regions: 7->9
[2.399s][info][gc,heap     ] GC(4) Humongous regions: 3->3
[2.399s][info][gc,metaspace] GC(4) Metaspace: 21097K(21504K)->21097K(21504K) NonClass: 19030K(19264K)->19030K(19264K) Class: 2066K(2240K)->2066K(2240K)
[2.401s][info][gc          ] GC(4) Pause Young (Concurrent Start) (Metadata GC Threshold) 50M->47M(268M) 98.645ms
[2.401s][info][gc,cpu      ] GC(4) User=0.19s Sys=0.07s Real=0.10s
[2.401s][info][gc          ] GC(5) Concurrent Mark Cycle
[2.404s][info][gc,marking  ] GC(5) Concurrent Scan Root Regions
[2.407s][info][gc,marking  ] GC(5) Concurrent Scan Root Regions 3.758ms
[2.410s][info][gc,marking  ] GC(5) Concurrent Mark
[2.419s][info][gc,marking  ] GC(5) Concurrent Mark From Roots
[2.420s][info][gc,task     ] GC(5) Using 2 workers of 2 for marking
[2.436s][info][gc,marking  ] GC(5) Concurrent Mark From Roots 16.580ms
[2.442s][info][gc,marking  ] GC(5) Concurrent Preclean
[2.443s][info][gc,marking  ] GC(5) Concurrent Preclean 0.528ms
[2.447s][info][gc,start    ] GC(5) Pause Remark
[2.449s][info][gc          ] GC(5) Pause Remark 48M->48M(176M) 2.659ms
[2.450s][info][gc,cpu      ] GC(5) User=0.01s Sys=0.00s Real=0.01s
[2.453s][info][gc,marking  ] GC(5) Concurrent Mark 42.649ms
[2.457s][info][gc,marking  ] GC(5) Concurrent Rebuild Remembered Sets and Scrub Regions
[2.467s][info][gc,marking  ] GC(5) Concurrent Rebuild Remembered Sets and Scrub Regions 9.806ms
[2.467s][info][gc,start    ] GC(5) Pause Cleanup
[2.468s][info][gc          ] GC(5) Pause Cleanup 48M->48M(176M) 0.371ms
[2.468s][info][gc,cpu      ] GC(5) User=0.00s Sys=0.00s Real=0.01s
[2.468s][info][gc,marking  ] GC(5) Concurrent Clear Claimed Marks
[2.470s][info][gc,marking  ] GC(5) Concurrent Clear Claimed Marks 1.428ms
[2.470s][info][gc,marking  ] GC(5) Concurrent Cleanup for Next Mark
[2.472s][info][gc,marking  ] GC(5) Concurrent Cleanup for Next Mark 2.284ms
[2.472s][info][gc          ] GC(5) Concurrent Mark Cycle 71.285ms
[4.160s][info][gc,start    ] GC(6) Pause Young (Prepare Mixed) (Metadata GC Threshold)
[4.160s][info][gc,task     ] GC(6) Using 6 workers of 6 for evacuation
[4.261s][info][gc,phases   ] GC(6)   Pre Evacuate Collection Set: 0.2ms
[4.262s][info][gc,phases   ] GC(6)   Merge Heap Roots: 0.1ms
[4.271s][info][gc,phases   ] GC(6)   Evacuate Collection Set: 99.4ms
[4.279s][info][gc,phases   ] GC(6)   Post Evacuate Collection Set: 1.0ms
[4.282s][info][gc,phases   ] GC(6)   Other: 0.3ms
[4.282s][info][gc,heap     ] GC(6) Eden regions: 11->0(11)
[4.283s][info][gc,heap     ] GC(6) Survivor regions: 1->2(2)
[4.283s][info][gc,heap     ] GC(6) Old regions: 9->10
[4.283s][info][gc,heap     ] GC(6) Humongous regions: 3->3
[4.283s][info][gc,metaspace] GC(6) Metaspace: 35739K(36416K)->35739K(36416K) NonClass: 32043K(32448K)->32043K(32448K) Class: 3696K(3968K)->3696K(3968K)
[4.284s][info][gc          ] GC(6) Pause Young (Prepare Mixed) (Metadata GC Threshold) 89M->56M(176M) 124.133ms
[4.284s][info][gc,cpu      ] GC(6) User=0.35s Sys=0.07s Real=0.12s
[4.308s][info][gc,start    ] GC(7) Pause Young (Mixed) (Metadata GC Threshold)
[4.311s][info][gc,task     ] GC(7) Using 6 workers of 6 for evacuation
[4.353s][info][gc,phases   ] GC(7)   Pre Evacuate Collection Set: 0.2ms
[4.365s][info][gc,phases   ] GC(7)   Merge Heap Roots: 0.2ms
[4.376s][info][gc,phases   ] GC(7)   Evacuate Collection Set: 32.4ms
[4.380s][info][gc,phases   ] GC(7)   Post Evacuate Collection Set: 0.7ms
[4.383s][info][gc,phases   ] GC(7)   Other: 8.8ms
[4.385s][info][gc,heap     ] GC(7) Eden regions: 1->0(13)
[4.390s][info][gc,heap     ] GC(7) Survivor regions: 2->1(2)
[4.397s][info][gc,heap     ] GC(7) Old regions: 10->12
[4.404s][info][gc,heap     ] GC(7) Humongous regions: 3->3
[4.407s][info][gc,metaspace] GC(7) Metaspace: 36068K(36736K)->36068K(36736K) NonClass: 32339K(32704K)->32339K(32704K) Class: 3729K(4032K)->3729K(4032K)
[4.408s][info][gc          ] GC(7) Pause Young (Mixed) (Metadata GC Threshold) 58M->57M(176M) 99.253ms
[4.410s][info][gc,cpu      ] GC(7) User=0.12s Sys=0.07s Real=0.10s
[4.460s][info][gc,start    ] GC(8) Pause Young (Concurrent Start) (Metadata GC Threshold)
[4.461s][info][gc,task     ] GC(8) Using 6 workers of 6 for evacuation
[4.473s][info][gc,phases   ] GC(8)   Pre Evacuate Collection Set: 0.3ms
[4.477s][info][gc,phases   ] GC(8)   Merge Heap Roots: 0.1ms
[4.477s][info][gc,phases   ] GC(8)   Evacuate Collection Set: 0.9ms
[4.477s][info][gc,phases   ] GC(8)   Post Evacuate Collection Set: 0.5ms
[4.478s][info][gc,phases   ] GC(8)   Other: 10.3ms
[4.478s][info][gc,heap     ] GC(8) Eden regions: 1->0(15)
[4.478s][info][gc,heap     ] GC(8) Survivor regions: 1->1(2)
[4.478s][info][gc,heap     ] GC(8) Old regions: 12->12
[4.478s][info][gc,heap     ] GC(8) Humongous regions: 3->3
[4.478s][info][gc,metaspace] GC(8) Metaspace: 36417K(37056K)->36417K(37056K) NonClass: 32653K(33024K)->32653K(33024K) Class: 3764K(4032K)->3764K(4032K)
[4.478s][info][gc          ] GC(8) Pause Young (Concurrent Start) (Metadata GC Threshold) 59M->57M(176M) 18.097ms
[4.479s][info][gc,cpu      ] GC(8) User=0.00s Sys=0.00s Real=0.02s
[4.479s][info][gc          ] GC(9) Concurrent Mark Cycle
[4.486s][info][gc,marking  ] GC(9) Concurrent Scan Root Regions
[4.512s][info][gc,marking  ] GC(9) Concurrent Scan Root Regions 25.902ms
[4.549s][info][gc,marking  ] GC(9) Concurrent Mark
[4.556s][info][gc,marking  ] GC(9) Concurrent Mark From Roots
[4.649s][info][gc,task     ] GC(9) Using 2 workers of 2 for marking
[4.860s][info][gc,marking  ] GC(9) Concurrent Mark From Roots 304.276ms
[4.876s][info][gc,marking  ] GC(9) Concurrent Preclean
[4.897s][info][gc,marking  ] GC(9) Concurrent Preclean 20.996ms
[5.671s][info][gc,start    ] GC(9) Pause Remark
[5.691s][info][gc          ] GC(9) Pause Remark 60M->60M(176M) 20.010ms
[5.696s][info][gc,cpu      ] GC(9) User=0.03s Sys=0.00s Real=0.02s
[5.726s][info][gc,marking  ] GC(9) Concurrent Mark 1176.695ms
[5.734s][info][gc,marking  ] GC(9) Concurrent Rebuild Remembered Sets and Scrub Regions
[5.803s][info][gc,marking  ] GC(9) Concurrent Rebuild Remembered Sets and Scrub Regions 69.606ms
[5.850s][info][gc,start    ] GC(9) Pause Cleanup
[5.860s][info][gc          ] GC(9) Pause Cleanup 61M->61M(176M) 9.465ms
[5.873s][info][gc,cpu      ] GC(9) User=0.01s Sys=0.00s Real=0.02s
[5.890s][info][gc,marking  ] GC(9) Concurrent Clear Claimed Marks
[5.905s][info][gc,marking  ] GC(9) Concurrent Clear Claimed Marks 15.051ms
[5.914s][info][gc,marking  ] GC(9) Concurrent Cleanup for Next Mark
[6.135s][info][gc,marking  ] GC(9) Concurrent Cleanup for Next Mark 220.668ms
[6.342s][info][gc          ] GC(9) Concurrent Mark Cycle 1863.134ms
[8.212s][info][gc,start    ] GC(10) Pause Young (Prepare Mixed) (G1 Evacuation Pause)
[8.213s][info][gc,task     ] GC(10) Using 6 workers of 6 for evacuation
[8.223s][info][gc,phases   ] GC(10)   Pre Evacuate Collection Set: 0.5ms
[8.224s][info][gc,phases   ] GC(10)   Merge Heap Roots: 0.2ms
[8.225s][info][gc,phases   ] GC(10)   Evacuate Collection Set: 8.3ms
[8.225s][info][gc,phases   ] GC(10)   Post Evacuate Collection Set: 1.2ms
[8.225s][info][gc,phases   ] GC(10)   Other: 0.3ms
[8.225s][info][gc,heap     ] GC(10) Eden regions: 15->0(15)
[8.225s][info][gc,heap     ] GC(10) Survivor regions: 1->2(2)
[8.226s][info][gc,heap     ] GC(10) Old regions: 12->12
[8.226s][info][gc,heap     ] GC(10) Humongous regions: 3->3
[8.226s][info][gc,metaspace] GC(10) Metaspace: 59710K(60800K)->59710K(60800K) NonClass: 53020K(53632K)->53020K(53632K) Class: 6690K(7168K)->6690K(7168K)
[8.226s][info][gc          ] GC(10) Pause Young (Prepare Mixed) (G1 Evacuation Pause) 117M->65M(176M) 14.009ms
[8.227s][info][gc,cpu      ] GC(10) User=0.04s Sys=0.00s Real=0.01s
[8.360s][info][gc,start    ] GC(11) Pause Young (Mixed) (Metadata GC Threshold)
[8.362s][info][gc,task     ] GC(11) Using 6 workers of 6 for evacuation
[8.381s][info][gc,phases   ] GC(11)   Pre Evacuate Collection Set: 0.2ms
[8.381s][info][gc,phases   ] GC(11)   Merge Heap Roots: 0.2ms
[8.382s][info][gc,phases   ] GC(11)   Evacuate Collection Set: 17.3ms
[8.382s][info][gc,phases   ] GC(11)   Post Evacuate Collection Set: 1.3ms
[8.383s][info][gc,phases   ] GC(11)   Other: 0.4ms
[8.384s][info][gc,heap     ] GC(11) Eden regions: 2->0(15)
[8.384s][info][gc,heap     ] GC(11) Survivor regions: 2->1(3)
[8.386s][info][gc,heap     ] GC(11) Old regions: 12->14
[8.388s][info][gc,heap     ] GC(11) Humongous regions: 3->3
[8.388s][info][gc,metaspace] GC(11) Metaspace: 62831K(64000K)->62831K(64000K) NonClass: 55725K(56384K)->55725K(56384K) Class: 7106K(7616K)->7106K(7616K)
[8.389s][info][gc          ] GC(11) Pause Young (Mixed) (Metadata GC Threshold) 71M->66M(176M) 28.159ms
[8.389s][info][gc,cpu      ] GC(11) User=0.02s Sys=0.03s Real=0.03s
[8.418s][info][gc,start    ] GC(12) Pause Young (Concurrent Start) (Metadata GC Threshold)
[8.418s][info][gc,task     ] GC(12) Using 6 workers of 6 for evacuation
[8.422s][info][gc,phases   ] GC(12)   Pre Evacuate Collection Set: 0.3ms
[8.422s][info][gc,phases   ] GC(12)   Merge Heap Roots: 0.2ms
[8.422s][info][gc,phases   ] GC(12)   Evacuate Collection Set: 2.1ms
[8.422s][info][gc,phases   ] GC(12)   Post Evacuate Collection Set: 0.7ms
[8.423s][info][gc,phases   ] GC(12)   Other: 0.3ms
[8.423s][info][gc,heap     ] GC(12) Eden regions: 1->0(17)
[8.423s][info][gc,heap     ] GC(12) Survivor regions: 1->1(2)
[8.423s][info][gc,heap     ] GC(12) Old regions: 14->14
[8.423s][info][gc,heap     ] GC(12) Humongous regions: 3->3
[8.423s][info][gc,metaspace] GC(12) Metaspace: 63190K(64320K)->63190K(64320K) NonClass: 56045K(56704K)->56045K(56704K) Class: 7144K(7616K)->7144K(7616K)
[8.423s][info][gc          ] GC(12) Pause Young (Concurrent Start) (Metadata GC Threshold) 67M->66M(176M) 5.489ms
[8.424s][info][gc          ] GC(13) Concurrent Mark Cycle
[8.424s][info][gc,marking  ] GC(13) Concurrent Scan Root Regions
[8.424s][info][gc,cpu      ] GC(12) User=0.00s Sys=0.01s Real=0.00s
[8.426s][info][gc,marking  ] GC(13) Concurrent Scan Root Regions 1.954ms
[8.426s][info][gc,marking  ] GC(13) Concurrent Mark
[8.427s][info][gc,marking  ] GC(13) Concurrent Mark From Roots
[8.427s][info][gc,task     ] GC(13) Using 2 workers of 2 for marking
[8.481s][info][gc,marking  ] GC(13) Concurrent Mark From Roots 53.382ms
[8.483s][info][gc,marking  ] GC(13) Concurrent Preclean
[8.483s][info][gc,marking  ] GC(13) Concurrent Preclean 0.417ms
[8.485s][info][gc,start    ] GC(13) Pause Remark
[8.496s][info][gc          ] GC(13) Pause Remark 68M->68M(176M) 11.872ms
[8.497s][info][gc,cpu      ] GC(13) User=0.04s Sys=0.00s Real=0.01s
[8.497s][info][gc,marking  ] GC(13) Concurrent Mark 71.065ms
[8.498s][info][gc,marking  ] GC(13) Concurrent Rebuild Remembered Sets and Scrub Regions
[8.530s][info][gc,marking  ] GC(13) Concurrent Rebuild Remembered Sets and Scrub Regions 32.169ms
[8.539s][info][gc,start    ] GC(13) Pause Cleanup
[8.544s][info][gc          ] GC(13) Pause Cleanup 69M->69M(176M) 5.426ms
[8.547s][info][gc,cpu      ] GC(13) User=0.00s Sys=0.00s Real=0.00s
[8.550s][info][gc,marking  ] GC(13) Concurrent Clear Claimed Marks
[8.552s][info][gc,marking  ] GC(13) Concurrent Clear Claimed Marks 2.039ms
[8.552s][info][gc,marking  ] GC(13) Concurrent Cleanup for Next Mark
[8.552s][info][gc,marking  ] GC(13) Concurrent Cleanup for Next Mark 0.300ms
[8.552s][info][gc          ] GC(13) Concurrent Mark Cycle 128.794ms
[9.329s][info][gc,start    ] GC(14) Pause Young (Prepare Mixed) (G1 Evacuation Pause)
[9.330s][info][gc,task     ] GC(14) Using 6 workers of 6 for evacuation
[9.343s][info][gc,phases   ] GC(14)   Pre Evacuate Collection Set: 0.3ms
[9.343s][info][gc,phases   ] GC(14)   Merge Heap Roots: 0.3ms
[9.343s][info][gc,phases   ] GC(14)   Evacuate Collection Set: 10.2ms
[9.343s][info][gc,phases   ] GC(14)   Post Evacuate Collection Set: 2.0ms
[9.344s][info][gc,phases   ] GC(14)   Other: 0.3ms
[9.344s][info][gc,heap     ] GC(14) Eden regions: 17->0(42)
[9.344s][info][gc,heap     ] GC(14) Survivor regions: 1->3(3)
[9.344s][info][gc,heap     ] GC(14) Old regions: 14->15
[9.345s][info][gc,heap     ] GC(14) Humongous regions: 3->3
[9.345s][info][gc,metaspace] GC(14) Metaspace: 74599K(75840K)->74599K(75840K) NonClass: 65961K(66688K)->65961K(66688K) Class: 8638K(9152K)->8638K(9152K)
[9.345s][info][gc          ] GC(14) Pause Young (Prepare Mixed) (G1 Evacuation Pause) 134M->82M(368M) 15.529ms
[9.345s][info][gc,cpu      ] GC(14) User=0.04s Sys=0.01s Real=0.01s
[16.733s][info][gc,start    ] GC(15) Pause Young (Mixed) (Metadata GC Threshold)
[16.733s][info][gc,task     ] GC(15) Using 6 workers of 6 for evacuation
[16.766s][info][gc,phases   ] GC(15)   Pre Evacuate Collection Set: 0.2ms
[16.766s][info][gc,phases   ] GC(15)   Merge Heap Roots: 0.1ms
[16.766s][info][gc,phases   ] GC(15)   Evacuate Collection Set: 29.8ms
[16.766s][info][gc,phases   ] GC(15)   Post Evacuate Collection Set: 2.5ms
[16.767s][info][gc,phases   ] GC(15)   Other: 0.2ms
[16.767s][info][gc,heap     ] GC(15) Eden regions: 31->0(46)
[16.767s][info][gc,heap     ] GC(15) Survivor regions: 3->6(6)
[16.767s][info][gc,heap     ] GC(15) Old regions: 15->15
[16.767s][info][gc,heap     ] GC(15) Humongous regions: 3->3
[16.767s][info][gc,metaspace] GC(15) Metaspace: 107162K(108800K)->107162K(108800K) NonClass: 94535K(95552K)->94535K(95552K) Class: 12626K(13248K)->12626K(13248K)
[16.767s][info][gc          ] GC(15) Pause Young (Mixed) (Metadata GC Threshold) 206M->95M(368M) 34.711ms
[16.768s][info][gc,cpu      ] GC(15) User=0.06s Sys=0.12s Real=0.04s
[16.786s][info][gc,start    ] GC(16) Pause Young (Concurrent Start) (Metadata GC Threshold)
[16.786s][info][gc,task     ] GC(16) Using 6 workers of 6 for evacuation
[16.806s][info][gc,phases   ] GC(16)   Pre Evacuate Collection Set: 0.2ms
[16.806s][info][gc,phases   ] GC(16)   Merge Heap Roots: 0.1ms
[16.806s][info][gc,phases   ] GC(16)   Evacuate Collection Set: 17.7ms
[16.807s][info][gc,phases   ] GC(16)   Post Evacuate Collection Set: 1.5ms
[16.807s][info][gc,phases   ] GC(16)   Other: 0.3ms
[16.807s][info][gc,heap     ] GC(16) Eden regions: 2->0(50)
[16.807s][info][gc,heap     ] GC(16) Survivor regions: 6->4(7)
[16.807s][info][gc,heap     ] GC(16) Old regions: 15->18
[16.808s][info][gc,heap     ] GC(16) Humongous regions: 3->3
[16.808s][info][gc,metaspace] GC(16) Metaspace: 107452K(109120K)->107452K(109120K) NonClass: 94778K(95744K)->94778K(95744K) Class: 12673K(13376K)->12673K(13376K)
[16.808s][info][gc          ] GC(16) Pause Young (Concurrent Start) (Metadata GC Threshold) 100M->98M(368M) 22.212ms
[16.808s][info][gc,cpu      ] GC(16) User=0.10s Sys=0.00s Real=0.03s
[16.808s][info][gc          ] GC(17) Concurrent Mark Cycle
[16.808s][info][gc,marking  ] GC(17) Concurrent Scan Root Regions
[16.822s][info][gc,marking  ] GC(17) Concurrent Scan Root Regions 13.187ms
[16.822s][info][gc,marking  ] GC(17) Concurrent Mark
[16.822s][info][gc,marking  ] GC(17) Concurrent Mark From Roots
[16.823s][info][gc,task     ] GC(17) Using 2 workers of 2 for marking
[16.895s][info][gc,marking  ] GC(17) Concurrent Mark From Roots 72.488ms
[16.895s][info][gc,marking  ] GC(17) Concurrent Preclean
[16.895s][info][gc,marking  ] GC(17) Concurrent Preclean 0.318ms
[16.899s][info][gc,start    ] GC(17) Pause Remark
[16.904s][info][gc          ] GC(17) Pause Remark 112M->112M(360M) 5.065ms
[16.904s][info][gc,cpu      ] GC(17) User=0.02s Sys=0.00s Real=0.00s
[16.905s][info][gc,marking  ] GC(17) Concurrent Mark 83.034ms
[16.905s][info][gc,marking  ] GC(17) Concurrent Rebuild Remembered Sets and Scrub Regions
[16.939s][info][gc,marking  ] GC(17) Concurrent Rebuild Remembered Sets and Scrub Regions 33.563ms
[16.940s][info][gc,start    ] GC(17) Pause Cleanup
[16.940s][info][gc          ] GC(17) Pause Cleanup 130M->130M(360M) 0.335ms
[16.940s][info][gc,cpu      ] GC(17) User=0.00s Sys=0.00s Real=0.00s
[16.940s][info][gc,marking  ] GC(17) Concurrent Clear Claimed Marks
[16.941s][info][gc,marking  ] GC(17) Concurrent Clear Claimed Marks 0.279ms
[16.941s][info][gc,marking  ] GC(17) Concurrent Cleanup for Next Mark
[16.947s][info][gc,marking  ] GC(17) Concurrent Cleanup for Next Mark 6.134ms
[16.947s][info][gc          ] GC(17) Concurrent Mark Cycle 139.146ms
[17.556s][info][gc,start    ] GC(18) Pause Young (Prepare Mixed) (G1 Evacuation Pause)
[17.557s][info][gc,task     ] GC(18) Using 6 workers of 6 for evacuation
[17.601s][info][gc,phases   ] GC(18)   Pre Evacuate Collection Set: 0.3ms
[17.601s][info][gc,phases   ] GC(18)   Merge Heap Roots: 0.2ms
[17.601s][info][gc,phases   ] GC(18)   Evacuate Collection Set: 41.7ms
[17.602s][info][gc,phases   ] GC(18)   Post Evacuate Collection Set: 1.8ms
[17.602s][info][gc,phases   ] GC(18)   Other: 0.3ms
[17.602s][info][gc,heap     ] GC(18) Eden regions: 41->0(38)
[17.602s][info][gc,heap     ] GC(18) Survivor regions: 4->7(7)
[17.602s][info][gc,heap     ] GC(18) Old regions: 18->24
[17.602s][info][gc,heap     ] GC(18) Humongous regions: 27->11
[17.602s][info][gc,metaspace] GC(18) Metaspace: 128309K(130368K)->128309K(130368K) NonClass: 112717K(113984K)->112717K(113984K) Class: 15592K(16384K)->15592K(16384K)
[17.602s][info][gc          ] GC(18) Pause Young (Prepare Mixed) (G1 Evacuation Pause) 358M->167M(412M) 46.495ms
[17.603s][info][gc,cpu      ] GC(18) User=0.11s Sys=0.11s Real=0.05s
[18.084s][info][gc,start    ] GC(19) Pause Young (Mixed) (G1 Evacuation Pause)
[18.084s][info][gc,task     ] GC(19) Using 6 workers of 6 for evacuation
[18.107s][info][gc,phases   ] GC(19)   Pre Evacuate Collection Set: 0.3ms
[18.107s][info][gc,phases   ] GC(19)   Merge Heap Roots: 0.2ms
[18.107s][info][gc,phases   ] GC(19)   Evacuate Collection Set: 19.3ms
[18.107s][info][gc,phases   ] GC(19)   Post Evacuate Collection Set: 2.7ms
[18.108s][info][gc,phases   ] GC(19)   Other: 0.3ms
[18.108s][info][gc,heap     ] GC(19) Eden regions: 38->0(37)
[18.108s][info][gc,heap     ] GC(19) Survivor regions: 7->4(6)
[18.108s][info][gc,heap     ] GC(19) Old regions: 24->32
[18.108s][info][gc,heap     ] GC(19) Humongous regions: 19->12
[18.108s][info][gc,metaspace] GC(19) Metaspace: 136159K(138368K)->136159K(138368K) NonClass: 119614K(120960K)->119614K(120960K) Class: 16545K(17408K)->16545K(17408K)
[18.109s][info][gc          ] GC(19) Pause Young (Mixed) (G1 Evacuation Pause) 351M->189M(412M) 25.040ms
[18.109s][info][gc,cpu      ] GC(19) User=0.09s Sys=0.00s Real=0.03s
[18.138s][info][gc,start    ] GC(20) Pause Young (Concurrent Start) (G1 Humongous Allocation)
[18.140s][info][gc,task     ] GC(20) Using 6 workers of 6 for evacuation
[18.151s][info][gc,phases   ] GC(20)   Pre Evacuate Collection Set: 0.4ms
[18.151s][info][gc,phases   ] GC(20)   Merge Heap Roots: 0.1ms
[18.151s][info][gc,phases   ] GC(20)   Evacuate Collection Set: 9.7ms
[18.152s][info][gc,phases   ] GC(20)   Post Evacuate Collection Set: 0.8ms
[18.152s][info][gc,phases   ] GC(20)   Other: 0.3ms
[18.152s][info][gc,heap     ] GC(20) Eden regions: 4->0(40)
[18.152s][info][gc,heap     ] GC(20) Survivor regions: 4->1(6)
[18.154s][info][gc,heap     ] GC(20) Old regions: 32->35
[18.155s][info][gc,heap     ] GC(20) Humongous regions: 12->12
[18.155s][info][gc,metaspace] GC(20) Metaspace: 136307K(138432K)->136307K(138432K) NonClass: 119750K(121024K)->119750K(121024K) Class: 16556K(17408K)->16556K(17408K)
[18.155s][info][gc          ] GC(20) Pause Young (Concurrent Start) (G1 Humongous Allocation) 201M->189M(412M) 16.618ms
[18.155s][info][gc          ] GC(21) Concurrent Mark Cycle
[18.155s][info][gc,marking  ] GC(21) Concurrent Scan Root Regions
[18.155s][info][gc,cpu      ] GC(20) User=0.03s Sys=0.02s Real=0.01s
[18.168s][info][gc,marking  ] GC(21) Concurrent Scan Root Regions 12.224ms
[18.171s][info][gc,marking  ] GC(21) Concurrent Mark
[18.175s][info][gc,marking  ] GC(21) Concurrent Mark From Roots
[18.176s][info][gc,task     ] GC(21) Using 2 workers of 2 for marking
[18.312s][info][gc,marking  ] GC(21) Concurrent Mark From Roots 137.435ms
[18.313s][info][gc,marking  ] GC(21) Concurrent Preclean
[18.313s][info][gc,marking  ] GC(21) Concurrent Preclean 0.413ms
[18.315s][info][gc,start    ] GC(21) Pause Remark
[18.328s][info][gc          ] GC(21) Pause Remark 219M->219M(412M) 13.229ms
[18.329s][info][gc,cpu      ] GC(21) User=0.06s Sys=0.00s Real=0.02s
[18.329s][info][gc,marking  ] GC(21) Concurrent Mark 157.442ms
[18.331s][info][gc,marking  ] GC(21) Concurrent Rebuild Remembered Sets and Scrub Regions
[18.385s][info][gc,marking  ] GC(21) Concurrent Rebuild Remembered Sets and Scrub Regions 53.952ms
[18.385s][info][gc,start    ] GC(21) Pause Cleanup
[18.386s][info][gc          ] GC(21) Pause Cleanup 224M->224M(412M) 0.310ms
[18.386s][info][gc,cpu      ] GC(21) User=0.00s Sys=0.00s Real=0.00s
[18.386s][info][gc,marking  ] GC(21) Concurrent Clear Claimed Marks
[18.387s][info][gc,marking  ] GC(21) Concurrent Clear Claimed Marks 0.311ms
[18.387s][info][gc,marking  ] GC(21) Concurrent Cleanup for Next Mark
[18.388s][info][gc,marking  ] GC(21) Concurrent Cleanup for Next Mark 1.273ms
[18.388s][info][gc          ] GC(21) Concurrent Mark Cycle 232.991ms
[22.349s][info][gc,start    ] GC(22) Pause Young (Prepare Mixed) (G1 Evacuation Pause)
[22.349s][info][gc,task     ] GC(22) Using 6 workers of 6 for evacuation
[22.360s][info][gc,phases   ] GC(22)   Pre Evacuate Collection Set: 0.4ms
[22.360s][info][gc,phases   ] GC(22)   Merge Heap Roots: 0.1ms
[22.360s][info][gc,phases   ] GC(22)   Evacuate Collection Set: 8.8ms
[22.361s][info][gc,phases   ] GC(22)   Post Evacuate Collection Set: 1.6ms
[22.361s][info][gc,phases   ] GC(22)   Other: 0.3ms
[22.361s][info][gc,heap     ] GC(22) Eden regions: 40->0(38)
[22.361s][info][gc,heap     ] GC(22) Survivor regions: 1->4(6)
[22.362s][info][gc,heap     ] GC(22) Old regions: 35->35
[22.362s][info][gc,heap     ] GC(22) Humongous regions: 16->14
[22.362s][info][gc,metaspace] GC(22) Metaspace: 150014K(152256K)->150014K(152256K) NonClass: 131715K(133056K)->131715K(133056K) Class: 18298K(19200K)->18298K(19200K)
[22.362s][info][gc          ] GC(22) Pause Young (Prepare Mixed) (G1 Evacuation Pause) 365M->209M(412M) 13.664ms
[22.363s][info][gc,cpu      ] GC(22) User=0.05s Sys=0.00s Real=0.01s
[29.323s][info][gc,start    ] GC(23) Pause Young (Mixed) (G1 Evacuation Pause)
[29.323s][info][gc,task     ] GC(23) Using 6 workers of 6 for evacuation
[29.350s][info][gc,phases   ] GC(23)   Pre Evacuate Collection Set: 0.3ms
[29.350s][info][gc,phases   ] GC(23)   Merge Heap Roots: 0.2ms
[29.351s][info][gc,phases   ] GC(23)   Evacuate Collection Set: 24.2ms
[29.351s][info][gc,phases   ] GC(23)   Post Evacuate Collection Set: 2.2ms
[29.351s][info][gc,phases   ] GC(23)   Other: 0.2ms
[29.351s][info][gc,heap     ] GC(23) Eden regions: 23->0(42)
[29.351s][info][gc,heap     ] GC(23) Survivor regions: 4->3(6)
[29.352s][info][gc,heap     ] GC(23) Old regions: 35->38
[29.352s][info][gc,heap     ] GC(23) Humongous regions: 41->14
[29.352s][info][gc,metaspace] GC(23) Metaspace: 157984K(160320K)->157984K(160320K) NonClass: 138802K(140160K)->138802K(140160K) Class: 19181K(20160K)->19181K(20160K)
[29.352s][info][gc          ] GC(23) Pause Young (Mixed) (G1 Evacuation Pause) 409M->214M(444M) 29.443ms
[29.353s][info][gc,cpu      ] GC(23) User=0.07s Sys=0.04s Real=0.03s
[31.876s][info][gc,start    ] GC(24) Pause Young (Concurrent Start) (G1 Humongous Allocation)
[31.876s][info][gc,task     ] GC(24) Using 6 workers of 6 for evacuation
[31.888s][info][gc,phases   ] GC(24)   Pre Evacuate Collection Set: 0.3ms
[31.888s][info][gc,phases   ] GC(24)   Merge Heap Roots: 0.1ms
[31.888s][info][gc,phases   ] GC(24)   Evacuate Collection Set: 9.6ms
[31.889s][info][gc,phases   ] GC(24)   Post Evacuate Collection Set: 1.3ms
[31.889s][info][gc,phases   ] GC(24)   Other: 0.3ms
[31.889s][info][gc,heap     ] GC(24) Eden regions: 17->0(42)
[31.889s][info][gc,heap     ] GC(24) Survivor regions: 3->5(6)
[31.889s][info][gc,heap     ] GC(24) Old regions: 38->38
[31.889s][info][gc,heap     ] GC(24) Humongous regions: 14->14
[31.890s][info][gc,metaspace] GC(24) Metaspace: 167476K(169984K)->167476K(169984K) NonClass: 146867K(148352K)->146867K(148352K) Class: 20609K(21632K)->20609K(21632K)
[31.890s][info][gc          ] GC(24) Pause Young (Concurrent Start) (G1 Humongous Allocation) 282M->221M(444M) 13.653ms
[31.890s][info][gc          ] GC(25) Concurrent Mark Cycle
[31.890s][info][gc,marking  ] GC(25) Concurrent Scan Root Regions
[31.890s][info][gc,cpu      ] GC(24) User=0.06s Sys=0.00s Real=0.02s
[31.897s][info][gc,marking  ] GC(25) Concurrent Scan Root Regions 6.991ms
[31.897s][info][gc,marking  ] GC(25) Concurrent Mark
[31.898s][info][gc,marking  ] GC(25) Concurrent Mark From Roots
[31.898s][info][gc,task     ] GC(25) Using 2 workers of 2 for marking
[32.020s][info][gc,marking  ] GC(25) Concurrent Mark From Roots 122.317ms
[32.020s][info][gc,marking  ] GC(25) Concurrent Preclean
[32.021s][info][gc,marking  ] GC(25) Concurrent Preclean 0.456ms
[32.021s][info][gc,start    ] GC(25) Pause Remark
[32.043s][info][gc          ] GC(25) Pause Remark 245M->201M(444M) 22.239ms
[32.044s][info][gc,cpu      ] GC(25) User=0.08s Sys=0.01s Real=0.02s
[32.044s][info][gc,marking  ] GC(25) Concurrent Mark 146.830ms
[32.046s][info][gc,marking  ] GC(25) Concurrent Rebuild Remembered Sets and Scrub Regions
[32.099s][info][gc,marking  ] GC(25) Concurrent Rebuild Remembered Sets and Scrub Regions 53.064ms
[32.099s][info][gc,start    ] GC(25) Pause Cleanup
[32.099s][info][gc          ] GC(25) Pause Cleanup 201M->201M(444M) 0.313ms
[32.100s][info][gc,cpu      ] GC(25) User=0.00s Sys=0.00s Real=0.00s
[32.100s][info][gc,marking  ] GC(25) Concurrent Clear Claimed Marks
[32.100s][info][gc,marking  ] GC(25) Concurrent Clear Claimed Marks 0.359ms
[32.100s][info][gc,marking  ] GC(25) Concurrent Cleanup for Next Mark
[32.101s][info][gc,marking  ] GC(25) Concurrent Cleanup for Next Mark 0.854ms
[32.101s][info][gc          ] GC(25) Concurrent Mark Cycle 211.248ms
[32.962s][info][gc,start    ] GC(26) Pause Young (Prepare Mixed) (G1 Evacuation Pause)
[32.962s][info][gc,task     ] GC(26) Using 6 workers of 6 for evacuation
[32.974s][info][gc,phases   ] GC(26)   Pre Evacuate Collection Set: 0.3ms
[32.974s][info][gc,phases   ] GC(26)   Merge Heap Roots: 0.2ms
[32.974s][info][gc,phases   ] GC(26)   Evacuate Collection Set: 9.8ms
[32.974s][info][gc,phases   ] GC(26)   Post Evacuate Collection Set: 1.3ms
[32.974s][info][gc,phases   ] GC(26)   Other: 0.3ms
[32.974s][info][gc,heap     ] GC(26) Eden regions: 42->0(47)
[32.974s][info][gc,heap     ] GC(26) Survivor regions: 5->6(6)
[32.975s][info][gc,heap     ] GC(26) Old regions: 36->38
[32.975s][info][gc,heap     ] GC(26) Humongous regions: 8->5
[32.975s][info][gc,metaspace] GC(26) Metaspace: 173950K(176512K)->173950K(176512K) NonClass: 152304K(153792K)->152304K(153792K) Class: 21646K(22720K)->21646K(22720K)
[32.975s][info][gc          ] GC(26) Pause Young (Prepare Mixed) (G1 Evacuation Pause) 357M->190M(444M) 13.448ms
[32.975s][info][gc,cpu      ] GC(26) User=0.06s Sys=0.01s Real=0.01s
[34.773s][info][gc,start    ] GC(27) Pause Young (Mixed) (G1 Evacuation Pause)
[34.774s][info][gc,task     ] GC(27) Using 6 workers of 6 for evacuation
[34.793s][info][gc,phases   ] GC(27)   Pre Evacuate Collection Set: 0.2ms
[34.794s][info][gc,phases   ] GC(27)   Merge Heap Roots: 0.1ms
[34.794s][info][gc,phases   ] GC(27)   Evacuate Collection Set: 16.8ms
[34.794s][info][gc,phases   ] GC(27)   Post Evacuate Collection Set: 2.2ms
[34.794s][info][gc,phases   ] GC(27)   Other: 0.2ms
[34.794s][info][gc,heap     ] GC(27) Eden regions: 47->0(65)
[34.794s][info][gc,heap     ] GC(27) Survivor regions: 6->5(7)
[34.795s][info][gc,heap     ] GC(27) Old regions: 38->37
[34.795s][info][gc,heap     ] GC(27) Humongous regions: 5->5
[34.795s][info][gc,metaspace] GC(27) Metaspace: 186437K(189056K)->186437K(189056K) NonClass: 163085K(164608K)->163085K(164608K) Class: 23351K(24448K)->23351K(24448K)
[34.795s][info][gc          ] GC(27) Pause Young (Mixed) (G1 Evacuation Pause) 378M->184M(576M) 21.610ms
[34.795s][info][gc,cpu      ] GC(27) User=0.08s Sys=0.00s Real=0.02s
[35.692s][info][gc,start    ] GC(28) Pause Young (Concurrent Start) (G1 Humongous Allocation)
[35.692s][info][gc,task     ] GC(28) Using 6 workers of 6 for evacuation
[35.711s][info][gc,phases   ] GC(28)   Pre Evacuate Collection Set: 0.2ms
[35.712s][info][gc,phases   ] GC(28)   Merge Heap Roots: 0.1ms
[35.712s][info][gc,phases   ] GC(28)   Evacuate Collection Set: 17.7ms
[35.712s][info][gc,phases   ] GC(28)   Post Evacuate Collection Set: 1.1ms
[35.712s][info][gc,phases   ] GC(28)   Other: 0.3ms
[35.712s][info][gc,heap     ] GC(28) Eden regions: 49->0(71)
[35.712s][info][gc,heap     ] GC(28) Survivor regions: 5->9(9)
[35.713s][info][gc,heap     ] GC(28) Old regions: 37->39
[35.713s][info][gc,heap     ] GC(28) Humongous regions: 5->5
[35.713s][info][gc,metaspace] GC(28) Metaspace: 188122K(190720K)->188122K(190720K) NonClass: 164580K(166080K)->164580K(166080K) Class: 23541K(24640K)->23541K(24640K)
[35.713s][info][gc          ] GC(28) Pause Young (Concurrent Start) (G1 Humongous Allocation) 378M->207M(576M) 21.108ms
[35.713s][info][gc          ] GC(29) Concurrent Mark Cycle
[35.713s][info][gc,marking  ] GC(29) Concurrent Scan Root Regions
[35.713s][info][gc,cpu      ] GC(28) User=0.09s Sys=0.00s Real=0.02s
[35.727s][info][gc,marking  ] GC(29) Concurrent Scan Root Regions 14.033ms
[35.728s][info][gc,marking  ] GC(29) Concurrent Mark
[35.728s][info][gc,marking  ] GC(29) Concurrent Mark From Roots
[35.728s][info][gc,task     ] GC(29) Using 2 workers of 2 for marking
[35.911s][info][gc,marking  ] GC(29) Concurrent Mark From Roots 183.048ms
[35.911s][info][gc,marking  ] GC(29) Concurrent Preclean
[35.912s][info][gc,marking  ] GC(29) Concurrent Preclean 0.422ms
[35.912s][info][gc,start    ] GC(29) Pause Remark
[35.934s][info][gc          ] GC(29) Pause Remark 297M->297M(576M) 22.205ms
[35.934s][info][gc,cpu      ] GC(29) User=0.10s Sys=0.00s Real=0.02s
[35.935s][info][gc,marking  ] GC(29) Concurrent Mark 206.891ms
[35.935s][info][gc,marking  ] GC(29) Concurrent Rebuild Remembered Sets and Scrub Regions
[36.014s][info][gc,marking  ] GC(29) Concurrent Rebuild Remembered Sets and Scrub Regions 78.700ms
[36.014s][info][gc,start    ] GC(29) Pause Cleanup
[36.014s][info][gc          ] GC(29) Pause Cleanup 311M->311M(576M) 0.367ms
[36.015s][info][gc,cpu      ] GC(29) User=0.00s Sys=0.00s Real=0.00s
[36.015s][info][gc,marking  ] GC(29) Concurrent Clear Claimed Marks
[36.015s][info][gc,marking  ] GC(29) Concurrent Clear Claimed Marks 0.300ms
[36.015s][info][gc,marking  ] GC(29) Concurrent Cleanup for Next Mark
[36.018s][info][gc,marking  ] GC(29) Concurrent Cleanup for Next Mark 2.488ms
[36.019s][info][gc          ] GC(29) Concurrent Mark Cycle 305.766ms
[36.546s][info][gc,start    ] GC(30) Pause Young (Prepare Mixed) (G1 Evacuation Pause)
[36.546s][info][gc,task     ] GC(30) Using 6 workers of 6 for evacuation
[36.578s][info][gc,phases   ] GC(30)   Pre Evacuate Collection Set: 0.2ms
[36.578s][info][gc,phases   ] GC(30)   Merge Heap Roots: 0.2ms
[36.579s][info][gc,phases   ] GC(30)   Evacuate Collection Set: 30.8ms
[36.579s][info][gc,phases   ] GC(30)   Post Evacuate Collection Set: 0.9ms
[36.579s][info][gc,phases   ] GC(30)   Other: 0.2ms
[36.579s][info][gc,heap     ] GC(30) Eden regions: 71->0(64)
[36.579s][info][gc,heap     ] GC(30) Survivor regions: 9->10(10)
[36.579s][info][gc,heap     ] GC(30) Old regions: 39->44
[36.579s][info][gc,heap     ] GC(30) Humongous regions: 15->5
[36.580s][info][gc,metaspace] GC(30) Metaspace: 188602K(191232K)->188602K(191232K) NonClass: 165017K(166528K)->165017K(166528K) Class: 23584K(24704K)->23584K(24704K)
[36.580s][info][gc          ] GC(30) Pause Young (Prepare Mixed) (G1 Evacuation Pause) 531M->232M(596M) 34.183ms
[36.580s][info][gc,cpu      ] GC(30) User=0.11s Sys=0.02s Real=0.04s
[37.166s][info][gc,start    ] GC(31) Pause Young (Mixed) (G1 Evacuation Pause)
[37.166s][info][gc,task     ] GC(31) Using 6 workers of 6 for evacuation
[37.179s][info][gc,phases   ] GC(31)   Pre Evacuate Collection Set: 0.2ms
[37.179s][info][gc,phases   ] GC(31)   Merge Heap Roots: 0.1ms
[37.179s][info][gc,phases   ] GC(31)   Evacuate Collection Set: 11.3ms
[37.179s][info][gc,phases   ] GC(31)   Post Evacuate Collection Set: 0.8ms
[37.180s][info][gc,phases   ] GC(31)   Other: 0.2ms
[37.180s][info][gc,heap     ] GC(31) Eden regions: 64->0(67)
[37.180s][info][gc,heap     ] GC(31) Survivor regions: 10->5(10)
[37.180s][info][gc,heap     ] GC(31) Old regions: 44->46
[37.180s][info][gc,heap     ] GC(31) Humongous regions: 5->5
[37.180s][info][gc,metaspace] GC(31) Metaspace: 188802K(191424K)->188802K(191424K) NonClass: 165215K(166720K)->165215K(166720K) Class: 23586K(24704K)->23586K(24704K)
[37.180s][info][gc          ] GC(31) Pause Young (Mixed) (G1 Evacuation Pause) 488M->216M(596M) 14.543ms
[37.181s][info][gc,cpu      ] GC(31) User=0.06s Sys=0.00s Real=0.02s
[38.103s][info][gc,start    ] GC(32) Pause Young (Concurrent Start) (G1 Evacuation Pause)
[38.104s][info][gc,task     ] GC(32) Using 6 workers of 6 for evacuation
[38.112s][info][gc,phases   ] GC(32)   Pre Evacuate Collection Set: 0.2ms
[38.113s][info][gc,phases   ] GC(32)   Merge Heap Roots: 0.2ms
[38.113s][info][gc,phases   ] GC(32)   Evacuate Collection Set: 5.9ms
[38.113s][info][gc,phases   ] GC(32)   Post Evacuate Collection Set: 2.1ms
[38.113s][info][gc,phases   ] GC(32)   Other: 0.3ms
[38.113s][info][gc,heap     ] GC(32) Eden regions: 67->0(72)
[38.113s][info][gc,heap     ] GC(32) Survivor regions: 5->4(9)
[38.114s][info][gc,heap     ] GC(32) Old regions: 46->46
[38.114s][info][gc,heap     ] GC(32) Humongous regions: 5->5
[38.114s][info][gc,metaspace] GC(32) Metaspace: 188993K(191616K)->188993K(191616K) NonClass: 165407K(166912K)->165407K(166912K) Class: 23586K(24704K)->23586K(24704K)
[38.114s][info][gc          ] GC(32) Pause Young (Concurrent Start) (G1 Evacuation Pause) 484M->215M(596M) 10.416ms
[38.114s][info][gc          ] GC(33) Concurrent Mark Cycle
[38.114s][info][gc,marking  ] GC(33) Concurrent Scan Root Regions
[38.114s][info][gc,cpu      ] GC(32) User=0.04s Sys=0.00s Real=0.01s
[38.123s][info][gc,marking  ] GC(33) Concurrent Scan Root Regions 8.121ms
[38.123s][info][gc,marking  ] GC(33) Concurrent Mark
[38.123s][info][gc,marking  ] GC(33) Concurrent Mark From Roots
[38.123s][info][gc,task     ] GC(33) Using 2 workers of 2 for marking
[38.341s][info][gc,marking  ] GC(33) Concurrent Mark From Roots 217.567ms
[38.348s][info][gc,marking  ] GC(33) Concurrent Preclean
[38.351s][info][gc,marking  ] GC(33) Concurrent Preclean 2.328ms
[38.354s][info][gc,start    ] GC(33) Pause Remark
[38.379s][info][gc          ] GC(33) Pause Remark 275M->275M(596M) 25.253ms
[38.379s][info][gc,cpu      ] GC(33) User=0.11s Sys=0.00s Real=0.03s
[38.381s][info][gc,marking  ] GC(33) Concurrent Mark 257.797ms
[38.386s][info][gc,marking  ] GC(33) Concurrent Rebuild Remembered Sets and Scrub Regions
[38.550s][info][gc,marking  ] GC(33) Concurrent Rebuild Remembered Sets and Scrub Regions 164.359ms
[38.551s][info][gc,start    ] GC(33) Pause Cleanup
[38.552s][info][gc          ] GC(33) Pause Cleanup 331M->331M(596M) 0.501ms
[38.552s][info][gc,cpu      ] GC(33) User=0.00s Sys=0.00s Real=0.00s
[38.554s][info][gc,marking  ] GC(33) Concurrent Clear Claimed Marks
[38.555s][info][gc,marking  ] GC(33) Concurrent Clear Claimed Marks 0.415ms
[38.555s][info][gc,marking  ] GC(33) Concurrent Cleanup for Next Mark
[38.556s][info][gc,marking  ] GC(33) Concurrent Cleanup for Next Mark 0.954ms
[38.556s][info][gc          ] GC(33) Concurrent Mark Cycle 442.104ms
[38.978s][info][gc,start    ] GC(34) Pause Young (Prepare Mixed) (G1 Evacuation Pause)
[38.978s][info][gc,task     ] GC(34) Using 6 workers of 6 for evacuation
[38.989s][info][gc,phases   ] GC(34)   Pre Evacuate Collection Set: 0.2ms
[38.989s][info][gc,phases   ] GC(34)   Merge Heap Roots: 0.2ms
[38.990s][info][gc,phases   ] GC(34)   Evacuate Collection Set: 8.8ms
[38.990s][info][gc,phases   ] GC(34)   Post Evacuate Collection Set: 1.3ms
[38.990s][info][gc,phases   ] GC(34)   Other: 0.2ms
[38.990s][info][gc,heap     ] GC(34) Eden regions: 72->0(77)
[38.991s][info][gc,heap     ] GC(34) Survivor regions: 4->5(10)
[38.991s][info][gc,heap     ] GC(34) Old regions: 46->46
[38.991s][info][gc,heap     ] GC(34) Humongous regions: 5->5
[38.991s][info][gc,metaspace] GC(34) Metaspace: 189046K(191680K)->189046K(191680K) NonClass: 165463K(166976K)->165463K(166976K) Class: 23583K(24704K)->23583K(24704K)
[38.991s][info][gc          ] GC(34) Pause Young (Prepare Mixed) (G1 Evacuation Pause) 503M->218M(596M) 13.168ms
[38.991s][info][gc,cpu      ] GC(34) User=0.04s Sys=0.00s Real=0.01s
[41.361s][info][gc,start    ] GC(35) Pause Young (Mixed) (G1 Evacuation Pause)
[41.361s][info][gc,task     ] GC(35) Using 6 workers of 6 for evacuation
[41.387s][info][gc,phases   ] GC(35)   Pre Evacuate Collection Set: 0.2ms
[41.387s][info][gc,phases   ] GC(35)   Merge Heap Roots: 0.2ms
[41.387s][info][gc,phases   ] GC(35)   Evacuate Collection Set: 15.4ms
[41.387s][info][gc,phases   ] GC(35)   Post Evacuate Collection Set: 9.7ms
[41.387s][info][gc,phases   ] GC(35)   Other: 0.3ms
[41.387s][info][gc,heap     ] GC(35) Eden regions: 77->0(78)
[41.388s][info][gc,heap     ] GC(35) Survivor regions: 5->7(11)
[41.388s][info][gc,heap     ] GC(35) Old regions: 46->44
[41.388s][info][gc,heap     ] GC(35) Humongous regions: 5->5
[41.388s][info][gc,metaspace] GC(35) Metaspace: 202131K(204800K)->202131K(204800K) NonClass: 175913K(177472K)->175913K(177472K) Class: 26218K(27328K)->26218K(27328K)
[41.388s][info][gc          ] GC(35) Pause Young (Mixed) (G1 Evacuation Pause) 526M->218M(596M) 27.591ms
[41.388s][info][gc,cpu      ] GC(35) User=0.06s Sys=0.01s Real=0.03s
[42.442s][info][gc,start    ] GC(36) Pause Young (Concurrent Start) (G1 Evacuation Pause)
[42.442s][info][gc,task     ] GC(36) Using 6 workers of 6 for evacuation
[42.459s][info][gc,phases   ] GC(36)   Pre Evacuate Collection Set: 0.3ms
[42.460s][info][gc,phases   ] GC(36)   Merge Heap Roots: 0.3ms
[42.460s][info][gc,phases   ] GC(36)   Evacuate Collection Set: 14.4ms
[42.460s][info][gc,phases   ] GC(36)   Post Evacuate Collection Set: 1.9ms
[42.460s][info][gc,phases   ] GC(36)   Other: 0.3ms
[42.460s][info][gc,heap     ] GC(36) Eden regions: 78->0(81)
[42.461s][info][gc,heap     ] GC(36) Survivor regions: 7->5(11)
[42.461s][info][gc,heap     ] GC(36) Old regions: 44->45
[42.461s][info][gc,heap     ] GC(36) Humongous regions: 5->5
[42.461s][info][gc,metaspace] GC(36) Metaspace: 202285K(204928K)->202285K(204928K) NonClass: 176051K(177600K)->176051K(177600K) Class: 26233K(27328K)->26233K(27328K)
[42.461s][info][gc          ] GC(36) Pause Young (Concurrent Start) (G1 Evacuation Pause) 530M->217M(596M) 19.468ms
[42.462s][info][gc          ] GC(37) Concurrent Mark Cycle
[42.462s][info][gc,marking  ] GC(37) Concurrent Scan Root Regions
[42.462s][info][gc,cpu      ] GC(36) User=0.06s Sys=0.01s Real=0.02s
[42.477s][info][gc,marking  ] GC(37) Concurrent Scan Root Regions 14.984ms
[42.477s][info][gc,marking  ] GC(37) Concurrent Mark
[42.478s][info][gc,marking  ] GC(37) Concurrent Mark From Roots
[42.478s][info][gc,task     ] GC(37) Using 2 workers of 2 for marking
[42.788s][info][gc,marking  ] GC(37) Concurrent Mark From Roots 310.509ms
[42.789s][info][gc,marking  ] GC(37) Concurrent Preclean
[42.789s][info][gc,marking  ] GC(37) Concurrent Preclean 0.498ms
[42.799s][info][gc,start    ] GC(37) Pause Remark
[42.824s][info][gc          ] GC(37) Pause Remark 313M->313M(596M) 24.811ms
[42.824s][info][gc,cpu      ] GC(37) User=0.05s Sys=0.00s Real=0.02s
[42.825s][info][gc,marking  ] GC(37) Concurrent Mark 348.176ms
[42.825s][info][gc,marking  ] GC(37) Concurrent Rebuild Remembered Sets and Scrub Regions
[42.955s][info][gc,marking  ] GC(37) Concurrent Rebuild Remembered Sets and Scrub Regions 129.669ms
[42.956s][info][gc,start    ] GC(37) Pause Cleanup
[42.957s][info][gc          ] GC(37) Pause Cleanup 356M->356M(596M) 0.336ms
[42.957s][info][gc,cpu      ] GC(37) User=0.01s Sys=0.00s Real=0.00s
[42.957s][info][gc,marking  ] GC(37) Concurrent Clear Claimed Marks
[42.958s][info][gc,marking  ] GC(37) Concurrent Clear Claimed Marks 0.366ms
[42.958s][info][gc,marking  ] GC(37) Concurrent Cleanup for Next Mark
[42.959s][info][gc,marking  ] GC(37) Concurrent Cleanup for Next Mark 1.107ms
[42.959s][info][gc          ] GC(37) Concurrent Mark Cycle 497.742ms
[43.393s][info][gc,start    ] GC(38) Pause Young (Prepare Mixed) (G1 Evacuation Pause)
[43.393s][info][gc,task     ] GC(38) Using 6 workers of 6 for evacuation
[43.404s][info][gc,phases   ] GC(38)   Pre Evacuate Collection Set: 0.3ms
[43.404s][info][gc,phases   ] GC(38)   Merge Heap Roots: 0.3ms
[43.404s][info][gc,phases   ] GC(38)   Evacuate Collection Set: 9.1ms
[43.404s][info][gc,phases   ] GC(38)   Post Evacuate Collection Set: 1.0ms
[43.404s][info][gc,phases   ] GC(38)   Other: 0.3ms
[43.405s][info][gc,heap     ] GC(38) Eden regions: 81->0(77)
[43.405s][info][gc,heap     ] GC(38) Survivor regions: 5->7(11)
[43.405s][info][gc,heap     ] GC(38) Old regions: 45->45
[43.405s][info][gc,heap     ] GC(38) Humongous regions: 6->5
[43.405s][info][gc,metaspace] GC(38) Metaspace: 202334K(204992K)->202334K(204992K) NonClass: 176096K(177664K)->176096K(177664K) Class: 26238K(27328K)->26238K(27328K)
[43.405s][info][gc          ] GC(38) Pause Young (Prepare Mixed) (G1 Evacuation Pause) 545M->225M(596M) 12.713ms
[43.405s][info][gc,cpu      ] GC(38) User=0.04s Sys=0.00s Real=0.01s
[49.289s][info][gc,start    ] GC(39) Pause Young (Mixed) (G1 Evacuation Pause)
[49.289s][info][gc,task     ] GC(39) Using 6 workers of 6 for evacuation
[49.344s][info][gc,phases   ] GC(39)   Pre Evacuate Collection Set: 0.3ms
[49.344s][info][gc,phases   ] GC(39)   Merge Heap Roots: 0.2ms
[49.344s][info][gc,phases   ] GC(39)   Evacuate Collection Set: 49.5ms
[49.344s][info][gc,phases   ] GC(39)   Post Evacuate Collection Set: 4.4ms
[49.344s][info][gc,phases   ] GC(39)   Other: 0.2ms
[49.344s][info][gc,heap     ] GC(39) Eden regions: 77->0(95)
[49.345s][info][gc,heap     ] GC(39) Survivor regions: 7->11(11)
[49.345s][info][gc,heap     ] GC(39) Old regions: 45->51
[49.345s][info][gc,heap     ] GC(39) Humongous regions: 5->5
[49.345s][info][gc,metaspace] GC(39) Metaspace: 232356K(235264K)->232356K(235264K) NonClass: 201830K(203456K)->201830K(203456K) Class: 30525K(31808K)->30525K(31808K)
[49.345s][info][gc          ] GC(39) Pause Young (Mixed) (G1 Evacuation Pause) 533M->266M(740M) 56.406ms
[49.345s][info][gc,cpu      ] GC(39) User=0.16s Sys=0.05s Real=0.05s
[59.524s][info][gc,start    ] GC(40) Pause Young (Concurrent Start) (G1 Evacuation Pause)
[59.524s][info][gc,task     ] GC(40) Using 6 workers of 6 for evacuation
[59.575s][info][gc,phases   ] GC(40)   Pre Evacuate Collection Set: 0.2ms
[59.575s][info][gc,phases   ] GC(40)   Merge Heap Roots: 0.2ms
[59.576s][info][gc,phases   ] GC(40)   Evacuate Collection Set: 47.6ms
[59.576s][info][gc,phases   ] GC(40)   Post Evacuate Collection Set: 2.8ms
[59.576s][info][gc,phases   ] GC(40)   Other: 0.3ms
[59.576s][info][gc,heap     ] GC(40) Eden regions: 95->0(79)
[59.576s][info][gc,heap     ] GC(40) Survivor regions: 11->14(14)
[59.576s][info][gc,heap     ] GC(40) Old regions: 51->67
[59.576s][info][gc,heap     ] GC(40) Humongous regions: 5->5
[59.577s][info][gc,metaspace] GC(40) Metaspace: 266204K(269312K)->266204K(269312K) NonClass: 230105K(231872K)->230105K(231872K) Class: 36099K(37440K)->36099K(37440K)
[59.577s][info][gc          ] GC(40) Pause Young (Concurrent Start) (G1 Evacuation Pause) 646M->343M(768M) 52.949ms
[59.577s][info][gc          ] GC(41) Concurrent Mark Cycle
[59.577s][info][gc,marking  ] GC(41) Concurrent Scan Root Regions
[59.577s][info][gc,cpu      ] GC(40) User=0.21s Sys=0.02s Real=0.05s
[59.612s][info][gc,marking  ] GC(41) Concurrent Scan Root Regions 34.861ms
[59.612s][info][gc,marking  ] GC(41) Concurrent Mark
[59.612s][info][gc,marking  ] GC(41) Concurrent Mark From Roots
[59.613s][info][gc,task     ] GC(41) Using 2 workers of 2 for marking
[59.865s][info][gc,marking  ] GC(41) Concurrent Mark From Roots 252.952ms
[59.866s][info][gc,marking  ] GC(41) Concurrent Preclean
[59.867s][info][gc,marking  ] GC(41) Concurrent Preclean 1.045ms
[59.869s][info][gc,start    ] GC(41) Pause Remark
[59.887s][info][gc          ] GC(41) Pause Remark 386M->386M(768M) 17.938ms
[59.888s][info][gc,cpu      ] GC(41) User=0.06s Sys=0.00s Real=0.01s
[59.888s][info][gc,marking  ] GC(41) Concurrent Mark 275.654ms
[59.890s][info][gc,marking  ] GC(41) Concurrent Rebuild Remembered Sets and Scrub Regions
[60.097s][info][gc,marking  ] GC(41) Concurrent Rebuild Remembered Sets and Scrub Regions 207.150ms
[60.101s][info][gc,start    ] GC(41) Pause Cleanup
[60.102s][info][gc          ] GC(41) Pause Cleanup 450M->450M(768M) 0.401ms
[60.102s][info][gc,cpu      ] GC(41) User=0.00s Sys=0.00s Real=0.00s
[60.102s][info][gc,marking  ] GC(41) Concurrent Clear Claimed Marks
[60.102s][info][gc,marking  ] GC(41) Concurrent Clear Claimed Marks 0.408ms
[60.103s][info][gc,marking  ] GC(41) Concurrent Cleanup for Next Mark
[60.107s][info][gc,marking  ] GC(41) Concurrent Cleanup for Next Mark 4.208ms
[60.107s][info][gc          ] GC(41) Concurrent Mark Cycle 530.106ms
[60.918s][info][gc,start    ] GC(42) Pause Young (Prepare Mixed) (G1 Evacuation Pause)
[60.918s][info][gc,task     ] GC(42) Using 6 workers of 6 for evacuation
[60.996s][info][gc,phases   ] GC(42)   Pre Evacuate Collection Set: 0.2ms
[60.997s][info][gc,phases   ] GC(42)   Merge Heap Roots: 0.2ms
[60.997s][info][gc,phases   ] GC(42)   Evacuate Collection Set: 68.7ms
[60.997s][info][gc,phases   ] GC(42)   Post Evacuate Collection Set: 8.7ms
[60.997s][info][gc,phases   ] GC(42)   Other: 0.2ms
[60.997s][info][gc,heap     ] GC(42) Eden regions: 79->0(67)
[60.997s][info][gc,heap     ] GC(42) Survivor regions: 14->12(12)
[60.997s][info][gc,heap     ] GC(42) Old regions: 67->85
[60.997s][info][gc,heap     ] GC(42) Humongous regions: 9->6
[60.998s][info][gc,metaspace] GC(42) Metaspace: 273180K(276352K)->273180K(276352K) NonClass: 236167K(238016K)->236167K(238016K) Class: 37013K(38336K)->37013K(38336K)
[60.998s][info][gc          ] GC(42) Pause Young (Prepare Mixed) (G1 Evacuation Pause) 675M->408M(796M) 79.484ms
[60.999s][info][gc,cpu      ] GC(42) User=0.23s Sys=0.00s Real=0.08s
