[0.266s][info][gc,start    ] GC(0) Pause Young (Normal) (G1 Evacuation Pause)
[0.267s][info][gc,task     ] GC(0) Using 3 workers of 6 for evacuation
[0.288s][info][gc,phases   ] GC(0)   Pre Evacuate Collection Set: 0.3ms
[0.288s][info][gc,phases   ] GC(0)   Merge Heap Roots: 0.1ms
[0.288s][info][gc,phases   ] GC(0)   Evacuate Collection Set: 19.1ms
[0.289s][info][gc,phases   ] GC(0)   Post Evacuate Collection Set: 0.8ms
[0.289s][info][gc,phases   ] GC(0)   Other: 0.9ms
[0.291s][info][gc,heap     ] GC(0) Eden regions: 4->0(1)
[0.291s][info][gc,heap     ] GC(0) Survivor regions: 0->1(1)
[0.292s][info][gc,heap     ] GC(0) Old regions: 1->4
[0.292s][info][gc,heap     ] GC(0) Humongous regions: 3->3
[0.292s][info][gc,metaspace] GC(0) Metaspace: 1820K(2048K)->1820K(2048K) NonClass: 1745K(1856K)->1745K(1856K) Class: 75K(192K)->75K(192K)
[0.292s][info][gc          ] GC(0) Pause Young (Normal) (G1 Evacuation Pause) 30M->27M(132M) 26.534ms
[0.293s][info][gc,cpu      ] GC(0) User=0.03s Sys=0.03s Real=0.02s
[0.306s][info][gc,start    ] GC(1) Pause Young (Normal) (G1 Evacuation Pause)
[0.306s][info][gc,task     ] GC(1) Using 3 workers of 6 for evacuation
[0.309s][info][gc,phases   ] GC(1)   Pre Evacuate Collection Set: 0.1ms
[0.309s][info][gc,phases   ] GC(1)   Merge Heap Roots: 0.1ms
[0.309s][info][gc,phases   ] GC(1)   Evacuate Collection Set: 2.0ms
[0.310s][info][gc,phases   ] GC(1)   Post Evacuate Collection Set: 0.4ms
[0.310s][info][gc,phases   ] GC(1)   Other: 0.4ms
[0.310s][info][gc,heap     ] GC(1) Eden regions: 1->0(5)
[0.310s][info][gc,heap     ] GC(1) Survivor regions: 1->1(1)
[0.311s][info][gc,heap     ] GC(1) Old regions: 4->5
[0.311s][info][gc,heap     ] GC(1) Humongous regions: 3->3
[0.311s][info][gc,metaspace] GC(1) Metaspace: 1838K(2048K)->1838K(2048K) NonClass: 1763K(1856K)->1763K(1856K) Class: 75K(192K)->75K(192K)
[0.311s][info][gc          ] GC(1) Pause Young (Normal) (G1 Evacuation Pause) 31M->28M(132M) 5.525ms
[0.311s][info][gc,cpu      ] GC(1) User=0.00s Sys=0.00s Real=0.00s
[0.825s][info][gc,start    ] GC(2) Pause Young (Normal) (G1 Evacuation Pause)
[0.827s][info][gc,task     ] GC(2) Using 6 workers of 6 for evacuation
[0.833s][info][gc,phases   ] GC(2)   Pre Evacuate Collection Set: 0.2ms
[0.834s][info][gc,phases   ] GC(2)   Merge Heap Roots: 0.1ms
[0.834s][info][gc,phases   ] GC(2)   Evacuate Collection Set: 5.0ms
[0.834s][info][gc,phases   ] GC(2)   Post Evacuate Collection Set: 0.9ms
[0.834s][info][gc,phases   ] GC(2)   Other: 1.1ms
[0.835s][info][gc,heap     ] GC(2) Eden regions: 5->0(8)
[0.835s][info][gc,heap     ] GC(2) Survivor regions: 1->1(1)
[0.835s][info][gc,heap     ] GC(2) Old regions: 5->5
[0.835s][info][gc,heap     ] GC(2) Humongous regions: 3->3
[0.835s][info][gc,metaspace] GC(2) Metaspace: 16143K(16640K)->16143K(16640K) NonClass: 14573K(14848K)->14573K(14848K) Class: 1570K(1792K)->1570K(1792K)
[0.836s][info][gc          ] GC(2) Pause Young (Normal) (G1 Evacuation Pause) 48M->33M(132M) 10.079ms
[0.836s][info][gc,cpu      ] GC(2) User=0.02s Sys=0.00s Real=0.01s
[1.270s][info][gc,start    ] GC(3) Pause Young (Normal) (G1 Evacuation Pause)
[1.270s][info][gc,task     ] GC(3) Using 6 workers of 6 for evacuation
[1.280s][info][gc,phases   ] GC(3)   Pre Evacuate Collection Set: 0.2ms
[1.281s][info][gc,phases   ] GC(3)   Merge Heap Roots: 0.1ms
[1.281s][info][gc,phases   ] GC(3)   Evacuate Collection Set: 8.7ms
[1.281s][info][gc,phases   ] GC(3)   Post Evacuate Collection Set: 0.7ms
[1.281s][info][gc,phases   ] GC(3)   Other: 0.2ms
[1.281s][info][gc,heap     ] GC(3) Eden regions: 8->0(8)
[1.281s][info][gc,heap     ] GC(3) Survivor regions: 1->2(2)
[1.281s][info][gc,heap     ] GC(3) Old regions: 5->8
[1.281s][info][gc,heap     ] GC(3) Humongous regions: 3->3
[1.282s][info][gc,metaspace] GC(3) Metaspace: 20592K(21056K)->20592K(21056K) NonClass: 18576K(18816K)->18576K(18816K) Class: 2015K(2240K)->2015K(2240K)
[1.282s][info][gc          ] GC(3) Pause Young (Normal) (G1 Evacuation Pause) 65M->46M(132M) 11.524ms
[1.282s][info][gc,cpu      ] GC(3) User=0.04s Sys=0.01s Real=0.01s
[1.332s][info][gc,start    ] GC(4) Pause Young (Concurrent Start) (Metadata GC Threshold)
[1.333s][info][gc,task     ] GC(4) Using 6 workers of 6 for evacuation
[1.339s][info][gc,phases   ] GC(4)   Pre Evacuate Collection Set: 0.2ms
[1.339s][info][gc,phases   ] GC(4)   Merge Heap Roots: 0.1ms
[1.339s][info][gc,phases   ] GC(4)   Evacuate Collection Set: 4.4ms
[1.339s][info][gc,phases   ] GC(4)   Post Evacuate Collection Set: 0.8ms
[1.339s][info][gc,phases   ] GC(4)   Other: 0.2ms
[1.339s][info][gc,heap     ] GC(4) Eden regions: 2->0(21)
[1.339s][info][gc,heap     ] GC(4) Survivor regions: 2->1(2)
[1.339s][info][gc,heap     ] GC(4) Old regions: 8->10
[1.340s][info][gc,heap     ] GC(4) Humongous regions: 3->3
[1.340s][info][gc,metaspace] GC(4) Metaspace: 21097K(21504K)->21097K(21504K) NonClass: 19033K(19264K)->19033K(19264K) Class: 2063K(2240K)->2063K(2240K)
[1.340s][info][gc          ] GC(4) Pause Young (Concurrent Start) (Metadata GC Threshold) 52M->49M(216M) 7.375ms
[1.340s][info][gc          ] GC(5) Concurrent Mark Cycle
[1.340s][info][gc,marking  ] GC(5) Concurrent Scan Root Regions
[1.340s][info][gc,cpu      ] GC(4) User=0.01s Sys=0.01s Real=0.01s
[1.344s][info][gc,marking  ] GC(5) Concurrent Scan Root Regions 3.489ms
[1.344s][info][gc,marking  ] GC(5) Concurrent Mark
[1.344s][info][gc,marking  ] GC(5) Concurrent Mark From Roots
[1.344s][info][gc,task     ] GC(5) Using 2 workers of 2 for marking
[1.351s][info][gc,marking  ] GC(5) Concurrent Mark From Roots 7.348ms
[1.352s][info][gc,marking  ] GC(5) Concurrent Preclean
[1.352s][info][gc,marking  ] GC(5) Concurrent Preclean 0.193ms
[1.352s][info][gc,start    ] GC(5) Pause Remark
[1.354s][info][gc          ] GC(5) Pause Remark 50M->50M(188M) 2.091ms
[1.354s][info][gc,cpu      ] GC(5) User=0.00s Sys=0.00s Real=0.00s
[1.355s][info][gc,marking  ] GC(5) Concurrent Mark 10.864ms
[1.355s][info][gc,marking  ] GC(5) Concurrent Rebuild Remembered Sets and Scrub Regions
[1.360s][info][gc,marking  ] GC(5) Concurrent Rebuild Remembered Sets and Scrub Regions 5.301ms
[1.361s][info][gc,start    ] GC(5) Pause Cleanup
[1.361s][info][gc          ] GC(5) Pause Cleanup 50M->50M(188M) 0.491ms
[1.361s][info][gc,cpu      ] GC(5) User=0.01s Sys=0.00s Real=0.00s
[1.362s][info][gc,marking  ] GC(5) Concurrent Clear Claimed Marks
[1.362s][info][gc,marking  ] GC(5) Concurrent Clear Claimed Marks 0.212ms
[1.362s][info][gc,marking  ] GC(5) Concurrent Cleanup for Next Mark
[1.364s][info][gc,marking  ] GC(5) Concurrent Cleanup for Next Mark 1.961ms
[1.364s][info][gc          ] GC(5) Concurrent Mark Cycle 24.458ms
[1.887s][info][gc,start    ] GC(6) Pause Young (Prepare Mixed) (Metadata GC Threshold)
[1.887s][info][gc,task     ] GC(6) Using 6 workers of 6 for evacuation
[1.896s][info][gc,phases   ] GC(6)   Pre Evacuate Collection Set: 0.3ms
[1.896s][info][gc,phases   ] GC(6)   Merge Heap Roots: 0.1ms
[1.896s][info][gc,phases   ] GC(6)   Evacuate Collection Set: 6.8ms
[1.896s][info][gc,phases   ] GC(6)   Post Evacuate Collection Set: 1.6ms
[1.897s][info][gc,phases   ] GC(6)   Other: 0.3ms
[1.898s][info][gc,heap     ] GC(6) Eden regions: 11->0(14)
[1.898s][info][gc,heap     ] GC(6) Survivor regions: 1->3(3)
[1.898s][info][gc,heap     ] GC(6) Old regions: 10->10
[1.898s][info][gc,heap     ] GC(6) Humongous regions: 3->3
[1.898s][info][gc,metaspace] GC(6) Metaspace: 35884K(36480K)->35884K(36480K) NonClass: 32137K(32448K)->32137K(32448K) Class: 3746K(4032K)->3746K(4032K)
[1.898s][info][gc          ] GC(6) Pause Young (Prepare Mixed) (Metadata GC Threshold) 91M->59M(188M) 11.733ms
[1.899s][info][gc,cpu      ] GC(6) User=0.04s Sys=0.01s Real=0.01s
[1.908s][info][gc,start    ] GC(7) Pause Young (Mixed) (Metadata GC Threshold)
[1.908s][info][gc,task     ] GC(7) Using 6 workers of 6 for evacuation
[1.917s][info][gc,phases   ] GC(7)   Pre Evacuate Collection Set: 0.2ms
[1.917s][info][gc,phases   ] GC(7)   Merge Heap Roots: 0.1ms
[1.917s][info][gc,phases   ] GC(7)   Evacuate Collection Set: 7.7ms
[1.918s][info][gc,phases   ] GC(7)   Post Evacuate Collection Set: 0.6ms
[1.918s][info][gc,phases   ] GC(7)   Other: 0.2ms
[1.918s][info][gc,heap     ] GC(7) Eden regions: 1->0(14)
[1.918s][info][gc,heap     ] GC(7) Survivor regions: 3->1(3)
[1.918s][info][gc,heap     ] GC(7) Old regions: 10->13
[1.918s][info][gc,heap     ] GC(7) Humongous regions: 3->3
[1.918s][info][gc,metaspace] GC(7) Metaspace: 36108K(36800K)->36108K(36800K) NonClass: 32341K(32704K)->32341K(32704K) Class: 3767K(4096K)->3767K(4096K)
[1.919s][info][gc          ] GC(7) Pause Young (Mixed) (Metadata GC Threshold) 60M->59M(188M) 10.681ms
[1.919s][info][gc,cpu      ] GC(7) User=0.03s Sys=0.01s Real=0.01s
[1.930s][info][gc,start    ] GC(8) Pause Young (Concurrent Start) (Metadata GC Threshold)
[1.930s][info][gc,task     ] GC(8) Using 6 workers of 6 for evacuation
[1.932s][info][gc,phases   ] GC(8)   Pre Evacuate Collection Set: 0.2ms
[1.932s][info][gc,phases   ] GC(8)   Merge Heap Roots: 0.1ms
[1.932s][info][gc,phases   ] GC(8)   Evacuate Collection Set: 0.6ms
[1.933s][info][gc,phases   ] GC(8)   Post Evacuate Collection Set: 0.4ms
[1.933s][info][gc,phases   ] GC(8)   Other: 0.3ms
[1.933s][info][gc,heap     ] GC(8) Eden regions: 1->0(16)
[1.933s][info][gc,heap     ] GC(8) Survivor regions: 1->1(2)
[1.933s][info][gc,heap     ] GC(8) Old regions: 13->13
[1.933s][info][gc,heap     ] GC(8) Humongous regions: 3->3
[1.933s][info][gc,metaspace] GC(8) Metaspace: 36470K(37120K)->36470K(37120K) NonClass: 32665K(33024K)->32665K(33024K) Class: 3805K(4096K)->3805K(4096K)
[1.934s][info][gc          ] GC(8) Pause Young (Concurrent Start) (Metadata GC Threshold) 61M->58M(188M) 3.399ms
[1.934s][info][gc          ] GC(9) Concurrent Mark Cycle
[1.934s][info][gc,marking  ] GC(9) Concurrent Scan Root Regions
[1.934s][info][gc,cpu      ] GC(8) User=0.00s Sys=0.00s Real=0.00s
[1.935s][info][gc,marking  ] GC(9) Concurrent Scan Root Regions 0.663ms
[1.935s][info][gc,marking  ] GC(9) Concurrent Mark
[1.935s][info][gc,marking  ] GC(9) Concurrent Mark From Roots
[1.935s][info][gc,task     ] GC(9) Using 2 workers of 2 for marking
[1.956s][info][gc,marking  ] GC(9) Concurrent Mark From Roots 20.958ms
[1.956s][info][gc,marking  ] GC(9) Concurrent Preclean
[1.956s][info][gc,marking  ] GC(9) Concurrent Preclean 0.250ms
[1.957s][info][gc,start    ] GC(9) Pause Remark
[1.961s][info][gc          ] GC(9) Pause Remark 61M->61M(188M) 4.308ms
[1.961s][info][gc,cpu      ] GC(9) User=0.01s Sys=0.00s Real=0.00s
[1.967s][info][gc,marking  ] GC(9) Concurrent Mark 31.750ms
[1.967s][info][gc,marking  ] GC(9) Concurrent Rebuild Remembered Sets and Scrub Regions
[1.983s][info][gc,marking  ] GC(9) Concurrent Rebuild Remembered Sets and Scrub Regions 16.432ms
[1.985s][info][gc,start    ] GC(9) Pause Cleanup
[1.986s][info][gc          ] GC(9) Pause Cleanup 62M->62M(188M) 0.371ms
[1.986s][info][gc,cpu      ] GC(9) User=0.00s Sys=0.00s Real=0.00s
[1.986s][info][gc,marking  ] GC(9) Concurrent Clear Claimed Marks
[1.988s][info][gc,marking  ] GC(9) Concurrent Clear Claimed Marks 1.829ms
[1.988s][info][gc,marking  ] GC(9) Concurrent Cleanup for Next Mark
[1.989s][info][gc,marking  ] GC(9) Concurrent Cleanup for Next Mark 0.485ms
[1.989s][info][gc          ] GC(9) Concurrent Mark Cycle 55.682ms
[2.781s][info][gc,start    ] GC(10) Pause Young (Prepare Mixed) (G1 Evacuation Pause)
[2.783s][info][gc,task     ] GC(10) Using 6 workers of 6 for evacuation
[2.789s][info][gc,phases   ] GC(10)   Pre Evacuate Collection Set: 0.2ms
[2.789s][info][gc,phases   ] GC(10)   Merge Heap Roots: 0.1ms
[2.789s][info][gc,phases   ] GC(10)   Evacuate Collection Set: 4.5ms
[2.789s][info][gc,phases   ] GC(10)   Post Evacuate Collection Set: 1.1ms
[2.790s][info][gc,phases   ] GC(10)   Other: 0.3ms
[2.790s][info][gc,heap     ] GC(10) Eden regions: 16->0(16)
[2.790s][info][gc,heap     ] GC(10) Survivor regions: 1->3(3)
[2.790s][info][gc,heap     ] GC(10) Old regions: 13->13
[2.790s][info][gc,heap     ] GC(10) Humongous regions: 3->3
[2.790s][info][gc,metaspace] GC(10) Metaspace: 61327K(62464K)->61327K(62464K) NonClass: 54438K(55104K)->54438K(55104K) Class: 6889K(7360K)->6889K(7360K)
[2.790s][info][gc          ] GC(10) Pause Young (Prepare Mixed) (G1 Evacuation Pause) 122M->67M(188M) 9.395ms
[2.791s][info][gc,cpu      ] GC(10) User=0.03s Sys=0.00s Real=0.01s
[2.812s][info][gc,start    ] GC(11) Pause Young (Mixed) (Metadata GC Threshold)
[2.812s][info][gc,task     ] GC(11) Using 6 workers of 6 for evacuation
[2.820s][info][gc,phases   ] GC(11)   Pre Evacuate Collection Set: 0.2ms
[2.820s][info][gc,phases   ] GC(11)   Merge Heap Roots: 0.1ms
[2.820s][info][gc,phases   ] GC(11)   Evacuate Collection Set: 6.5ms
[2.820s][info][gc,phases   ] GC(11)   Post Evacuate Collection Set: 0.6ms
[2.820s][info][gc,phases   ] GC(11)   Other: 0.3ms
[2.820s][info][gc,heap     ] GC(11) Eden regions: 1->0(16)
[2.821s][info][gc,heap     ] GC(11) Survivor regions: 3->1(3)
[2.821s][info][gc,heap     ] GC(11) Old regions: 13->14
[2.821s][info][gc,heap     ] GC(11) Humongous regions: 3->3
[2.821s][info][gc,metaspace] GC(11) Metaspace: 62125K(63296K)->62125K(63296K) NonClass: 55133K(55808K)->55133K(55808K) Class: 6991K(7488K)->6991K(7488K)
[2.821s][info][gc          ] GC(11) Pause Young (Mixed) (Metadata GC Threshold) 69M->66M(188M) 9.572ms
[2.821s][info][gc,cpu      ] GC(11) User=0.05s Sys=0.00s Real=0.01s
[2.844s][info][gc,start    ] GC(12) Pause Young (Concurrent Start) (Metadata GC Threshold)
[2.845s][info][gc,task     ] GC(12) Using 6 workers of 6 for evacuation
[2.848s][info][gc,phases   ] GC(12)   Pre Evacuate Collection Set: 0.3ms
[2.848s][info][gc,phases   ] GC(12)   Merge Heap Roots: 0.1ms
[2.848s][info][gc,phases   ] GC(12)   Evacuate Collection Set: 1.1ms
[2.848s][info][gc,phases   ] GC(12)   Post Evacuate Collection Set: 1.1ms
[2.848s][info][gc,phases   ] GC(12)   Other: 0.3ms
[2.848s][info][gc,heap     ] GC(12) Eden regions: 1->0(56)
[2.849s][info][gc,heap     ] GC(12) Survivor regions: 1->1(3)
[2.849s][info][gc,heap     ] GC(12) Old regions: 14->14
[2.849s][info][gc,heap     ] GC(12) Humongous regions: 3->3
[2.849s][info][gc,metaspace] GC(12) Metaspace: 62526K(63616K)->62526K(63616K) NonClass: 55483K(56128K)->55483K(56128K) Class: 7042K(7488K)->7042K(7488K)
[2.849s][info][gc          ] GC(12) Pause Young (Concurrent Start) (Metadata GC Threshold) 67M->66M(436M) 4.750ms
[2.849s][info][gc          ] GC(13) Concurrent Mark Cycle
[2.850s][info][gc,marking  ] GC(13) Concurrent Scan Root Regions
[2.849s][info][gc,cpu      ] GC(12) User=0.00s Sys=0.01s Real=0.01s
[2.851s][info][gc,marking  ] GC(13) Concurrent Scan Root Regions 1.003ms
[2.851s][info][gc,marking  ] GC(13) Concurrent Mark
[2.851s][info][gc,marking  ] GC(13) Concurrent Mark From Roots
[2.851s][info][gc,task     ] GC(13) Using 2 workers of 2 for marking
[2.884s][info][gc,marking  ] GC(13) Concurrent Mark From Roots 33.008ms
[2.884s][info][gc,marking  ] GC(13) Concurrent Preclean
[2.885s][info][gc,marking  ] GC(13) Concurrent Preclean 0.308ms
[2.885s][info][gc,start    ] GC(13) Pause Remark
[2.891s][info][gc          ] GC(13) Pause Remark 67M->67M(240M) 6.110ms
[2.892s][info][gc,cpu      ] GC(13) User=0.02s Sys=0.01s Real=0.00s
[2.893s][info][gc,marking  ] GC(13) Concurrent Mark 41.767ms
[2.896s][info][gc,marking  ] GC(13) Concurrent Rebuild Remembered Sets and Scrub Regions
[2.922s][info][gc,marking  ] GC(13) Concurrent Rebuild Remembered Sets and Scrub Regions 25.706ms
[2.922s][info][gc,start    ] GC(13) Pause Cleanup
[2.923s][info][gc          ] GC(13) Pause Cleanup 69M->69M(240M) 0.334ms
[2.923s][info][gc,cpu      ] GC(13) User=0.00s Sys=0.00s Real=0.00s
[2.923s][info][gc,marking  ] GC(13) Concurrent Clear Claimed Marks
[2.923s][info][gc,marking  ] GC(13) Concurrent Clear Claimed Marks 0.220ms
[2.923s][info][gc,marking  ] GC(13) Concurrent Cleanup for Next Mark
[2.927s][info][gc,marking  ] GC(13) Concurrent Cleanup for Next Mark 3.668ms
[2.927s][info][gc          ] GC(13) Concurrent Mark Cycle 78.072ms
[7.386s][info][gc,start    ] GC(14) Pause Young (Prepare Mixed) (G1 Evacuation Pause)
[7.387s][info][gc,task     ] GC(14) Using 6 workers of 6 for evacuation
[7.405s][info][gc,phases   ] GC(14)   Pre Evacuate Collection Set: 0.4ms
[7.405s][info][gc,phases   ] GC(14)   Merge Heap Roots: 0.2ms
[7.405s][info][gc,phases   ] GC(14)   Evacuate Collection Set: 14.6ms
[7.406s][info][gc,phases   ] GC(14)   Post Evacuate Collection Set: 2.1ms
[7.406s][info][gc,phases   ] GC(14)   Other: 0.6ms
[7.406s][info][gc,heap     ] GC(14) Eden regions: 35->0(22)
[7.407s][info][gc,heap     ] GC(14) Survivor regions: 1->5(5)
[7.407s][info][gc,heap     ] GC(14) Old regions: 14->16
[7.407s][info][gc,heap     ] GC(14) Humongous regions: 3->3
[7.408s][info][gc,metaspace] GC(14) Metaspace: 78916K(80256K)->78916K(80256K) NonClass: 69824K(70592K)->69824K(70592K) Class: 9092K(9664K)->9092K(9664K)
[7.408s][info][gc          ] GC(14) Pause Young (Prepare Mixed) (G1 Evacuation Pause) 206M->90M(240M) 21.745ms
[7.408s][info][gc,cpu      ] GC(14) User=0.04s Sys=0.03s Real=0.02s
[11.486s][info][gc,start    ] GC(15) Pause Young (Mixed) (Metadata GC Threshold)
[11.487s][info][gc,task     ] GC(15) Using 6 workers of 6 for evacuation
[11.516s][info][gc,phases   ] GC(15)   Pre Evacuate Collection Set: 0.2ms
[11.516s][info][gc,phases   ] GC(15)   Merge Heap Roots: 0.3ms
[11.516s][info][gc,phases   ] GC(15)   Evacuate Collection Set: 26.3ms
[11.516s][info][gc,phases   ] GC(15)   Post Evacuate Collection Set: 2.1ms
[11.516s][info][gc,phases   ] GC(15)   Other: 0.2ms
[11.516s][info][gc,heap     ] GC(15) Eden regions: 15->0(21)
[11.517s][info][gc,heap     ] GC(15) Survivor regions: 5->3(4)
[11.517s][info][gc,heap     ] GC(15) Old regions: 16->20
[11.517s][info][gc,heap     ] GC(15) Humongous regions: 3->3
[11.517s][info][gc,metaspace] GC(15) Metaspace: 105701K(107328K)->105701K(107328K) NonClass: 93233K(94208K)->93233K(94208K) Class: 12467K(13120K)->12467K(13120K)
[11.517s][info][gc          ] GC(15) Pause Young (Mixed) (Metadata GC Threshold) 148M->100M(240M) 30.862ms
[11.517s][info][gc,cpu      ] GC(15) User=0.12s Sys=0.01s Real=0.03s
[11.532s][info][gc,start    ] GC(16) Pause Young (Concurrent Start) (Metadata GC Threshold)
[11.532s][info][gc,task     ] GC(16) Using 6 workers of 6 for evacuation
[11.542s][info][gc,phases   ] GC(16)   Pre Evacuate Collection Set: 0.2ms
[11.543s][info][gc,phases   ] GC(16)   Merge Heap Roots: 0.1ms
[11.543s][info][gc,phases   ] GC(16)   Evacuate Collection Set: 8.3ms
[11.543s][info][gc,phases   ] GC(16)   Post Evacuate Collection Set: 0.9ms
[11.543s][info][gc,phases   ] GC(16)   Other: 0.3ms
[11.544s][info][gc,heap     ] GC(16) Eden regions: 1->0(23)
[11.544s][info][gc,heap     ] GC(16) Survivor regions: 3->1(3)
[11.544s][info][gc,heap     ] GC(16) Old regions: 20->22
[11.544s][info][gc,heap     ] GC(16) Humongous regions: 3->3
[11.544s][info][gc,metaspace] GC(16) Metaspace: 106003K(107648K)->106003K(107648K) NonClass: 93501K(94464K)->93501K(94464K) Class: 12502K(13184K)->12502K(13184K)
[11.545s][info][gc          ] GC(16) Pause Young (Concurrent Start) (Metadata GC Threshold) 102M->102M(240M) 12.590ms
[11.545s][info][gc          ] GC(17) Concurrent Mark Cycle
[11.545s][info][gc,cpu      ] GC(16) User=0.04s Sys=0.00s Real=0.01s
[11.545s][info][gc,marking  ] GC(17) Concurrent Scan Root Regions
[11.552s][info][gc,marking  ] GC(17) Concurrent Scan Root Regions 7.339ms
[11.553s][info][gc,marking  ] GC(17) Concurrent Mark
[11.553s][info][gc,marking  ] GC(17) Concurrent Mark From Roots
[11.553s][info][gc,task     ] GC(17) Using 2 workers of 2 for marking
[11.655s][info][gc,marking  ] GC(17) Concurrent Mark From Roots 102.339ms
[11.655s][info][gc,marking  ] GC(17) Concurrent Preclean
[11.656s][info][gc,marking  ] GC(17) Concurrent Preclean 0.368ms
[11.680s][info][gc,start    ] GC(17) Pause Remark
[11.692s][info][gc          ] GC(17) Pause Remark 106M->106M(240M) 12.325ms
[11.693s][info][gc,cpu      ] GC(17) User=0.04s Sys=0.00s Real=0.01s
[11.694s][info][gc,marking  ] GC(17) Concurrent Mark 141.059ms
[11.699s][info][gc,marking  ] GC(17) Concurrent Rebuild Remembered Sets and Scrub Regions
[11.779s][info][gc,marking  ] GC(17) Concurrent Rebuild Remembered Sets and Scrub Regions 80.155ms
[11.815s][info][gc,start    ] GC(17) Pause Cleanup
[11.816s][info][gc          ] GC(17) Pause Cleanup 116M->116M(240M) 0.383ms
[11.816s][info][gc,cpu      ] GC(17) User=0.00s Sys=0.00s Real=0.00s
[11.816s][info][gc,marking  ] GC(17) Concurrent Clear Claimed Marks
[11.817s][info][gc,marking  ] GC(17) Concurrent Clear Claimed Marks 0.408ms
[11.817s][info][gc,marking  ] GC(17) Concurrent Cleanup for Next Mark
[11.820s][info][gc,marking  ] GC(17) Concurrent Cleanup for Next Mark 3.456ms
[11.825s][info][gc          ] GC(17) Concurrent Mark Cycle 280.235ms
[12.309s][info][gc,start    ] GC(18) Pause Young (Prepare Mixed) (G1 Evacuation Pause)
[12.309s][info][gc,task     ] GC(18) Using 6 workers of 6 for evacuation
[12.320s][info][gc,phases   ] GC(18)   Pre Evacuate Collection Set: 0.2ms
[12.320s][info][gc,phases   ] GC(18)   Merge Heap Roots: 0.1ms
[12.321s][info][gc,phases   ] GC(18)   Evacuate Collection Set: 9.3ms
[12.321s][info][gc,phases   ] GC(18)   Post Evacuate Collection Set: 1.4ms
[12.321s][info][gc,phases   ] GC(18)   Other: 0.2ms
[12.321s][info][gc,heap     ] GC(18) Eden regions: 12->0(20)
[12.321s][info][gc,heap     ] GC(18) Survivor regions: 1->3(3)
[12.321s][info][gc,heap     ] GC(18) Old regions: 22->22
[12.321s][info][gc,heap     ] GC(18) Humongous regions: 25->9
[12.321s][info][gc,metaspace] GC(18) Metaspace: 124266K(126336K)->124266K(126336K) NonClass: 109237K(110464K)->109237K(110464K) Class: 15028K(15872K)->15028K(15872K)
[12.322s][info][gc          ] GC(18) Pause Young (Prepare Mixed) (G1 Evacuation Pause) 238M->134M(252M) 12.704ms
[12.322s][info][gc,cpu      ] GC(18) User=0.05s Sys=0.00s Real=0.01s
[12.489s][info][gc,start    ] GC(19) Pause Young (Mixed) (G1 Evacuation Pause)
[12.490s][info][gc,task     ] GC(19) Using 6 workers of 6 for evacuation
[12.500s][info][gc,phases   ] GC(19)   Pre Evacuate Collection Set: 0.4ms
[12.500s][info][gc,phases   ] GC(19)   Merge Heap Roots: 0.3ms
[12.501s][info][gc,phases   ] GC(19)   Evacuate Collection Set: 8.8ms
[12.501s][info][gc,phases   ] GC(19)   Post Evacuate Collection Set: 0.8ms
[12.501s][info][gc,phases   ] GC(19)   Other: 0.2ms
[12.501s][info][gc,heap     ] GC(19) Eden regions: 20->0(18)
[12.501s][info][gc,heap     ] GC(19) Survivor regions: 3->3(3)
[12.501s][info][gc,heap     ] GC(19) Old regions: 22->24
[12.501s][info][gc,heap     ] GC(19) Humongous regions: 9->9
[12.501s][info][gc,metaspace] GC(19) Metaspace: 128140K(130240K)->128140K(130240K) NonClass: 112594K(113856K)->112594K(113856K) Class: 15545K(16384K)->15545K(16384K)
[12.502s][info][gc          ] GC(19) Pause Young (Mixed) (G1 Evacuation Pause) 214M->143M(252M) 12.310ms
[12.502s][info][gc,cpu      ] GC(19) User=0.05s Sys=0.00s Real=0.01s
[12.594s][info][gc,start    ] GC(20) Pause Young (Concurrent Start) (G1 Humongous Allocation)
[12.595s][info][gc,task     ] GC(20) Using 6 workers of 6 for evacuation
[12.602s][info][gc,phases   ] GC(20)   Pre Evacuate Collection Set: 0.2ms
[12.602s][info][gc,phases   ] GC(20)   Merge Heap Roots: 0.1ms
[12.603s][info][gc,phases   ] GC(20)   Evacuate Collection Set: 6.3ms
[12.603s][info][gc,phases   ] GC(20)   Post Evacuate Collection Set: 0.7ms
[12.603s][info][gc,phases   ] GC(20)   Other: 0.3ms
[12.603s][info][gc,heap     ] GC(20) Eden regions: 8->0(15)
[12.603s][info][gc,heap     ] GC(20) Survivor regions: 3->3(3)
[12.603s][info][gc,heap     ] GC(20) Old regions: 24->28
[12.604s][info][gc,heap     ] GC(20) Humongous regions: 9->9
[12.604s][info][gc,metaspace] GC(20) Metaspace: 130218K(132352K)->130218K(132352K) NonClass: 114385K(115648K)->114385K(115648K) Class: 15832K(16704K)->15832K(16704K)
[12.604s][info][gc          ] GC(20) Pause Young (Concurrent Start) (G1 Humongous Allocation) 174M->154M(252M) 9.503ms
[12.604s][info][gc          ] GC(21) Concurrent Mark Cycle
[12.604s][info][gc,marking  ] GC(21) Concurrent Scan Root Regions
[12.604s][info][gc,cpu      ] GC(20) User=0.03s Sys=0.02s Real=0.01s
[12.611s][info][gc,marking  ] GC(21) Concurrent Scan Root Regions 6.351ms
[12.612s][info][gc,marking  ] GC(21) Concurrent Mark
[12.612s][info][gc,marking  ] GC(21) Concurrent Mark From Roots
[12.612s][info][gc,task     ] GC(21) Using 2 workers of 2 for marking
[12.686s][info][gc,marking  ] GC(21) Concurrent Mark From Roots 74.209ms
[12.687s][info][gc,marking  ] GC(21) Concurrent Preclean
[12.687s][info][gc,marking  ] GC(21) Concurrent Preclean 0.426ms
[12.687s][info][gc,start    ] GC(21) Pause Remark
[12.693s][info][gc          ] GC(21) Pause Remark 180M->180M(276M) 5.928ms
[12.694s][info][gc,cpu      ] GC(21) User=0.01s Sys=0.01s Real=0.00s
[12.694s][info][gc,marking  ] GC(21) Concurrent Mark 81.994ms
[12.694s][info][gc,marking  ] GC(21) Concurrent Rebuild Remembered Sets and Scrub Regions
[12.755s][info][gc,marking  ] GC(21) Concurrent Rebuild Remembered Sets and Scrub Regions 61.319ms
[12.756s][info][gc,start    ] GC(21) Pause Cleanup
[12.756s][info][gc          ] GC(21) Pause Cleanup 201M->201M(276M) 0.305ms
[12.757s][info][gc,cpu      ] GC(21) User=0.00s Sys=0.00s Real=0.00s
[12.757s][info][gc,marking  ] GC(21) Concurrent Clear Claimed Marks
[12.757s][info][gc,marking  ] GC(21) Concurrent Clear Claimed Marks 0.310ms
[12.757s][info][gc,marking  ] GC(21) Concurrent Cleanup for Next Mark
[12.758s][info][gc,marking  ] GC(21) Concurrent Cleanup for Next Mark 0.988ms
[12.758s][info][gc          ] GC(21) Concurrent Mark Cycle 154.354ms
[12.815s][info][gc,start    ] GC(22) Pause Young (Prepare Mixed) (G1 Evacuation Pause)
[12.815s][info][gc,task     ] GC(22) Using 6 workers of 6 for evacuation
[12.830s][info][gc,phases   ] GC(22)   Pre Evacuate Collection Set: 0.2ms
[12.831s][info][gc,phases   ] GC(22)   Merge Heap Roots: 0.1ms
[12.831s][info][gc,phases   ] GC(22)   Evacuate Collection Set: 12.7ms
[12.831s][info][gc,phases   ] GC(22)   Post Evacuate Collection Set: 2.1ms
[12.831s][info][gc,phases   ] GC(22)   Other: 0.2ms
[12.831s][info][gc,heap     ] GC(22) Eden regions: 15->0(15)
[12.831s][info][gc,heap     ] GC(22) Survivor regions: 3->3(3)
[12.831s][info][gc,heap     ] GC(22) Old regions: 28->31
[12.832s][info][gc,heap     ] GC(22) Humongous regions: 10->10
[12.832s][info][gc,metaspace] GC(22) Metaspace: 132347K(134464K)->132347K(134464K) NonClass: 116228K(117440K)->116228K(117440K) Class: 16118K(17024K)->16118K(17024K)
[12.832s][info][gc          ] GC(22) Pause Young (Prepare Mixed) (G1 Evacuation Pause) 217M->173M(276M) 16.914ms
[12.832s][info][gc,cpu      ] GC(22) User=0.06s Sys=0.00s Real=0.02s
[13.091s][info][gc,start    ] GC(23) Pause Young (Mixed) (G1 Evacuation Pause)
[13.092s][info][gc,task     ] GC(23) Using 6 workers of 6 for evacuation
[13.103s][info][gc,phases   ] GC(23)   Pre Evacuate Collection Set: 0.2ms
[13.103s][info][gc,phases   ] GC(23)   Merge Heap Roots: 0.1ms
[13.103s][info][gc,phases   ] GC(23)   Evacuate Collection Set: 9.0ms
[13.103s][info][gc,phases   ] GC(23)   Post Evacuate Collection Set: 1.4ms
[13.103s][info][gc,phases   ] GC(23)   Other: 0.2ms
[13.104s][info][gc,heap     ] GC(23) Eden regions: 15->0(13)
[13.104s][info][gc,heap     ] GC(23) Survivor regions: 3->3(3)
[13.104s][info][gc,heap     ] GC(23) Old regions: 31->34
[13.104s][info][gc,heap     ] GC(23) Humongous regions: 11->11
[13.104s][info][gc,metaspace] GC(23) Metaspace: 136797K(138880K)->136797K(138880K) NonClass: 120116K(121344K)->120116K(121344K) Class: 16680K(17536K)->16680K(17536K)
[13.104s][info][gc          ] GC(23) Pause Young (Mixed) (G1 Evacuation Pause) 237M->186M(276M) 12.985ms
[13.105s][info][gc,cpu      ] GC(23) User=0.04s Sys=0.01s Real=0.01s
[13.286s][info][gc,start    ] GC(24) Pause Young (Concurrent Start) (G1 Humongous Allocation)
[13.287s][info][gc,task     ] GC(24) Using 6 workers of 6 for evacuation
[13.292s][info][gc,phases   ] GC(24)   Pre Evacuate Collection Set: 0.2ms
[13.292s][info][gc,phases   ] GC(24)   Merge Heap Roots: 0.3ms
[13.292s][info][gc,phases   ] GC(24)   Evacuate Collection Set: 2.8ms
[13.292s][info][gc,phases   ] GC(24)   Post Evacuate Collection Set: 1.4ms
[13.292s][info][gc,phases   ] GC(24)   Other: 0.3ms
[13.293s][info][gc,heap     ] GC(24) Eden regions: 11->0(61)
[13.293s][info][gc,heap     ] GC(24) Survivor regions: 3->1(2)
[13.293s][info][gc,heap     ] GC(24) Old regions: 34->36
[13.293s][info][gc,heap     ] GC(24) Humongous regions: 11->11
[13.293s][info][gc,metaspace] GC(24) Metaspace: 137946K(140160K)->137946K(140160K) NonClass: 121122K(122432K)->121122K(122432K) Class: 16823K(17728K)->16823K(17728K)
[13.293s][info][gc          ] GC(24) Pause Young (Concurrent Start) (G1 Humongous Allocation) 227M->186M(532M) 6.932ms
[13.293s][info][gc          ] GC(25) Concurrent Undo Cycle
[13.293s][info][gc,cpu      ] GC(24) User=0.01s Sys=0.01s Real=0.00s
[13.294s][info][gc,marking  ] GC(25) Concurrent Clear Claimed Marks
[13.294s][info][gc,marking  ] GC(25) Concurrent Clear Claimed Marks 0.549ms
[13.294s][info][gc,marking  ] GC(25) Concurrent Cleanup for Next Mark
[13.296s][info][gc,marking  ] GC(25) Concurrent Cleanup for Next Mark 1.629ms
[13.297s][info][gc          ] GC(25) Concurrent Undo Cycle 3.135ms
[13.349s][info][gc,start    ] GC(26) Pause Young (Concurrent Start) (G1 Humongous Allocation)
[13.349s][info][gc,task     ] GC(26) Using 6 workers of 6 for evacuation
[13.353s][info][gc,phases   ] GC(26)   Pre Evacuate Collection Set: 0.2ms
[13.353s][info][gc,phases   ] GC(26)   Merge Heap Roots: 0.1ms
[13.353s][info][gc,phases   ] GC(26)   Evacuate Collection Set: 2.7ms
[13.353s][info][gc,phases   ] GC(26)   Post Evacuate Collection Set: 0.7ms
[13.353s][info][gc,phases   ] GC(26)   Other: 0.3ms
[13.354s][info][gc,heap     ] GC(26) Eden regions: 3->0(64)
[13.354s][info][gc,heap     ] GC(26) Survivor regions: 1->1(8)
[13.354s][info][gc,heap     ] GC(26) Old regions: 36->36
[13.354s][info][gc,heap     ] GC(26) Humongous regions: 12->11
[13.354s][info][gc,metaspace] GC(26) Metaspace: 138488K(140672K)->138488K(140672K) NonClass: 121577K(122880K)->121577K(122880K) Class: 16911K(17792K)->16911K(17792K)
[13.354s][info][gc          ] GC(26) Pause Young (Concurrent Start) (G1 Humongous Allocation) 202M->186M(532M) 5.766ms
[13.354s][info][gc          ] GC(27) Concurrent Mark Cycle
[13.355s][info][gc,marking  ] GC(27) Concurrent Scan Root Regions
[13.355s][info][gc,cpu      ] GC(26) User=0.01s Sys=0.01s Real=0.00s
[13.358s][info][gc,marking  ] GC(27) Concurrent Scan Root Regions 2.912ms
[13.358s][info][gc,marking  ] GC(27) Concurrent Mark
[13.358s][info][gc,marking  ] GC(27) Concurrent Mark From Roots
[13.358s][info][gc,task     ] GC(27) Using 2 workers of 2 for marking
[13.497s][info][gc,marking  ] GC(27) Concurrent Mark From Roots 139.067ms
[13.498s][info][gc,marking  ] GC(27) Concurrent Preclean
[13.499s][info][gc,marking  ] GC(27) Concurrent Preclean 0.590ms
[13.499s][info][gc,start    ] GC(27) Pause Remark
[13.513s][info][gc          ] GC(27) Pause Remark 233M->233M(532M) 14.041ms
[13.513s][info][gc,cpu      ] GC(27) User=0.05s Sys=0.01s Real=0.01s
[13.519s][info][gc,marking  ] GC(27) Concurrent Mark 161.107ms
[13.519s][info][gc,marking  ] GC(27) Concurrent Rebuild Remembered Sets and Scrub Regions
[13.604s][info][gc,marking  ] GC(27) Concurrent Rebuild Remembered Sets and Scrub Regions 84.777ms
[13.604s][info][gc,start    ] GC(27) Pause Cleanup
[13.604s][info][gc          ] GC(27) Pause Cleanup 252M->252M(532M) 0.339ms
[13.605s][info][gc,cpu      ] GC(27) User=0.00s Sys=0.00s Real=0.00s
[13.605s][info][gc,marking  ] GC(27) Concurrent Clear Claimed Marks
[13.605s][info][gc,marking  ] GC(27) Concurrent Clear Claimed Marks 0.352ms
[13.605s][info][gc,marking  ] GC(27) Concurrent Cleanup for Next Mark
[13.612s][info][gc,marking  ] GC(27) Concurrent Cleanup for Next Mark 6.382ms
[13.612s][info][gc          ] GC(27) Concurrent Mark Cycle 257.562ms
[20.642s][info][gc,start    ] GC(28) Pause Young (Prepare Mixed) (G1 Evacuation Pause)
[20.643s][info][gc,task     ] GC(28) Using 6 workers of 6 for evacuation
[20.663s][info][gc,phases   ] GC(28)   Pre Evacuate Collection Set: 0.2ms
[20.663s][info][gc,phases   ] GC(28)   Merge Heap Roots: 0.2ms
[20.663s][info][gc,phases   ] GC(28)   Evacuate Collection Set: 17.3ms
[20.663s][info][gc,phases   ] GC(28)   Post Evacuate Collection Set: 1.8ms
[20.663s][info][gc,phases   ] GC(28)   Other: 0.3ms
[20.663s][info][gc,heap     ] GC(28) Eden regions: 60->0(72)
[20.664s][info][gc,heap     ] GC(28) Survivor regions: 1->5(9)
[20.664s][info][gc,heap     ] GC(28) Old regions: 36->36
[20.664s][info][gc,heap     ] GC(28) Humongous regions: 49->14
[20.664s][info][gc,metaspace] GC(28) Metaspace: 156778K(159040K)->156778K(159040K) NonClass: 137642K(138944K)->137642K(138944K) Class: 19135K(20096K)->19135K(20096K)
[20.664s][info][gc          ] GC(28) Pause Young (Prepare Mixed) (G1 Evacuation Pause) 578M->217M(604M) 21.893ms
[20.665s][info][gc,cpu      ] GC(28) User=0.06s Sys=0.04s Real=0.02s
[29.323s][info][gc,start    ] GC(29) Pause Young (Mixed) (G1 Evacuation Pause)
[29.323s][info][gc,task     ] GC(29) Using 6 workers of 6 for evacuation
[29.344s][info][gc,phases   ] GC(29)   Pre Evacuate Collection Set: 0.3ms
[29.344s][info][gc,phases   ] GC(29)   Merge Heap Roots: 0.2ms
[29.344s][info][gc,phases   ] GC(29)   Evacuate Collection Set: 17.1ms
[29.344s][info][gc,phases   ] GC(29)   Post Evacuate Collection Set: 2.7ms
[29.345s][info][gc,phases   ] GC(29)   Other: 0.2ms
[29.345s][info][gc,heap     ] GC(29) Eden regions: 72->0(73)
[29.345s][info][gc,heap     ] GC(29) Survivor regions: 5->10(10)
[29.345s][info][gc,heap     ] GC(29) Old regions: 36->35
[29.345s][info][gc,heap     ] GC(29) Humongous regions: 17->14
[29.345s][info][gc,metaspace] GC(29) Metaspace: 183493K(185984K)->183493K(185984K) NonClass: 160382K(161792K)->160382K(161792K) Class: 23111K(24192K)->23111K(24192K)
[29.345s][info][gc          ] GC(29) Pause Young (Mixed) (G1 Evacuation Pause) 517M->234M(604M) 22.427ms
[29.346s][info][gc,cpu      ] GC(29) User=0.11s Sys=0.00s Real=0.03s
[31.182s][info][gc,start    ] GC(30) Pause Young (Concurrent Start) (G1 Evacuation Pause)
[31.183s][info][gc,task     ] GC(30) Using 6 workers of 6 for evacuation
[31.207s][info][gc,phases   ] GC(30)   Pre Evacuate Collection Set: 0.2ms
[31.207s][info][gc,phases   ] GC(30)   Merge Heap Roots: 0.2ms
[31.207s][info][gc,phases   ] GC(30)   Evacuate Collection Set: 22.1ms
[31.208s][info][gc,phases   ] GC(30)   Post Evacuate Collection Set: 1.7ms
[31.208s][info][gc,phases   ] GC(30)   Other: 0.3ms
[31.208s][info][gc,heap     ] GC(30) Eden regions: 73->0(66)
[31.208s][info][gc,heap     ] GC(30) Survivor regions: 10->11(11)
[31.208s][info][gc,heap     ] GC(30) Old regions: 35->40
[31.208s][info][gc,heap     ] GC(30) Humongous regions: 14->14
[31.208s][info][gc,metaspace] GC(30) Metaspace: 187385K(189952K)->187385K(189952K) NonClass: 163931K(165376K)->163931K(165376K) Class: 23454K(24576K)->23454K(24576K)
[31.208s][info][gc          ] GC(30) Pause Young (Concurrent Start) (G1 Evacuation Pause) 526M->258M(604M) 26.101ms
[31.209s][info][gc          ] GC(31) Concurrent Mark Cycle
[31.209s][info][gc,marking  ] GC(31) Concurrent Scan Root Regions
[31.209s][info][gc,cpu      ] GC(30) User=0.13s Sys=0.00s Real=0.03s
[31.242s][info][gc,marking  ] GC(31) Concurrent Scan Root Regions 33.447ms
[31.242s][info][gc,marking  ] GC(31) Concurrent Mark
[31.243s][info][gc,marking  ] GC(31) Concurrent Mark From Roots
[31.243s][info][gc,task     ] GC(31) Using 2 workers of 2 for marking
[31.375s][info][gc,marking  ] GC(31) Concurrent Mark From Roots 132.603ms
[31.376s][info][gc,marking  ] GC(31) Concurrent Preclean
[31.376s][info][gc,marking  ] GC(31) Concurrent Preclean 0.435ms
[31.376s][info][gc,start    ] GC(31) Pause Remark
[31.386s][info][gc          ] GC(31) Pause Remark 318M->270M(604M) 9.825ms
[31.387s][info][gc,cpu      ] GC(31) User=0.04s Sys=0.01s Real=0.01s
[31.387s][info][gc,marking  ] GC(31) Concurrent Mark 144.365ms
[31.387s][info][gc,marking  ] GC(31) Concurrent Rebuild Remembered Sets and Scrub Regions
[31.460s][info][gc,marking  ] GC(31) Concurrent Rebuild Remembered Sets and Scrub Regions 72.699ms
[31.464s][info][gc,start    ] GC(31) Pause Cleanup
[31.464s][info][gc          ] GC(31) Pause Cleanup 295M->295M(604M) 0.321ms
[31.464s][info][gc,cpu      ] GC(31) User=0.00s Sys=0.00s Real=0.00s
[31.465s][info][gc,marking  ] GC(31) Concurrent Clear Claimed Marks
[31.465s][info][gc,marking  ] GC(31) Concurrent Clear Claimed Marks 0.295ms
[31.465s][info][gc,marking  ] GC(31) Concurrent Cleanup for Next Mark
[31.466s][info][gc,marking  ] GC(31) Concurrent Cleanup for Next Mark 1.326ms
[31.467s][info][gc          ] GC(31) Concurrent Mark Cycle 257.880ms
[32.148s][info][gc,start    ] GC(32) Pause Young (Prepare Mixed) (G1 Evacuation Pause)
[32.149s][info][gc,task     ] GC(32) Using 6 workers of 6 for evacuation
[32.172s][info][gc,phases   ] GC(32)   Pre Evacuate Collection Set: 0.2ms
[32.172s][info][gc,phases   ] GC(32)   Merge Heap Roots: 0.2ms
[32.172s][info][gc,phases   ] GC(32)   Evacuate Collection Set: 21.6ms
[32.173s][info][gc,phases   ] GC(32)   Post Evacuate Collection Set: 1.3ms
[32.173s][info][gc,phases   ] GC(32)   Other: 0.2ms
[32.173s][info][gc,heap     ] GC(32) Eden regions: 66->0(70)
[32.173s][info][gc,heap     ] GC(32) Survivor regions: 11->10(10)
[32.173s][info][gc,heap     ] GC(32) Old regions: 37->45
[32.173s][info][gc,heap     ] GC(32) Humongous regions: 15->5
[32.173s][info][gc,metaspace] GC(32) Metaspace: 187888K(190400K)->187888K(190400K) NonClass: 164381K(165824K)->164381K(165824K) Class: 23507K(24576K)->23507K(24576K)
[32.174s][info][gc          ] GC(32) Pause Young (Prepare Mixed) (G1 Evacuation Pause) 514M->235M(604M) 25.230ms
[32.174s][info][gc,cpu      ] GC(32) User=0.11s Sys=0.00s Real=0.02s
[32.820s][info][gc,start    ] GC(33) Pause Young (Mixed) (G1 Evacuation Pause)
[32.820s][info][gc,task     ] GC(33) Using 6 workers of 6 for evacuation
[32.833s][info][gc,phases   ] GC(33)   Pre Evacuate Collection Set: 0.2ms
[32.833s][info][gc,phases   ] GC(33)   Merge Heap Roots: 0.1ms
[32.833s][info][gc,phases   ] GC(33)   Evacuate Collection Set: 11.5ms
[32.833s][info][gc,phases   ] GC(33)   Post Evacuate Collection Set: 0.8ms
[32.833s][info][gc,phases   ] GC(33)   Other: 0.2ms
[32.834s][info][gc,heap     ] GC(33) Eden regions: 70->0(76)
[32.834s][info][gc,heap     ] GC(33) Survivor regions: 10->4(10)
[32.834s][info][gc,heap     ] GC(33) Old regions: 45->46
[32.834s][info][gc,heap     ] GC(33) Humongous regions: 5->5
[32.834s][info][gc,metaspace] GC(33) Metaspace: 188249K(190784K)->188249K(190784K) NonClass: 164740K(166208K)->164740K(166208K) Class: 23509K(24576K)->23509K(24576K)
[32.834s][info][gc          ] GC(33) Pause Young (Mixed) (G1 Evacuation Pause) 515M->218M(604M) 14.584ms
[32.834s][info][gc,cpu      ] GC(33) User=0.07s Sys=0.01s Real=0.01s
[33.715s][info][gc,start    ] GC(34) Pause Young (Concurrent Start) (G1 Evacuation Pause)
[33.715s][info][gc,task     ] GC(34) Using 6 workers of 6 for evacuation
[33.727s][info][gc,phases   ] GC(34)   Pre Evacuate Collection Set: 0.3ms
[33.728s][info][gc,phases   ] GC(34)   Merge Heap Roots: 0.2ms
[33.728s][info][gc,phases   ] GC(34)   Evacuate Collection Set: 10.5ms
[33.728s][info][gc,phases   ] GC(34)   Post Evacuate Collection Set: 1.0ms
[33.728s][info][gc,phases   ] GC(34)   Other: 0.3ms
[33.728s][info][gc,heap     ] GC(34) Eden regions: 76->0(79)
[33.729s][info][gc,heap     ] GC(34) Survivor regions: 4->5(10)
[33.729s][info][gc,heap     ] GC(34) Old regions: 46->46
[33.729s][info][gc,heap     ] GC(34) Humongous regions: 5->5
[33.729s][info][gc,metaspace] GC(34) Metaspace: 188442K(190976K)->188442K(190976K) NonClass: 164932K(166400K)->164932K(166400K) Class: 23509K(24576K)->23509K(24576K)
[33.729s][info][gc          ] GC(34) Pause Young (Concurrent Start) (G1 Evacuation Pause) 522M->219M(604M) 14.471ms
[33.730s][info][gc          ] GC(35) Concurrent Mark Cycle
[33.730s][info][gc,marking  ] GC(35) Concurrent Scan Root Regions
[33.730s][info][gc,cpu      ] GC(34) User=0.06s Sys=0.00s Real=0.02s
[33.744s][info][gc,marking  ] GC(35) Concurrent Scan Root Regions 14.076ms
[33.744s][info][gc,marking  ] GC(35) Concurrent Mark
[33.744s][info][gc,marking  ] GC(35) Concurrent Mark From Roots
[33.744s][info][gc,task     ] GC(35) Using 2 workers of 2 for marking
[33.954s][info][gc,marking  ] GC(35) Concurrent Mark From Roots 209.345ms
[33.957s][info][gc,marking  ] GC(35) Concurrent Preclean
[33.964s][info][gc,marking  ] GC(35) Concurrent Preclean 7.303ms
[33.965s][info][gc,start    ] GC(35) Pause Remark
[34.001s][info][gc          ] GC(35) Pause Remark 270M->266M(604M) 35.829ms
[34.002s][info][gc,cpu      ] GC(35) User=0.13s Sys=0.00s Real=0.03s
[34.016s][info][gc,marking  ] GC(35) Concurrent Mark 271.669ms
[34.025s][info][gc,marking  ] GC(35) Concurrent Rebuild Remembered Sets and Scrub Regions
[34.163s][info][gc,marking  ] GC(35) Concurrent Rebuild Remembered Sets and Scrub Regions 137.996ms
[34.164s][info][gc,start    ] GC(35) Pause Cleanup
[34.165s][info][gc          ] GC(35) Pause Cleanup 318M->318M(604M) 0.650ms
[34.165s][info][gc,cpu      ] GC(35) User=0.00s Sys=0.00s Real=0.01s
[34.166s][info][gc,marking  ] GC(35) Concurrent Clear Claimed Marks
[34.167s][info][gc,marking  ] GC(35) Concurrent Clear Claimed Marks 0.547ms
[34.167s][info][gc,marking  ] GC(35) Concurrent Cleanup for Next Mark
[34.168s][info][gc,marking  ] GC(35) Concurrent Cleanup for Next Mark 1.368ms
[34.169s][info][gc          ] GC(35) Concurrent Mark Cycle 439.423ms
[34.826s][info][gc,start    ] GC(36) Pause Young (Prepare Mixed) (G1 Evacuation Pause)
[34.827s][info][gc,task     ] GC(36) Using 6 workers of 6 for evacuation
[34.836s][info][gc,phases   ] GC(36)   Pre Evacuate Collection Set: 0.2ms
[34.836s][info][gc,phases   ] GC(36)   Merge Heap Roots: 0.3ms
[34.836s][info][gc,phases   ] GC(36)   Evacuate Collection Set: 7.9ms
[34.836s][info][gc,phases   ] GC(36)   Post Evacuate Collection Set: 0.9ms
[34.837s][info][gc,phases   ] GC(36)   Other: 0.2ms
[34.837s][info][gc,heap     ] GC(36) Eden regions: 79->0(80)
[34.837s][info][gc,heap     ] GC(36) Survivor regions: 5->6(11)
[34.837s][info][gc,heap     ] GC(36) Old regions: 45->45
[34.837s][info][gc,heap     ] GC(36) Humongous regions: 5->5
[34.837s][info][gc,metaspace] GC(36) Metaspace: 188491K(190976K)->188491K(190976K) NonClass: 164997K(166400K)->164997K(166400K) Class: 23493K(24576K)->23493K(24576K)
[34.837s][info][gc          ] GC(36) Pause Young (Prepare Mixed) (G1 Evacuation Pause) 531M->222M(604M) 10.994ms
[34.837s][info][gc,cpu      ] GC(36) User=0.03s Sys=0.00s Real=0.01s
[36.124s][info][gc,start    ] GC(37) Pause Young (Mixed) (G1 Evacuation Pause)
[36.125s][info][gc,task     ] GC(37) Using 6 workers of 6 for evacuation
[36.143s][info][gc,phases   ] GC(37)   Pre Evacuate Collection Set: 0.2ms
[36.144s][info][gc,phases   ] GC(37)   Merge Heap Roots: 0.2ms
[36.144s][info][gc,phases   ] GC(37)   Evacuate Collection Set: 13.0ms
[36.144s][info][gc,phases   ] GC(37)   Post Evacuate Collection Set: 5.2ms
[36.144s][info][gc,phases   ] GC(37)   Other: 0.3ms
[36.144s][info][gc,heap     ] GC(37) Eden regions: 80->0(80)
[36.144s][info][gc,heap     ] GC(37) Survivor regions: 6->7(11)
[36.145s][info][gc,heap     ] GC(37) Old regions: 45->43
[36.145s][info][gc,heap     ] GC(37) Humongous regions: 5->5
[36.145s][info][gc,metaspace] GC(37) Metaspace: 201729K(204288K)->201729K(204288K) NonClass: 175573K(177024K)->175573K(177024K) Class: 26156K(27264K)->26156K(27264K)
[36.145s][info][gc          ] GC(37) Pause Young (Mixed) (G1 Evacuation Pause) 542M->216M(604M) 20.523ms
[36.145s][info][gc,cpu      ] GC(37) User=0.05s Sys=0.01s Real=0.02s
[36.761s][info][gc,start    ] GC(38) Pause Young (Concurrent Start) (G1 Evacuation Pause)
[36.761s][info][gc,task     ] GC(38) Using 6 workers of 6 for evacuation
[36.772s][info][gc,phases   ] GC(38)   Pre Evacuate Collection Set: 0.3ms
[36.772s][info][gc,phases   ] GC(38)   Merge Heap Roots: 0.2ms
[36.773s][info][gc,phases   ] GC(38)   Evacuate Collection Set: 9.7ms
[36.773s][info][gc,phases   ] GC(38)   Post Evacuate Collection Set: 0.8ms
[36.773s][info][gc,phases   ] GC(38)   Other: 0.3ms
[36.773s][info][gc,heap     ] GC(38) Eden regions: 80->0(82)
[36.773s][info][gc,heap     ] GC(38) Survivor regions: 7->5(11)
[36.773s][info][gc,heap     ] GC(38) Old regions: 43->45
[36.773s][info][gc,heap     ] GC(38) Humongous regions: 5->5
[36.773s][info][gc,metaspace] GC(38) Metaspace: 201778K(204352K)->201778K(204352K) NonClass: 175621K(177088K)->175621K(177088K) Class: 26157K(27264K)->26157K(27264K)
[36.774s][info][gc          ] GC(38) Pause Young (Concurrent Start) (G1 Evacuation Pause) 536M->216M(604M) 13.031ms
[36.774s][info][gc          ] GC(39) Concurrent Mark Cycle
[36.774s][info][gc,marking  ] GC(39) Concurrent Scan Root Regions
[36.774s][info][gc,cpu      ] GC(38) User=0.05s Sys=0.00s Real=0.01s
[36.783s][info][gc,marking  ] GC(39) Concurrent Scan Root Regions 8.871ms
[36.783s][info][gc,marking  ] GC(39) Concurrent Mark
[36.783s][info][gc,marking  ] GC(39) Concurrent Mark From Roots
[36.783s][info][gc,task     ] GC(39) Using 2 workers of 2 for marking
[36.919s][info][gc,marking  ] GC(39) Concurrent Mark From Roots 136.003ms
[36.920s][info][gc,marking  ] GC(39) Concurrent Preclean
[36.921s][info][gc,marking  ] GC(39) Concurrent Preclean 0.527ms
[36.921s][info][gc,start    ] GC(39) Pause Remark
[36.936s][info][gc          ] GC(39) Pause Remark 290M->290M(604M) 14.987ms
[36.937s][info][gc,cpu      ] GC(39) User=0.05s Sys=0.01s Real=0.02s
[36.939s][info][gc,marking  ] GC(39) Concurrent Mark 155.742ms
[36.939s][info][gc,marking  ] GC(39) Concurrent Rebuild Remembered Sets and Scrub Regions
[37.031s][info][gc,marking  ] GC(39) Concurrent Rebuild Remembered Sets and Scrub Regions 92.349ms
[37.032s][info][gc,start    ] GC(39) Pause Cleanup
[37.032s][info][gc          ] GC(39) Pause Cleanup 332M->332M(604M) 0.319ms
[37.032s][info][gc,cpu      ] GC(39) User=0.01s Sys=0.00s Real=0.00s
[37.033s][info][gc,marking  ] GC(39) Concurrent Clear Claimed Marks
[37.033s][info][gc,marking  ] GC(39) Concurrent Clear Claimed Marks 0.332ms
[37.033s][info][gc,marking  ] GC(39) Concurrent Cleanup for Next Mark
[37.034s][info][gc,marking  ] GC(39) Concurrent Cleanup for Next Mark 0.709ms
[37.034s][info][gc          ] GC(39) Concurrent Mark Cycle 260.150ms
[38.723s][info][gc,start    ] GC(40) Pause Young (Prepare Mixed) (G1 Evacuation Pause)
[38.724s][info][gc,task     ] GC(40) Using 6 workers of 6 for evacuation
[38.749s][info][gc,phases   ] GC(40)   Pre Evacuate Collection Set: 0.3ms
[38.750s][info][gc,phases   ] GC(40)   Merge Heap Roots: 0.3ms
[38.750s][info][gc,phases   ] GC(40)   Evacuate Collection Set: 22.5ms
[38.750s][info][gc,phases   ] GC(40)   Post Evacuate Collection Set: 2.2ms
[38.750s][info][gc,phases   ] GC(40)   Other: 0.4ms
[38.750s][info][gc,heap     ] GC(40) Eden regions: 82->0(102)
[38.750s][info][gc,heap     ] GC(40) Survivor regions: 5->7(11)
[38.751s][info][gc,heap     ] GC(40) Old regions: 45->45
[38.751s][info][gc,heap     ] GC(40) Humongous regions: 6->5
[38.751s][info][gc,metaspace] GC(40) Metaspace: 211881K(214592K)->211881K(214592K) NonClass: 184428K(185920K)->184428K(185920K) Class: 27452K(28672K)->27452K(28672K)
[38.751s][info][gc          ] GC(40) Pause Young (Prepare Mixed) (G1 Evacuation Pause) 548M->224M(728M) 27.842ms
[38.751s][info][gc,cpu      ] GC(40) User=0.12s Sys=0.00s Real=0.03s
[52.386s][info][gc,start    ] GC(41) Pause Young (Mixed) (G1 Evacuation Pause)
[52.386s][info][gc,task     ] GC(41) Using 6 workers of 6 for evacuation
[52.432s][info][gc,phases   ] GC(41)   Pre Evacuate Collection Set: 0.2ms
[52.432s][info][gc,phases   ] GC(41)   Merge Heap Roots: 0.3ms
[52.432s][info][gc,phases   ] GC(41)   Evacuate Collection Set: 40.7ms
[52.432s][info][gc,phases   ] GC(41)   Post Evacuate Collection Set: 4.2ms
[52.432s][info][gc,phases   ] GC(41)   Other: 0.2ms
[52.432s][info][gc,heap     ] GC(41) Eden regions: 102->0(79)
[52.433s][info][gc,heap     ] GC(41) Survivor regions: 7->14(14)
[52.433s][info][gc,heap     ] GC(41) Old regions: 45->61
[52.433s][info][gc,heap     ] GC(41) Humongous regions: 5->5
[52.433s][info][gc,metaspace] GC(41) Metaspace: 247818K(250944K)->247818K(250944K) NonClass: 214211K(215936K)->214211K(215936K) Class: 33607K(35008K)->33607K(35008K)
[52.433s][info][gc          ] GC(41) Pause Young (Mixed) (G1 Evacuation Pause) 632M->319M(768M) 47.276ms
[52.433s][info][gc,cpu      ] GC(41) User=0.21s Sys=0.02s Real=0.04s
[53.503s][info][gc,start    ] GC(42) Pause Young (Concurrent Start) (G1 Humongous Allocation)
[53.504s][info][gc,task     ] GC(42) Using 6 workers of 6 for evacuation
[53.524s][info][gc,phases   ] GC(42)   Pre Evacuate Collection Set: 0.3ms
[53.524s][info][gc,phases   ] GC(42)   Merge Heap Roots: 0.2ms
[53.525s][info][gc,phases   ] GC(42)   Evacuate Collection Set: 18.3ms
[53.525s][info][gc,phases   ] GC(42)   Post Evacuate Collection Set: 1.6ms
[53.525s][info][gc,phases   ] GC(42)   Other: 0.3ms
[53.525s][info][gc,heap     ] GC(42) Eden regions: 48->0(73)
[53.525s][info][gc,heap     ] GC(42) Survivor regions: 14->7(12)
[53.525s][info][gc,heap     ] GC(42) Old regions: 61->76
[53.525s][info][gc,heap     ] GC(42) Humongous regions: 5->5
[53.525s][info][gc,metaspace] GC(42) Metaspace: 262755K(265920K)->262755K(265920K) NonClass: 227042K(228864K)->227042K(228864K) Class: 35713K(37056K)->35713K(37056K)
[53.526s][info][gc          ] GC(42) Pause Young (Concurrent Start) (G1 Humongous Allocation) 508M->346M(768M) 22.337ms
[53.526s][info][gc          ] GC(43) Concurrent Mark Cycle
[53.526s][info][gc,marking  ] GC(43) Concurrent Scan Root Regions
[53.526s][info][gc,cpu      ] GC(42) User=0.11s Sys=0.00s Real=0.03s
[53.565s][info][gc,marking  ] GC(43) Concurrent Scan Root Regions 39.052ms
[53.565s][info][gc,marking  ] GC(43) Concurrent Mark
[53.566s][info][gc,marking  ] GC(43) Concurrent Mark From Roots
[53.566s][info][gc,task     ] GC(43) Using 2 workers of 2 for marking
[53.766s][info][gc,marking  ] GC(43) Concurrent Mark From Roots 199.736ms
[53.766s][info][gc,marking  ] GC(43) Concurrent Preclean
[53.767s][info][gc,marking  ] GC(43) Concurrent Preclean 0.794ms
[53.767s][info][gc,start    ] GC(43) Pause Remark
[53.782s][info][gc          ] GC(43) Pause Remark 412M->412M(768M) 14.764ms
[53.782s][info][gc,cpu      ] GC(43) User=0.07s Sys=0.00s Real=0.01s
[53.782s][info][gc,marking  ] GC(43) Concurrent Mark 217.134ms
[53.785s][info][gc,marking  ] GC(43) Concurrent Rebuild Remembered Sets and Scrub Regions
[53.956s][info][gc,marking  ] GC(43) Concurrent Rebuild Remembered Sets and Scrub Regions 170.998ms
[53.957s][info][gc,start    ] GC(43) Pause Cleanup
[53.957s][info][gc          ] GC(43) Pause Cleanup 453M->453M(768M) 0.384ms
[53.957s][info][gc,cpu      ] GC(43) User=0.00s Sys=0.00s Real=0.00s
[53.957s][info][gc,marking  ] GC(43) Concurrent Clear Claimed Marks
[53.958s][info][gc,marking  ] GC(43) Concurrent Clear Claimed Marks 0.451ms
[53.958s][info][gc,marking  ] GC(43) Concurrent Cleanup for Next Mark
[53.961s][info][gc,marking  ] GC(43) Concurrent Cleanup for Next Mark 3.036ms
[53.967s][info][gc          ] GC(43) Concurrent Mark Cycle 441.094ms
[54.747s][info][gc,start    ] GC(44) Pause Young (Prepare Mixed) (G1 Evacuation Pause)
[54.747s][info][gc,task     ] GC(44) Using 6 workers of 6 for evacuation
[54.787s][info][gc,phases   ] GC(44)   Pre Evacuate Collection Set: 0.3ms
[54.787s][info][gc,phases   ] GC(44)   Merge Heap Roots: 0.2ms
[54.787s][info][gc,phases   ] GC(44)   Evacuate Collection Set: 36.6ms
[54.787s][info][gc,phases   ] GC(44)   Post Evacuate Collection Set: 2.0ms
[54.787s][info][gc,phases   ] GC(44)   Other: 0.2ms
[54.787s][info][gc,heap     ] GC(44) Eden regions: 73->0(63)
[54.788s][info][gc,heap     ] GC(44) Survivor regions: 7->10(10)
[54.788s][info][gc,heap     ] GC(44) Old regions: 76->83
[54.788s][info][gc,heap     ] GC(44) Humongous regions: 9->7
[54.788s][info][gc,metaspace] GC(44) Metaspace: 268810K(271936K)->268810K(271936K) NonClass: 232314K(234112K)->232314K(234112K) Class: 36496K(37824K)->36496K(37824K)
[54.788s][info][gc          ] GC(44) Pause Young (Prepare Mixed) (G1 Evacuation Pause) 654M->399M(768M) 41.207ms
[54.788s][info][gc,cpu      ] GC(44) User=0.17s Sys=0.01s Real=0.04s
[57.323s][info][gc,start    ] GC(45) Pause Young (Mixed) (G1 Evacuation Pause)
[57.324s][info][gc,task     ] GC(45) Using 6 workers of 6 for evacuation
[57.434s][info][gc,phases   ] GC(45)   Pre Evacuate Collection Set: 0.8ms
[57.434s][info][gc,phases   ] GC(45)   Merge Heap Roots: 8.6ms
[57.435s][info][gc,phases   ] GC(45)   Evacuate Collection Set: 83.5ms
[57.437s][info][gc,phases   ] GC(45)   Post Evacuate Collection Set: 16.1ms
[57.439s][info][gc,phases   ] GC(45)   Other: 1.4ms
[57.440s][info][gc,heap     ] GC(45) Eden regions: 63->0(62)
[57.440s][info][gc,heap     ] GC(45) Survivor regions: 10->6(10)
[57.441s][info][gc,heap     ] GC(45) Old regions: 83->92
[57.442s][info][gc,heap     ] GC(45) Humongous regions: 7->7
[57.442s][info][gc,metaspace] GC(45) Metaspace: 274157K(277376K)->274157K(277376K) NonClass: 237092K(238912K)->237092K(238912K) Class: 37065K(38464K)->37065K(38464K)
[57.442s][info][gc          ] GC(45) Pause Young (Mixed) (G1 Evacuation Pause) 651M->415M(768M) 119.713ms
[57.443s][info][gc,cpu      ] GC(45) User=0.37s Sys=0.03s Real=0.12s
[58.899s][info][gc,start    ] GC(46) Pause Young (Concurrent Start) (G1 Evacuation Pause)
[58.899s][info][gc,task     ] GC(46) Using 6 workers of 6 for evacuation
[58.920s][info][gc,phases   ] GC(46)   Pre Evacuate Collection Set: 0.2ms
[58.920s][info][gc,phases   ] GC(46)   Merge Heap Roots: 0.2ms
[58.921s][info][gc,phases   ] GC(46)   Evacuate Collection Set: 16.9ms
[58.921s][info][gc,phases   ] GC(46)   Post Evacuate Collection Set: 3.7ms
[58.921s][info][gc,phases   ] GC(46)   Other: 0.3ms
[58.921s][info][gc,heap     ] GC(46) Eden regions: 62->0(64)
[58.921s][info][gc,heap     ] GC(46) Survivor regions: 6->7(9)
[58.921s][info][gc,heap     ] GC(46) Old regions: 92->92
[58.921s][info][gc,heap     ] GC(46) Humongous regions: 7->7
[58.921s][info][gc,metaspace] GC(46) Metaspace: 277425K(280576K)->277425K(280576K) NonClass: 240134K(241920K)->240134K(241920K) Class: 37291K(38656K)->37291K(38656K)
[58.922s][info][gc          ] GC(46) Pause Young (Concurrent Start) (G1 Evacuation Pause) 663M->419M(768M) 23.086ms
[58.922s][info][gc,cpu      ] GC(46) User=0.09s Sys=0.01s Real=0.02s
[58.923s][info][gc          ] GC(47) Concurrent Mark Cycle
[58.926s][info][gc,marking  ] GC(47) Concurrent Scan Root Regions
[58.969s][info][gc,marking  ] GC(47) Concurrent Scan Root Regions 43.634ms
[58.970s][info][gc,marking  ] GC(47) Concurrent Mark
[58.970s][info][gc,marking  ] GC(47) Concurrent Mark From Roots
[58.970s][info][gc,task     ] GC(47) Using 2 workers of 2 for marking
[59.290s][info][gc,marking  ] GC(47) Concurrent Mark From Roots 320.287ms
[59.290s][info][gc,marking  ] GC(47) Concurrent Preclean
[59.291s][info][gc,marking  ] GC(47) Concurrent Preclean 0.779ms
[59.291s][info][gc,start    ] GC(47) Pause Remark
[59.336s][info][gc          ] GC(47) Pause Remark 469M->465M(768M) 45.107ms
[59.337s][info][gc,cpu      ] GC(47) User=0.14s Sys=0.00s Real=0.05s
[59.343s][info][gc,marking  ] GC(47) Concurrent Mark 373.448ms
[59.344s][info][gc,marking  ] GC(47) Concurrent Rebuild Remembered Sets and Scrub Regions
[59.622s][info][gc,marking  ] GC(47) Concurrent Rebuild Remembered Sets and Scrub Regions 278.344ms
[59.632s][info][gc,start    ] GC(47) Pause Cleanup
[59.633s][info][gc          ] GC(47) Pause Cleanup 507M->507M(768M) 0.408ms
[59.633s][info][gc,cpu      ] GC(47) User=0.00s Sys=0.00s Real=0.00s
[59.633s][info][gc,marking  ] GC(47) Concurrent Clear Claimed Marks
[59.634s][info][gc,marking  ] GC(47) Concurrent Clear Claimed Marks 0.615ms
[59.634s][info][gc,marking  ] GC(47) Concurrent Cleanup for Next Mark
[59.635s][info][gc,marking  ] GC(47) Concurrent Cleanup for Next Mark 1.460ms
[59.636s][info][gc          ] GC(47) Concurrent Mark Cycle 713.177ms
[60.456s][info][gc,start    ] GC(48) Pause Young (Prepare Mixed) (G1 Evacuation Pause)
[60.456s][info][gc,task     ] GC(48) Using 6 workers of 6 for evacuation
[60.478s][info][gc,phases   ] GC(48)   Pre Evacuate Collection Set: 0.2ms
[60.479s][info][gc,phases   ] GC(48)   Merge Heap Roots: 0.2ms
[60.479s][info][gc,phases   ] GC(48)   Evacuate Collection Set: 19.6ms
[60.479s][info][gc,phases   ] GC(48)   Post Evacuate Collection Set: 2.0ms
[60.479s][info][gc,phases   ] GC(48)   Other: 0.2ms
[60.479s][info][gc,heap     ] GC(48) Eden regions: 64->0(65)
[60.479s][info][gc,heap     ] GC(48) Survivor regions: 7->6(9)
[60.480s][info][gc,heap     ] GC(48) Old regions: 92->96
[60.480s][info][gc,heap     ] GC(48) Humongous regions: 6->6
[60.480s][info][gc,metaspace] GC(48) Metaspace: 281245K(284416K)->281245K(284416K) NonClass: 243589K(245376K)->243589K(245376K) Class: 37655K(39040K)->37655K(39040K)
[60.480s][info][gc          ] GC(48) Pause Young (Prepare Mixed) (G1 Evacuation Pause) 671M->427M(768M) 24.242ms
[60.480s][info][gc,cpu      ] GC(48) User=0.12s Sys=0.00s Real=0.02s
[63.179s][info][gc,start    ] GC(49) Pause Young (Mixed) (G1 Evacuation Pause)
[63.179s][info][gc,task     ] GC(49) Using 6 workers of 6 for evacuation
[63.213s][info][gc,phases   ] GC(49)   Pre Evacuate Collection Set: 0.3ms
[63.213s][info][gc,phases   ] GC(49)   Merge Heap Roots: 0.8ms
[63.213s][info][gc,phases   ] GC(49)   Evacuate Collection Set: 29.2ms
[63.213s][info][gc,phases   ] GC(49)   Post Evacuate Collection Set: 2.7ms
[63.214s][info][gc,phases   ] GC(49)   Other: 0.3ms
[63.214s][info][gc,heap     ] GC(49) Eden regions: 65->0(71)
[63.214s][info][gc,heap     ] GC(49) Survivor regions: 6->7(9)
[63.214s][info][gc,heap     ] GC(49) Old regions: 96->90
[63.215s][info][gc,heap     ] GC(49) Humongous regions: 6->6
[63.215s][info][gc,metaspace] GC(49) Metaspace: 283792K(286976K)->283792K(286976K) NonClass: 245989K(247808K)->245989K(247808K) Class: 37803K(39168K)->37803K(39168K)
[63.215s][info][gc          ] GC(49) Pause Young (Mixed) (G1 Evacuation Pause) 687M->407M(768M) 36.086ms
[63.215s][info][gc,cpu      ] GC(49) User=0.14s Sys=0.00s Real=0.03s
[81.201s][info][gc,start    ] GC(50) Pause Young (Concurrent Start) (G1 Evacuation Pause)
[81.202s][info][gc,task     ] GC(50) Using 6 workers of 6 for evacuation
[81.227s][info][gc,phases   ] GC(50)   Pre Evacuate Collection Set: 0.3ms
[81.228s][info][gc,phases   ] GC(50)   Merge Heap Roots: 0.3ms
[81.228s][info][gc,phases   ] GC(50)   Evacuate Collection Set: 22.9ms
[81.228s][info][gc,phases   ] GC(50)   Post Evacuate Collection Set: 1.7ms
[81.228s][info][gc,phases   ] GC(50)   Other: 0.4ms
[81.228s][info][gc,heap     ] GC(50) Eden regions: 71->0(70)
[81.228s][info][gc,heap     ] GC(50) Survivor regions: 7->6(10)
[81.229s][info][gc,heap     ] GC(50) Old regions: 90->93
[81.229s][info][gc,heap     ] GC(50) Humongous regions: 6->6
[81.229s][info][gc,metaspace] GC(50) Metaspace: 286125K(289280K)->286125K(289280K) NonClass: 248090K(249856K)->248090K(249856K) Class: 38035K(39424K)->38035K(39424K)
[81.229s][info][gc          ] GC(50) Pause Young (Concurrent Start) (G1 Evacuation Pause) 691M->418M(768M) 27.733ms
[81.229s][info][gc          ] GC(51) Concurrent Mark Cycle
[81.229s][info][gc,marking  ] GC(51) Concurrent Scan Root Regions
[81.229s][info][gc,cpu      ] GC(50) User=0.11s Sys=0.00s Real=0.03s
[81.265s][info][gc,marking  ] GC(51) Concurrent Scan Root Regions 35.515ms
[81.265s][info][gc,marking  ] GC(51) Concurrent Mark
[81.266s][info][gc,marking  ] GC(51) Concurrent Mark From Roots
[81.266s][info][gc,task     ] GC(51) Using 2 workers of 2 for marking
[81.706s][info][gc,marking  ] GC(51) Concurrent Mark From Roots 440.607ms
[81.707s][info][gc,marking  ] GC(51) Concurrent Preclean
[81.709s][info][gc,marking  ] GC(51) Concurrent Preclean 2.064ms
[81.711s][info][gc,start    ] GC(51) Pause Remark
[81.759s][info][gc          ] GC(51) Pause Remark 482M->482M(768M) 47.700ms
[81.759s][info][gc,cpu      ] GC(51) User=0.20s Sys=0.02s Real=0.05s
[81.765s][info][gc,marking  ] GC(51) Concurrent Mark 499.607ms
[81.769s][info][gc,marking  ] GC(51) Concurrent Rebuild Remembered Sets and Scrub Regions
[82.401s][info][gc,marking  ] GC(51) Concurrent Rebuild Remembered Sets and Scrub Regions 631.775ms
[82.416s][info][gc,start    ] GC(51) Pause Cleanup
[82.417s][info][gc          ] GC(51) Pause Cleanup 570M->570M(768M) 1.181ms
[82.418s][info][gc,cpu      ] GC(51) User=0.00s Sys=0.00s Real=0.00s
[82.420s][info][gc,marking  ] GC(51) Concurrent Clear Claimed Marks
[82.484s][info][gc,marking  ] GC(51) Concurrent Clear Claimed Marks 63.861ms
[82.496s][info][gc,marking  ] GC(51) Concurrent Cleanup for Next Mark
[82.525s][info][gc,marking  ] GC(51) Concurrent Cleanup for Next Mark 28.821ms
[82.555s][info][gc          ] GC(51) Concurrent Mark Cycle 1325.913ms
[83.495s][info][gc,start    ] GC(52) Pause Young (Prepare Mixed) (G1 Evacuation Pause)
[83.508s][info][gc,task     ] GC(52) Using 6 workers of 6 for evacuation
[83.571s][info][gc,phases   ] GC(52)   Pre Evacuate Collection Set: 0.3ms
[83.571s][info][gc,phases   ] GC(52)   Merge Heap Roots: 5.4ms
[83.571s][info][gc,phases   ] GC(52)   Evacuate Collection Set: 49.0ms
[83.571s][info][gc,phases   ] GC(52)   Post Evacuate Collection Set: 5.1ms
[83.571s][info][gc,phases   ] GC(52)   Other: 2.6ms
[83.571s][info][gc,heap     ] GC(52) Eden regions: 70->0(65)
[83.572s][info][gc,heap     ] GC(52) Survivor regions: 6->7(10)
[83.572s][info][gc,heap     ] GC(52) Old regions: 93->96
[83.572s][info][gc,heap     ] GC(52) Humongous regions: 6->6
[83.573s][info][gc,metaspace] GC(52) Metaspace: 286736K(289920K)->286736K(289920K) NonClass: 248672K(250432K)->248672K(250432K) Class: 38064K(39488K)->38064K(39488K)
[83.575s][info][gc          ] GC(52) Pause Young (Prepare Mixed) (G1 Evacuation Pause) 698M->433M(768M) 79.964ms
[83.576s][info][gc,cpu      ] GC(52) User=0.23s Sys=0.09s Real=0.08s
[85.001s][info][gc,start    ] GC(53) Pause Young (Mixed) (G1 Evacuation Pause)
[85.001s][info][gc,task     ] GC(53) Using 6 workers of 6 for evacuation
[85.043s][info][gc,phases   ] GC(53)   Pre Evacuate Collection Set: 0.5ms
[85.044s][info][gc,phases   ] GC(53)   Merge Heap Roots: 0.7ms
[85.044s][info][gc,phases   ] GC(53)   Evacuate Collection Set: 34.2ms
[85.044s][info][gc,phases   ] GC(53)   Post Evacuate Collection Set: 5.6ms
[85.044s][info][gc,phases   ] GC(53)   Other: 0.6ms
[85.045s][info][gc,heap     ] GC(53) Eden regions: 65->0(112)
[85.045s][info][gc,heap     ] GC(53) Survivor regions: 7->7(9)
[85.045s][info][gc,heap     ] GC(53) Old regions: 96->97
[85.045s][info][gc,heap     ] GC(53) Humongous regions: 6->6
[85.045s][info][gc,metaspace] GC(53) Metaspace: 287120K(290368K)->287120K(290368K) NonClass: 249041K(250880K)->249041K(250880K) Class: 38078K(39488K)->38078K(39488K)
[85.046s][info][gc          ] GC(53) Pause Young (Mixed) (G1 Evacuation Pause) 693M->439M(972M) 45.106ms
[85.046s][info][gc,cpu      ] GC(53) User=0.17s Sys=0.03s Real=0.05s
[88.422s][info][gc,start    ] GC(54) Pause Young (Concurrent Start) (G1 Evacuation Pause)
[88.422s][info][gc,task     ] GC(54) Using 6 workers of 6 for evacuation
[88.460s][info][gc,phases   ] GC(54)   Pre Evacuate Collection Set: 0.4ms
[88.460s][info][gc,phases   ] GC(54)   Merge Heap Roots: 0.2ms
[88.460s][info][gc,phases   ] GC(54)   Evacuate Collection Set: 34.6ms
[88.461s][info][gc,phases   ] GC(54)   Post Evacuate Collection Set: 2.1ms
[88.461s][info][gc,phases   ] GC(54)   Other: 0.4ms
[88.461s][info][gc,heap     ] GC(54) Eden regions: 112->0(101)
[88.461s][info][gc,heap     ] GC(54) Survivor regions: 7->13(15)
[88.462s][info][gc,heap     ] GC(54) Old regions: 97->97
[88.462s][info][gc,heap     ] GC(54) Humongous regions: 6->6
[88.462s][info][gc,metaspace] GC(54) Metaspace: 289702K(293312K)->289702K(293312K) NonClass: 251238K(253248K)->251238K(253248K) Class: 38463K(40064K)->38463K(40064K)
[88.462s][info][gc          ] GC(54) Pause Young (Concurrent Start) (G1 Evacuation Pause) 887M->460M(972M) 40.445ms
[88.462s][info][gc          ] GC(55) Concurrent Mark Cycle
[88.462s][info][gc,cpu      ] GC(54) User=0.17s Sys=0.00s Real=0.04s
[88.462s][info][gc,marking  ] GC(55) Concurrent Scan Root Regions
[88.501s][info][gc,marking  ] GC(55) Concurrent Scan Root Regions 38.065ms
[88.501s][info][gc,marking  ] GC(55) Concurrent Mark
[88.501s][info][gc,marking  ] GC(55) Concurrent Mark From Roots
[88.501s][info][gc,task     ] GC(55) Using 2 workers of 2 for marking
[89.021s][info][gc,marking  ] GC(55) Concurrent Mark From Roots 520.150ms
[89.021s][info][gc,marking  ] GC(55) Concurrent Preclean
[89.023s][info][gc,marking  ] GC(55) Concurrent Preclean 1.122ms
[89.023s][info][gc,start    ] GC(55) Pause Remark
[89.064s][info][gc          ] GC(55) Pause Remark 672M->672M(972M) 41.455ms
[89.065s][info][gc,cpu      ] GC(55) User=0.19s Sys=0.00s Real=0.04s
[89.072s][info][gc,marking  ] GC(55) Concurrent Mark 571.597ms
[89.073s][info][gc,marking  ] GC(55) Concurrent Rebuild Remembered Sets and Scrub Regions
[89.430s][info][gc,marking  ] GC(55) Concurrent Rebuild Remembered Sets and Scrub Regions 357.035ms
[89.430s][info][gc,start    ] GC(55) Pause Cleanup
[89.431s][info][gc          ] GC(55) Pause Cleanup 807M->807M(972M) 0.439ms
[89.431s][info][gc,cpu      ] GC(55) User=0.00s Sys=0.00s Real=0.00s
[89.431s][info][gc,marking  ] GC(55) Concurrent Clear Claimed Marks
[89.433s][info][gc,marking  ] GC(55) Concurrent Clear Claimed Marks 1.531ms
[89.433s][info][gc,marking  ] GC(55) Concurrent Cleanup for Next Mark
[89.436s][info][gc,marking  ] GC(55) Concurrent Cleanup for Next Mark 3.168ms
[89.437s][info][gc          ] GC(55) Concurrent Mark Cycle 974.276ms
[89.533s][info][gc,start    ] GC(56) Pause Young (Prepare Mixed) (G1 Evacuation Pause)
[89.534s][info][gc,task     ] GC(56) Using 6 workers of 6 for evacuation
[89.559s][info][gc,phases   ] GC(56)   Pre Evacuate Collection Set: 0.3ms
[89.560s][info][gc,phases   ] GC(56)   Merge Heap Roots: 0.2ms
[89.560s][info][gc,phases   ] GC(56)   Evacuate Collection Set: 23.7ms
[89.560s][info][gc,phases   ] GC(56)   Post Evacuate Collection Set: 1.4ms
[89.560s][info][gc,phases   ] GC(56)   Other: 0.3ms
[89.560s][info][gc,heap     ] GC(56) Eden regions: 101->0(98)
[89.560s][info][gc,heap     ] GC(56) Survivor regions: 13->11(15)
[89.561s][info][gc,heap     ] GC(56) Old regions: 97->104
[89.561s][info][gc,heap     ] GC(56) Humongous regions: 6->6
[89.561s][info][gc,metaspace] GC(56) Metaspace: 290114K(293760K)->290114K(293760K) NonClass: 251650K(253696K)->251650K(253696K) Class: 38463K(40064K)->38463K(40064K)
[89.561s][info][gc          ] GC(56) Pause Young (Prepare Mixed) (G1 Evacuation Pause) 864M->480M(972M) 27.732ms
[89.561s][info][gc,cpu      ] GC(56) User=0.15s Sys=0.00s Real=0.03s
[90.582s][info][gc,start    ] GC(57) Pause Young (Mixed) (G1 Evacuation Pause)
[90.583s][info][gc,task     ] GC(57) Using 6 workers of 6 for evacuation
[90.607s][info][gc,phases   ] GC(57)   Pre Evacuate Collection Set: 0.2ms
[90.608s][info][gc,phases   ] GC(57)   Merge Heap Roots: 0.2ms
[90.608s][info][gc,phases   ] GC(57)   Evacuate Collection Set: 22.6ms
[90.608s][info][gc,phases   ] GC(57)   Post Evacuate Collection Set: 1.6ms
[90.608s][info][gc,phases   ] GC(57)   Other: 0.2ms
[90.608s][info][gc,heap     ] GC(57) Eden regions: 98->0(97)
[90.608s][info][gc,heap     ] GC(57) Survivor regions: 11->10(14)
[90.608s][info][gc,heap     ] GC(57) Old regions: 104->107
[90.609s][info][gc,heap     ] GC(57) Humongous regions: 6->6
[90.609s][info][gc,metaspace] GC(57) Metaspace: 290938K(294592K)->290938K(294592K) NonClass: 252404K(254464K)->252404K(254464K) Class: 38534K(40128K)->38534K(40128K)
[90.609s][info][gc          ] GC(57) Pause Young (Mixed) (G1 Evacuation Pause) 872M->487M(972M) 26.546ms
[90.609s][info][gc,cpu      ] GC(57) User=0.13s Sys=0.00s Real=0.03s
[91.568s][info][gc,start    ] GC(58) Pause Young (Concurrent Start) (G1 Evacuation Pause)
[91.568s][info][gc,task     ] GC(58) Using 6 workers of 6 for evacuation
[91.593s][info][gc,phases   ] GC(58)   Pre Evacuate Collection Set: 0.3ms
[91.593s][info][gc,phases   ] GC(58)   Merge Heap Roots: 0.1ms
[91.593s][info][gc,phases   ] GC(58)   Evacuate Collection Set: 23.2ms
[91.593s][info][gc,phases   ] GC(58)   Post Evacuate Collection Set: 1.0ms
[91.594s][info][gc,phases   ] GC(58)   Other: 0.3ms
[91.594s][info][gc,heap     ] GC(58) Eden regions: 97->0(95)
[91.594s][info][gc,heap     ] GC(58) Survivor regions: 10->9(14)
[91.594s][info][gc,heap     ] GC(58) Old regions: 107->111
[91.594s][info][gc,heap     ] GC(58) Humongous regions: 6->6
[91.594s][info][gc,metaspace] GC(58) Metaspace: 291430K(295040K)->291430K(295040K) NonClass: 252881K(254848K)->252881K(254848K) Class: 38548K(40192K)->38548K(40192K)
[91.594s][info][gc          ] GC(58) Pause Young (Concurrent Start) (G1 Evacuation Pause) 875M->503M(972M) 26.479ms
[91.594s][info][gc,cpu      ] GC(58) User=0.11s Sys=0.02s Real=0.02s
[91.594s][info][gc          ] GC(59) Concurrent Mark Cycle
[91.596s][info][gc,marking  ] GC(59) Concurrent Scan Root Regions
[91.657s][info][gc,marking  ] GC(59) Concurrent Scan Root Regions 61.563ms
[91.657s][info][gc,marking  ] GC(59) Concurrent Mark
[91.658s][info][gc,marking  ] GC(59) Concurrent Mark From Roots
[91.658s][info][gc,task     ] GC(59) Using 2 workers of 2 for marking
[92.120s][info][gc,marking  ] GC(59) Concurrent Mark From Roots 462.776ms
[92.138s][info][gc,marking  ] GC(59) Concurrent Preclean
[92.144s][info][gc,marking  ] GC(59) Concurrent Preclean 5.233ms
[92.150s][info][gc,start    ] GC(59) Pause Remark
[92.171s][info][gc          ] GC(59) Pause Remark 638M->638M(972M) 21.208ms
[92.171s][info][gc,cpu      ] GC(59) User=0.08s Sys=0.01s Real=0.02s
[92.175s][info][gc,marking  ] GC(59) Concurrent Mark 517.709ms
[92.181s][info][gc,marking  ] GC(59) Concurrent Rebuild Remembered Sets and Scrub Regions
[92.626s][info][gc,marking  ] GC(59) Concurrent Rebuild Remembered Sets and Scrub Regions 445.309ms
[92.627s][info][gc,start    ] GC(59) Pause Cleanup
[92.627s][info][gc          ] GC(59) Pause Cleanup 741M->741M(972M) 0.425ms
[92.627s][info][gc,cpu      ] GC(59) User=0.00s Sys=0.00s Real=0.00s
[92.628s][info][gc,marking  ] GC(59) Concurrent Clear Claimed Marks
[92.628s][info][gc,marking  ] GC(59) Concurrent Clear Claimed Marks 0.491ms
[92.628s][info][gc,marking  ] GC(59) Concurrent Cleanup for Next Mark
[92.630s][info][gc,marking  ] GC(59) Concurrent Cleanup for Next Mark 1.226ms
[92.630s][info][gc          ] GC(59) Concurrent Mark Cycle 1035.496ms
[93.019s][info][gc,start    ] GC(60) Pause Young (Prepare Mixed) (G1 Evacuation Pause)
[93.019s][info][gc,task     ] GC(60) Using 6 workers of 6 for evacuation
[93.041s][info][gc,phases   ] GC(60)   Pre Evacuate Collection Set: 0.2ms
[93.041s][info][gc,phases   ] GC(60)   Merge Heap Roots: 0.2ms
[93.041s][info][gc,phases   ] GC(60)   Evacuate Collection Set: 19.8ms
[93.041s][info][gc,phases   ] GC(60)   Post Evacuate Collection Set: 1.5ms
[93.041s][info][gc,phases   ] GC(60)   Other: 0.2ms
[93.042s][info][gc,heap     ] GC(60) Eden regions: 95->0(92)
[93.042s][info][gc,heap     ] GC(60) Survivor regions: 9->8(13)
[93.042s][info][gc,heap     ] GC(60) Old regions: 111->116
[93.042s][info][gc,heap     ] GC(60) Humongous regions: 8->6
[93.042s][info][gc,metaspace] GC(60) Metaspace: 292993K(296640K)->292993K(296640K) NonClass: 254260K(256256K)->254260K(256256K) Class: 38732K(40384K)->38732K(40384K)
[93.042s][info][gc          ] GC(60) Pause Young (Prepare Mixed) (G1 Evacuation Pause) 891M->514M(972M) 23.774ms
[93.043s][info][gc,cpu      ] GC(60) User=0.09s Sys=0.01s Real=0.02s
[93.788s][info][gc,start    ] GC(61) Pause Young (Mixed) (G1 Evacuation Pause)
[93.789s][info][gc,task     ] GC(61) Using 6 workers of 6 for evacuation
[93.814s][info][gc,phases   ] GC(61)   Pre Evacuate Collection Set: 0.3ms
[93.814s][info][gc,phases   ] GC(61)   Merge Heap Roots: 0.2ms
[93.814s][info][gc,phases   ] GC(61)   Evacuate Collection Set: 23.1ms
[93.814s][info][gc,phases   ] GC(61)   Post Evacuate Collection Set: 1.2ms
[93.814s][info][gc,phases   ] GC(61)   Other: 0.2ms
[93.814s][info][gc,heap     ] GC(61) Eden regions: 92->0(90)
[93.815s][info][gc,heap     ] GC(61) Survivor regions: 8->8(13)
[93.815s][info][gc,heap     ] GC(61) Old regions: 116->118
[93.815s][info][gc,heap     ] GC(61) Humongous regions: 6->6
[93.815s][info][gc,metaspace] GC(61) Metaspace: 293442K(297088K)->293442K(297088K) NonClass: 254693K(256704K)->254693K(256704K) Class: 38748K(40384K)->38748K(40384K)
[93.815s][info][gc          ] GC(61) Pause Young (Mixed) (G1 Evacuation Pause) 882M->524M(972M) 26.787ms
[93.815s][info][gc,cpu      ] GC(61) User=0.13s Sys=0.01s Real=0.03s
[94.331s][info][gc,start    ] GC(62) Pause Young (Concurrent Start) (G1 Evacuation Pause)
[94.332s][info][gc,task     ] GC(62) Using 6 workers of 6 for evacuation
[94.354s][info][gc,phases   ] GC(62)   Pre Evacuate Collection Set: 0.3ms
[94.354s][info][gc,phases   ] GC(62)   Merge Heap Roots: 0.2ms
[94.354s][info][gc,phases   ] GC(62)   Evacuate Collection Set: 19.4ms
[94.355s][info][gc,phases   ] GC(62)   Post Evacuate Collection Set: 2.3ms
[94.355s][info][gc,phases   ] GC(62)   Other: 0.3ms
[94.355s][info][gc,heap     ] GC(62) Eden regions: 90->0(227)
[94.355s][info][gc,heap     ] GC(62) Survivor regions: 8->9(13)
[94.355s][info][gc,heap     ] GC(62) Old regions: 118->121
[94.355s][info][gc,heap     ] GC(62) Humongous regions: 6->6
[94.356s][info][gc,metaspace] GC(62) Metaspace: 293553K(297216K)->293553K(297216K) NonClass: 254804K(256832K)->254804K(256832K) Class: 38749K(40384K)->38749K(40384K)
[94.356s][info][gc          ] GC(62) Pause Young (Concurrent Start) (G1 Evacuation Pause) 884M->543M(1576M) 24.460ms
[94.356s][info][gc          ] GC(63) Concurrent Mark Cycle
[94.356s][info][gc,marking  ] GC(63) Concurrent Scan Root Regions
[94.356s][info][gc,cpu      ] GC(62) User=0.10s Sys=0.00s Real=0.03s
[94.392s][info][gc,marking  ] GC(63) Concurrent Scan Root Regions 36.288ms
[94.393s][info][gc,marking  ] GC(63) Concurrent Mark
[94.393s][info][gc,marking  ] GC(63) Concurrent Mark From Roots
[94.393s][info][gc,task     ] GC(63) Using 2 workers of 2 for marking
[94.873s][info][gc,marking  ] GC(63) Concurrent Mark From Roots 479.909ms
[94.874s][info][gc,marking  ] GC(63) Concurrent Preclean
[94.876s][info][gc,marking  ] GC(63) Concurrent Preclean 2.637ms
[94.880s][info][gc,start    ] GC(63) Pause Remark
[94.905s][info][gc          ] GC(63) Pause Remark 783M->783M(1576M) 25.341ms
[94.905s][info][gc,cpu      ] GC(63) User=0.10s Sys=0.00s Real=0.03s
[94.908s][info][gc,marking  ] GC(63) Concurrent Mark 515.748ms
[94.909s][info][gc,marking  ] GC(63) Concurrent Rebuild Remembered Sets and Scrub Regions
[95.548s][info][gc,marking  ] GC(63) Concurrent Rebuild Remembered Sets and Scrub Regions 639.154ms
[95.552s][info][gc,start    ] GC(63) Pause Cleanup
[95.552s][info][gc          ] GC(63) Pause Cleanup 978M->978M(1576M) 0.505ms
[95.553s][info][gc,cpu      ] GC(63) User=0.00s Sys=0.00s Real=0.00s
[95.553s][info][gc,marking  ] GC(63) Concurrent Clear Claimed Marks
[95.553s][info][gc,marking  ] GC(63) Concurrent Clear Claimed Marks 0.538ms
[95.554s][info][gc,marking  ] GC(63) Concurrent Cleanup for Next Mark
[95.562s][info][gc,marking  ] GC(63) Concurrent Cleanup for Next Mark 7.927ms
[95.562s][info][gc          ] GC(63) Concurrent Mark Cycle 1205.919ms
[97.932s][info][gc,start    ] GC(64) Pause Young (Prepare Mixed) (G1 Evacuation Pause)
[97.933s][info][gc,task     ] GC(64) Using 6 workers of 6 for evacuation
[97.998s][info][gc,phases   ] GC(64)   Pre Evacuate Collection Set: 0.9ms
[97.999s][info][gc,phases   ] GC(64)   Merge Heap Roots: 0.5ms
[97.999s][info][gc,phases   ] GC(64)   Evacuate Collection Set: 62.3ms
[97.999s][info][gc,phases   ] GC(64)   Post Evacuate Collection Set: 1.3ms
[97.999s][info][gc,phases   ] GC(64)   Other: 0.6ms
[97.999s][info][gc,heap     ] GC(64) Eden regions: 227->0(208)
[97.999s][info][gc,heap     ] GC(64) Survivor regions: 9->19(30)
[97.999s][info][gc,heap     ] GC(64) Old regions: 121->121
[98.000s][info][gc,heap     ] GC(64) Humongous regions: 6->6
[98.000s][info][gc,metaspace] GC(64) Metaspace: 294827K(298496K)->294827K(298496K) NonClass: 255993K(258048K)->255993K(258048K) Class: 38834K(40448K)->38834K(40448K)
[98.000s][info][gc          ] GC(64) Pause Young (Prepare Mixed) (G1 Evacuation Pause) 1451M->582M(1576M) 67.431ms
[98.000s][info][gc,cpu      ] GC(64) User=0.34s Sys=0.00s Real=0.07s
[99.521s][info][gc,start    ] GC(65) Pause Young (Mixed) (G1 Evacuation Pause)
[99.521s][info][gc,task     ] GC(65) Using 6 workers of 6 for evacuation
[99.573s][info][gc,phases   ] GC(65)   Pre Evacuate Collection Set: 0.3ms
[99.574s][info][gc,phases   ] GC(65)   Merge Heap Roots: 0.2ms
[99.574s][info][gc,phases   ] GC(65)   Evacuate Collection Set: 49.2ms
[99.574s][info][gc,phases   ] GC(65)   Post Evacuate Collection Set: 2.3ms
[99.574s][info][gc,phases   ] GC(65)   Other: 0.2ms
[99.574s][info][gc,heap     ] GC(65) Eden regions: 208->0(193)
[99.575s][info][gc,heap     ] GC(65) Survivor regions: 19->25(29)
[99.575s][info][gc,heap     ] GC(65) Old regions: 121->124
[99.575s][info][gc,heap     ] GC(65) Humongous regions: 6->6
[99.575s][info][gc,metaspace] GC(65) Metaspace: 295418K(299072K)->295418K(299072K) NonClass: 256579K(258624K)->256579K(258624K) Class: 38839K(40448K)->38839K(40448K)
[99.575s][info][gc          ] GC(65) Pause Young (Mixed) (G1 Evacuation Pause) 1414M->616M(1576M) 54.196ms
[99.575s][info][gc,cpu      ] GC(65) User=0.29s Sys=0.00s Real=0.06s
[101.746s][info][gc,start    ] GC(66) Pause Young (Concurrent Start) (G1 Evacuation Pause)
[101.751s][info][gc,task     ] GC(66) Using 6 workers of 6 for evacuation
[101.884s][info][gc,phases   ] GC(66)   Pre Evacuate Collection Set: 0.4ms
[101.885s][info][gc,phases   ] GC(66)   Merge Heap Roots: 0.2ms
[101.886s][info][gc,phases   ] GC(66)   Evacuate Collection Set: 101.0ms
[101.886s][info][gc,phases   ] GC(66)   Post Evacuate Collection Set: 5.5ms
[101.886s][info][gc,phases   ] GC(66)   Other: 26.1ms
[101.887s][info][gc,heap     ] GC(66) Eden regions: 193->0(187)
[101.888s][info][gc,heap     ] GC(66) Survivor regions: 25->21(28)
[101.889s][info][gc,heap     ] GC(66) Old regions: 124->138
[101.889s][info][gc,heap     ] GC(66) Humongous regions: 6->6
[101.891s][info][gc,metaspace] GC(66) Metaspace: 295653K(299328K)->295653K(299328K) NonClass: 256806K(258816K)->256806K(258816K) Class: 38847K(40512K)->38847K(40512K)
[101.892s][info][gc          ] GC(66) Pause Young (Concurrent Start) (G1 Evacuation Pause) 1388M->657M(1576M) 146.121ms
[101.894s][info][gc,cpu      ] GC(66) User=0.49s Sys=0.09s Real=0.15s
[101.894s][info][gc          ] GC(67) Concurrent Mark Cycle
[101.899s][info][gc,marking  ] GC(67) Concurrent Scan Root Regions
[102.021s][info][gc,marking  ] GC(67) Concurrent Scan Root Regions 122.658ms
[102.034s][info][gc,marking  ] GC(67) Concurrent Mark
[102.037s][info][gc,marking  ] GC(67) Concurrent Mark From Roots
[102.247s][info][gc,task     ] GC(67) Using 2 workers of 2 for marking
[103.425s][info][gc,marking  ] GC(67) Concurrent Mark From Roots 1387.616ms
[103.425s][info][gc,marking  ] GC(67) Concurrent Preclean
[103.434s][info][gc,marking  ] GC(67) Concurrent Preclean 8.984ms
[103.442s][info][gc,start    ] GC(67) Pause Remark
[103.487s][info][gc          ] GC(67) Pause Remark 950M->950M(1576M) 45.550ms
[103.488s][info][gc,cpu      ] GC(67) User=0.21s Sys=0.00s Real=0.05s
[103.491s][info][gc,marking  ] GC(67) Concurrent Mark 1457.666ms
[103.493s][info][gc,marking  ] GC(67) Concurrent Rebuild Remembered Sets and Scrub Regions
[104.138s][info][gc,marking  ] GC(67) Concurrent Rebuild Remembered Sets and Scrub Regions 645.037ms
[104.141s][info][gc,start    ] GC(67) Pause Cleanup
[104.142s][info][gc          ] GC(67) Pause Cleanup 1193M->1193M(1576M) 0.492ms
[104.142s][info][gc,cpu      ] GC(67) User=0.00s Sys=0.00s Real=0.00s
[104.143s][info][gc,marking  ] GC(67) Concurrent Clear Claimed Marks
[104.143s][info][gc,marking  ] GC(67) Concurrent Clear Claimed Marks 0.512ms
[104.143s][info][gc,marking  ] GC(67) Concurrent Cleanup for Next Mark
[104.148s][info][gc,marking  ] GC(67) Concurrent Cleanup for Next Mark 5.048ms
[104.149s][info][gc          ] GC(67) Concurrent Mark Cycle 2254.705ms
[104.636s][info][gc,start    ] GC(68) Pause Young (Prepare Mixed) (G1 Evacuation Pause)
[104.637s][info][gc,task     ] GC(68) Using 6 workers of 6 for evacuation
[104.697s][info][gc,phases   ] GC(68)   Pre Evacuate Collection Set: 0.2ms
[104.697s][info][gc,phases   ] GC(68)   Merge Heap Roots: 0.3ms
[104.697s][info][gc,phases   ] GC(68)   Evacuate Collection Set: 56.5ms
[104.697s][info][gc,phases   ] GC(68)   Post Evacuate Collection Set: 2.6ms
[104.697s][info][gc,phases   ] GC(68)   Other: 0.2ms
[104.697s][info][gc,heap     ] GC(68) Eden regions: 187->0(179)
[104.697s][info][gc,heap     ] GC(68) Survivor regions: 21->20(26)
[104.698s][info][gc,heap     ] GC(68) Old regions: 138->148
[104.698s][info][gc,heap     ] GC(68) Humongous regions: 6->6
[104.698s][info][gc,metaspace] GC(68) Metaspace: 296011K(299648K)->296011K(299648K) NonClass: 257150K(259136K)->257150K(259136K) Class: 38861K(40512K)->38861K(40512K)
[104.698s][info][gc          ] GC(68) Pause Young (Prepare Mixed) (G1 Evacuation Pause) 1405M->693M(1576M) 61.469ms
[104.698s][info][gc,cpu      ] GC(68) User=0.31s Sys=0.02s Real=0.06s
[105.922s][info][gc,start    ] GC(69) Pause Young (Mixed) (G1 Evacuation Pause)
[105.922s][info][gc,task     ] GC(69) Using 6 workers of 6 for evacuation
[105.986s][info][gc,phases   ] GC(69)   Pre Evacuate Collection Set: 0.3ms
[105.987s][info][gc,phases   ] GC(69)   Merge Heap Roots: 0.3ms
[105.987s][info][gc,phases   ] GC(69)   Evacuate Collection Set: 60.6ms
[105.987s][info][gc,phases   ] GC(69)   Post Evacuate Collection Set: 2.7ms
[105.987s][info][gc,phases   ] GC(69)   Other: 0.2ms
[105.988s][info][gc,heap     ] GC(69) Eden regions: 179->0(175)
[105.988s][info][gc,heap     ] GC(69) Survivor regions: 20->18(25)
[105.988s][info][gc,heap     ] GC(69) Old regions: 148->156
[105.988s][info][gc,heap     ] GC(69) Humongous regions: 6->6
[105.988s][info][gc,metaspace] GC(69) Metaspace: 296254K(299904K)->296254K(299904K) NonClass: 257392K(259392K)->257392K(259392K) Class: 38861K(40512K)->38861K(40512K)
[105.988s][info][gc          ] GC(69) Pause Young (Mixed) (G1 Evacuation Pause) 1409M->717M(1576M) 66.517ms
[105.989s][info][gc,cpu      ] GC(69) User=0.31s Sys=0.00s Real=0.07s
[107.318s][info][gc,start    ] GC(70) Pause Young (Concurrent Start) (G1 Evacuation Pause)
[107.319s][info][gc,task     ] GC(70) Using 6 workers of 6 for evacuation
[107.368s][info][gc,phases   ] GC(70)   Pre Evacuate Collection Set: 0.5ms
[107.368s][info][gc,phases   ] GC(70)   Merge Heap Roots: 0.4ms
[107.368s][info][gc,phases   ] GC(70)   Evacuate Collection Set: 45.0ms
[107.368s][info][gc,phases   ] GC(70)   Post Evacuate Collection Set: 1.4ms
[107.368s][info][gc,phases   ] GC(70)   Other: 1.6ms
[107.369s][info][gc,heap     ] GC(70) Eden regions: 175->0(166)
[107.369s][info][gc,heap     ] GC(70) Survivor regions: 18->18(25)
[107.369s][info][gc,heap     ] GC(70) Old regions: 156->165
[107.369s][info][gc,heap     ] GC(70) Humongous regions: 6->6
[107.369s][info][gc,metaspace] GC(70) Metaspace: 296404K(300032K)->296404K(300032K) NonClass: 257542K(259520K)->257542K(259520K) Class: 38861K(40512K)->38861K(40512K)
[107.370s][info][gc          ] GC(70) Pause Young (Concurrent Start) (G1 Evacuation Pause) 1417M->755M(1576M) 51.650ms
[107.370s][info][gc          ] GC(71) Concurrent Mark Cycle
[107.370s][info][gc,marking  ] GC(71) Concurrent Scan Root Regions
[107.370s][info][gc,cpu      ] GC(70) User=0.27s Sys=0.00s Real=0.05s
[107.451s][info][gc,marking  ] GC(71) Concurrent Scan Root Regions 80.423ms
[107.451s][info][gc,marking  ] GC(71) Concurrent Mark
[107.451s][info][gc,marking  ] GC(71) Concurrent Mark From Roots
[107.451s][info][gc,task     ] GC(71) Using 2 workers of 2 for marking
[108.130s][info][gc,marking  ] GC(71) Concurrent Mark From Roots 678.953ms
[108.130s][info][gc,marking  ] GC(71) Concurrent Preclean
[108.133s][info][gc,marking  ] GC(71) Concurrent Preclean 2.413ms
[108.133s][info][gc,start    ] GC(71) Pause Remark
[108.169s][info][gc          ] GC(71) Pause Remark 1297M->1297M(1576M) 35.828ms
[108.169s][info][gc,cpu      ] GC(71) User=0.15s Sys=0.00s Real=0.04s
[108.170s][info][gc,marking  ] GC(71) Concurrent Mark 718.972ms
[108.189s][info][gc,marking  ] GC(71) Concurrent Rebuild Remembered Sets and Scrub Regions
[108.356s][info][gc,start    ] GC(72) Pause Young (Normal) (G1 Evacuation Pause)
[108.356s][info][gc,task     ] GC(72) Using 6 workers of 6 for evacuation
[108.399s][info][gc,phases   ] GC(72)   Pre Evacuate Collection Set: 0.3ms
[108.399s][info][gc,phases   ] GC(72)   Merge Heap Roots: 0.2ms
[108.399s][info][gc,phases   ] GC(72)   Evacuate Collection Set: 40.7ms
[108.399s][info][gc,phases   ] GC(72)   Post Evacuate Collection Set: 1.3ms
[108.399s][info][gc,phases   ] GC(72)   Other: 0.3ms
[108.399s][info][gc,heap     ] GC(72) Eden regions: 166->0(155)
[108.400s][info][gc,heap     ] GC(72) Survivor regions: 18->19(23)
[108.400s][info][gc,heap     ] GC(72) Old regions: 165->174
[108.400s][info][gc,heap     ] GC(72) Humongous regions: 6->6
[108.400s][info][gc,metaspace] GC(72) Metaspace: 296430K(300096K)->296430K(300096K) NonClass: 257569K(259584K)->257569K(259584K) Class: 38861K(40512K)->38861K(40512K)
[108.400s][info][gc          ] GC(72) Pause Young (Normal) (G1 Evacuation Pause) 1419M->791M(1576M) 44.497ms
[108.400s][info][gc,cpu      ] GC(72) User=0.23s Sys=0.00s Real=0.04s
[109.042s][info][gc,marking  ] GC(71) Concurrent Rebuild Remembered Sets and Scrub Regions 852.892ms
[109.042s][info][gc,start    ] GC(71) Pause Cleanup
[109.042s][info][gc          ] GC(71) Pause Cleanup 1308M->1308M(1576M) 0.421ms
[109.043s][info][gc,cpu      ] GC(71) User=0.00s Sys=0.00s Real=0.00s
[109.043s][info][gc,marking  ] GC(71) Concurrent Clear Claimed Marks
[109.043s][info][gc,marking  ] GC(71) Concurrent Clear Claimed Marks 0.480ms
[109.044s][info][gc,marking  ] GC(71) Concurrent Cleanup for Next Mark
[109.045s][info][gc,marking  ] GC(71) Concurrent Cleanup for Next Mark 1.733ms
[109.046s][info][gc          ] GC(71) Concurrent Mark Cycle 1675.664ms
[109.147s][info][gc,start    ] GC(73) Pause Young (Prepare Mixed) (G1 Evacuation Pause)
[109.147s][info][gc,task     ] GC(73) Using 6 workers of 6 for evacuation
[109.186s][info][gc,phases   ] GC(73)   Pre Evacuate Collection Set: 0.2ms
[109.186s][info][gc,phases   ] GC(73)   Merge Heap Roots: 0.3ms
[109.186s][info][gc,phases   ] GC(73)   Evacuate Collection Set: 36.4ms
[109.186s][info][gc,phases   ] GC(73)   Post Evacuate Collection Set: 1.0ms
[109.186s][info][gc,phases   ] GC(73)   Other: 0.2ms
[109.186s][info][gc,heap     ] GC(73) Eden regions: 155->0(148)
[109.187s][info][gc,heap     ] GC(73) Survivor regions: 19->18(22)
[109.187s][info][gc,heap     ] GC(73) Old regions: 174->183
[109.187s][info][gc,heap     ] GC(73) Humongous regions: 6->6
[109.187s][info][gc,metaspace] GC(73) Metaspace: 296446K(300096K)->296446K(300096K) NonClass: 257585K(259584K)->257585K(259584K) Class: 38861K(40512K)->38861K(40512K)
[109.187s][info][gc          ] GC(73) Pause Young (Prepare Mixed) (G1 Evacuation Pause) 1411M->823M(1576M) 40.074ms
[109.187s][info][gc,cpu      ] GC(73) User=0.21s Sys=0.00s Real=0.04s
[109.733s][info][gc,start    ] GC(74) Pause Young (Mixed) (G1 Evacuation Pause)
[109.733s][info][gc,task     ] GC(74) Using 6 workers of 6 for evacuation
[109.780s][info][gc,phases   ] GC(74)   Pre Evacuate Collection Set: 0.4ms
[109.780s][info][gc,phases   ] GC(74)   Merge Heap Roots: 0.2ms
[109.780s][info][gc,phases   ] GC(74)   Evacuate Collection Set: 42.4ms
[109.780s][info][gc,phases   ] GC(74)   Post Evacuate Collection Set: 2.9ms
[109.780s][info][gc,phases   ] GC(74)   Other: 0.3ms
[109.780s][info][gc,heap     ] GC(74) Eden regions: 148->0(325)
[109.780s][info][gc,heap     ] GC(74) Survivor regions: 18->16(21)
[109.781s][info][gc,heap     ] GC(74) Old regions: 183->189
[109.781s][info][gc,heap     ] GC(74) Humongous regions: 6->6
[109.781s][info][gc,metaspace] GC(74) Metaspace: 296457K(300096K)->296457K(300096K) NonClass: 257594K(259584K)->257594K(259584K) Class: 38862K(40512K)->38862K(40512K)
[109.781s][info][gc          ] GC(74) Pause Young (Mixed) (G1 Evacuation Pause) 1415M->843M(2328M) 47.942ms
[109.781s][info][gc,cpu      ] GC(74) User=0.23s Sys=0.00s Real=0.05s
[114.800s][info][gc,start    ] GC(75) Pause Young (Normal) (G1 Evacuation Pause)
[114.800s][info][gc,task     ] GC(75) Using 6 workers of 6 for evacuation
[114.881s][info][gc,phases   ] GC(75)   Pre Evacuate Collection Set: 0.5ms
[114.882s][info][gc,phases   ] GC(75)   Merge Heap Roots: 0.2ms
[114.882s][info][gc,phases   ] GC(75)   Evacuate Collection Set: 78.8ms
[114.883s][info][gc,phases   ] GC(75)   Post Evacuate Collection Set: 1.5ms
[114.883s][info][gc,phases   ] GC(75)   Other: 0.3ms
[114.883s][info][gc,heap     ] GC(75) Eden regions: 325->0(293)
[114.883s][info][gc,heap     ] GC(75) Survivor regions: 16->32(43)
[114.884s][info][gc,heap     ] GC(75) Old regions: 189->189
[114.884s][info][gc,heap     ] GC(75) Humongous regions: 6->6
[114.884s][info][gc,metaspace] GC(75) Metaspace: 297227K(300864K)->297227K(300864K) NonClass: 258293K(260288K)->258293K(260288K) Class: 38933K(40576K)->38933K(40576K)
[114.885s][info][gc          ] GC(75) Pause Young (Normal) (G1 Evacuation Pause) 2143M->905M(2328M) 84.934ms
[114.885s][info][gc,cpu      ] GC(75) User=0.44s Sys=0.01s Real=0.08s
[119.931s][info][gc,heap,exit] Heap
[119.931s][info][gc,heap,exit]  garbage-first heap   total 2383872K, used 1169275K [0x00000006a6400000, 0x0000000800000000)
[119.931s][info][gc,heap,exit]   region size 4096K, 91 young (372736K), 32 survivors (131072K)
[119.932s][info][gc,heap,exit]  Metaspace       used 302000K, committed 305728K, reserved 1376256K
[119.932s][info][gc,heap,exit]   class space    used 39583K, committed 41280K, reserved 1048576K
