[0.277s][info][gc,start    ] GC(0) Pause Young (Normal) (G1 Evacuation Pause)
[0.278s][info][gc,task     ] GC(0) Using 3 workers of 6 for evacuation
[0.285s][info][gc,phases   ] GC(0)   Pre Evacuate Collection Set: 0.3ms
[0.285s][info][gc,phases   ] GC(0)   Merge Heap Roots: 0.2ms
[0.286s][info][gc,phases   ] GC(0)   Evacuate Collection Set: 5.2ms
[0.286s][info][gc,phases   ] GC(0)   Post Evacuate Collection Set: 0.6ms
[0.286s][info][gc,phases   ] GC(0)   Other: 0.8ms
[0.286s][info][gc,heap     ] GC(0) Eden regions: 4->0(1)
[0.286s][info][gc,heap     ] GC(0) Survivor regions: 0->1(1)
[0.287s][info][gc,heap     ] GC(0) Old regions: 1->3
[0.287s][info][gc,heap     ] GC(0) Humongous regions: 3->3
[0.287s][info][gc,metaspace] GC(0) Metaspace: 1831K(2048K)->1831K(2048K) NonClass: 1755K(1856K)->1755K(1856K) Class: 75K(192K)->75K(192K)
[0.287s][info][gc          ] GC(0) Pause Young (Normal) (G1 Evacuation Pause) 30M->26M(132M) 10.233ms
[0.288s][info][gc,cpu      ] GC(0) User=0.01s Sys=0.00s Real=0.01s
[0.300s][info][gc,start    ] GC(1) Pause Young (Normal) (G1 Evacuation Pause)
[0.300s][info][gc,task     ] GC(1) Using 3 workers of 6 for evacuation
[0.304s][info][gc,phases   ] GC(1)   Pre Evacuate Collection Set: 0.2ms
[0.304s][info][gc,phases   ] GC(1)   Merge Heap Roots: 0.1ms
[0.304s][info][gc,phases   ] GC(1)   Evacuate Collection Set: 2.8ms
[0.305s][info][gc,phases   ] GC(1)   Post Evacuate Collection Set: 0.3ms
[0.305s][info][gc,phases   ] GC(1)   Other: 0.2ms
[0.305s][info][gc,heap     ] GC(1) Eden regions: 1->0(5)
[0.305s][info][gc,heap     ] GC(1) Survivor regions: 1->1(1)
[0.305s][info][gc,heap     ] GC(1) Old regions: 3->4
[0.306s][info][gc,heap     ] GC(1) Humongous regions: 3->3
[0.306s][info][gc,metaspace] GC(1) Metaspace: 1851K(2048K)->1851K(2048K) NonClass: 1775K(1856K)->1775K(1856K) Class: 75K(192K)->75K(192K)
[0.306s][info][gc          ] GC(1) Pause Young (Normal) (G1 Evacuation Pause) 29M->27M(132M) 5.883ms
[0.306s][info][gc,cpu      ] GC(1) User=0.00s Sys=0.00s Real=0.01s
[0.771s][info][gc,start    ] GC(2) Pause Young (Normal) (G1 Evacuation Pause)
[0.773s][info][gc,task     ] GC(2) Using 6 workers of 6 for evacuation
[0.780s][info][gc,phases   ] GC(2)   Pre Evacuate Collection Set: 0.3ms
[0.780s][info][gc,phases   ] GC(2)   Merge Heap Roots: 0.2ms
[0.780s][info][gc,phases   ] GC(2)   Evacuate Collection Set: 5.4ms
[0.781s][info][gc,phases   ] GC(2)   Post Evacuate Collection Set: 1.0ms
[0.781s][info][gc,phases   ] GC(2)   Other: 1.3ms
[0.781s][info][gc,heap     ] GC(2) Eden regions: 5->0(8)
[0.781s][info][gc,heap     ] GC(2) Survivor regions: 1->1(1)
[0.781s][info][gc,heap     ] GC(2) Old regions: 4->5
[0.782s][info][gc,heap     ] GC(2) Humongous regions: 3->3
[0.782s][info][gc,metaspace] GC(2) Metaspace: 16136K(16576K)->16136K(16576K) NonClass: 14568K(14784K)->14568K(14784K) Class: 1567K(1792K)->1567K(1792K)
[0.782s][info][gc          ] GC(2) Pause Young (Normal) (G1 Evacuation Pause) 47M->32M(132M) 10.775ms
[0.782s][info][gc,cpu      ] GC(2) User=0.02s Sys=0.02s Real=0.01s
[1.193s][info][gc,start    ] GC(3) Pause Young (Normal) (G1 Evacuation Pause)
[1.194s][info][gc,task     ] GC(3) Using 6 workers of 6 for evacuation
[1.205s][info][gc,phases   ] GC(3)   Pre Evacuate Collection Set: 0.2ms
[1.205s][info][gc,phases   ] GC(3)   Merge Heap Roots: 0.1ms
[1.205s][info][gc,phases   ] GC(3)   Evacuate Collection Set: 10.0ms
[1.205s][info][gc,phases   ] GC(3)   Post Evacuate Collection Set: 0.7ms
[1.205s][info][gc,phases   ] GC(3)   Other: 0.2ms
[1.206s][info][gc,heap     ] GC(3) Eden regions: 8->0(8)
[1.206s][info][gc,heap     ] GC(3) Survivor regions: 1->2(2)
[1.206s][info][gc,heap     ] GC(3) Old regions: 5->8
[1.206s][info][gc,heap     ] GC(3) Humongous regions: 3->3
[1.206s][info][gc,metaspace] GC(3) Metaspace: 20719K(21184K)->20719K(21184K) NonClass: 18697K(18944K)->18697K(18944K) Class: 2022K(2240K)->2022K(2240K)
[1.206s][info][gc          ] GC(3) Pause Young (Normal) (G1 Evacuation Pause) 64M->46M(132M) 12.702ms
[1.206s][info][gc,cpu      ] GC(3) User=0.02s Sys=0.03s Real=0.02s
[1.245s][info][gc,start    ] GC(4) Pause Young (Concurrent Start) (Metadata GC Threshold)
[1.245s][info][gc,task     ] GC(4) Using 6 workers of 6 for evacuation
[1.252s][info][gc,phases   ] GC(4)   Pre Evacuate Collection Set: 0.2ms
[1.252s][info][gc,phases   ] GC(4)   Merge Heap Roots: 0.1ms
[1.252s][info][gc,phases   ] GC(4)   Evacuate Collection Set: 5.0ms
[1.252s][info][gc,phases   ] GC(4)   Post Evacuate Collection Set: 1.0ms
[1.252s][info][gc,phases   ] GC(4)   Other: 0.3ms
[1.253s][info][gc,heap     ] GC(4) Eden regions: 2->0(22)
[1.253s][info][gc,heap     ] GC(4) Survivor regions: 2->1(2)
[1.253s][info][gc,heap     ] GC(4) Old regions: 8->10
[1.253s][info][gc,heap     ] GC(4) Humongous regions: 3->3
[1.253s][info][gc,metaspace] GC(4) Metaspace: 21092K(21504K)->21092K(21504K) NonClass: 19037K(19264K)->19037K(19264K) Class: 2055K(2240K)->2055K(2240K)
[1.253s][info][gc          ] GC(4) Pause Young (Concurrent Start) (Metadata GC Threshold) 50M->48M(220M) 8.379ms
[1.253s][info][gc,cpu      ] GC(4) User=0.03s Sys=0.01s Real=0.00s
[1.253s][info][gc          ] GC(5) Concurrent Mark Cycle
[1.254s][info][gc,marking  ] GC(5) Concurrent Scan Root Regions
[1.256s][info][gc,marking  ] GC(5) Concurrent Scan Root Regions 2.732ms
[1.257s][info][gc,marking  ] GC(5) Concurrent Mark
[1.257s][info][gc,marking  ] GC(5) Concurrent Mark From Roots
[1.257s][info][gc,task     ] GC(5) Using 2 workers of 2 for marking
[1.265s][info][gc,marking  ] GC(5) Concurrent Mark From Roots 8.409ms
[1.266s][info][gc,marking  ] GC(5) Concurrent Preclean
[1.266s][info][gc,marking  ] GC(5) Concurrent Preclean 0.214ms
[1.268s][info][gc,start    ] GC(5) Pause Remark
[1.270s][info][gc          ] GC(5) Pause Remark 48M->48M(188M) 2.339ms
[1.271s][info][gc,cpu      ] GC(5) User=0.00s Sys=0.00s Real=0.00s
[1.271s][info][gc,marking  ] GC(5) Concurrent Mark 14.240ms
[1.271s][info][gc,marking  ] GC(5) Concurrent Rebuild Remembered Sets and Scrub Regions
[1.276s][info][gc,marking  ] GC(5) Concurrent Rebuild Remembered Sets and Scrub Regions 5.237ms
[1.277s][info][gc,start    ] GC(5) Pause Cleanup
[1.277s][info][gc          ] GC(5) Pause Cleanup 48M->48M(188M) 0.304ms
[1.277s][info][gc,cpu      ] GC(5) User=0.00s Sys=0.00s Real=0.00s
[1.277s][info][gc,marking  ] GC(5) Concurrent Clear Claimed Marks
[1.278s][info][gc,marking  ] GC(5) Concurrent Clear Claimed Marks 0.172ms
[1.278s][info][gc,marking  ] GC(5) Concurrent Cleanup for Next Mark
[1.280s][info][gc,marking  ] GC(5) Concurrent Cleanup for Next Mark 2.000ms
[1.280s][info][gc          ] GC(5) Concurrent Mark Cycle 27.034ms
[1.766s][info][gc,start    ] GC(6) Pause Young (Prepare Mixed) (Metadata GC Threshold)
[1.767s][info][gc,task     ] GC(6) Using 6 workers of 6 for evacuation
[1.778s][info][gc,phases   ] GC(6)   Pre Evacuate Collection Set: 0.2ms
[1.778s][info][gc,phases   ] GC(6)   Merge Heap Roots: 0.1ms
[1.778s][info][gc,phases   ] GC(6)   Evacuate Collection Set: 9.2ms
[1.778s][info][gc,phases   ] GC(6)   Post Evacuate Collection Set: 1.1ms
[1.778s][info][gc,phases   ] GC(6)   Other: 0.2ms
[1.778s][info][gc,heap     ] GC(6) Eden regions: 11->0(14)
[1.779s][info][gc,heap     ] GC(6) Survivor regions: 1->3(3)
[1.779s][info][gc,heap     ] GC(6) Old regions: 10->10
[1.780s][info][gc,heap     ] GC(6) Humongous regions: 3->3
[1.780s][info][gc,metaspace] GC(6) Metaspace: 35357K(35968K)->35357K(35968K) NonClass: 31648K(32000K)->31648K(32000K) Class: 3708K(3968K)->3708K(3968K)
[1.781s][info][gc          ] GC(6) Pause Young (Prepare Mixed) (Metadata GC Threshold) 90M->57M(188M) 14.189ms
[1.781s][info][gc,cpu      ] GC(6) User=0.03s Sys=0.03s Real=0.01s
[1.789s][info][gc,start    ] GC(7) Pause Young (Mixed) (Metadata GC Threshold)
[1.789s][info][gc,task     ] GC(7) Using 6 workers of 6 for evacuation
[1.836s][info][gc,phases   ] GC(7)   Pre Evacuate Collection Set: 0.3ms
[1.836s][info][gc,phases   ] GC(7)   Merge Heap Roots: 0.1ms
[1.837s][info][gc,phases   ] GC(7)   Evacuate Collection Set: 45.2ms
[1.837s][info][gc,phases   ] GC(7)   Post Evacuate Collection Set: 0.5ms
[1.837s][info][gc,phases   ] GC(7)   Other: 0.3ms
[1.837s][info][gc,heap     ] GC(7) Eden regions: 1->0(14)
[1.852s][info][gc,heap     ] GC(7) Survivor regions: 3->1(3)
[1.857s][info][gc,heap     ] GC(7) Old regions: 10->12
[1.857s][info][gc,heap     ] GC(7) Humongous regions: 3->3
[1.857s][info][gc,metaspace] GC(7) Metaspace: 35659K(36288K)->35659K(36288K) NonClass: 31921K(32256K)->31921K(32256K) Class: 3738K(4032K)->3738K(4032K)
[1.857s][info][gc          ] GC(7) Pause Young (Mixed) (Metadata GC Threshold) 58M->58M(188M) 68.431ms
[1.857s][info][gc,cpu      ] GC(7) User=0.10s Sys=0.11s Real=0.07s
[1.880s][info][gc,start    ] GC(8) Pause Young (Concurrent Start) (Metadata GC Threshold)
[1.880s][info][gc,task     ] GC(8) Using 6 workers of 6 for evacuation
[1.882s][info][gc,phases   ] GC(8)   Pre Evacuate Collection Set: 0.2ms
[1.883s][info][gc,phases   ] GC(8)   Merge Heap Roots: 0.1ms
[1.883s][info][gc,phases   ] GC(8)   Evacuate Collection Set: 0.9ms
[1.883s][info][gc,phases   ] GC(8)   Post Evacuate Collection Set: 0.4ms
[1.883s][info][gc,phases   ] GC(8)   Other: 0.3ms
[1.883s][info][gc,heap     ] GC(8) Eden regions: 1->0(17)
[1.883s][info][gc,heap     ] GC(8) Survivor regions: 1->1(2)
[1.884s][info][gc,heap     ] GC(8) Old regions: 12->12
[1.884s][info][gc,heap     ] GC(8) Humongous regions: 3->3
[1.884s][info][gc,metaspace] GC(8) Metaspace: 36016K(36608K)->36016K(36608K) NonClass: 32254K(32576K)->32254K(32576K) Class: 3762K(4032K)->3762K(4032K)
[1.884s][info][gc          ] GC(8) Pause Young (Concurrent Start) (Metadata GC Threshold) 59M->57M(188M) 3.838ms
[1.884s][info][gc,cpu      ] GC(8) User=0.02s Sys=0.00s Real=0.01s
[1.884s][info][gc          ] GC(9) Concurrent Mark Cycle
[1.890s][info][gc,marking  ] GC(9) Concurrent Scan Root Regions
[1.892s][info][gc,marking  ] GC(9) Concurrent Scan Root Regions 1.895ms
[1.893s][info][gc,marking  ] GC(9) Concurrent Mark
[1.893s][info][gc,marking  ] GC(9) Concurrent Mark From Roots
[1.893s][info][gc,task     ] GC(9) Using 2 workers of 2 for marking
[1.921s][info][gc,marking  ] GC(9) Concurrent Mark From Roots 27.988ms
[1.922s][info][gc,marking  ] GC(9) Concurrent Preclean
[1.922s][info][gc,marking  ] GC(9) Concurrent Preclean 0.270ms
[1.929s][info][gc,start    ] GC(9) Pause Remark
[1.934s][info][gc          ] GC(9) Pause Remark 59M->59M(188M) 4.757ms
[1.934s][info][gc,cpu      ] GC(9) User=0.00s Sys=0.00s Real=0.01s
[1.935s][info][gc,marking  ] GC(9) Concurrent Mark 41.874ms
[1.938s][info][gc,marking  ] GC(9) Concurrent Rebuild Remembered Sets and Scrub Regions
[1.949s][info][gc,marking  ] GC(9) Concurrent Rebuild Remembered Sets and Scrub Regions 10.923ms
[1.951s][info][gc,start    ] GC(9) Pause Cleanup
[1.952s][info][gc          ] GC(9) Pause Cleanup 60M->60M(188M) 0.388ms
[1.952s][info][gc,cpu      ] GC(9) User=0.01s Sys=0.00s Real=0.00s
[1.952s][info][gc,marking  ] GC(9) Concurrent Clear Claimed Marks
[1.954s][info][gc,marking  ] GC(9) Concurrent Clear Claimed Marks 1.655ms
[1.954s][info][gc,marking  ] GC(9) Concurrent Cleanup for Next Mark
[1.956s][info][gc,marking  ] GC(9) Concurrent Cleanup for Next Mark 1.900ms
[1.957s][info][gc          ] GC(9) Concurrent Mark Cycle 73.179ms
[2.465s][info][gc,start    ] GC(10) Pause Young (Prepare Mixed) (Metadata GC Threshold)
[2.466s][info][gc,task     ] GC(10) Using 6 workers of 6 for evacuation
[2.471s][info][gc,phases   ] GC(10)   Pre Evacuate Collection Set: 0.2ms
[2.471s][info][gc,phases   ] GC(10)   Merge Heap Roots: 0.1ms
[2.471s][info][gc,phases   ] GC(10)   Evacuate Collection Set: 3.6ms
[2.472s][info][gc,phases   ] GC(10)   Post Evacuate Collection Set: 1.2ms
[2.472s][info][gc,phases   ] GC(10)   Other: 0.2ms
[2.472s][info][gc,heap     ] GC(10) Eden regions: 15->0(17)
[2.472s][info][gc,heap     ] GC(10) Survivor regions: 1->2(3)
[2.472s][info][gc,heap     ] GC(10) Old regions: 12->12
[2.472s][info][gc,heap     ] GC(10) Humongous regions: 3->3
[2.472s][info][gc,metaspace] GC(10) Metaspace: 60738K(61888K)->60738K(61888K) NonClass: 53947K(54592K)->53947K(54592K) Class: 6791K(7296K)->6791K(7296K)
[2.473s][info][gc          ] GC(10) Pause Young (Prepare Mixed) (Metadata GC Threshold) 115M->65M(188M) 7.141ms
[2.473s][info][gc,cpu      ] GC(10) User=0.02s Sys=0.00s Real=0.00s
[2.492s][info][gc,start    ] GC(11) Pause Young (Mixed) (Metadata GC Threshold)
[2.492s][info][gc,task     ] GC(11) Using 6 workers of 6 for evacuation
[2.501s][info][gc,phases   ] GC(11)   Pre Evacuate Collection Set: 0.2ms
[2.501s][info][gc,phases   ] GC(11)   Merge Heap Roots: 0.1ms
[2.502s][info][gc,phases   ] GC(11)   Evacuate Collection Set: 7.7ms
[2.502s][info][gc,phases   ] GC(11)   Post Evacuate Collection Set: 0.6ms
[2.502s][info][gc,phases   ] GC(11)   Other: 0.2ms
[2.502s][info][gc,heap     ] GC(11) Eden regions: 1->0(16)
[2.502s][info][gc,heap     ] GC(11) Survivor regions: 2->1(3)
[2.502s][info][gc,heap     ] GC(11) Old regions: 12->14
[2.502s][info][gc,heap     ] GC(11) Humongous regions: 3->3
[2.502s][info][gc,metaspace] GC(11) Metaspace: 61127K(62208K)->61127K(62208K) NonClass: 54290K(54912K)->54290K(54912K) Class: 6837K(7296K)->6837K(7296K)
[2.503s][info][gc          ] GC(11) Pause Young (Mixed) (Metadata GC Threshold) 67M->65M(188M) 10.374ms
[2.503s][info][gc,cpu      ] GC(11) User=0.02s Sys=0.02s Real=0.01s
[2.522s][info][gc,start    ] GC(12) Pause Young (Concurrent Start) (Metadata GC Threshold)
[2.522s][info][gc,task     ] GC(12) Using 6 workers of 6 for evacuation
[2.527s][info][gc,phases   ] GC(12)   Pre Evacuate Collection Set: 0.2ms
[2.527s][info][gc,phases   ] GC(12)   Merge Heap Roots: 0.1ms
[2.527s][info][gc,phases   ] GC(12)   Evacuate Collection Set: 2.9ms
[2.528s][info][gc,phases   ] GC(12)   Post Evacuate Collection Set: 1.5ms
[2.528s][info][gc,phases   ] GC(12)   Other: 0.3ms
[2.528s][info][gc,heap     ] GC(12) Eden regions: 1->0(78)
[2.528s][info][gc,heap     ] GC(12) Survivor regions: 1->1(3)
[2.528s][info][gc,heap     ] GC(12) Old regions: 14->14
[2.528s][info][gc,heap     ] GC(12) Humongous regions: 3->3
[2.528s][info][gc,metaspace] GC(12) Metaspace: 61466K(62528K)->61466K(62528K) NonClass: 54584K(55232K)->54584K(55232K) Class: 6881K(7296K)->6881K(7296K)
[2.529s][info][gc          ] GC(12) Pause Young (Concurrent Start) (Metadata GC Threshold) 65M->64M(564M) 6.872ms
[2.529s][info][gc,cpu      ] GC(12) User=0.02s Sys=0.00s Real=0.01s
[2.529s][info][gc          ] GC(13) Concurrent Mark Cycle
[2.529s][info][gc,marking  ] GC(13) Concurrent Scan Root Regions
[2.532s][info][gc,marking  ] GC(13) Concurrent Scan Root Regions 2.757ms
[2.534s][info][gc,marking  ] GC(13) Concurrent Mark
[2.536s][info][gc,marking  ] GC(13) Concurrent Mark From Roots
[2.538s][info][gc,task     ] GC(13) Using 2 workers of 2 for marking
[2.579s][info][gc,marking  ] GC(13) Concurrent Mark From Roots 43.252ms
[2.580s][info][gc,marking  ] GC(13) Concurrent Preclean
[2.584s][info][gc,marking  ] GC(13) Concurrent Preclean 3.104ms
[2.585s][info][gc,start    ] GC(13) Pause Remark
[2.588s][info][gc          ] GC(13) Pause Remark 69M->69M(240M) 3.079ms
[2.588s][info][gc,cpu      ] GC(13) User=0.01s Sys=0.00s Real=0.00s
[2.589s][info][gc,marking  ] GC(13) Concurrent Mark 55.261ms
[2.593s][info][gc,marking  ] GC(13) Concurrent Rebuild Remembered Sets and Scrub Regions
[2.612s][info][gc,marking  ] GC(13) Concurrent Rebuild Remembered Sets and Scrub Regions 18.762ms
[2.613s][info][gc,start    ] GC(13) Pause Cleanup
[2.614s][info][gc          ] GC(13) Pause Cleanup 70M->70M(240M) 0.363ms
[2.614s][info][gc,cpu      ] GC(13) User=0.00s Sys=0.00s Real=0.00s
[2.614s][info][gc,marking  ] GC(13) Concurrent Clear Claimed Marks
[2.615s][info][gc,marking  ] GC(13) Concurrent Clear Claimed Marks 0.377ms
[2.615s][info][gc,marking  ] GC(13) Concurrent Cleanup for Next Mark
[2.616s][info][gc,marking  ] GC(13) Concurrent Cleanup for Next Mark 1.193ms
[2.616s][info][gc          ] GC(13) Concurrent Mark Cycle 87.733ms
[5.469s][info][gc,start    ] GC(14) Pause Young (Prepare Mixed) (G1 Evacuation Pause)
[5.470s][info][gc,task     ] GC(14) Using 6 workers of 6 for evacuation
[5.484s][info][gc,phases   ] GC(14)   Pre Evacuate Collection Set: 0.3ms
[5.485s][info][gc,phases   ] GC(14)   Merge Heap Roots: 0.1ms
[5.485s][info][gc,phases   ] GC(14)   Evacuate Collection Set: 12.0ms
[5.486s][info][gc,phases   ] GC(14)   Post Evacuate Collection Set: 2.0ms
[5.486s][info][gc,phases   ] GC(14)   Other: 0.4ms
[5.486s][info][gc,heap     ] GC(14) Eden regions: 35->0(23)
[5.487s][info][gc,heap     ] GC(14) Survivor regions: 1->5(5)
[5.487s][info][gc,heap     ] GC(14) Old regions: 14->15
[5.487s][info][gc,heap     ] GC(14) Humongous regions: 3->3
[5.487s][info][gc,metaspace] GC(14) Metaspace: 78743K(80192K)->78743K(80192K) NonClass: 69631K(70464K)->69631K(70464K) Class: 9111K(9728K)->9111K(9728K)
[5.488s][info][gc          ] GC(14) Pause Young (Prepare Mixed) (G1 Evacuation Pause) 204M->84M(240M) 18.603ms
[5.488s][info][gc,cpu      ] GC(14) User=0.02s Sys=0.06s Real=0.02s
[10.555s][info][gc,start    ] GC(15) Pause Young (Mixed) (Metadata GC Threshold)
[10.556s][info][gc,task     ] GC(15) Using 6 workers of 6 for evacuation
[10.574s][info][gc,phases   ] GC(15)   Pre Evacuate Collection Set: 0.2ms
[10.574s][info][gc,phases   ] GC(15)   Merge Heap Roots: 0.1ms
[10.575s][info][gc,phases   ] GC(15)   Evacuate Collection Set: 16.2ms
[10.575s][info][gc,phases   ] GC(15)   Post Evacuate Collection Set: 1.3ms
[10.575s][info][gc,phases   ] GC(15)   Other: 0.2ms
[10.575s][info][gc,heap     ] GC(15) Eden regions: 17->0(23)
[10.575s][info][gc,heap     ] GC(15) Survivor regions: 5->4(4)
[10.576s][info][gc,heap     ] GC(15) Old regions: 15->18
[10.576s][info][gc,heap     ] GC(15) Humongous regions: 3->3
[10.576s][info][gc,metaspace] GC(15) Metaspace: 104544K(106240K)->104544K(106240K) NonClass: 92190K(93184K)->92190K(93184K) Class: 12353K(13056K)->12353K(13056K)
[10.576s][info][gc          ] GC(15) Pause Young (Mixed) (Metadata GC Threshold) 152M->94M(240M) 20.832ms
[10.576s][info][gc,cpu      ] GC(15) User=0.08s Sys=0.00s Real=0.02s
[10.584s][info][gc,start    ] GC(16) Pause Young (Concurrent Start) (Metadata GC Threshold)
[10.585s][info][gc,task     ] GC(16) Using 6 workers of 6 for evacuation
[10.590s][info][gc,phases   ] GC(16)   Pre Evacuate Collection Set: 0.2ms
[10.590s][info][gc,phases   ] GC(16)   Merge Heap Roots: 0.1ms
[10.590s][info][gc,phases   ] GC(16)   Evacuate Collection Set: 3.8ms
[10.590s][info][gc,phases   ] GC(16)   Post Evacuate Collection Set: 0.6ms
[10.591s][info][gc,phases   ] GC(16)   Other: 0.3ms
[10.591s][info][gc,heap     ] GC(16) Eden regions: 1->0(24)
[10.591s][info][gc,heap     ] GC(16) Survivor regions: 4->1(4)
[10.591s][info][gc,heap     ] GC(16) Old regions: 18->21
[10.591s][info][gc,heap     ] GC(16) Humongous regions: 3->3
[10.591s][info][gc,metaspace] GC(16) Metaspace: 104822K(106560K)->104822K(106560K) NonClass: 92434K(93440K)->92434K(93440K) Class: 12388K(13120K)->12388K(13120K)
[10.591s][info][gc          ] GC(16) Pause Young (Concurrent Start) (Metadata GC Threshold) 95M->95M(240M) 7.056ms
[10.592s][info][gc          ] GC(17) Concurrent Mark Cycle
[10.592s][info][gc,marking  ] GC(17) Concurrent Scan Root Regions
[10.592s][info][gc,cpu      ] GC(16) User=0.02s Sys=0.00s Real=0.00s
[10.600s][info][gc,marking  ] GC(17) Concurrent Scan Root Regions 7.742ms
[10.600s][info][gc,marking  ] GC(17) Concurrent Mark
[10.600s][info][gc,marking  ] GC(17) Concurrent Mark From Roots
[10.600s][info][gc,task     ] GC(17) Using 2 workers of 2 for marking
[10.687s][info][gc,marking  ] GC(17) Concurrent Mark From Roots 87.008ms
[10.687s][info][gc,marking  ] GC(17) Concurrent Preclean
[10.687s][info][gc,marking  ] GC(17) Concurrent Preclean 0.391ms
[10.691s][info][gc,start    ] GC(17) Pause Remark
[10.699s][info][gc          ] GC(17) Pause Remark 102M->102M(240M) 8.730ms
[10.700s][info][gc,cpu      ] GC(17) User=0.04s Sys=0.00s Real=0.01s
[10.700s][info][gc,marking  ] GC(17) Concurrent Mark 100.607ms
[10.701s][info][gc,marking  ] GC(17) Concurrent Rebuild Remembered Sets and Scrub Regions
[10.729s][info][gc,marking  ] GC(17) Concurrent Rebuild Remembered Sets and Scrub Regions 28.846ms
[10.731s][info][gc,start    ] GC(17) Pause Cleanup
[10.731s][info][gc          ] GC(17) Pause Cleanup 103M->103M(240M) 0.372ms
[10.731s][info][gc,cpu      ] GC(17) User=0.01s Sys=0.00s Real=0.00s
[10.732s][info][gc,marking  ] GC(17) Concurrent Clear Claimed Marks
[10.732s][info][gc,marking  ] GC(17) Concurrent Clear Claimed Marks 0.384ms
[10.732s][info][gc,marking  ] GC(17) Concurrent Cleanup for Next Mark
[10.733s][info][gc,marking  ] GC(17) Concurrent Cleanup for Next Mark 0.485ms
[10.733s][info][gc          ] GC(17) Concurrent Mark Cycle 141.286ms
[11.147s][info][gc,start    ] GC(18) Pause Young (Prepare Mixed) (G1 Evacuation Pause)
[11.148s][info][gc,task     ] GC(18) Using 6 workers of 6 for evacuation
[11.159s][info][gc,phases   ] GC(18)   Pre Evacuate Collection Set: 0.2ms
[11.160s][info][gc,phases   ] GC(18)   Merge Heap Roots: 0.1ms
[11.160s][info][gc,phases   ] GC(18)   Evacuate Collection Set: 9.7ms
[11.160s][info][gc,phases   ] GC(18)   Post Evacuate Collection Set: 1.6ms
[11.160s][info][gc,phases   ] GC(18)   Other: 0.2ms
[11.160s][info][gc,heap     ] GC(18) Eden regions: 13->0(21)
[11.160s][info][gc,heap     ] GC(18) Survivor regions: 1->3(4)
[11.160s][info][gc,heap     ] GC(18) Old regions: 21->21
[11.161s][info][gc,heap     ] GC(18) Humongous regions: 25->9
[11.161s][info][gc,metaspace] GC(18) Metaspace: 126274K(128448K)->126274K(128448K) NonClass: 110961K(112256K)->110961K(112256K) Class: 15312K(16192K)->15312K(16192K)
[11.161s][info][gc          ] GC(18) Pause Young (Prepare Mixed) (G1 Evacuation Pause) 235M->129M(252M) 13.581ms
[11.161s][info][gc,cpu      ] GC(18) User=0.04s Sys=0.02s Real=0.01s
[11.316s][info][gc,start    ] GC(19) Pause Young (Mixed) (G1 Evacuation Pause)
[11.316s][info][gc,task     ] GC(19) Using 6 workers of 6 for evacuation
[11.336s][info][gc,phases   ] GC(19)   Pre Evacuate Collection Set: 0.2ms
[11.336s][info][gc,phases   ] GC(19)   Merge Heap Roots: 0.4ms
[11.337s][info][gc,phases   ] GC(19)   Evacuate Collection Set: 17.8ms
[11.337s][info][gc,phases   ] GC(19)   Post Evacuate Collection Set: 1.5ms
[11.337s][info][gc,phases   ] GC(19)   Other: 0.2ms
[11.337s][info][gc,heap     ] GC(19) Eden regions: 21->0(17)
[11.337s][info][gc,heap     ] GC(19) Survivor regions: 3->3(3)
[11.337s][info][gc,heap     ] GC(19) Old regions: 21->25
[11.338s][info][gc,heap     ] GC(19) Humongous regions: 9->9
[11.338s][info][gc,metaspace] GC(19) Metaspace: 129077K(131264K)->129077K(131264K) NonClass: 113432K(114752K)->113432K(114752K) Class: 15645K(16512K)->15645K(16512K)
[11.338s][info][gc          ] GC(19) Pause Young (Mixed) (G1 Evacuation Pause) 213M->147M(252M) 22.037ms
[11.338s][info][gc,cpu      ] GC(19) User=0.09s Sys=0.01s Real=0.02s
[11.385s][info][gc,start    ] GC(20) Pause Young (Concurrent Start) (G1 Humongous Allocation)
[11.385s][info][gc,task     ] GC(20) Using 6 workers of 6 for evacuation
[11.393s][info][gc,phases   ] GC(20)   Pre Evacuate Collection Set: 0.3ms
[11.394s][info][gc,phases   ] GC(20)   Merge Heap Roots: 0.1ms
[11.394s][info][gc,phases   ] GC(20)   Evacuate Collection Set: 6.9ms
[11.394s][info][gc,phases   ] GC(20)   Post Evacuate Collection Set: 0.6ms
[11.394s][info][gc,phases   ] GC(20)   Other: 0.3ms
[11.394s][info][gc,heap     ] GC(20) Eden regions: 8->0(15)
[11.394s][info][gc,heap     ] GC(20) Survivor regions: 3->2(3)
[11.395s][info][gc,heap     ] GC(20) Old regions: 25->28
[11.395s][info][gc,heap     ] GC(20) Humongous regions: 9->9
[11.395s][info][gc,metaspace] GC(20) Metaspace: 129982K(132096K)->129982K(132096K) NonClass: 114200K(115456K)->114200K(115456K) Class: 15782K(16640K)->15782K(16640K)
[11.395s][info][gc          ] GC(20) Pause Young (Concurrent Start) (G1 Humongous Allocation) 178M->156M(252M) 9.901ms
[11.395s][info][gc          ] GC(21) Concurrent Mark Cycle
[11.395s][info][gc,marking  ] GC(21) Concurrent Scan Root Regions
[11.395s][info][gc,cpu      ] GC(20) User=0.03s Sys=0.00s Real=0.01s
[11.404s][info][gc,marking  ] GC(21) Concurrent Scan Root Regions 8.480ms
[11.404s][info][gc,marking  ] GC(21) Concurrent Mark
[11.404s][info][gc,marking  ] GC(21) Concurrent Mark From Roots
[11.404s][info][gc,task     ] GC(21) Using 2 workers of 2 for marking
[11.481s][info][gc,marking  ] GC(21) Concurrent Mark From Roots 76.960ms
[11.481s][info][gc,marking  ] GC(21) Concurrent Preclean
[11.483s][info][gc,marking  ] GC(21) Concurrent Preclean 1.672ms
[11.484s][info][gc,start    ] GC(21) Pause Remark
[11.495s][info][gc          ] GC(21) Pause Remark 197M->197M(268M) 10.539ms
[11.495s][info][gc,cpu      ] GC(21) User=0.03s Sys=0.01s Real=0.02s
[11.497s][info][gc,marking  ] GC(21) Concurrent Mark 93.423ms
[11.498s][info][gc,marking  ] GC(21) Concurrent Rebuild Remembered Sets and Scrub Regions
[11.539s][info][gc,marking  ] GC(21) Concurrent Rebuild Remembered Sets and Scrub Regions 41.240ms
[11.540s][info][gc,start    ] GC(21) Pause Cleanup
[11.540s][info][gc          ] GC(21) Pause Cleanup 199M->199M(268M) 0.362ms
[11.540s][info][gc,cpu      ] GC(21) User=0.00s Sys=0.00s Real=0.00s
[11.541s][info][gc,marking  ] GC(21) Concurrent Clear Claimed Marks
[11.541s][info][gc,marking  ] GC(21) Concurrent Clear Claimed Marks 0.267ms
[11.541s][info][gc,marking  ] GC(21) Concurrent Cleanup for Next Mark
[11.542s][info][gc,marking  ] GC(21) Concurrent Cleanup for Next Mark 0.654ms
[11.542s][info][gc          ] GC(21) Concurrent Mark Cycle 146.913ms
[11.614s][info][gc,start    ] GC(22) Pause Young (Prepare Mixed) (G1 Evacuation Pause)
[11.614s][info][gc,task     ] GC(22) Using 6 workers of 6 for evacuation
[11.624s][info][gc,phases   ] GC(22)   Pre Evacuate Collection Set: 0.2ms
[11.625s][info][gc,phases   ] GC(22)   Merge Heap Roots: 0.1ms
[11.625s][info][gc,phases   ] GC(22)   Evacuate Collection Set: 8.9ms
[11.625s][info][gc,phases   ] GC(22)   Post Evacuate Collection Set: 1.1ms
[11.625s][info][gc,phases   ] GC(22)   Other: 0.2ms
[11.625s][info][gc,heap     ] GC(22) Eden regions: 15->0(13)
[11.625s][info][gc,heap     ] GC(22) Survivor regions: 2->3(3)
[11.625s][info][gc,heap     ] GC(22) Old regions: 28->32
[11.625s][info][gc,heap     ] GC(22) Humongous regions: 11->11
[11.626s][info][gc,metaspace] GC(22) Metaspace: 132562K(134720K)->132562K(134720K) NonClass: 116477K(117760K)->116477K(117760K) Class: 16084K(16960K)->16084K(16960K)
[11.626s][info][gc          ] GC(22) Pause Young (Prepare Mixed) (G1 Evacuation Pause) 224M->181M(268M) 12.205ms
[11.626s][info][gc,cpu      ] GC(22) User=0.03s Sys=0.02s Real=0.02s
[11.833s][info][gc,start    ] GC(23) Pause Young (Mixed) (G1 Evacuation Pause)
[11.833s][info][gc,task     ] GC(23) Using 6 workers of 6 for evacuation
[11.842s][info][gc,phases   ] GC(23)   Pre Evacuate Collection Set: 0.2ms
[11.842s][info][gc,phases   ] GC(23)   Merge Heap Roots: 0.6ms
[11.842s][info][gc,phases   ] GC(23)   Evacuate Collection Set: 7.2ms
[11.842s][info][gc,phases   ] GC(23)   Post Evacuate Collection Set: 0.9ms
[11.843s][info][gc,phases   ] GC(23)   Other: 0.2ms
[11.843s][info][gc,heap     ] GC(23) Eden regions: 13->0(13)
[11.843s][info][gc,heap     ] GC(23) Survivor regions: 3->2(2)
[11.843s][info][gc,heap     ] GC(23) Old regions: 32->34
[11.843s][info][gc,heap     ] GC(23) Humongous regions: 11->11
[11.843s][info][gc,metaspace] GC(23) Metaspace: 135629K(137792K)->135629K(137792K) NonClass: 119116K(120448K)->119116K(120448K) Class: 16513K(17344K)->16513K(17344K)
[11.843s][info][gc          ] GC(23) Pause Young (Mixed) (G1 Evacuation Pause) 233M->184M(268M) 10.733ms
[11.844s][info][gc,cpu      ] GC(23) User=0.04s Sys=0.00s Real=0.01s
[11.954s][info][gc,start    ] GC(24) Pause Young (Concurrent Start) (G1 Humongous Allocation)
[11.955s][info][gc,task     ] GC(24) Using 6 workers of 6 for evacuation
[11.960s][info][gc,phases   ] GC(24)   Pre Evacuate Collection Set: 0.2ms
[11.960s][info][gc,phases   ] GC(24)   Merge Heap Roots: 0.1ms
[11.960s][info][gc,phases   ] GC(24)   Evacuate Collection Set: 3.0ms
[11.960s][info][gc,phases   ] GC(24)   Post Evacuate Collection Set: 1.3ms
[11.960s][info][gc,phases   ] GC(24)   Other: 0.3ms
[11.961s][info][gc,heap     ] GC(24) Eden regions: 9->0(55)
[11.961s][info][gc,heap     ] GC(24) Survivor regions: 2->2(2)
[11.961s][info][gc,heap     ] GC(24) Old regions: 34->34
[11.961s][info][gc,heap     ] GC(24) Humongous regions: 11->11
[11.961s][info][gc,metaspace] GC(24) Metaspace: 137368K(139584K)->137368K(139584K) NonClass: 120595K(121920K)->120595K(121920K) Class: 16773K(17664K)->16773K(17664K)
[11.961s][info][gc          ] GC(24) Pause Young (Concurrent Start) (G1 Humongous Allocation) 219M->185M(500M) 6.733ms
[11.961s][info][gc          ] GC(25) Concurrent Mark Cycle
[11.962s][info][gc,marking  ] GC(25) Concurrent Scan Root Regions
[11.961s][info][gc,cpu      ] GC(24) User=0.02s Sys=0.01s Real=0.00s
[11.966s][info][gc,marking  ] GC(25) Concurrent Scan Root Regions 4.773ms
[11.967s][info][gc,marking  ] GC(25) Concurrent Mark
[11.967s][info][gc,marking  ] GC(25) Concurrent Mark From Roots
[11.967s][info][gc,task     ] GC(25) Using 2 workers of 2 for marking
[12.053s][info][gc,marking  ] GC(25) Concurrent Mark From Roots 85.880ms
[12.053s][info][gc,marking  ] GC(25) Concurrent Preclean
[12.053s][info][gc,marking  ] GC(25) Concurrent Preclean 0.360ms
[12.054s][info][gc,start    ] GC(25) Pause Remark
[12.058s][info][gc          ] GC(25) Pause Remark 222M->222M(500M) 4.465ms
[12.058s][info][gc,cpu      ] GC(25) User=0.02s Sys=0.01s Real=0.01s
[12.059s][info][gc,marking  ] GC(25) Concurrent Mark 92.242ms
[12.059s][info][gc,marking  ] GC(25) Concurrent Rebuild Remembered Sets and Scrub Regions
[12.101s][info][gc,marking  ] GC(25) Concurrent Rebuild Remembered Sets and Scrub Regions 41.706ms
[12.102s][info][gc,start    ] GC(25) Pause Cleanup
[12.102s][info][gc          ] GC(25) Pause Cleanup 239M->239M(500M) 0.353ms
[12.103s][info][gc,cpu      ] GC(25) User=0.00s Sys=0.00s Real=0.00s
[12.103s][info][gc,marking  ] GC(25) Concurrent Clear Claimed Marks
[12.103s][info][gc,marking  ] GC(25) Concurrent Clear Claimed Marks 0.320ms
[12.103s][info][gc,marking  ] GC(25) Concurrent Cleanup for Next Mark
[12.106s][info][gc,marking  ] GC(25) Concurrent Cleanup for Next Mark 2.344ms
[12.106s][info][gc          ] GC(25) Concurrent Mark Cycle 144.625ms
[17.579s][info][gc,start    ] GC(26) Pause Young (Prepare Mixed) (G1 Evacuation Pause)
[17.579s][info][gc,task     ] GC(26) Using 6 workers of 6 for evacuation
[17.598s][info][gc,phases   ] GC(26)   Pre Evacuate Collection Set: 0.3ms
[17.598s][info][gc,phases   ] GC(26)   Merge Heap Roots: 0.2ms
[17.598s][info][gc,phases   ] GC(26)   Evacuate Collection Set: 16.8ms
[17.598s][info][gc,phases   ] GC(26)   Post Evacuate Collection Set: 1.7ms
[17.599s][info][gc,phases   ] GC(26)   Other: 0.3ms
[17.599s][info][gc,heap     ] GC(26) Eden regions: 55->0(53)
[17.599s][info][gc,heap     ] GC(26) Survivor regions: 2->6(8)
[17.599s][info][gc,heap     ] GC(26) Old regions: 34->34
[17.599s][info][gc,heap     ] GC(26) Humongous regions: 23->14
[17.599s][info][gc,metaspace] GC(26) Metaspace: 152394K(154688K)->152394K(154688K) NonClass: 133748K(135104K)->133748K(135104K) Class: 18646K(19584K)->18646K(19584K)
[17.600s][info][gc          ] GC(26) Pause Young (Prepare Mixed) (G1 Evacuation Pause) 453M->212M(500M) 21.054ms
[17.600s][info][gc,cpu      ] GC(26) User=0.07s Sys=0.03s Real=0.02s
[25.211s][info][gc,start    ] GC(27) Pause Young (Mixed) (G1 Evacuation Pause)
[25.211s][info][gc,task     ] GC(27) Using 6 workers of 6 for evacuation
[25.241s][info][gc,phases   ] GC(27)   Pre Evacuate Collection Set: 0.2ms
[25.241s][info][gc,phases   ] GC(27)   Merge Heap Roots: 0.1ms
[25.241s][info][gc,phases   ] GC(27)   Evacuate Collection Set: 27.3ms
[25.241s][info][gc,phases   ] GC(27)   Post Evacuate Collection Set: 1.8ms
[25.241s][info][gc,phases   ] GC(27)   Other: 0.2ms
[25.242s][info][gc,heap     ] GC(27) Eden regions: 41->0(62)
[25.242s][info][gc,heap     ] GC(27) Survivor regions: 6->8(8)
[25.242s][info][gc,heap     ] GC(27) Old regions: 34->35
[25.242s][info][gc,heap     ] GC(27) Humongous regions: 44->14
[25.242s][info][gc,metaspace] GC(27) Metaspace: 172519K(175168K)->172519K(175168K) NonClass: 150960K(152512K)->150960K(152512K) Class: 21558K(22656K)->21558K(22656K)
[25.242s][info][gc          ] GC(27) Pause Young (Mixed) (G1 Evacuation Pause) 496M->226M(540M) 31.527ms
[25.242s][info][gc,cpu      ] GC(27) User=0.10s Sys=0.01s Real=0.03s
[26.975s][info][gc,start    ] GC(28) Pause Young (Concurrent Start) (G1 Evacuation Pause)
[26.975s][info][gc,task     ] GC(28) Using 6 workers of 6 for evacuation
[26.995s][info][gc,phases   ] GC(28)   Pre Evacuate Collection Set: 0.3ms
[26.995s][info][gc,phases   ] GC(28)   Merge Heap Roots: 0.1ms
[26.995s][info][gc,phases   ] GC(28)   Evacuate Collection Set: 17.3ms
[26.996s][info][gc,phases   ] GC(28)   Post Evacuate Collection Set: 1.8ms
[26.996s][info][gc,phases   ] GC(28)   Other: 0.4ms
[26.996s][info][gc,heap     ] GC(28) Eden regions: 62->0(58)
[26.996s][info][gc,heap     ] GC(28) Survivor regions: 8->8(9)
[26.996s][info][gc,heap     ] GC(28) Old regions: 35->39
[26.996s][info][gc,heap     ] GC(28) Humongous regions: 14->14
[26.996s][info][gc,metaspace] GC(28) Metaspace: 185035K(187776K)->185035K(187776K) NonClass: 161783K(163392K)->161783K(163392K) Class: 23252K(24384K)->23252K(24384K)
[26.997s][info][gc          ] GC(28) Pause Young (Concurrent Start) (G1 Evacuation Pause) 474M->238M(540M) 21.708ms
[26.997s][info][gc          ] GC(29) Concurrent Mark Cycle
[26.997s][info][gc,marking  ] GC(29) Concurrent Scan Root Regions
[26.997s][info][gc,cpu      ] GC(28) User=0.08s Sys=0.00s Real=0.02s
[27.027s][info][gc,marking  ] GC(29) Concurrent Scan Root Regions 29.618ms
[27.027s][info][gc,marking  ] GC(29) Concurrent Mark
[27.027s][info][gc,marking  ] GC(29) Concurrent Mark From Roots
[27.027s][info][gc,task     ] GC(29) Using 2 workers of 2 for marking
[27.119s][info][gc,marking  ] GC(29) Concurrent Mark From Roots 91.503ms
[27.119s][info][gc,marking  ] GC(29) Concurrent Preclean
[27.119s][info][gc,marking  ] GC(29) Concurrent Preclean 0.398ms
[27.120s][info][gc,start    ] GC(29) Pause Remark
[27.139s][info][gc          ] GC(29) Pause Remark 263M->219M(540M) 18.933ms
[27.139s][info][gc,cpu      ] GC(29) User=0.09s Sys=0.00s Real=0.02s
[27.141s][info][gc,marking  ] GC(29) Concurrent Mark 113.981ms
[27.141s][info][gc,marking  ] GC(29) Concurrent Rebuild Remembered Sets and Scrub Regions
[27.204s][info][gc,marking  ] GC(29) Concurrent Rebuild Remembered Sets and Scrub Regions 62.646ms
[27.208s][info][gc,start    ] GC(29) Pause Cleanup
[27.209s][info][gc          ] GC(29) Pause Cleanup 232M->232M(540M) 0.367ms
[27.209s][info][gc,cpu      ] GC(29) User=0.00s Sys=0.00s Real=0.00s
[27.209s][info][gc,marking  ] GC(29) Concurrent Clear Claimed Marks
[27.210s][info][gc,marking  ] GC(29) Concurrent Clear Claimed Marks 0.870ms
[27.210s][info][gc,marking  ] GC(29) Concurrent Cleanup for Next Mark
[27.214s][info][gc,marking  ] GC(29) Concurrent Cleanup for Next Mark 4.084ms
[27.215s][info][gc          ] GC(29) Concurrent Mark Cycle 218.144ms
[28.059s][info][gc,start    ] GC(30) Pause Young (Prepare Mixed) (G1 Evacuation Pause)
[28.059s][info][gc,task     ] GC(30) Using 6 workers of 6 for evacuation
[28.087s][info][gc,phases   ] GC(30)   Pre Evacuate Collection Set: 0.3ms
[28.087s][info][gc,phases   ] GC(30)   Merge Heap Roots: 0.2ms
[28.087s][info][gc,phases   ] GC(30)   Evacuate Collection Set: 24.2ms
[28.088s][info][gc,phases   ] GC(30)   Post Evacuate Collection Set: 2.5ms
[28.088s][info][gc,phases   ] GC(30)   Other: 0.3ms
[28.088s][info][gc,heap     ] GC(30) Eden regions: 58->0(58)
[28.088s][info][gc,heap     ] GC(30) Survivor regions: 8->9(9)
[28.088s][info][gc,heap     ] GC(30) Old regions: 37->42
[28.089s][info][gc,heap     ] GC(30) Humongous regions: 9->9
[28.089s][info][gc,metaspace] GC(30) Metaspace: 186618K(189312K)->186618K(189312K) NonClass: 163167K(164736K)->163167K(164736K) Class: 23451K(24576K)->23451K(24576K)
[28.089s][info][gc          ] GC(30) Pause Young (Prepare Mixed) (G1 Evacuation Pause) 442M->238M(540M) 29.956ms
[28.089s][info][gc,cpu      ] GC(30) User=0.14s Sys=0.01s Real=0.03s
[29.505s][info][gc,start    ] GC(31) Pause Young (Mixed) (G1 Evacuation Pause)
[29.505s][info][gc,task     ] GC(31) Using 6 workers of 6 for evacuation
[29.557s][info][gc,phases   ] GC(31)   Pre Evacuate Collection Set: 0.3ms
[29.557s][info][gc,phases   ] GC(31)   Merge Heap Roots: 0.2ms
[29.558s][info][gc,phases   ] GC(31)   Evacuate Collection Set: 50.1ms
[29.558s][info][gc,phases   ] GC(31)   Post Evacuate Collection Set: 1.1ms
[29.558s][info][gc,phases   ] GC(31)   Other: 0.2ms
[29.558s][info][gc,heap     ] GC(31) Eden regions: 58->0(58)
[29.558s][info][gc,heap     ] GC(31) Survivor regions: 9->9(9)
[29.558s][info][gc,heap     ] GC(31) Old regions: 42->47
[29.558s][info][gc,heap     ] GC(31) Humongous regions: 15->5
[29.559s][info][gc,metaspace] GC(31) Metaspace: 187423K(190080K)->187423K(190080K) NonClass: 163913K(165440K)->163913K(165440K) Class: 23509K(24640K)->23509K(24640K)
[29.559s][info][gc          ] GC(31) Pause Young (Mixed) (G1 Evacuation Pause) 494M->244M(560M) 53.766ms
[29.559s][info][gc,cpu      ] GC(31) User=0.17s Sys=0.04s Real=0.05s
[30.172s][info][gc,start    ] GC(32) Pause Young (Concurrent Start) (G1 Evacuation Pause)
[30.172s][info][gc,task     ] GC(32) Using 6 workers of 6 for evacuation
[30.191s][info][gc,phases   ] GC(32)   Pre Evacuate Collection Set: 0.3ms
[30.191s][info][gc,phases   ] GC(32)   Merge Heap Roots: 0.2ms
[30.191s][info][gc,phases   ] GC(32)   Evacuate Collection Set: 16.9ms
[30.191s][info][gc,phases   ] GC(32)   Post Evacuate Collection Set: 0.8ms
[30.192s][info][gc,phases   ] GC(32)   Other: 0.3ms
[30.192s][info][gc,heap     ] GC(32) Eden regions: 58->0(56)
[30.192s][info][gc,heap     ] GC(32) Survivor regions: 9->5(9)
[30.192s][info][gc,heap     ] GC(32) Old regions: 47->55
[30.192s][info][gc,heap     ] GC(32) Humongous regions: 5->5
[30.192s][info][gc,metaspace] GC(32) Metaspace: 187756K(190464K)->187756K(190464K) NonClass: 164245K(165824K)->164245K(165824K) Class: 23511K(24640K)->23511K(24640K)
[30.192s][info][gc          ] GC(32) Pause Young (Concurrent Start) (G1 Evacuation Pause) 476M->258M(560M) 20.118ms
[30.192s][info][gc,cpu      ] GC(32) User=0.09s Sys=0.00s Real=0.02s
[30.192s][info][gc          ] GC(33) Concurrent Mark Cycle
[30.193s][info][gc,marking  ] GC(33) Concurrent Scan Root Regions
[30.242s][info][gc,marking  ] GC(33) Concurrent Scan Root Regions 48.703ms
[30.242s][info][gc,marking  ] GC(33) Concurrent Mark
[30.242s][info][gc,marking  ] GC(33) Concurrent Mark From Roots
[30.242s][info][gc,task     ] GC(33) Using 2 workers of 2 for marking
[30.386s][info][gc,marking  ] GC(33) Concurrent Mark From Roots 143.379ms
[30.386s][info][gc,marking  ] GC(33) Concurrent Preclean
[30.386s][info][gc,marking  ] GC(33) Concurrent Preclean 0.536ms
[30.387s][info][gc,start    ] GC(33) Pause Remark
[30.412s][info][gc          ] GC(33) Pause Remark 337M->337M(560M) 25.216ms
[30.412s][info][gc,cpu      ] GC(33) User=0.10s Sys=0.00s Real=0.02s
[30.424s][info][gc,marking  ] GC(33) Concurrent Mark 182.512ms
[30.426s][info][gc,marking  ] GC(33) Concurrent Rebuild Remembered Sets and Scrub Regions
[30.533s][info][gc,marking  ] GC(33) Concurrent Rebuild Remembered Sets and Scrub Regions 107.335ms
[30.537s][info][gc,start    ] GC(33) Pause Cleanup
[30.537s][info][gc          ] GC(33) Pause Cleanup 387M->387M(560M) 0.491ms
[30.537s][info][gc,cpu      ] GC(33) User=0.00s Sys=0.00s Real=0.00s
[30.538s][info][gc,marking  ] GC(33) Concurrent Clear Claimed Marks
[30.539s][info][gc,marking  ] GC(33) Concurrent Clear Claimed Marks 0.861ms
[30.539s][info][gc,marking  ] GC(33) Concurrent Cleanup for Next Mark
[30.540s][info][gc,marking  ] GC(33) Concurrent Cleanup for Next Mark 1.404ms
[30.540s][info][gc          ] GC(33) Concurrent Mark Cycle 347.988ms
[30.748s][info][gc,start    ] GC(34) Pause Young (Prepare Mixed) (G1 Evacuation Pause)
[30.749s][info][gc,task     ] GC(34) Using 6 workers of 6 for evacuation
[30.759s][info][gc,phases   ] GC(34)   Pre Evacuate Collection Set: 0.3ms
[30.759s][info][gc,phases   ] GC(34)   Merge Heap Roots: 0.3ms
[30.760s][info][gc,phases   ] GC(34)   Evacuate Collection Set: 9.1ms
[30.760s][info][gc,phases   ] GC(34)   Post Evacuate Collection Set: 0.7ms
[30.760s][info][gc,phases   ] GC(34)   Other: 0.2ms
[30.760s][info][gc,heap     ] GC(34) Eden regions: 56->0(59)
[30.760s][info][gc,heap     ] GC(34) Survivor regions: 5->2(8)
[30.760s][info][gc,heap     ] GC(34) Old regions: 55->58
[30.760s][info][gc,heap     ] GC(34) Humongous regions: 5->5
[30.761s][info][gc,metaspace] GC(34) Metaspace: 187883K(190592K)->187883K(190592K) NonClass: 164394K(165952K)->164394K(165952K) Class: 23488K(24640K)->23488K(24640K)
[30.761s][info][gc          ] GC(34) Pause Young (Prepare Mixed) (G1 Evacuation Pause) 482M->256M(560M) 12.445ms
[30.761s][info][gc,cpu      ] GC(34) User=0.05s Sys=0.00s Real=0.01s
[31.229s][info][gc,start    ] GC(35) Pause Young (Mixed) (G1 Evacuation Pause)
[31.229s][info][gc,task     ] GC(35) Using 6 workers of 6 for evacuation
[31.238s][info][gc,phases   ] GC(35)   Pre Evacuate Collection Set: 0.2ms
[31.238s][info][gc,phases   ] GC(35)   Merge Heap Roots: 0.1ms
[31.239s][info][gc,phases   ] GC(35)   Evacuate Collection Set: 7.5ms
[31.239s][info][gc,phases   ] GC(35)   Post Evacuate Collection Set: 0.7ms
[31.239s][info][gc,phases   ] GC(35)   Other: 0.2ms
[31.239s][info][gc,heap     ] GC(35) Eden regions: 59->0(61)
[31.239s][info][gc,heap     ] GC(35) Survivor regions: 2->4(8)
[31.239s][info][gc,heap     ] GC(35) Old regions: 58->55
[31.239s][info][gc,heap     ] GC(35) Humongous regions: 5->5
[31.239s][info][gc,metaspace] GC(35) Metaspace: 188065K(190784K)->188065K(190784K) NonClass: 164575K(166144K)->164575K(166144K) Class: 23489K(24640K)->23489K(24640K)
[31.240s][info][gc          ] GC(35) Pause Young (Mixed) (G1 Evacuation Pause) 492M->252M(560M) 10.445ms
[31.240s][info][gc,cpu      ] GC(35) User=0.05s Sys=0.00s Real=0.01s
[31.716s][info][gc,start    ] GC(36) Pause Young (Concurrent Start) (G1 Evacuation Pause)
[31.717s][info][gc,task     ] GC(36) Using 6 workers of 6 for evacuation
[31.724s][info][gc,phases   ] GC(36)   Pre Evacuate Collection Set: 0.2ms
[31.724s][info][gc,phases   ] GC(36)   Merge Heap Roots: 0.2ms
[31.724s][info][gc,phases   ] GC(36)   Evacuate Collection Set: 5.3ms
[31.724s][info][gc,phases   ] GC(36)   Post Evacuate Collection Set: 1.3ms
[31.724s][info][gc,phases   ] GC(36)   Other: 0.3ms
[31.725s][info][gc,heap     ] GC(36) Eden regions: 61->0(88)
[31.725s][info][gc,heap     ] GC(36) Survivor regions: 4->4(9)
[31.725s][info][gc,heap     ] GC(36) Old regions: 55->55
[31.725s][info][gc,heap     ] GC(36) Humongous regions: 5->5
[31.725s][info][gc,metaspace] GC(36) Metaspace: 188954K(191616K)->188954K(191616K) NonClass: 165374K(166912K)->165374K(166912K) Class: 23580K(24704K)->23580K(24704K)
[31.725s][info][gc          ] GC(36) Pause Young (Concurrent Start) (G1 Evacuation Pause) 496M->251M(688M) 8.955ms
[31.725s][info][gc          ] GC(37) Concurrent Mark Cycle
[31.725s][info][gc,cpu      ] GC(36) User=0.03s Sys=0.01s Real=0.01s
[31.726s][info][gc,marking  ] GC(37) Concurrent Scan Root Regions
[31.730s][info][gc,marking  ] GC(37) Concurrent Scan Root Regions 3.864ms
[31.730s][info][gc,marking  ] GC(37) Concurrent Mark
[31.730s][info][gc,marking  ] GC(37) Concurrent Mark From Roots
[31.730s][info][gc,task     ] GC(37) Using 2 workers of 2 for marking
[31.842s][info][gc,marking  ] GC(37) Concurrent Mark From Roots 111.478ms
[31.842s][info][gc,marking  ] GC(37) Concurrent Preclean
[31.842s][info][gc,marking  ] GC(37) Concurrent Preclean 0.439ms
[31.845s][info][gc,start    ] GC(37) Pause Remark
[31.853s][info][gc          ] GC(37) Pause Remark 266M->258M(688M) 8.729ms
[31.854s][info][gc,cpu      ] GC(37) User=0.03s Sys=0.00s Real=0.00s
[31.854s][info][gc,marking  ] GC(37) Concurrent Mark 124.157ms
[31.854s][info][gc,marking  ] GC(37) Concurrent Rebuild Remembered Sets and Scrub Regions
[31.916s][info][gc,marking  ] GC(37) Concurrent Rebuild Remembered Sets and Scrub Regions 62.520ms
[31.917s][info][gc,start    ] GC(37) Pause Cleanup
[31.917s][info][gc          ] GC(37) Pause Cleanup 267M->267M(688M) 0.310ms
[31.917s][info][gc,cpu      ] GC(37) User=0.00s Sys=0.00s Real=0.00s
[31.918s][info][gc,marking  ] GC(37) Concurrent Clear Claimed Marks
[31.918s][info][gc,marking  ] GC(37) Concurrent Clear Claimed Marks 0.315ms
[31.918s][info][gc,marking  ] GC(37) Concurrent Cleanup for Next Mark
[31.923s][info][gc,marking  ] GC(37) Concurrent Cleanup for Next Mark 4.579ms
[31.923s][info][gc          ] GC(37) Concurrent Mark Cycle 197.385ms
[33.125s][info][gc,start    ] GC(38) Pause Young (Prepare Mixed) (G1 Evacuation Pause)
[33.125s][info][gc,task     ] GC(38) Using 6 workers of 6 for evacuation
[33.140s][info][gc,phases   ] GC(38)   Pre Evacuate Collection Set: 0.2ms
[33.140s][info][gc,phases   ] GC(38)   Merge Heap Roots: 0.2ms
[33.140s][info][gc,phases   ] GC(38)   Evacuate Collection Set: 10.8ms
[33.140s][info][gc,phases   ] GC(38)   Post Evacuate Collection Set: 3.1ms
[33.140s][info][gc,phases   ] GC(38)   Other: 0.3ms
[33.141s][info][gc,heap     ] GC(38) Eden regions: 88->0(89)
[33.141s][info][gc,heap     ] GC(38) Survivor regions: 4->6(12)
[33.141s][info][gc,heap     ] GC(38) Old regions: 53->53
[33.141s][info][gc,heap     ] GC(38) Humongous regions: 5->5
[33.141s][info][gc,metaspace] GC(38) Metaspace: 202100K(204736K)->202100K(204736K) NonClass: 175880K(177408K)->175880K(177408K) Class: 26220K(27328K)->26220K(27328K)
[33.141s][info][gc          ] GC(38) Pause Young (Prepare Mixed) (G1 Evacuation Pause) 595M->252M(688M) 16.440ms
[33.141s][info][gc,cpu      ] GC(38) User=0.05s Sys=0.01s Real=0.01s
[34.276s][info][gc,start    ] GC(39) Pause Young (Mixed) (G1 Evacuation Pause)
[34.276s][info][gc,task     ] GC(39) Using 6 workers of 6 for evacuation
[34.288s][info][gc,phases   ] GC(39)   Pre Evacuate Collection Set: 0.2ms
[34.288s][info][gc,phases   ] GC(39)   Merge Heap Roots: 0.1ms
[34.288s][info][gc,phases   ] GC(39)   Evacuate Collection Set: 9.8ms
[34.288s][info][gc,phases   ] GC(39)   Post Evacuate Collection Set: 1.0ms
[34.288s][info][gc,phases   ] GC(39)   Other: 0.2ms
[34.288s][info][gc,heap     ] GC(39) Eden regions: 89->0(97)
[34.289s][info][gc,heap     ] GC(39) Survivor regions: 6->6(12)
[34.289s][info][gc,heap     ] GC(39) Old regions: 53->48
[34.289s][info][gc,heap     ] GC(39) Humongous regions: 5->5
[34.289s][info][gc,metaspace] GC(39) Metaspace: 202124K(204800K)->202124K(204800K) NonClass: 175903K(177472K)->175903K(177472K) Class: 26220K(27328K)->26220K(27328K)
[34.289s][info][gc          ] GC(39) Pause Young (Mixed) (G1 Evacuation Pause) 608M->231M(688M) 13.199ms
[34.289s][info][gc,cpu      ] GC(39) User=0.05s Sys=0.00s Real=0.01s
[34.571s][info][gc,start    ] GC(40) Pause Young (Concurrent Start) (G1 Humongous Allocation)
[34.572s][info][gc,task     ] GC(40) Using 6 workers of 6 for evacuation
[34.580s][info][gc,phases   ] GC(40)   Pre Evacuate Collection Set: 0.2ms
[34.580s][info][gc,phases   ] GC(40)   Merge Heap Roots: 0.1ms
[34.580s][info][gc,phases   ] GC(40)   Evacuate Collection Set: 6.3ms
[34.580s][info][gc,phases   ] GC(40)   Post Evacuate Collection Set: 0.9ms
[34.580s][info][gc,phases   ] GC(40)   Other: 0.3ms
[34.580s][info][gc,heap     ] GC(40) Eden regions: 40->0(95)
[34.580s][info][gc,heap     ] GC(40) Survivor regions: 6->7(13)
[34.581s][info][gc,heap     ] GC(40) Old regions: 48->48
[34.581s][info][gc,heap     ] GC(40) Humongous regions: 5->5
[34.581s][info][gc,metaspace] GC(40) Metaspace: 202170K(204800K)->202170K(204800K) NonClass: 175944K(177472K)->175944K(177472K) Class: 26225K(27328K)->26225K(27328K)
[34.581s][info][gc          ] GC(40) Pause Young (Concurrent Start) (G1 Humongous Allocation) 388M->234M(688M) 9.694ms
[34.581s][info][gc          ] GC(41) Concurrent Mark Cycle
[34.581s][info][gc,marking  ] GC(41) Concurrent Scan Root Regions
[34.581s][info][gc,cpu      ] GC(40) User=0.04s Sys=0.00s Real=0.01s
[34.586s][info][gc,marking  ] GC(41) Concurrent Scan Root Regions 5.037ms
[34.589s][info][gc,marking  ] GC(41) Concurrent Mark
[34.590s][info][gc,marking  ] GC(41) Concurrent Mark From Roots
[34.590s][info][gc,task     ] GC(41) Using 2 workers of 2 for marking
[34.707s][info][gc,marking  ] GC(41) Concurrent Mark From Roots 117.609ms
[34.707s][info][gc,marking  ] GC(41) Concurrent Preclean
[34.708s][info][gc,marking  ] GC(41) Concurrent Preclean 0.487ms
[34.708s][info][gc,start    ] GC(41) Pause Remark
[34.718s][info][gc          ] GC(41) Pause Remark 257M->257M(688M) 9.382ms
[34.718s][info][gc,cpu      ] GC(41) User=0.04s Sys=0.00s Real=0.01s
[34.718s][info][gc,marking  ] GC(41) Concurrent Mark 128.866ms
[34.718s][info][gc,marking  ] GC(41) Concurrent Rebuild Remembered Sets and Scrub Regions
[34.774s][info][gc,marking  ] GC(41) Concurrent Rebuild Remembered Sets and Scrub Regions 55.691ms
[34.775s][info][gc,start    ] GC(41) Pause Cleanup
[34.775s][info][gc          ] GC(41) Pause Cleanup 260M->260M(688M) 0.352ms
[34.775s][info][gc,cpu      ] GC(41) User=0.00s Sys=0.00s Real=0.00s
[34.775s][info][gc,marking  ] GC(41) Concurrent Clear Claimed Marks
[34.776s][info][gc,marking  ] GC(41) Concurrent Clear Claimed Marks 0.331ms
[34.776s][info][gc,marking  ] GC(41) Concurrent Cleanup for Next Mark
[34.776s][info][gc,marking  ] GC(41) Concurrent Cleanup for Next Mark 0.572ms
[34.777s][info][gc          ] GC(41) Concurrent Mark Cycle 195.443ms
[35.612s][info][gc,start    ] GC(42) Pause Young (Prepare Mixed) (G1 Evacuation Pause)
[35.612s][info][gc,task     ] GC(42) Using 6 workers of 6 for evacuation
[35.649s][info][gc,phases   ] GC(42)   Pre Evacuate Collection Set: 0.3ms
[35.649s][info][gc,phases   ] GC(42)   Merge Heap Roots: 0.3ms
[35.649s][info][gc,phases   ] GC(42)   Evacuate Collection Set: 34.3ms
[35.649s][info][gc,phases   ] GC(42)   Post Evacuate Collection Set: 1.1ms
[35.649s][info][gc,phases   ] GC(42)   Other: 0.3ms
[35.650s][info][gc,heap     ] GC(42) Eden regions: 95->0(85)
[35.650s][info][gc,heap     ] GC(42) Survivor regions: 7->13(13)
[35.650s][info][gc,heap     ] GC(42) Old regions: 48->48
[35.650s][info][gc,heap     ] GC(42) Humongous regions: 11->5
[35.650s][info][gc,metaspace] GC(42) Metaspace: 202574K(205248K)->202574K(205248K) NonClass: 176309K(177856K)->176309K(177856K) Class: 26264K(27392K)->26264K(27392K)
[35.650s][info][gc          ] GC(42) Pause Young (Prepare Mixed) (G1 Evacuation Pause) 638M->260M(696M) 38.258ms
[35.650s][info][gc,cpu      ] GC(42) User=0.16s Sys=0.01s Real=0.04s
[36.175s][info][gc,start    ] GC(43) Pause Young (Mixed) (G1 Evacuation Pause)
[36.175s][info][gc,task     ] GC(43) Using 6 workers of 6 for evacuation
[36.186s][info][gc,phases   ] GC(43)   Pre Evacuate Collection Set: 0.2ms
[36.186s][info][gc,phases   ] GC(43)   Merge Heap Roots: 0.6ms
[36.186s][info][gc,phases   ] GC(43)   Evacuate Collection Set: 8.5ms
[36.186s][info][gc,phases   ] GC(43)   Post Evacuate Collection Set: 0.8ms
[36.186s][info][gc,phases   ] GC(43)   Other: 0.2ms
[36.187s][info][gc,heap     ] GC(43) Eden regions: 85->0(99)
[36.187s][info][gc,heap     ] GC(43) Survivor regions: 13->2(13)
[36.187s][info][gc,heap     ] GC(43) Old regions: 48->51
[36.187s][info][gc,heap     ] GC(43) Humongous regions: 5->5
[36.187s][info][gc,metaspace] GC(43) Metaspace: 202595K(205248K)->202595K(205248K) NonClass: 176330K(177856K)->176330K(177856K) Class: 26264K(27392K)->26264K(27392K)
[36.187s][info][gc          ] GC(43) Pause Young (Mixed) (G1 Evacuation Pause) 600M->229M(696M) 12.117ms
[36.187s][info][gc,cpu      ] GC(43) User=0.05s Sys=0.00s Real=0.01s
[37.018s][info][gc,start    ] GC(44) Pause Young (Concurrent Start) (G1 Evacuation Pause)
[37.018s][info][gc,task     ] GC(44) Using 6 workers of 6 for evacuation
[37.024s][info][gc,phases   ] GC(44)   Pre Evacuate Collection Set: 0.6ms
[37.024s][info][gc,phases   ] GC(44)   Merge Heap Roots: 0.4ms
[37.025s][info][gc,phases   ] GC(44)   Evacuate Collection Set: 3.6ms
[37.025s][info][gc,phases   ] GC(44)   Post Evacuate Collection Set: 0.8ms
[37.025s][info][gc,phases   ] GC(44)   Other: 0.6ms
[37.025s][info][gc,heap     ] GC(44) Eden regions: 99->0(102)
[37.025s][info][gc,heap     ] GC(44) Survivor regions: 2->2(13)
[37.025s][info][gc,heap     ] GC(44) Old regions: 51->51
[37.025s][info][gc,heap     ] GC(44) Humongous regions: 5->5
[37.026s][info][gc,metaspace] GC(44) Metaspace: 202608K(205248K)->202608K(205248K) NonClass: 176343K(177856K)->176343K(177856K) Class: 26264K(27392K)->26264K(27392K)
[37.026s][info][gc          ] GC(44) Pause Young (Concurrent Start) (G1 Evacuation Pause) 625M->228M(696M) 7.798ms
[37.026s][info][gc,cpu      ] GC(44) User=0.01s Sys=0.01s Real=0.01s
[37.026s][info][gc          ] GC(45) Concurrent Mark Cycle
[37.026s][info][gc,marking  ] GC(45) Concurrent Scan Root Regions
[37.029s][info][gc,marking  ] GC(45) Concurrent Scan Root Regions 3.199ms
[37.030s][info][gc,marking  ] GC(45) Concurrent Mark
[37.030s][info][gc,marking  ] GC(45) Concurrent Mark From Roots
[37.030s][info][gc,task     ] GC(45) Using 2 workers of 2 for marking
[37.401s][info][gc,marking  ] GC(45) Concurrent Mark From Roots 370.790ms
[37.401s][info][gc,marking  ] GC(45) Concurrent Preclean
[37.402s][info][gc,marking  ] GC(45) Concurrent Preclean 0.614ms
[37.402s][info][gc,start    ] GC(45) Pause Remark
[37.416s][info][gc          ] GC(45) Pause Remark 290M->290M(696M) 14.195ms
[37.416s][info][gc,cpu      ] GC(45) User=0.05s Sys=0.00s Real=0.02s
[37.418s][info][gc,marking  ] GC(45) Concurrent Mark 388.059ms
[37.418s][info][gc,marking  ] GC(45) Concurrent Rebuild Remembered Sets and Scrub Regions
[37.568s][info][gc,marking  ] GC(45) Concurrent Rebuild Remembered Sets and Scrub Regions 149.409ms
[37.569s][info][gc,start    ] GC(45) Pause Cleanup
[37.569s][info][gc          ] GC(45) Pause Cleanup 345M->345M(696M) 0.345ms
[37.570s][info][gc,cpu      ] GC(45) User=0.00s Sys=0.00s Real=0.00s
[37.570s][info][gc,marking  ] GC(45) Concurrent Clear Claimed Marks
[37.570s][info][gc,marking  ] GC(45) Concurrent Clear Claimed Marks 0.328ms
[37.571s][info][gc,marking  ] GC(45) Concurrent Cleanup for Next Mark
[37.574s][info][gc,marking  ] GC(45) Concurrent Cleanup for Next Mark 3.087ms
[37.574s][info][gc          ] GC(45) Concurrent Mark Cycle 548.031ms
[38.170s][info][gc,start    ] GC(46) Pause Young (Prepare Mixed) (G1 Evacuation Pause)
[38.170s][info][gc,task     ] GC(46) Using 6 workers of 6 for evacuation
[38.174s][info][gc,phases   ] GC(46)   Pre Evacuate Collection Set: 0.2ms
[38.175s][info][gc,phases   ] GC(46)   Merge Heap Roots: 0.1ms
[38.175s][info][gc,phases   ] GC(46)   Evacuate Collection Set: 1.9ms
[38.175s][info][gc,phases   ] GC(46)   Post Evacuate Collection Set: 1.2ms
[38.175s][info][gc,phases   ] GC(46)   Other: 0.3ms
[38.175s][info][gc,heap     ] GC(46) Eden regions: 102->0(102)
[38.175s][info][gc,heap     ] GC(46) Survivor regions: 2->2(13)
[38.175s][info][gc,heap     ] GC(46) Old regions: 51->51
[38.175s][info][gc,heap     ] GC(46) Humongous regions: 5->5
[38.176s][info][gc,metaspace] GC(46) Metaspace: 202936K(205632K)->202936K(205632K) NonClass: 176666K(178240K)->176666K(178240K) Class: 26269K(27392K)->26269K(27392K)
[38.176s][info][gc          ] GC(46) Pause Young (Prepare Mixed) (G1 Evacuation Pause) 636M->228M(696M) 5.632ms
[38.176s][info][gc,cpu      ] GC(46) User=0.00s Sys=0.01s Real=0.01s
[40.699s][info][gc,start    ] GC(47) Pause Young (Mixed) (G1 Evacuation Pause)
[40.699s][info][gc,task     ] GC(47) Using 6 workers of 6 for evacuation
[40.723s][info][gc,phases   ] GC(47)   Pre Evacuate Collection Set: 0.3ms
[40.723s][info][gc,phases   ] GC(47)   Merge Heap Roots: 0.2ms
[40.723s][info][gc,phases   ] GC(47)   Evacuate Collection Set: 19.8ms
[40.723s][info][gc,phases   ] GC(47)   Post Evacuate Collection Set: 2.7ms
[40.723s][info][gc,phases   ] GC(47)   Other: 0.3ms
[40.723s][info][gc,heap     ] GC(47) Eden regions: 102->0(97)
[40.724s][info][gc,heap     ] GC(47) Survivor regions: 2->6(13)
[40.724s][info][gc,heap     ] GC(47) Old regions: 51->50
[40.724s][info][gc,heap     ] GC(47) Humongous regions: 5->5
[40.724s][info][gc,metaspace] GC(47) Metaspace: 224827K(227712K)->224827K(227712K) NonClass: 195273K(196928K)->195273K(196928K) Class: 29554K(30784K)->29554K(30784K)
[40.724s][info][gc          ] GC(47) Pause Young (Mixed) (G1 Evacuation Pause) 636M->239M(696M) 25.052ms
[40.724s][info][gc,cpu      ] GC(47) User=0.09s Sys=0.01s Real=0.03s
[48.632s][info][gc,start    ] GC(48) Pause Young (Concurrent Start) (G1 Evacuation Pause)
[48.633s][info][gc,task     ] GC(48) Using 6 workers of 6 for evacuation
[48.718s][info][gc,phases   ] GC(48)   Pre Evacuate Collection Set: 0.3ms
[48.718s][info][gc,phases   ] GC(48)   Merge Heap Roots: 0.2ms
[48.718s][info][gc,phases   ] GC(48)   Evacuate Collection Set: 80.9ms
[48.718s][info][gc,phases   ] GC(48)   Post Evacuate Collection Set: 3.0ms
[48.718s][info][gc,phases   ] GC(48)   Other: 0.7ms
[48.718s][info][gc,heap     ] GC(48) Eden regions: 97->0(74)
[48.719s][info][gc,heap     ] GC(48) Survivor regions: 6->13(13)
[48.719s][info][gc,heap     ] GC(48) Old regions: 50->68
[48.719s][info][gc,heap     ] GC(48) Humongous regions: 5->5
[48.719s][info][gc,metaspace] GC(48) Metaspace: 255841K(259008K)->255841K(259008K) NonClass: 221285K(223104K)->221285K(223104K) Class: 34555K(35904K)->34555K(35904K)
[48.719s][info][gc          ] GC(48) Pause Young (Concurrent Start) (G1 Evacuation Pause) 627M->343M(756M) 86.826ms
[48.719s][info][gc,cpu      ] GC(48) User=0.28s Sys=0.08s Real=0.09s
[48.719s][info][gc          ] GC(49) Concurrent Mark Cycle
[48.730s][info][gc,marking  ] GC(49) Concurrent Scan Root Regions
[48.786s][info][gc,marking  ] GC(49) Concurrent Scan Root Regions 56.674ms
[48.787s][info][gc,marking  ] GC(49) Concurrent Mark
[48.787s][info][gc,marking  ] GC(49) Concurrent Mark From Roots
[48.787s][info][gc,task     ] GC(49) Using 2 workers of 2 for marking
[48.955s][info][gc,marking  ] GC(49) Concurrent Mark From Roots 167.610ms
[48.955s][info][gc,marking  ] GC(49) Concurrent Preclean
[48.956s][info][gc,marking  ] GC(49) Concurrent Preclean 0.612ms
[48.966s][info][gc,start    ] GC(49) Pause Remark
[48.981s][info][gc          ] GC(49) Pause Remark 370M->370M(756M) 14.598ms
[48.981s][info][gc,cpu      ] GC(49) User=0.08s Sys=0.00s Real=0.01s
[48.981s][info][gc,marking  ] GC(49) Concurrent Mark 194.539ms
[48.982s][info][gc,marking  ] GC(49) Concurrent Rebuild Remembered Sets and Scrub Regions
[49.137s][info][gc,marking  ] GC(49) Concurrent Rebuild Remembered Sets and Scrub Regions 155.459ms
[49.138s][info][gc,start    ] GC(49) Pause Cleanup
[49.138s][info][gc          ] GC(49) Pause Cleanup 390M->390M(756M) 0.560ms
[49.138s][info][gc,cpu      ] GC(49) User=0.00s Sys=0.00s Real=0.00s
[49.139s][info][gc,marking  ] GC(49) Concurrent Clear Claimed Marks
[49.139s][info][gc,marking  ] GC(49) Concurrent Clear Claimed Marks 0.448ms
[49.139s][info][gc,marking  ] GC(49) Concurrent Cleanup for Next Mark
[49.142s][info][gc,marking  ] GC(49) Concurrent Cleanup for Next Mark 2.818ms
[49.144s][info][gc          ] GC(49) Concurrent Mark Cycle 424.122ms
[50.413s][info][gc,start    ] GC(50) Pause Young (Prepare Mixed) (G1 Evacuation Pause)
[50.414s][info][gc,task     ] GC(50) Using 6 workers of 6 for evacuation
[50.456s][info][gc,phases   ] GC(50)   Pre Evacuate Collection Set: 0.2ms
[50.456s][info][gc,phases   ] GC(50)   Merge Heap Roots: 0.3ms
[50.457s][info][gc,phases   ] GC(50)   Evacuate Collection Set: 39.0ms
[50.457s][info][gc,phases   ] GC(50)   Post Evacuate Collection Set: 2.9ms
[50.457s][info][gc,phases   ] GC(50)   Other: 0.2ms
[50.457s][info][gc,heap     ] GC(50) Eden regions: 74->0(60)
[50.457s][info][gc,heap     ] GC(50) Survivor regions: 13->11(11)
[50.457s][info][gc,heap     ] GC(50) Old regions: 68->85
[50.458s][info][gc,heap     ] GC(50) Humongous regions: 9->7
[50.458s][info][gc,metaspace] GC(50) Metaspace: 272813K(276032K)->272813K(276032K) NonClass: 235847K(237760K)->235847K(237760K) Class: 36965K(38272K)->36965K(38272K)
[50.458s][info][gc          ] GC(50) Pause Young (Prepare Mixed) (G1 Evacuation Pause) 655M->410M(768M) 44.589ms
[50.458s][info][gc,cpu      ] GC(50) User=0.16s Sys=0.01s Real=0.05s
[51.434s][info][gc,start    ] GC(51) Pause Young (Mixed) (G1 Evacuation Pause)
[51.435s][info][gc,task     ] GC(51) Using 6 workers of 6 for evacuation
[51.482s][info][gc,phases   ] GC(51)   Pre Evacuate Collection Set: 0.3ms
[51.483s][info][gc,phases   ] GC(51)   Merge Heap Roots: 0.2ms
[51.483s][info][gc,phases   ] GC(51)   Evacuate Collection Set: 42.4ms
[51.483s][info][gc,phases   ] GC(51)   Post Evacuate Collection Set: 3.8ms
[51.483s][info][gc,phases   ] GC(51)   Other: 0.2ms
[51.483s][info][gc,heap     ] GC(51) Eden regions: 60->0(53)
[51.483s][info][gc,heap     ] GC(51) Survivor regions: 11->9(9)
[51.483s][info][gc,heap     ] GC(51) Old regions: 85->96
[51.483s][info][gc,heap     ] GC(51) Humongous regions: 7->7
[51.483s][info][gc,metaspace] GC(51) Metaspace: 275272K(278464K)->275272K(278464K) NonClass: 238059K(239936K)->238059K(239936K) Class: 37213K(38528K)->37213K(38528K)
[51.484s][info][gc          ] GC(51) Pause Young (Mixed) (G1 Evacuation Pause) 650M->447M(768M) 49.251ms
[51.484s][info][gc,cpu      ] GC(51) User=0.17s Sys=0.00s Real=0.05s
[52.890s][info][gc,start    ] GC(52) Pause Young (Concurrent Start) (G1 Evacuation Pause)
[52.891s][info][gc,task     ] GC(52) Using 6 workers of 6 for evacuation
[52.917s][info][gc,phases   ] GC(52)   Pre Evacuate Collection Set: 0.3ms
[52.917s][info][gc,phases   ] GC(52)   Merge Heap Roots: 0.3ms
[52.917s][info][gc,phases   ] GC(52)   Evacuate Collection Set: 23.9ms
[52.917s][info][gc,phases   ] GC(52)   Post Evacuate Collection Set: 1.2ms
[52.918s][info][gc,phases   ] GC(52)   Other: 0.4ms
[52.918s][info][gc,heap     ] GC(52) Eden regions: 53->0(53)
[52.918s][info][gc,heap     ] GC(52) Survivor regions: 9->4(8)
[52.918s][info][gc,heap     ] GC(52) Old regions: 96->106
[52.918s][info][gc,heap     ] GC(52) Humongous regions: 7->7
[52.918s][info][gc,metaspace] GC(52) Metaspace: 278063K(281216K)->278063K(281216K) NonClass: 240615K(242432K)->240615K(242432K) Class: 37447K(38784K)->37447K(38784K)
[52.919s][info][gc          ] GC(52) Pause Young (Concurrent Start) (G1 Evacuation Pause) 659M->465M(768M) 28.695ms
[52.919s][info][gc          ] GC(53) Concurrent Mark Cycle
[52.919s][info][gc,marking  ] GC(53) Concurrent Scan Root Regions
[52.919s][info][gc,cpu      ] GC(52) User=0.13s Sys=0.01s Real=0.03s
[52.964s][info][gc,marking  ] GC(53) Concurrent Scan Root Regions 45.050ms
[52.965s][info][gc,marking  ] GC(53) Concurrent Mark
[52.965s][info][gc,marking  ] GC(53) Concurrent Mark From Roots
[52.965s][info][gc,task     ] GC(53) Using 2 workers of 2 for marking
[53.273s][info][gc,marking  ] GC(53) Concurrent Mark From Roots 307.996ms
[53.273s][info][gc,marking  ] GC(53) Concurrent Preclean
[53.274s][info][gc,marking  ] GC(53) Concurrent Preclean 1.053ms
[53.275s][info][gc,start    ] GC(53) Pause Remark
[53.316s][info][gc          ] GC(53) Pause Remark 528M->516M(768M) 41.449ms
[53.316s][info][gc,cpu      ] GC(53) User=0.18s Sys=0.01s Real=0.04s
[53.321s][info][gc,marking  ] GC(53) Concurrent Mark 356.436ms
[53.327s][info][gc,marking  ] GC(53) Concurrent Rebuild Remembered Sets and Scrub Regions
[53.588s][info][gc,marking  ] GC(53) Concurrent Rebuild Remembered Sets and Scrub Regions 260.626ms
[53.589s][info][gc,start    ] GC(53) Pause Cleanup
[53.589s][info][gc          ] GC(53) Pause Cleanup 566M->566M(768M) 0.326ms
[53.589s][info][gc,cpu      ] GC(53) User=0.00s Sys=0.00s Real=0.00s
[53.590s][info][gc,marking  ] GC(53) Concurrent Clear Claimed Marks
[53.590s][info][gc,marking  ] GC(53) Concurrent Clear Claimed Marks 0.465ms
[53.590s][info][gc,marking  ] GC(53) Concurrent Cleanup for Next Mark
[53.592s][info][gc,marking  ] GC(53) Concurrent Cleanup for Next Mark 1.582ms
[53.592s][info][gc          ] GC(53) Concurrent Mark Cycle 673.550ms
[53.991s][info][gc,start    ] GC(54) Pause Young (Prepare Mixed) (G1 Evacuation Pause)
[53.992s][info][gc,task     ] GC(54) Using 6 workers of 6 for evacuation
[54.010s][info][gc,phases   ] GC(54)   Pre Evacuate Collection Set: 0.2ms
[54.010s][info][gc,phases   ] GC(54)   Merge Heap Roots: 0.2ms
[54.010s][info][gc,phases   ] GC(54)   Evacuate Collection Set: 11.7ms
[54.010s][info][gc,phases   ] GC(54)   Post Evacuate Collection Set: 5.6ms
[54.010s][info][gc,phases   ] GC(54)   Other: 0.3ms
[54.010s][info][gc,heap     ] GC(54) Eden regions: 53->0(55)
[54.010s][info][gc,heap     ] GC(54) Survivor regions: 4->6(8)
[54.011s][info][gc,heap     ] GC(54) Old regions: 104->104
[54.011s][info][gc,heap     ] GC(54) Humongous regions: 6->6
[54.011s][info][gc,metaspace] GC(54) Metaspace: 281182K(284480K)->281182K(284480K) NonClass: 243467K(245376K)->243467K(245376K) Class: 37715K(39104K)->37715K(39104K)
[54.011s][info][gc          ] GC(54) Pause Young (Prepare Mixed) (G1 Evacuation Pause) 665M->460M(768M) 19.793ms
[54.011s][info][gc,cpu      ] GC(54) User=0.07s Sys=0.00s Real=0.02s
[54.671s][info][gc,start    ] GC(55) Pause Young (Mixed) (G1 Evacuation Pause)
[54.671s][info][gc,task     ] GC(55) Using 6 workers of 6 for evacuation
[54.702s][info][gc,phases   ] GC(55)   Pre Evacuate Collection Set: 0.2ms
[54.702s][info][gc,phases   ] GC(55)   Merge Heap Roots: 0.3ms
[54.704s][info][gc,phases   ] GC(55)   Evacuate Collection Set: 27.9ms
[54.704s][info][gc,phases   ] GC(55)   Post Evacuate Collection Set: 2.3ms
[54.705s][info][gc,phases   ] GC(55)   Other: 0.2ms
[54.705s][info][gc,heap     ] GC(55) Eden regions: 55->0(104)
[54.705s][info][gc,heap     ] GC(55) Survivor regions: 6->5(8)
[54.706s][info][gc,heap     ] GC(55) Old regions: 104->95
[54.706s][info][gc,heap     ] GC(55) Humongous regions: 6->6
[54.706s][info][gc,metaspace] GC(55) Metaspace: 281695K(284928K)->281695K(284928K) NonClass: 243945K(245824K)->243945K(245824K) Class: 37749K(39104K)->37749K(39104K)
[54.706s][info][gc          ] GC(55) Pause Young (Mixed) (G1 Evacuation Pause) 680M->420M(960M) 35.100ms
[54.706s][info][gc,cpu      ] GC(55) User=0.15s Sys=0.01s Real=0.04s
[55.226s][info][gc,start    ] GC(56) Pause Young (Concurrent Start) (G1 Humongous Allocation)
[55.226s][info][gc,task     ] GC(56) Using 6 workers of 6 for evacuation
[55.249s][info][gc,phases   ] GC(56)   Pre Evacuate Collection Set: 0.2ms
[55.249s][info][gc,phases   ] GC(56)   Merge Heap Roots: 0.1ms
[55.249s][info][gc,phases   ] GC(56)   Evacuate Collection Set: 21.1ms
[55.249s][info][gc,phases   ] GC(56)   Post Evacuate Collection Set: 1.1ms
[55.250s][info][gc,phases   ] GC(56)   Other: 0.3ms
[55.250s][info][gc,heap     ] GC(56) Eden regions: 42->0(104)
[55.250s][info][gc,heap     ] GC(56) Survivor regions: 5->8(14)
[55.250s][info][gc,heap     ] GC(56) Old regions: 95->95
[55.250s][info][gc,heap     ] GC(56) Humongous regions: 6->6
[55.250s][info][gc,metaspace] GC(56) Metaspace: 281754K(284992K)->281754K(284992K) NonClass: 244002K(245888K)->244002K(245888K) Class: 37752K(39104K)->37752K(39104K)
[55.250s][info][gc          ] GC(56) Pause Young (Concurrent Start) (G1 Humongous Allocation) 587M->433M(960M) 24.438ms
[55.251s][info][gc          ] GC(57) Concurrent Mark Cycle
[55.251s][info][gc,marking  ] GC(57) Concurrent Scan Root Regions
[55.251s][info][gc,cpu      ] GC(56) User=0.06s Sys=0.04s Real=0.02s
[55.273s][info][gc,marking  ] GC(57) Concurrent Scan Root Regions 22.169ms
[55.273s][info][gc,marking  ] GC(57) Concurrent Mark
[55.273s][info][gc,marking  ] GC(57) Concurrent Mark From Roots
[55.274s][info][gc,task     ] GC(57) Using 2 workers of 2 for marking
[55.776s][info][gc,marking  ] GC(57) Concurrent Mark From Roots 502.096ms
[55.776s][info][gc,marking  ] GC(57) Concurrent Preclean
[55.777s][info][gc,marking  ] GC(57) Concurrent Preclean 1.447ms
[55.778s][info][gc,start    ] GC(57) Pause Remark
[55.797s][info][gc          ] GC(57) Pause Remark 526M->526M(960M) 18.998ms
[55.798s][info][gc,cpu      ] GC(57) User=0.08s Sys=0.00s Real=0.02s
[55.799s][info][gc,marking  ] GC(57) Concurrent Mark 525.377ms
[55.800s][info][gc,marking  ] GC(57) Concurrent Rebuild Remembered Sets and Scrub Regions
[56.172s][info][gc,marking  ] GC(57) Concurrent Rebuild Remembered Sets and Scrub Regions 371.734ms
[56.186s][info][gc,start    ] GC(57) Pause Cleanup
[56.187s][info][gc          ] GC(57) Pause Cleanup 596M->596M(960M) 0.397ms
[56.187s][info][gc,cpu      ] GC(57) User=0.00s Sys=0.00s Real=0.00s
[56.187s][info][gc,marking  ] GC(57) Concurrent Clear Claimed Marks
[56.190s][info][gc,marking  ] GC(57) Concurrent Clear Claimed Marks 3.243ms
[56.194s][info][gc,marking  ] GC(57) Concurrent Cleanup for Next Mark
[56.198s][info][gc,marking  ] GC(57) Concurrent Cleanup for Next Mark 4.211ms
[56.236s][info][gc          ] GC(57) Concurrent Mark Cycle 985.784ms
[57.126s][info][gc,start    ] GC(58) Pause Young (Prepare Mixed) (G1 Evacuation Pause)
[57.126s][info][gc,task     ] GC(58) Using 6 workers of 6 for evacuation
[57.148s][info][gc,phases   ] GC(58)   Pre Evacuate Collection Set: 0.2ms
[57.148s][info][gc,phases   ] GC(58)   Merge Heap Roots: 0.2ms
[57.148s][info][gc,phases   ] GC(58)   Evacuate Collection Set: 19.3ms
[57.148s][info][gc,phases   ] GC(58)   Post Evacuate Collection Set: 1.4ms
[57.148s][info][gc,phases   ] GC(58)   Other: 0.2ms
[57.148s][info][gc,heap     ] GC(58) Eden regions: 104->0(103)
[57.149s][info][gc,heap     ] GC(58) Survivor regions: 8->11(14)
[57.149s][info][gc,heap     ] GC(58) Old regions: 95->95
[57.149s][info][gc,heap     ] GC(58) Humongous regions: 7->7
[57.149s][info][gc,metaspace] GC(58) Metaspace: 283068K(286400K)->283068K(286400K) NonClass: 245273K(247232K)->245273K(247232K) Class: 37795K(39168K)->37795K(39168K)
[57.149s][info][gc          ] GC(58) Pause Young (Prepare Mixed) (G1 Evacuation Pause) 853M->447M(960M) 23.107ms
[57.149s][info][gc,cpu      ] GC(58) User=0.11s Sys=0.00s Real=0.02s
[58.355s][info][gc,start    ] GC(59) Pause Young (Mixed) (G1 Evacuation Pause)
[58.355s][info][gc,task     ] GC(59) Using 6 workers of 6 for evacuation
[58.379s][info][gc,phases   ] GC(59)   Pre Evacuate Collection Set: 0.2ms
[58.380s][info][gc,phases   ] GC(59)   Merge Heap Roots: 0.2ms
[58.380s][info][gc,phases   ] GC(59)   Evacuate Collection Set: 22.4ms
[58.380s][info][gc,phases   ] GC(59)   Post Evacuate Collection Set: 1.4ms
[58.380s][info][gc,phases   ] GC(59)   Other: 0.2ms
[58.380s][info][gc,heap     ] GC(59) Eden regions: 103->0(108)
[58.380s][info][gc,heap     ] GC(59) Survivor regions: 11->6(15)
[58.380s][info][gc,heap     ] GC(59) Old regions: 95->98
[58.381s][info][gc,heap     ] GC(59) Humongous regions: 7->7
[58.381s][info][gc,metaspace] GC(59) Metaspace: 284083K(287360K)->284083K(287360K) NonClass: 246242K(248192K)->246242K(248192K) Class: 37841K(39168K)->37841K(39168K)
[58.381s][info][gc          ] GC(59) Pause Young (Mixed) (G1 Evacuation Pause) 859M->442M(960M) 26.022ms
[58.381s][info][gc,cpu      ] GC(59) User=0.13s Sys=0.00s Real=0.02s
[61.065s][info][gc,start    ] GC(60) Pause Young (Concurrent Start) (G1 Evacuation Pause)
[61.066s][info][gc,task     ] GC(60) Using 6 workers of 6 for evacuation
[61.084s][info][gc,phases   ] GC(60)   Pre Evacuate Collection Set: 0.4ms
[61.084s][info][gc,phases   ] GC(60)   Merge Heap Roots: 0.3ms
[61.085s][info][gc,phases   ] GC(60)   Evacuate Collection Set: 16.2ms
[61.085s][info][gc,phases   ] GC(60)   Post Evacuate Collection Set: 1.4ms
[61.085s][info][gc,phases   ] GC(60)   Other: 0.4ms
[61.085s][info][gc,heap     ] GC(60) Eden regions: 108->0(105)
[61.086s][info][gc,heap     ] GC(60) Survivor regions: 6->9(15)
[61.086s][info][gc,heap     ] GC(60) Old regions: 98->98
[61.086s][info][gc,heap     ] GC(60) Humongous regions: 7->7
[61.086s][info][gc,metaspace] GC(60) Metaspace: 285582K(288768K)->285582K(288768K) NonClass: 247640K(249472K)->247640K(249472K) Class: 37941K(39296K)->37941K(39296K)
[61.086s][info][gc          ] GC(60) Pause Young (Concurrent Start) (G1 Evacuation Pause) 874M->455M(960M) 20.854ms
[61.086s][info][gc          ] GC(61) Concurrent Mark Cycle
[61.087s][info][gc,marking  ] GC(61) Concurrent Scan Root Regions
[61.086s][info][gc,cpu      ] GC(60) User=0.09s Sys=0.01s Real=0.02s
[61.103s][info][gc,marking  ] GC(61) Concurrent Scan Root Regions 16.233ms
[61.103s][info][gc,marking  ] GC(61) Concurrent Mark
[61.103s][info][gc,marking  ] GC(61) Concurrent Mark From Roots
[61.103s][info][gc,task     ] GC(61) Using 2 workers of 2 for marking
[61.306s][info][gc,marking  ] GC(61) Concurrent Mark From Roots 202.432ms
[61.306s][info][gc,marking  ] GC(61) Concurrent Preclean
[61.306s][info][gc,marking  ] GC(61) Concurrent Preclean 0.440ms
[61.307s][info][gc,start    ] GC(61) Pause Remark
[61.324s][info][gc          ] GC(61) Pause Remark 471M->471M(960M) 16.972ms
[61.324s][info][gc,cpu      ] GC(61) User=0.07s Sys=0.00s Real=0.01s
[61.324s][info][gc,marking  ] GC(61) Concurrent Mark 221.020ms
[61.324s][info][gc,marking  ] GC(61) Concurrent Rebuild Remembered Sets and Scrub Regions
[61.438s][info][gc,marking  ] GC(61) Concurrent Rebuild Remembered Sets and Scrub Regions 113.620ms
[61.438s][info][gc,start    ] GC(61) Pause Cleanup
[61.439s][info][gc          ] GC(61) Pause Cleanup 485M->485M(960M) 0.398ms
[61.439s][info][gc,cpu      ] GC(61) User=0.00s Sys=0.00s Real=0.00s
[61.439s][info][gc,marking  ] GC(61) Concurrent Clear Claimed Marks
[61.440s][info][gc,marking  ] GC(61) Concurrent Clear Claimed Marks 1.154ms
[61.440s][info][gc,marking  ] GC(61) Concurrent Cleanup for Next Mark
[61.442s][info][gc,marking  ] GC(61) Concurrent Cleanup for Next Mark 1.024ms
[61.442s][info][gc          ] GC(61) Concurrent Mark Cycle 355.318ms
[73.658s][info][gc,start    ] GC(62) Pause Young (Prepare Mixed) (G1 Evacuation Pause)
[73.658s][info][gc,task     ] GC(62) Using 6 workers of 6 for evacuation
[73.683s][info][gc,phases   ] GC(62)   Pre Evacuate Collection Set: 0.2ms
[73.683s][info][gc,phases   ] GC(62)   Merge Heap Roots: 0.2ms
[73.683s][info][gc,phases   ] GC(62)   Evacuate Collection Set: 22.5ms
[73.683s][info][gc,phases   ] GC(62)   Post Evacuate Collection Set: 1.5ms
[73.683s][info][gc,phases   ] GC(62)   Other: 0.3ms
[73.684s][info][gc,heap     ] GC(62) Eden regions: 105->0(96)
[73.684s][info][gc,heap     ] GC(62) Survivor regions: 9->12(15)
[73.684s][info][gc,heap     ] GC(62) Old regions: 98->101
[73.684s][info][gc,heap     ] GC(62) Humongous regions: 7->7
[73.684s][info][gc,metaspace] GC(62) Metaspace: 288988K(292288K)->288988K(292288K) NonClass: 250695K(252608K)->250695K(252608K) Class: 38293K(39680K)->38293K(39680K)
[73.684s][info][gc          ] GC(62) Pause Young (Prepare Mixed) (G1 Evacuation Pause) 875M->479M(960M) 26.410ms
[73.684s][info][gc,cpu      ] GC(62) User=0.13s Sys=0.00s Real=0.03s
[74.664s][info][gc,start    ] GC(63) Pause Young (Mixed) (G1 Evacuation Pause)
[74.664s][info][gc,task     ] GC(63) Using 6 workers of 6 for evacuation
[74.722s][info][gc,phases   ] GC(63)   Pre Evacuate Collection Set: 0.2ms
[74.723s][info][gc,phases   ] GC(63)   Merge Heap Roots: 0.3ms
[74.723s][info][gc,phases   ] GC(63)   Evacuate Collection Set: 55.6ms
[74.724s][info][gc,phases   ] GC(63)   Post Evacuate Collection Set: 1.6ms
[74.724s][info][gc,phases   ] GC(63)   Other: 0.2ms
[74.724s][info][gc,heap     ] GC(63) Eden regions: 96->0(100)
[74.724s][info][gc,heap     ] GC(63) Survivor regions: 12->11(14)
[74.724s][info][gc,heap     ] GC(63) Old regions: 101->99
[74.724s][info][gc,heap     ] GC(63) Humongous regions: 7->7
[74.724s][info][gc,metaspace] GC(63) Metaspace: 290918K(294592K)->290918K(294592K) NonClass: 252348K(254464K)->252348K(254464K) Class: 38570K(40128K)->38570K(40128K)
[74.725s][info][gc          ] GC(63) Pause Young (Mixed) (G1 Evacuation Pause) 863M->466M(960M) 60.757ms
[74.725s][info][gc,cpu      ] GC(63) User=0.29s Sys=0.01s Real=0.07s
[75.836s][info][gc,start    ] GC(64) Pause Young (Concurrent Start) (G1 Evacuation Pause)
[75.837s][info][gc,task     ] GC(64) Using 6 workers of 6 for evacuation
[75.860s][info][gc,phases   ] GC(64)   Pre Evacuate Collection Set: 0.3ms
[75.861s][info][gc,phases   ] GC(64)   Merge Heap Roots: 0.2ms
[75.861s][info][gc,phases   ] GC(64)   Evacuate Collection Set: 21.6ms
[75.861s][info][gc,phases   ] GC(64)   Post Evacuate Collection Set: 1.3ms
[75.861s][info][gc,phases   ] GC(64)   Other: 0.3ms
[75.861s][info][gc,heap     ] GC(64) Eden regions: 100->0(94)
[75.861s][info][gc,heap     ] GC(64) Survivor regions: 11->11(14)
[75.861s][info][gc,heap     ] GC(64) Old regions: 99->105
[75.861s][info][gc,heap     ] GC(64) Humongous regions: 7->7
[75.862s][info][gc,metaspace] GC(64) Metaspace: 292051K(295744K)->292051K(295744K) NonClass: 253374K(255488K)->253374K(255488K) Class: 38676K(40256K)->38676K(40256K)
[75.862s][info][gc          ] GC(64) Pause Young (Concurrent Start) (G1 Evacuation Pause) 866M->489M(960M) 25.397ms
[75.862s][info][gc          ] GC(65) Concurrent Mark Cycle
[75.862s][info][gc,marking  ] GC(65) Concurrent Scan Root Regions
[75.862s][info][gc,cpu      ] GC(64) User=0.12s Sys=0.00s Real=0.02s
[75.908s][info][gc,marking  ] GC(65) Concurrent Scan Root Regions 45.670ms
[75.908s][info][gc,marking  ] GC(65) Concurrent Mark
[75.908s][info][gc,marking  ] GC(65) Concurrent Mark From Roots
[75.908s][info][gc,task     ] GC(65) Using 2 workers of 2 for marking
[76.163s][info][gc,marking  ] GC(65) Concurrent Mark From Roots 255.050ms
[76.164s][info][gc,marking  ] GC(65) Concurrent Preclean
[76.165s][info][gc,marking  ] GC(65) Concurrent Preclean 0.997ms
[76.173s][info][gc,start    ] GC(65) Pause Remark
[76.200s][info][gc          ] GC(65) Pause Remark 665M->653M(960M) 27.083ms
[76.200s][info][gc,cpu      ] GC(65) User=0.13s Sys=0.00s Real=0.03s
[76.204s][info][gc,marking  ] GC(65) Concurrent Mark 296.267ms
[76.212s][info][gc,marking  ] GC(65) Concurrent Rebuild Remembered Sets and Scrub Regions
[76.388s][info][gc,marking  ] GC(65) Concurrent Rebuild Remembered Sets and Scrub Regions 175.803ms
[76.395s][info][gc,start    ] GC(65) Pause Cleanup
[76.395s][info][gc          ] GC(65) Pause Cleanup 723M->723M(960M) 0.463ms
[76.396s][info][gc,cpu      ] GC(65) User=0.00s Sys=0.00s Real=0.00s
[76.396s][info][gc,marking  ] GC(65) Concurrent Clear Claimed Marks
[76.397s][info][gc,marking  ] GC(65) Concurrent Clear Claimed Marks 0.503ms
[76.397s][info][gc,marking  ] GC(65) Concurrent Cleanup for Next Mark
[76.398s][info][gc,marking  ] GC(65) Concurrent Cleanup for Next Mark 1.188ms
[76.398s][info][gc          ] GC(65) Concurrent Mark Cycle 536.258ms
[76.765s][info][gc,start    ] GC(66) Pause Young (Prepare Mixed) (G1 Evacuation Pause)
[76.766s][info][gc,task     ] GC(66) Using 6 workers of 6 for evacuation
[76.787s][info][gc,phases   ] GC(66)   Pre Evacuate Collection Set: 0.2ms
[76.787s][info][gc,phases   ] GC(66)   Merge Heap Roots: 0.3ms
[76.787s][info][gc,phases   ] GC(66)   Evacuate Collection Set: 19.4ms
[76.788s][info][gc,phases   ] GC(66)   Post Evacuate Collection Set: 1.4ms
[76.788s][info][gc,phases   ] GC(66)   Other: 0.2ms
[76.788s][info][gc,heap     ] GC(66) Eden regions: 94->0(94)
[76.788s][info][gc,heap     ] GC(66) Survivor regions: 11->10(14)
[76.788s][info][gc,heap     ] GC(66) Old regions: 103->108
[76.788s][info][gc,heap     ] GC(66) Humongous regions: 6->6
[76.788s][info][gc,metaspace] GC(66) Metaspace: 292453K(296192K)->292453K(296192K) NonClass: 253762K(255936K)->253762K(255936K) Class: 38690K(40256K)->38690K(40256K)
[76.789s][info][gc          ] GC(66) Pause Young (Prepare Mixed) (G1 Evacuation Pause) 853M->494M(960M) 23.253ms
[76.789s][info][gc,cpu      ] GC(66) User=0.11s Sys=0.00s Real=0.02s
[77.682s][info][gc,start    ] GC(67) Pause Young (Mixed) (G1 Evacuation Pause)
[77.683s][info][gc,task     ] GC(67) Using 6 workers of 6 for evacuation
[77.708s][info][gc,phases   ] GC(67)   Pre Evacuate Collection Set: 0.2ms
[77.708s][info][gc,phases   ] GC(67)   Merge Heap Roots: 0.2ms
[77.708s][info][gc,phases   ] GC(67)   Evacuate Collection Set: 23.7ms
[77.708s][info][gc,phases   ] GC(67)   Post Evacuate Collection Set: 1.1ms
[77.709s][info][gc,phases   ] GC(67)   Other: 0.2ms
[77.709s][info][gc,heap     ] GC(67) Eden regions: 94->0(98)
[77.709s][info][gc,heap     ] GC(67) Survivor regions: 10->8(13)
[77.709s][info][gc,heap     ] GC(67) Old regions: 108->108
[77.709s][info][gc,heap     ] GC(67) Humongous regions: 6->6
[77.709s][info][gc,metaspace] GC(67) Metaspace: 293205K(296960K)->293205K(296960K) NonClass: 254454K(256576K)->254454K(256576K) Class: 38751K(40384K)->38751K(40384K)
[77.709s][info][gc          ] GC(67) Pause Young (Mixed) (G1 Evacuation Pause) 870M->486M(960M) 26.991ms
[77.709s][info][gc,cpu      ] GC(67) User=0.13s Sys=0.00s Real=0.03s
[78.690s][info][gc,start    ] GC(68) Pause Young (Concurrent Start) (G1 Evacuation Pause)
[78.691s][info][gc,task     ] GC(68) Using 6 workers of 6 for evacuation
[78.726s][info][gc,phases   ] GC(68)   Pre Evacuate Collection Set: 0.4ms
[78.726s][info][gc,phases   ] GC(68)   Merge Heap Roots: 0.5ms
[78.726s][info][gc,phases   ] GC(68)   Evacuate Collection Set: 30.9ms
[78.726s][info][gc,phases   ] GC(68)   Post Evacuate Collection Set: 2.4ms
[78.726s][info][gc,phases   ] GC(68)   Other: 0.5ms
[78.727s][info][gc,heap     ] GC(68) Eden regions: 98->0(144)
[78.727s][info][gc,heap     ] GC(68) Survivor regions: 8->11(14)
[78.727s][info][gc,heap     ] GC(68) Old regions: 108->108
[78.727s][info][gc,heap     ] GC(68) Humongous regions: 6->6
[78.727s][info][gc,metaspace] GC(68) Metaspace: 293521K(297216K)->293521K(297216K) NonClass: 254752K(256832K)->254752K(256832K) Class: 38768K(40384K)->38768K(40384K)
[78.727s][info][gc          ] GC(68) Pause Young (Concurrent Start) (G1 Evacuation Pause) 878M->498M(1184M) 37.032ms
[78.728s][info][gc          ] GC(69) Concurrent Mark Cycle
[78.728s][info][gc,marking  ] GC(69) Concurrent Scan Root Regions
[78.728s][info][gc,cpu      ] GC(68) User=0.18s Sys=0.00s Real=0.04s
[78.784s][info][gc,marking  ] GC(69) Concurrent Scan Root Regions 56.652ms
[78.786s][info][gc,marking  ] GC(69) Concurrent Mark
[78.786s][info][gc,marking  ] GC(69) Concurrent Mark From Roots
[78.786s][info][gc,task     ] GC(69) Using 2 workers of 2 for marking
[79.651s][info][gc,marking  ] GC(69) Concurrent Mark From Roots 865.164ms
[79.662s][info][gc,marking  ] GC(69) Concurrent Preclean
[79.667s][info][gc,marking  ] GC(69) Concurrent Preclean 5.098ms
[79.682s][info][gc,start    ] GC(69) Pause Remark
[79.711s][info][gc          ] GC(69) Pause Remark 714M->714M(1184M) 29.674ms
[79.712s][info][gc,cpu      ] GC(69) User=0.11s Sys=0.02s Real=0.03s
[79.712s][info][gc,marking  ] GC(69) Concurrent Mark 926.469ms
[79.718s][info][gc,marking  ] GC(69) Concurrent Rebuild Remembered Sets and Scrub Regions
[80.023s][info][gc,marking  ] GC(69) Concurrent Rebuild Remembered Sets and Scrub Regions 304.858ms
[80.027s][info][gc,start    ] GC(69) Pause Cleanup
[80.027s][info][gc          ] GC(69) Pause Cleanup 808M->808M(1184M) 0.540ms
[80.027s][info][gc,cpu      ] GC(69) User=0.00s Sys=0.00s Real=0.00s
[80.028s][info][gc,marking  ] GC(69) Concurrent Clear Claimed Marks
[80.028s][info][gc,marking  ] GC(69) Concurrent Clear Claimed Marks 0.807ms
[80.030s][info][gc,marking  ] GC(69) Concurrent Cleanup for Next Mark
[80.035s][info][gc,marking  ] GC(69) Concurrent Cleanup for Next Mark 5.125ms
[80.035s][info][gc          ] GC(69) Concurrent Mark Cycle 1307.881ms
[80.785s][info][gc,start    ] GC(70) Pause Young (Prepare Mixed) (G1 Evacuation Pause)
[80.786s][info][gc,task     ] GC(70) Using 6 workers of 6 for evacuation
[80.813s][info][gc,phases   ] GC(70)   Pre Evacuate Collection Set: 0.3ms
[80.814s][info][gc,phases   ] GC(70)   Merge Heap Roots: 0.3ms
[80.814s][info][gc,phases   ] GC(70)   Evacuate Collection Set: 25.5ms
[80.814s][info][gc,phases   ] GC(70)   Post Evacuate Collection Set: 1.4ms
[80.814s][info][gc,phases   ] GC(70)   Other: 0.3ms
[80.814s][info][gc,heap     ] GC(70) Eden regions: 144->0(136)
[80.814s][info][gc,heap     ] GC(70) Survivor regions: 11->15(20)
[80.815s][info][gc,heap     ] GC(70) Old regions: 108->108
[80.815s][info][gc,heap     ] GC(70) Humongous regions: 8->6
[80.815s][info][gc,metaspace] GC(70) Metaspace: 295241K(299008K)->295241K(299008K) NonClass: 256296K(258432K)->256296K(258432K) Class: 38945K(40576K)->38945K(40576K)
[80.815s][info][gc          ] GC(70) Pause Young (Prepare Mixed) (G1 Evacuation Pause) 1082M->515M(1184M) 29.798ms
[80.815s][info][gc,cpu      ] GC(70) User=0.12s Sys=0.00s Real=0.03s
[81.733s][info][gc,start    ] GC(71) Pause Young (Mixed) (G1 Evacuation Pause)
[81.733s][info][gc,task     ] GC(71) Using 6 workers of 6 for evacuation
[81.767s][info][gc,phases   ] GC(71)   Pre Evacuate Collection Set: 0.3ms
[81.768s][info][gc,phases   ] GC(71)   Merge Heap Roots: 0.2ms
[81.768s][info][gc,phases   ] GC(71)   Evacuate Collection Set: 32.5ms
[81.768s][info][gc,phases   ] GC(71)   Post Evacuate Collection Set: 1.4ms
[81.768s][info][gc,phases   ] GC(71)   Other: 0.2ms
[81.768s][info][gc,heap     ] GC(71) Eden regions: 136->0(132)
[81.768s][info][gc,heap     ] GC(71) Survivor regions: 15->15(19)
[81.769s][info][gc,heap     ] GC(71) Old regions: 108->112
[81.769s][info][gc,heap     ] GC(71) Humongous regions: 6->6
[81.769s][info][gc,metaspace] GC(71) Metaspace: 295684K(299392K)->295684K(299392K) NonClass: 256712K(258816K)->256712K(258816K) Class: 38972K(40576K)->38972K(40576K)
[81.769s][info][gc          ] GC(71) Pause Young (Mixed) (G1 Evacuation Pause) 1059M->529M(1184M) 36.359ms
[81.769s][info][gc,cpu      ] GC(71) User=0.19s Sys=0.00s Real=0.04s
[82.422s][info][gc,start    ] GC(72) Pause Young (Concurrent Start) (G1 Evacuation Pause)
[82.422s][info][gc,task     ] GC(72) Using 6 workers of 6 for evacuation
[82.451s][info][gc,phases   ] GC(72)   Pre Evacuate Collection Set: 0.3ms
[82.451s][info][gc,phases   ] GC(72)   Merge Heap Roots: 0.2ms
[82.451s][info][gc,phases   ] GC(72)   Evacuate Collection Set: 26.7ms
[82.452s][info][gc,phases   ] GC(72)   Post Evacuate Collection Set: 1.1ms
[82.452s][info][gc,phases   ] GC(72)   Other: 0.3ms
[82.452s][info][gc,heap     ] GC(72) Eden regions: 132->0(128)
[82.452s][info][gc,heap     ] GC(72) Survivor regions: 15->13(19)
[82.452s][info][gc,heap     ] GC(72) Old regions: 112->120
[82.452s][info][gc,heap     ] GC(72) Humongous regions: 6->6
[82.453s][info][gc,metaspace] GC(72) Metaspace: 295889K(299584K)->295889K(299584K) NonClass: 256916K(259008K)->256916K(259008K) Class: 38973K(40576K)->38973K(40576K)
[82.453s][info][gc          ] GC(72) Pause Young (Concurrent Start) (G1 Evacuation Pause) 1057M->552M(1184M) 30.780ms
[82.453s][info][gc          ] GC(73) Concurrent Mark Cycle
[82.453s][info][gc,marking  ] GC(73) Concurrent Scan Root Regions
[82.453s][info][gc,cpu      ] GC(72) User=0.16s Sys=0.00s Real=0.03s
[82.488s][info][gc,marking  ] GC(73) Concurrent Scan Root Regions 34.485ms
[82.488s][info][gc,marking  ] GC(73) Concurrent Mark
[82.488s][info][gc,marking  ] GC(73) Concurrent Mark From Roots
[82.488s][info][gc,task     ] GC(73) Using 2 workers of 2 for marking
[82.884s][info][gc,marking  ] GC(73) Concurrent Mark From Roots 395.692ms
[82.884s][info][gc,marking  ] GC(73) Concurrent Preclean
[82.888s][info][gc,marking  ] GC(73) Concurrent Preclean 3.877ms
[82.889s][info][gc,start    ] GC(73) Pause Remark
[82.918s][info][gc          ] GC(73) Pause Remark 707M->707M(1184M) 29.096ms
[82.918s][info][gc,cpu      ] GC(73) User=0.15s Sys=0.00s Real=0.03s
[82.925s][info][gc,marking  ] GC(73) Concurrent Mark 436.466ms
[82.927s][info][gc,marking  ] GC(73) Concurrent Rebuild Remembered Sets and Scrub Regions
[83.309s][info][gc,marking  ] GC(73) Concurrent Rebuild Remembered Sets and Scrub Regions 381.479ms
[83.341s][info][gc,start    ] GC(73) Pause Cleanup
[83.342s][info][gc          ] GC(73) Pause Cleanup 860M->860M(1184M) 1.044ms
[83.343s][info][gc,cpu      ] GC(73) User=0.00s Sys=0.00s Real=0.00s
[83.347s][info][gc,marking  ] GC(73) Concurrent Clear Claimed Marks
[83.369s][info][gc,marking  ] GC(73) Concurrent Clear Claimed Marks 22.805ms
[83.407s][info][gc,marking  ] GC(73) Concurrent Cleanup for Next Mark
[83.436s][info][gc,marking  ] GC(73) Concurrent Cleanup for Next Mark 28.582ms
[83.445s][info][gc          ] GC(73) Concurrent Mark Cycle 991.762ms
[83.937s][info][gc,start    ] GC(74) Pause Young (Prepare Mixed) (G1 Evacuation Pause)
[83.937s][info][gc,task     ] GC(74) Using 6 workers of 6 for evacuation
[83.964s][info][gc,phases   ] GC(74)   Pre Evacuate Collection Set: 0.3ms
[83.965s][info][gc,phases   ] GC(74)   Merge Heap Roots: 0.2ms
[83.965s][info][gc,phases   ] GC(74)   Evacuate Collection Set: 25.8ms
[83.965s][info][gc,phases   ] GC(74)   Post Evacuate Collection Set: 1.1ms
[83.965s][info][gc,phases   ] GC(74)   Other: 0.2ms
[83.965s][info][gc,heap     ] GC(74) Eden regions: 128->0(124)
[83.965s][info][gc,heap     ] GC(74) Survivor regions: 13->12(18)
[83.966s][info][gc,heap     ] GC(74) Old regions: 120->126
[83.966s][info][gc,heap     ] GC(74) Humongous regions: 6->6
[83.966s][info][gc,metaspace] GC(74) Metaspace: 296290K(300032K)->296290K(300032K) NonClass: 257284K(259392K)->257284K(259392K) Class: 39006K(40640K)->39006K(40640K)
[83.966s][info][gc          ] GC(74) Pause Young (Prepare Mixed) (G1 Evacuation Pause) 1064M->573M(1184M) 29.480ms
[83.966s][info][gc,cpu      ] GC(74) User=0.14s Sys=0.01s Real=0.03s
[85.122s][info][gc,start    ] GC(75) Pause Young (Mixed) (G1 Evacuation Pause)
[85.122s][info][gc,task     ] GC(75) Using 6 workers of 6 for evacuation
[85.155s][info][gc,phases   ] GC(75)   Pre Evacuate Collection Set: 0.3ms
[85.155s][info][gc,phases   ] GC(75)   Merge Heap Roots: 0.2ms
[85.156s][info][gc,phases   ] GC(75)   Evacuate Collection Set: 30.6ms
[85.156s][info][gc,phases   ] GC(75)   Post Evacuate Collection Set: 1.3ms
[85.156s][info][gc,phases   ] GC(75)   Other: 0.3ms
[85.156s][info][gc,heap     ] GC(75) Eden regions: 124->0(123)
[85.156s][info][gc,heap     ] GC(75) Survivor regions: 12->11(17)
[85.156s][info][gc,heap     ] GC(75) Old regions: 126->129
[85.156s][info][gc,heap     ] GC(75) Humongous regions: 6->6
[85.157s][info][gc,metaspace] GC(75) Metaspace: 296785K(300544K)->296785K(300544K) NonClass: 257752K(259904K)->257752K(259904K) Class: 39033K(40640K)->39033K(40640K)
[85.157s][info][gc          ] GC(75) Pause Young (Mixed) (G1 Evacuation Pause) 1069M->582M(1184M) 34.502ms
[85.157s][info][gc,cpu      ] GC(75) User=0.15s Sys=0.01s Real=0.04s
[85.870s][info][gc,start    ] GC(76) Pause Young (Concurrent Start) (G1 Evacuation Pause)
[85.870s][info][gc,task     ] GC(76) Using 6 workers of 6 for evacuation
[85.899s][info][gc,phases   ] GC(76)   Pre Evacuate Collection Set: 0.3ms
[85.899s][info][gc,phases   ] GC(76)   Merge Heap Roots: 0.2ms
[85.900s][info][gc,phases   ] GC(76)   Evacuate Collection Set: 27.3ms
[85.900s][info][gc,phases   ] GC(76)   Post Evacuate Collection Set: 1.1ms
[85.900s][info][gc,phases   ] GC(76)   Other: 0.3ms
[85.900s][info][gc,heap     ] GC(76) Eden regions: 123->0(115)
[85.900s][info][gc,heap     ] GC(76) Survivor regions: 11->12(17)
[85.900s][info][gc,heap     ] GC(76) Old regions: 129->135
[85.900s][info][gc,heap     ] GC(76) Humongous regions: 6->6
[85.901s][info][gc,metaspace] GC(76) Metaspace: 297015K(300800K)->297015K(300800K) NonClass: 257981K(260160K)->257981K(260160K) Class: 39033K(40640K)->39033K(40640K)
[85.901s][info][gc          ] GC(76) Pause Young (Concurrent Start) (G1 Evacuation Pause) 1074M->609M(1184M) 31.084ms
[85.901s][info][gc          ] GC(77) Concurrent Mark Cycle
[85.901s][info][gc,marking  ] GC(77) Concurrent Scan Root Regions
[85.901s][info][gc,cpu      ] GC(76) User=0.15s Sys=0.00s Real=0.03s
[85.940s][info][gc,marking  ] GC(77) Concurrent Scan Root Regions 38.849ms
[85.940s][info][gc,marking  ] GC(77) Concurrent Mark
[85.941s][info][gc,marking  ] GC(77) Concurrent Mark From Roots
[85.941s][info][gc,task     ] GC(77) Using 2 workers of 2 for marking
[86.513s][info][gc,marking  ] GC(77) Concurrent Mark From Roots 572.538ms
[86.513s][info][gc,marking  ] GC(77) Concurrent Preclean
[86.515s][info][gc,marking  ] GC(77) Concurrent Preclean 1.680ms
[86.516s][info][gc,start    ] GC(77) Pause Remark
[86.548s][info][gc          ] GC(77) Pause Remark 1059M->1059M(1184M) 32.457ms
[86.548s][info][gc,cpu      ] GC(77) User=0.14s Sys=0.01s Real=0.03s
[86.555s][info][gc,marking  ] GC(77) Concurrent Mark 614.508ms
[86.557s][info][gc,marking  ] GC(77) Concurrent Rebuild Remembered Sets and Scrub Regions
[86.573s][info][gc,start    ] GC(78) Pause Young (Normal) (G1 Evacuation Pause)
[86.574s][info][gc,task     ] GC(78) Using 6 workers of 6 for evacuation
[86.602s][info][gc,phases   ] GC(78)   Pre Evacuate Collection Set: 0.3ms
[86.602s][info][gc,phases   ] GC(78)   Merge Heap Roots: 0.2ms
[86.602s][info][gc,phases   ] GC(78)   Evacuate Collection Set: 25.9ms
[86.602s][info][gc,phases   ] GC(78)   Post Evacuate Collection Set: 1.6ms
[86.603s][info][gc,phases   ] GC(78)   Other: 0.3ms
[86.603s][info][gc,heap     ] GC(78) Eden regions: 115->0(151)
[86.603s][info][gc,heap     ] GC(78) Survivor regions: 12->13(16)
[86.603s][info][gc,heap     ] GC(78) Old regions: 135->140
[86.603s][info][gc,heap     ] GC(78) Humongous regions: 6->6
[86.603s][info][gc,metaspace] GC(78) Metaspace: 297099K(300864K)->297099K(300864K) NonClass: 258061K(260224K)->258061K(260224K) Class: 39038K(40640K)->39038K(40640K)
[86.603s][info][gc          ] GC(78) Pause Young (Normal) (G1 Evacuation Pause) 1069M->632M(1360M) 30.093ms
[86.604s][info][gc,cpu      ] GC(78) User=0.16s Sys=0.00s Real=0.03s
[87.044s][info][gc,marking  ] GC(77) Concurrent Rebuild Remembered Sets and Scrub Regions 486.652ms
[87.050s][info][gc,start    ] GC(77) Pause Cleanup
[87.051s][info][gc          ] GC(77) Pause Cleanup 856M->856M(1360M) 0.524ms
[87.051s][info][gc,cpu      ] GC(77) User=0.00s Sys=0.00s Real=0.00s
[87.051s][info][gc,marking  ] GC(77) Concurrent Clear Claimed Marks
[87.059s][info][gc,marking  ] GC(77) Concurrent Clear Claimed Marks 8.144ms
[87.067s][info][gc,marking  ] GC(77) Concurrent Cleanup for Next Mark
[87.077s][info][gc,marking  ] GC(77) Concurrent Cleanup for Next Mark 10.174ms
[87.081s][info][gc          ] GC(77) Concurrent Mark Cycle 1180.001ms
[87.991s][info][gc,start    ] GC(79) Pause Young (Prepare Mixed) (G1 Evacuation Pause)
[87.991s][info][gc,task     ] GC(79) Using 6 workers of 6 for evacuation
[88.022s][info][gc,phases   ] GC(79)   Pre Evacuate Collection Set: 0.3ms
[88.022s][info][gc,phases   ] GC(79)   Merge Heap Roots: 0.5ms
[88.023s][info][gc,phases   ] GC(79)   Evacuate Collection Set: 29.1ms
[88.023s][info][gc,phases   ] GC(79)   Post Evacuate Collection Set: 1.2ms
[88.023s][info][gc,phases   ] GC(79)   Other: 0.2ms
[88.023s][info][gc,heap     ] GC(79) Eden regions: 151->0(143)
[88.023s][info][gc,heap     ] GC(79) Survivor regions: 13->14(21)
[88.023s][info][gc,heap     ] GC(79) Old regions: 140->146
[88.023s][info][gc,heap     ] GC(79) Humongous regions: 6->6
[88.024s][info][gc,metaspace] GC(79) Metaspace: 297280K(301056K)->297280K(301056K) NonClass: 258241K(260416K)->258241K(260416K) Class: 39039K(40640K)->39039K(40640K)
[88.024s][info][gc          ] GC(79) Pause Young (Prepare Mixed) (G1 Evacuation Pause) 1236M->663M(1360M) 33.031ms
[88.025s][info][gc,cpu      ] GC(79) User=0.18s Sys=0.01s Real=0.04s
[89.099s][info][gc,start    ] GC(80) Pause Young (Mixed) (G1 Evacuation Pause)
[89.099s][info][gc,task     ] GC(80) Using 6 workers of 6 for evacuation
[89.132s][info][gc,phases   ] GC(80)   Pre Evacuate Collection Set: 0.2ms
[89.132s][info][gc,phases   ] GC(80)   Merge Heap Roots: 0.2ms
[89.132s][info][gc,phases   ] GC(80)   Evacuate Collection Set: 30.3ms
[89.133s][info][gc,phases   ] GC(80)   Post Evacuate Collection Set: 1.5ms
[89.133s][info][gc,phases   ] GC(80)   Other: 0.3ms
[89.133s][info][gc,heap     ] GC(80) Eden regions: 143->0(136)
[89.133s][info][gc,heap     ] GC(80) Survivor regions: 14->15(20)
[89.133s][info][gc,heap     ] GC(80) Old regions: 146->151
[89.133s][info][gc,heap     ] GC(80) Humongous regions: 6->6
[89.133s][info][gc,metaspace] GC(80) Metaspace: 297541K(301248K)->297541K(301248K) NonClass: 258490K(260608K)->258490K(260608K) Class: 39051K(40640K)->39051K(40640K)
[89.133s][info][gc          ] GC(80) Pause Young (Mixed) (G1 Evacuation Pause) 1235M->686M(1360M) 34.320ms
[89.134s][info][gc,cpu      ] GC(80) User=0.19s Sys=0.00s Real=0.03s
[89.874s][info][gc,start    ] GC(81) Pause Young (Concurrent Start) (G1 Evacuation Pause)
[89.874s][info][gc,task     ] GC(81) Using 6 workers of 6 for evacuation
[89.903s][info][gc,phases   ] GC(81)   Pre Evacuate Collection Set: 0.3ms
[89.903s][info][gc,phases   ] GC(81)   Merge Heap Roots: 0.2ms
[89.903s][info][gc,phases   ] GC(81)   Evacuate Collection Set: 27.1ms
[89.903s][info][gc,phases   ] GC(81)   Post Evacuate Collection Set: 1.2ms
[89.904s][info][gc,phases   ] GC(81)   Other: 0.3ms
[89.904s][info][gc,heap     ] GC(81) Eden regions: 136->0(131)
[89.904s][info][gc,heap     ] GC(81) Survivor regions: 15->14(19)
[89.904s][info][gc,heap     ] GC(81) Old regions: 151->158
[89.904s][info][gc,heap     ] GC(81) Humongous regions: 6->6
[89.904s][info][gc,metaspace] GC(81) Metaspace: 297706K(301376K)->297706K(301376K) NonClass: 258654K(260736K)->258654K(260736K) Class: 39052K(40640K)->39052K(40640K)
[89.904s][info][gc          ] GC(81) Pause Young (Concurrent Start) (G1 Evacuation Pause) 1230M->708M(1360M) 30.826ms
[89.905s][info][gc          ] GC(82) Concurrent Mark Cycle
[89.905s][info][gc,marking  ] GC(82) Concurrent Scan Root Regions
[89.905s][info][gc,cpu      ] GC(81) User=0.16s Sys=0.00s Real=0.04s
[89.936s][info][gc,marking  ] GC(82) Concurrent Scan Root Regions 31.105ms
[89.936s][info][gc,marking  ] GC(82) Concurrent Mark
[89.941s][info][gc,marking  ] GC(82) Concurrent Mark From Roots
[89.941s][info][gc,task     ] GC(82) Using 2 workers of 2 for marking
[90.568s][info][gc,marking  ] GC(82) Concurrent Mark From Roots 626.659ms
[90.568s][info][gc,marking  ] GC(82) Concurrent Preclean
[90.570s][info][gc,marking  ] GC(82) Concurrent Preclean 2.297ms
[90.571s][info][gc,start    ] GC(82) Pause Remark
[90.592s][info][gc          ] GC(82) Pause Remark 1075M->1075M(1360M) 21.465ms
[90.592s][info][gc,cpu      ] GC(82) User=0.10s Sys=0.00s Real=0.02s
[90.593s][info][gc,marking  ] GC(82) Concurrent Mark 656.700ms
[90.593s][info][gc,marking  ] GC(82) Concurrent Rebuild Remembered Sets and Scrub Regions
[90.802s][info][gc,start    ] GC(83) Pause Young (Normal) (G1 Evacuation Pause)
[90.802s][info][gc,task     ] GC(83) Using 6 workers of 6 for evacuation
[90.833s][info][gc,phases   ] GC(83)   Pre Evacuate Collection Set: 0.7ms
[90.833s][info][gc,phases   ] GC(83)   Merge Heap Roots: 0.3ms
[90.833s][info][gc,phases   ] GC(83)   Evacuate Collection Set: 27.7ms
[90.833s][info][gc,phases   ] GC(83)   Post Evacuate Collection Set: 1.3ms
[90.833s][info][gc,phases   ] GC(83)   Other: 0.2ms
[90.833s][info][gc,heap     ] GC(83) Eden regions: 131->0(126)
[90.834s][info][gc,heap     ] GC(83) Survivor regions: 14->13(19)
[90.834s][info][gc,heap     ] GC(83) Old regions: 158->165
[90.834s][info][gc,heap     ] GC(83) Humongous regions: 6->6
[90.834s][info][gc,metaspace] GC(83) Metaspace: 297973K(301696K)->297973K(301696K) NonClass: 258921K(261056K)->258921K(261056K) Class: 39052K(40640K)->39052K(40640K)
[90.834s][info][gc          ] GC(83) Pause Young (Normal) (G1 Evacuation Pause) 1232M->732M(1360M) 31.919ms
[90.834s][info][gc,cpu      ] GC(83) User=0.17s Sys=0.00s Real=0.04s
[91.043s][info][gc,marking  ] GC(82) Concurrent Rebuild Remembered Sets and Scrub Regions 450.068ms
[91.044s][info][gc,start    ] GC(82) Pause Cleanup
[91.044s][info][gc          ] GC(82) Pause Cleanup 896M->896M(1360M) 0.401ms
[91.044s][info][gc,cpu      ] GC(82) User=0.00s Sys=0.00s Real=0.01s
[91.044s][info][gc,marking  ] GC(82) Concurrent Clear Claimed Marks
[91.045s][info][gc,marking  ] GC(82) Concurrent Clear Claimed Marks 0.532ms
[91.045s][info][gc,marking  ] GC(82) Concurrent Cleanup for Next Mark
[91.046s][info][gc,marking  ] GC(82) Concurrent Cleanup for Next Mark 1.303ms
[91.047s][info][gc          ] GC(82) Concurrent Mark Cycle 1142.128ms
[91.363s][info][gc,start    ] GC(84) Pause Young (Prepare Mixed) (G1 Evacuation Pause)
[91.363s][info][gc,task     ] GC(84) Using 6 workers of 6 for evacuation
[91.393s][info][gc,phases   ] GC(84)   Pre Evacuate Collection Set: 0.3ms
[91.393s][info][gc,phases   ] GC(84)   Merge Heap Roots: 0.4ms
[91.393s][info][gc,phases   ] GC(84)   Evacuate Collection Set: 28.1ms
[91.393s][info][gc,phases   ] GC(84)   Post Evacuate Collection Set: 1.1ms
[91.394s][info][gc,phases   ] GC(84)   Other: 0.2ms
[91.394s][info][gc,heap     ] GC(84) Eden regions: 126->0(118)
[91.394s][info][gc,heap     ] GC(84) Survivor regions: 13->14(18)
[91.394s][info][gc,heap     ] GC(84) Old regions: 165->171
[91.394s][info][gc,heap     ] GC(84) Humongous regions: 6->6
[91.394s][info][gc,metaspace] GC(84) Metaspace: 298024K(301760K)->298024K(301760K) NonClass: 258972K(261120K)->258972K(261120K) Class: 39052K(40640K)->39052K(40640K)
[91.394s][info][gc          ] GC(84) Pause Young (Prepare Mixed) (G1 Evacuation Pause) 1236M->759M(1360M) 31.834ms
[91.395s][info][gc,cpu      ] GC(84) User=0.17s Sys=0.00s Real=0.04s
[91.832s][info][gc,start    ] GC(85) Pause Young (Mixed) (G1 Evacuation Pause)
[91.833s][info][gc,task     ] GC(85) Using 6 workers of 6 for evacuation
[91.863s][info][gc,phases   ] GC(85)   Pre Evacuate Collection Set: 0.3ms
[91.864s][info][gc,phases   ] GC(85)   Merge Heap Roots: 0.2ms
[91.864s][info][gc,phases   ] GC(85)   Evacuate Collection Set: 29.3ms
[91.864s][info][gc,phases   ] GC(85)   Post Evacuate Collection Set: 1.0ms
[91.864s][info][gc,phases   ] GC(85)   Other: 0.2ms
[91.864s][info][gc,heap     ] GC(85) Eden regions: 118->0(114)
[91.864s][info][gc,heap     ] GC(85) Survivor regions: 14->14(17)
[91.864s][info][gc,heap     ] GC(85) Old regions: 171->175
[91.865s][info][gc,heap     ] GC(85) Humongous regions: 6->6
[91.865s][info][gc,metaspace] GC(85) Metaspace: 298041K(301760K)->298041K(301760K) NonClass: 258989K(261120K)->258989K(261120K) Class: 39052K(40640K)->39052K(40640K)
[91.865s][info][gc          ] GC(85) Pause Young (Mixed) (G1 Evacuation Pause) 1231M->776M(1360M) 32.517ms
[91.865s][info][gc,cpu      ] GC(85) User=0.17s Sys=0.01s Real=0.04s
[92.280s][info][gc,start    ] GC(86) Pause Young (Concurrent Start) (G1 Evacuation Pause)
[92.280s][info][gc,task     ] GC(86) Using 6 workers of 6 for evacuation
[92.305s][info][gc,phases   ] GC(86)   Pre Evacuate Collection Set: 0.3ms
[92.305s][info][gc,phases   ] GC(86)   Merge Heap Roots: 0.2ms
[92.305s][info][gc,phases   ] GC(86)   Evacuate Collection Set: 22.7ms
[92.305s][info][gc,phases   ] GC(86)   Post Evacuate Collection Set: 1.0ms
[92.305s][info][gc,phases   ] GC(86)   Other: 0.3ms
[92.305s][info][gc,heap     ] GC(86) Eden regions: 114->0(107)
[92.306s][info][gc,heap     ] GC(86) Survivor regions: 14->14(16)
[92.306s][info][gc,heap     ] GC(86) Old regions: 175->182
[92.306s][info][gc,heap     ] GC(86) Humongous regions: 6->6
[92.306s][info][gc,metaspace] GC(86) Metaspace: 298050K(301760K)->298050K(301760K) NonClass: 258998K(261120K)->258998K(261120K) Class: 39052K(40640K)->39052K(40640K)
[92.306s][info][gc          ] GC(86) Pause Young (Concurrent Start) (G1 Evacuation Pause) 1232M->804M(1360M) 26.263ms
[92.306s][info][gc          ] GC(87) Concurrent Mark Cycle
[92.306s][info][gc,marking  ] GC(87) Concurrent Scan Root Regions
[92.306s][info][gc,cpu      ] GC(86) User=0.12s Sys=0.01s Real=0.03s
[92.349s][info][gc,marking  ] GC(87) Concurrent Scan Root Regions 42.179ms
[92.351s][info][gc,marking  ] GC(87) Concurrent Mark
[92.351s][info][gc,marking  ] GC(87) Concurrent Mark From Roots
[92.352s][info][gc,task     ] GC(87) Using 2 workers of 2 for marking
[92.745s][info][gc,start    ] GC(88) Pause Young (Normal) (G1 Evacuation Pause)
[92.745s][info][gc,task     ] GC(88) Using 6 workers of 6 for evacuation
[92.775s][info][gc,phases   ] GC(88)   Pre Evacuate Collection Set: 0.3ms
[92.776s][info][gc,phases   ] GC(88)   Merge Heap Roots: 0.3ms
[92.776s][info][gc,phases   ] GC(88)   Evacuate Collection Set: 28.8ms
[92.776s][info][gc,phases   ] GC(88)   Post Evacuate Collection Set: 1.0ms
[92.776s][info][gc,phases   ] GC(88)   Other: 0.2ms
[92.776s][info][gc,heap     ] GC(88) Eden regions: 107->0(104)
[92.776s][info][gc,heap     ] GC(88) Survivor regions: 14->12(16)
[92.776s][info][gc,heap     ] GC(88) Old regions: 182->189
[92.777s][info][gc,heap     ] GC(88) Humongous regions: 6->6
[92.777s][info][gc,metaspace] GC(88) Metaspace: 298057K(301760K)->298057K(301760K) NonClass: 259005K(261120K)->259005K(261120K) Class: 39052K(40640K)->39052K(40640K)
[92.777s][info][gc          ] GC(88) Pause Young (Normal) (G1 Evacuation Pause) 1232M->827M(1360M) 32.192ms
[92.777s][info][gc,cpu      ] GC(88) User=0.15s Sys=0.02s Real=0.03s
[93.169s][info][gc,marking  ] GC(87) Concurrent Mark From Roots 817.241ms
[93.173s][info][gc,marking  ] GC(87) Concurrent Preclean
[93.178s][info][gc,marking  ] GC(87) Concurrent Preclean 4.604ms
[93.181s][info][gc,start    ] GC(87) Pause Remark
[93.209s][info][gc          ] GC(87) Pause Remark 1120M->1120M(1380M) 28.413ms
[93.210s][info][gc,cpu      ] GC(87) User=0.12s Sys=0.00s Real=0.03s
[93.217s][info][gc,marking  ] GC(87) Concurrent Mark 865.280ms
[93.217s][info][gc,marking  ] GC(87) Concurrent Rebuild Remembered Sets and Scrub Regions
[93.398s][info][gc,start    ] GC(89) Pause Young (Normal) (G1 Evacuation Pause)
[93.399s][info][gc,task     ] GC(89) Using 6 workers of 6 for evacuation
[93.423s][info][gc,phases   ] GC(89)   Pre Evacuate Collection Set: 0.3ms
[93.424s][info][gc,phases   ] GC(89)   Merge Heap Roots: 0.2ms
[93.424s][info][gc,phases   ] GC(89)   Evacuate Collection Set: 22.1ms
[93.424s][info][gc,phases   ] GC(89)   Post Evacuate Collection Set: 1.8ms
[93.424s][info][gc,phases   ] GC(89)   Other: 0.2ms
[93.424s][info][gc,heap     ] GC(89) Eden regions: 103->0(178)
[93.424s][info][gc,heap     ] GC(89) Survivor regions: 12->11(15)
[93.424s][info][gc,heap     ] GC(89) Old regions: 189->196
[93.425s][info][gc,heap     ] GC(89) Humongous regions: 6->6
[93.425s][info][gc,metaspace] GC(89) Metaspace: 298060K(301824K)->298060K(301824K) NonClass: 259008K(261184K)->259008K(261184K) Class: 39052K(40640K)->39052K(40640K)
[93.425s][info][gc          ] GC(89) Pause Young (Normal) (G1 Evacuation Pause) 1239M->849M(1696M) 26.516ms
[93.425s][info][gc,cpu      ] GC(89) User=0.12s Sys=0.00s Real=0.03s
[93.898s][info][gc,marking  ] GC(87) Concurrent Rebuild Remembered Sets and Scrub Regions 681.287ms
[93.901s][info][gc,start    ] GC(87) Pause Cleanup
[93.901s][info][gc          ] GC(87) Pause Cleanup 1221M->1221M(1696M) 0.499ms
[93.901s][info][gc,cpu      ] GC(87) User=0.00s Sys=0.00s Real=0.00s
[93.902s][info][gc,marking  ] GC(87) Concurrent Clear Claimed Marks
[93.904s][info][gc,marking  ] GC(87) Concurrent Clear Claimed Marks 1.766ms
[93.904s][info][gc,marking  ] GC(87) Concurrent Cleanup for Next Mark
[93.912s][info][gc,marking  ] GC(87) Concurrent Cleanup for Next Mark 8.451ms
[93.912s][info][gc          ] GC(87) Concurrent Mark Cycle 1606.107ms
[94.265s][info][gc,start    ] GC(90) Pause Young (Prepare Mixed) (G1 Evacuation Pause)
[94.266s][info][gc,task     ] GC(90) Using 6 workers of 6 for evacuation
[94.296s][info][gc,phases   ] GC(90)   Pre Evacuate Collection Set: 0.3ms
[94.296s][info][gc,phases   ] GC(90)   Merge Heap Roots: 0.3ms
[94.296s][info][gc,phases   ] GC(90)   Evacuate Collection Set: 28.4ms
[94.296s][info][gc,phases   ] GC(90)   Post Evacuate Collection Set: 1.0ms
[94.296s][info][gc,phases   ] GC(90)   Other: 0.2ms
[94.297s][info][gc,heap     ] GC(90) Eden regions: 178->0(158)
[94.297s][info][gc,heap     ] GC(90) Survivor regions: 11->21(24)
[94.297s][info][gc,heap     ] GC(90) Old regions: 196->196
[94.297s][info][gc,heap     ] GC(90) Humongous regions: 6->6
[94.297s][info][gc,metaspace] GC(90) Metaspace: 298068K(301824K)->298068K(301824K) NonClass: 259015K(261184K)->259015K(261184K) Class: 39052K(40640K)->39052K(40640K)
[94.297s][info][gc          ] GC(90) Pause Young (Prepare Mixed) (G1 Evacuation Pause) 1561M->889M(1696M) 31.947ms
[94.297s][info][gc,cpu      ] GC(90) User=0.17s Sys=0.00s Real=0.03s
[96.323s][info][gc,start    ] GC(91) Pause Young (Mixed) (G1 Evacuation Pause)
[96.323s][info][gc,task     ] GC(91) Using 6 workers of 6 for evacuation
[96.369s][info][gc,phases   ] GC(91)   Pre Evacuate Collection Set: 0.4ms
[96.369s][info][gc,phases   ] GC(91)   Merge Heap Roots: 0.3ms
[96.369s][info][gc,phases   ] GC(91)   Evacuate Collection Set: 43.0ms
[96.369s][info][gc,phases   ] GC(91)   Post Evacuate Collection Set: 1.4ms
[96.369s][info][gc,phases   ] GC(91)   Other: 0.3ms
[96.369s][info][gc,heap     ] GC(91) Eden regions: 158->0(154)
[96.370s][info][gc,heap     ] GC(91) Survivor regions: 21->19(23)
[96.370s][info][gc,heap     ] GC(91) Old regions: 196->204
[96.370s][info][gc,heap     ] GC(91) Humongous regions: 6->6
[96.370s][info][gc,metaspace] GC(91) Metaspace: 298738K(302528K)->298738K(302528K) NonClass: 259615K(261824K)->259615K(261824K) Class: 39122K(40704K)->39122K(40704K)
[96.370s][info][gc          ] GC(91) Pause Young (Mixed) (G1 Evacuation Pause) 1521M->912M(1696M) 47.269ms
[96.370s][info][gc,cpu      ] GC(91) User=0.24s Sys=0.01s Real=0.05s
[101.291s][info][gc,heap,exit] Heap
[101.291s][info][gc,heap,exit]  garbage-first heap   total 1736704K, used 1245519K [0x00000006a6400000, 0x0000000800000000)
[101.291s][info][gc,heap,exit]   region size 4096K, 95 young (389120K), 19 survivors (77824K)
[101.291s][info][gc,heap,exit]  Metaspace       used 303780K, committed 307648K, reserved 1376256K
[101.291s][info][gc,heap,exit]   class space    used 39816K, committed 41472K, reserved 1048576K
