[0.218s][info][gc,start    ] GC(0) Pause Young (Normal) (G1 Evacuation Pause)
[0.219s][info][gc,task     ] GC(0) Using 3 workers of 6 for evacuation
[0.224s][info][gc,phases   ] GC(0)   Pre Evacuate Collection Set: 0.3ms
[0.224s][info][gc,phases   ] GC(0)   Merge Heap Roots: 0.3ms
[0.224s][info][gc,phases   ] GC(0)   Evacuate Collection Set: 3.0ms
[0.225s][info][gc,phases   ] GC(0)   Post Evacuate Collection Set: 0.5ms
[0.225s][info][gc,phases   ] GC(0)   Other: 1.0ms
[0.225s][info][gc,heap     ] GC(0) Eden regions: 4->0(2)
[0.226s][info][gc,heap     ] GC(0) Survivor regions: 0->1(1)
[0.226s][info][gc,heap     ] GC(0) Old regions: 1->2
[0.226s][info][gc,heap     ] GC(0) Humongous regions: 0->0
[0.227s][info][gc,metaspace] GC(0) Metaspace: 3559K(3776K)->3559K(3776K) NonClass: 3275K(3392K)->3275K(3392K) Class: 284K(384K)->284K(384K)
[0.227s][info][gc          ] GC(0) Pause Young (Normal) (G1 Evacuation Pause) 17M->8M(132M) 9.188ms
[0.227s][info][gc,cpu      ] GC(0) User=0.00s Sys=0.01s Real=0.01s
[0.367s][info][gc,start    ] GC(1) Pause Young (Normal) (G1 Evacuation Pause)
[0.368s][info][gc,task     ] GC(1) Using 6 workers of 6 for evacuation
[0.372s][info][gc,phases   ] GC(1)   Pre Evacuate Collection Set: 0.2ms
[0.372s][info][gc,phases   ] GC(1)   Merge Heap Roots: 0.1ms
[0.372s][info][gc,phases   ] GC(1)   Evacuate Collection Set: 2.8ms
[0.373s][info][gc,phases   ] GC(1)   Post Evacuate Collection Set: 0.6ms
[0.373s][info][gc,phases   ] GC(1)   Other: 0.7ms
[0.373s][info][gc,heap     ] GC(1) Eden regions: 2->0(8)
[0.373s][info][gc,heap     ] GC(1) Survivor regions: 1->1(1)
[0.373s][info][gc,heap     ] GC(1) Old regions: 2->3
[0.373s][info][gc,heap     ] GC(1) Humongous regions: 0->0
[0.373s][info][gc,metaspace] GC(1) Metaspace: 14285K(14656K)->14285K(14656K) NonClass: 12928K(13120K)->12928K(13120K) Class: 1356K(1536K)->1356K(1536K)
[0.373s][info][gc          ] GC(1) Pause Young (Normal) (G1 Evacuation Pause) 16M->10M(132M) 6.275ms
[0.374s][info][gc,cpu      ] GC(1) User=0.00s Sys=0.02s Real=0.01s
[0.552s][info][gc,start    ] GC(2) Pause Young (Normal) (G1 Evacuation Pause)
[0.553s][info][gc,task     ] GC(2) Using 6 workers of 6 for evacuation
[0.565s][info][gc,phases   ] GC(2)   Pre Evacuate Collection Set: 0.2ms
[0.565s][info][gc,phases   ] GC(2)   Merge Heap Roots: 0.1ms
[0.565s][info][gc,phases   ] GC(2)   Evacuate Collection Set: 10.7ms
[0.565s][info][gc,phases   ] GC(2)   Post Evacuate Collection Set: 0.8ms
[0.566s][info][gc,phases   ] GC(2)   Other: 0.2ms
[0.566s][info][gc,heap     ] GC(2) Eden regions: 8->0(8)
[0.566s][info][gc,heap     ] GC(2) Survivor regions: 1->2(2)
[0.566s][info][gc,heap     ] GC(2) Old regions: 3->5
[0.566s][info][gc,heap     ] GC(2) Humongous regions: 0->0
[0.566s][info][gc,metaspace] GC(2) Metaspace: 18125K(18496K)->18125K(18496K) NonClass: 16331K(16512K)->16331K(16512K) Class: 1794K(1984K)->1794K(1984K)
[0.566s][info][gc          ] GC(2) Pause Young (Normal) (G1 Evacuation Pause) 42M->24M(132M) 14.034ms
[0.567s][info][gc,cpu      ] GC(2) User=0.03s Sys=0.03s Real=0.01s
[0.689s][info][gc,start    ] GC(3) Pause Young (Concurrent Start) (Metadata GC Threshold)
[0.689s][info][gc,task     ] GC(3) Using 6 workers of 6 for evacuation
[0.698s][info][gc,phases   ] GC(3)   Pre Evacuate Collection Set: 0.4ms
[0.699s][info][gc,phases   ] GC(3)   Merge Heap Roots: 0.1ms
[0.699s][info][gc,phases   ] GC(3)   Evacuate Collection Set: 7.4ms
[0.699s][info][gc,phases   ] GC(3)   Post Evacuate Collection Set: 0.7ms
[0.699s][info][gc,phases   ] GC(3)   Other: 0.4ms
[0.700s][info][gc,heap     ] GC(3) Eden regions: 2->0(11)
[0.700s][info][gc,heap     ] GC(3) Survivor regions: 2->1(2)
[0.700s][info][gc,heap     ] GC(3) Old regions: 5->7
[0.700s][info][gc,heap     ] GC(3) Humongous regions: 0->0
[0.700s][info][gc,metaspace] GC(3) Metaspace: 21033K(21504K)->21033K(21504K) NonClass: 18964K(19200K)->18964K(19200K) Class: 2068K(2304K)->2068K(2304K)
[0.700s][info][gc          ] GC(3) Pause Young (Concurrent Start) (Metadata GC Threshold) 30M->26M(132M) 11.403ms
[0.701s][info][gc,cpu      ] GC(3) User=0.03s Sys=0.01s Real=0.02s
[0.701s][info][gc          ] GC(4) Concurrent Mark Cycle
[0.701s][info][gc,marking  ] GC(4) Concurrent Scan Root Regions
[0.703s][info][gc,marking  ] GC(4) Concurrent Scan Root Regions 2.432ms
[0.704s][info][gc,marking  ] GC(4) Concurrent Mark
[0.704s][info][gc,marking  ] GC(4) Concurrent Mark From Roots
[0.704s][info][gc,task     ] GC(4) Using 2 workers of 2 for marking
[0.710s][info][gc,marking  ] GC(4) Concurrent Mark From Roots 6.349ms
[0.711s][info][gc,marking  ] GC(4) Concurrent Preclean
[0.711s][info][gc,marking  ] GC(4) Concurrent Preclean 0.229ms
[0.711s][info][gc,start    ] GC(4) Pause Remark
[0.713s][info][gc          ] GC(4) Pause Remark 27M->27M(128M) 2.073ms
[0.714s][info][gc,cpu      ] GC(4) User=0.00s Sys=0.00s Real=0.00s
[0.714s][info][gc,marking  ] GC(4) Concurrent Mark 10.228ms
[0.714s][info][gc,marking  ] GC(4) Concurrent Rebuild Remembered Sets and Scrub Regions
[0.719s][info][gc,marking  ] GC(4) Concurrent Rebuild Remembered Sets and Scrub Regions 5.082ms
[0.720s][info][gc,start    ] GC(4) Pause Cleanup
[0.720s][info][gc          ] GC(4) Pause Cleanup 27M->27M(128M) 0.322ms
[0.720s][info][gc,cpu      ] GC(4) User=0.00s Sys=0.00s Real=0.01s
[0.721s][info][gc,marking  ] GC(4) Concurrent Clear Claimed Marks
[0.721s][info][gc,marking  ] GC(4) Concurrent Clear Claimed Marks 0.262ms
[0.721s][info][gc,marking  ] GC(4) Concurrent Cleanup for Next Mark
[0.722s][info][gc,marking  ] GC(4) Concurrent Cleanup for Next Mark 1.327ms
[0.723s][info][gc          ] GC(4) Concurrent Mark Cycle 22.089ms
[1.217s][info][gc,start    ] GC(5) Pause Young (Prepare Mixed) (Metadata GC Threshold)
[1.217s][info][gc,task     ] GC(5) Using 6 workers of 6 for evacuation
[1.222s][info][gc,phases   ] GC(5)   Pre Evacuate Collection Set: 0.2ms
[1.222s][info][gc,phases   ] GC(5)   Merge Heap Roots: 0.1ms
[1.222s][info][gc,phases   ] GC(5)   Evacuate Collection Set: 3.2ms
[1.222s][info][gc,phases   ] GC(5)   Post Evacuate Collection Set: 1.1ms
[1.223s][info][gc,phases   ] GC(5)   Other: 0.2ms
[1.223s][info][gc,heap     ] GC(5) Eden regions: 7->0(17)
[1.223s][info][gc,heap     ] GC(5) Survivor regions: 1->2(2)
[1.223s][info][gc,heap     ] GC(5) Old regions: 7->7
[1.223s][info][gc,heap     ] GC(5) Humongous regions: 0->0
[1.223s][info][gc,metaspace] GC(5) Metaspace: 35455K(36096K)->35455K(36096K) NonClass: 31731K(32064K)->31731K(32064K) Class: 3723K(4032K)->3723K(4032K)
[1.223s][info][gc          ] GC(5) Pause Young (Prepare Mixed) (Metadata GC Threshold) 53M->30M(164M) 6.293ms
[1.223s][info][gc,cpu      ] GC(5) User=0.02s Sys=0.00s Real=0.01s
[1.228s][info][gc,start    ] GC(6) Pause Young (Mixed) (Metadata GC Threshold)
[1.229s][info][gc,task     ] GC(6) Using 6 workers of 6 for evacuation
[1.236s][info][gc,phases   ] GC(6)   Pre Evacuate Collection Set: 0.1ms
[1.236s][info][gc,phases   ] GC(6)   Merge Heap Roots: 0.2ms
[1.237s][info][gc,phases   ] GC(6)   Evacuate Collection Set: 6.5ms
[1.237s][info][gc,phases   ] GC(6)   Post Evacuate Collection Set: 0.6ms
[1.237s][info][gc,phases   ] GC(6)   Other: 0.2ms
[1.237s][info][gc,heap     ] GC(6) Eden regions: 1->0(17)
[1.237s][info][gc,heap     ] GC(6) Survivor regions: 2->2(3)
[1.237s][info][gc,heap     ] GC(6) Old regions: 7->7
[1.237s][info][gc,heap     ] GC(6) Humongous regions: 0->0
[1.238s][info][gc,metaspace] GC(6) Metaspace: 35811K(36416K)->35811K(36416K) NonClass: 32057K(32384K)->32057K(32384K) Class: 3754K(4032K)->3754K(4032K)
[1.238s][info][gc          ] GC(6) Pause Young (Mixed) (Metadata GC Threshold) 30M->30M(164M) 9.458ms
[1.238s][info][gc,cpu      ] GC(6) User=0.02s Sys=0.00s Real=0.01s
[1.244s][info][gc,start    ] GC(7) Pause Young (Concurrent Start) (Metadata GC Threshold)
[1.244s][info][gc,task     ] GC(7) Using 6 workers of 6 for evacuation
[1.250s][info][gc,phases   ] GC(7)   Pre Evacuate Collection Set: 0.2ms
[1.250s][info][gc,phases   ] GC(7)   Merge Heap Roots: 0.1ms
[1.250s][info][gc,phases   ] GC(7)   Evacuate Collection Set: 4.2ms
[1.250s][info][gc,phases   ] GC(7)   Post Evacuate Collection Set: 0.6ms
[1.250s][info][gc,phases   ] GC(7)   Other: 0.3ms
[1.251s][info][gc,heap     ] GC(7) Eden regions: 1->0(20)
[1.251s][info][gc,heap     ] GC(7) Survivor regions: 2->2(3)
[1.251s][info][gc,heap     ] GC(7) Old regions: 7->7
[1.251s][info][gc,heap     ] GC(7) Humongous regions: 0->0
[1.251s][info][gc,metaspace] GC(7) Metaspace: 36165K(36736K)->36165K(36736K) NonClass: 32379K(32704K)->32379K(32704K) Class: 3785K(4032K)->3785K(4032K)
[1.251s][info][gc          ] GC(7) Pause Young (Concurrent Start) (Metadata GC Threshold) 31M->30M(164M) 7.202ms
[1.251s][info][gc,cpu      ] GC(7) User=0.02s Sys=0.00s Real=0.01s
[1.251s][info][gc          ] GC(8) Concurrent Mark Cycle
[1.252s][info][gc,marking  ] GC(8) Concurrent Scan Root Regions
[1.255s][info][gc,marking  ] GC(8) Concurrent Scan Root Regions 3.397ms
[1.256s][info][gc,marking  ] GC(8) Concurrent Mark
[1.256s][info][gc,marking  ] GC(8) Concurrent Mark From Roots
[1.256s][info][gc,task     ] GC(8) Using 2 workers of 2 for marking
[1.270s][info][gc,marking  ] GC(8) Concurrent Mark From Roots 14.084ms
[1.270s][info][gc,marking  ] GC(8) Concurrent Preclean
[1.270s][info][gc,marking  ] GC(8) Concurrent Preclean 0.209ms
[1.271s][info][gc,start    ] GC(8) Pause Remark
[1.273s][info][gc          ] GC(8) Pause Remark 32M->32M(128M) 1.996ms
[1.273s][info][gc,cpu      ] GC(8) User=0.01s Sys=0.00s Real=0.00s
[1.273s][info][gc,marking  ] GC(8) Concurrent Mark 17.462ms
[1.273s][info][gc,marking  ] GC(8) Concurrent Rebuild Remembered Sets and Scrub Regions
[1.293s][info][gc,marking  ] GC(8) Concurrent Rebuild Remembered Sets and Scrub Regions 20.197ms
[1.295s][info][gc,start    ] GC(8) Pause Cleanup
[1.296s][info][gc          ] GC(8) Pause Cleanup 35M->35M(128M) 0.788ms
[1.296s][info][gc,cpu      ] GC(8) User=0.01s Sys=0.00s Real=0.00s
[1.297s][info][gc,marking  ] GC(8) Concurrent Clear Claimed Marks
[1.297s][info][gc,marking  ] GC(8) Concurrent Clear Claimed Marks 0.369ms
[1.298s][info][gc,marking  ] GC(8) Concurrent Cleanup for Next Mark
[1.300s][info][gc,marking  ] GC(8) Concurrent Cleanup for Next Mark 1.793ms
[1.300s][info][gc          ] GC(8) Concurrent Mark Cycle 48.746ms
[1.872s][info][gc,start    ] GC(9) Pause Young (Prepare Mixed) (Metadata GC Threshold)
[1.872s][info][gc,task     ] GC(9) Using 6 workers of 6 for evacuation
[1.889s][info][gc,phases   ] GC(9)   Pre Evacuate Collection Set: 0.2ms
[1.890s][info][gc,phases   ] GC(9)   Merge Heap Roots: 0.1ms
[1.890s][info][gc,phases   ] GC(9)   Evacuate Collection Set: 12.3ms
[1.890s][info][gc,phases   ] GC(9)   Post Evacuate Collection Set: 3.2ms
[1.890s][info][gc,phases   ] GC(9)   Other: 1.7ms
[1.890s][info][gc,heap     ] GC(9) Eden regions: 15->0(12)
[1.891s][info][gc,heap     ] GC(9) Survivor regions: 2->3(3)
[1.891s][info][gc,heap     ] GC(9) Old regions: 7->8
[1.891s][info][gc,heap     ] GC(9) Humongous regions: 0->0
[1.891s][info][gc,metaspace] GC(9) Metaspace: 61271K(62336K)->61271K(62336K) NonClass: 54482K(55104K)->54482K(55104K) Class: 6788K(7232K)->6788K(7232K)
[1.891s][info][gc          ] GC(9) Pause Young (Prepare Mixed) (Metadata GC Threshold) 90M->37M(128M) 19.489ms
[1.891s][info][gc,cpu      ] GC(9) User=0.04s Sys=0.02s Real=0.02s
[1.900s][info][gc,start    ] GC(10) Pause Young (Mixed) (Metadata GC Threshold)
[1.900s][info][gc,task     ] GC(10) Using 6 workers of 6 for evacuation
[1.919s][info][gc,phases   ] GC(10)   Pre Evacuate Collection Set: 0.2ms
[1.919s][info][gc,phases   ] GC(10)   Merge Heap Roots: 0.2ms
[1.919s][info][gc,phases   ] GC(10)   Evacuate Collection Set: 17.4ms
[1.920s][info][gc,phases   ] GC(10)   Post Evacuate Collection Set: 0.8ms
[1.920s][info][gc,phases   ] GC(10)   Other: 0.2ms
[1.920s][info][gc,heap     ] GC(10) Eden regions: 1->0(12)
[1.920s][info][gc,heap     ] GC(10) Survivor regions: 3->1(2)
[1.920s][info][gc,heap     ] GC(10) Old regions: 8->10
[1.920s][info][gc,heap     ] GC(10) Humongous regions: 0->0
[1.921s][info][gc,metaspace] GC(10) Metaspace: 61647K(62656K)->61647K(62656K) NonClass: 54815K(55424K)->54815K(55424K) Class: 6832K(7232K)->6832K(7232K)
[1.921s][info][gc          ] GC(10) Pause Young (Mixed) (Metadata GC Threshold) 38M->39M(128M) 20.731ms
[1.921s][info][gc,cpu      ] GC(10) User=0.06s Sys=0.03s Real=0.02s
[1.926s][info][gc,start    ] GC(11) Pause Young (Concurrent Start) (Metadata GC Threshold)
[1.927s][info][gc,task     ] GC(11) Using 6 workers of 6 for evacuation
[1.929s][info][gc,phases   ] GC(11)   Pre Evacuate Collection Set: 0.2ms
[1.929s][info][gc,phases   ] GC(11)   Merge Heap Roots: 0.1ms
[1.929s][info][gc,phases   ] GC(11)   Evacuate Collection Set: 0.9ms
[1.929s][info][gc,phases   ] GC(11)   Post Evacuate Collection Set: 0.8ms
[1.930s][info][gc,phases   ] GC(11)   Other: 0.3ms
[1.930s][info][gc,heap     ] GC(11) Eden regions: 1->0(14)
[1.930s][info][gc,heap     ] GC(11) Survivor regions: 1->1(2)
[1.930s][info][gc,heap     ] GC(11) Old regions: 10->10
[1.930s][info][gc,heap     ] GC(11) Humongous regions: 0->0
[1.930s][info][gc,metaspace] GC(11) Metaspace: 61977K(62976K)->61977K(62976K) NonClass: 55113K(55680K)->55113K(55680K) Class: 6864K(7296K)->6864K(7296K)
[1.931s][info][gc          ] GC(11) Pause Young (Concurrent Start) (Metadata GC Threshold) 39M->37M(128M) 4.328ms
[1.931s][info][gc,cpu      ] GC(11) User=0.01s Sys=0.00s Real=0.01s
[1.931s][info][gc          ] GC(12) Concurrent Mark Cycle
[1.931s][info][gc,marking  ] GC(12) Concurrent Scan Root Regions
[1.932s][info][gc,marking  ] GC(12) Concurrent Scan Root Regions 0.885ms
[1.932s][info][gc,marking  ] GC(12) Concurrent Mark
[1.933s][info][gc,marking  ] GC(12) Concurrent Mark From Roots
[1.933s][info][gc,task     ] GC(12) Using 2 workers of 2 for marking
[1.983s][info][gc,marking  ] GC(12) Concurrent Mark From Roots 50.600ms
[1.984s][info][gc,marking  ] GC(12) Concurrent Preclean
[1.984s][info][gc,marking  ] GC(12) Concurrent Preclean 0.303ms
[1.985s][info][gc,start    ] GC(12) Pause Remark
[1.991s][info][gc          ] GC(12) Pause Remark 39M->39M(128M) 5.122ms
[1.991s][info][gc,cpu      ] GC(12) User=0.01s Sys=0.01s Real=0.01s
[1.999s][info][gc,marking  ] GC(12) Concurrent Mark 66.592ms
[1.999s][info][gc,marking  ] GC(12) Concurrent Rebuild Remembered Sets and Scrub Regions
[2.006s][info][gc,marking  ] GC(12) Concurrent Rebuild Remembered Sets and Scrub Regions 6.961ms
[2.007s][info][gc,start    ] GC(12) Pause Cleanup
[2.007s][info][gc          ] GC(12) Pause Cleanup 40M->40M(128M) 0.329ms
[2.008s][info][gc,cpu      ] GC(12) User=0.01s Sys=0.00s Real=0.00s
[2.008s][info][gc,marking  ] GC(12) Concurrent Clear Claimed Marks
[2.009s][info][gc,marking  ] GC(12) Concurrent Clear Claimed Marks 1.288ms
[2.009s][info][gc,marking  ] GC(12) Concurrent Cleanup for Next Mark
[2.010s][info][gc,marking  ] GC(12) Concurrent Cleanup for Next Mark 0.228ms
[2.011s][info][gc          ] GC(12) Concurrent Mark Cycle 80.586ms
[2.655s][info][gc,start    ] GC(13) Pause Young (Prepare Mixed) (G1 Evacuation Pause)
[2.655s][info][gc,task     ] GC(13) Using 6 workers of 6 for evacuation
[2.665s][info][gc,phases   ] GC(13)   Pre Evacuate Collection Set: 0.3ms
[2.666s][info][gc,phases   ] GC(13)   Merge Heap Roots: 0.1ms
[2.666s][info][gc,phases   ] GC(13)   Evacuate Collection Set: 8.2ms
[2.666s][info][gc,phases   ] GC(13)   Post Evacuate Collection Set: 1.2ms
[2.666s][info][gc,phases   ] GC(13)   Other: 0.3ms
[2.667s][info][gc,heap     ] GC(13) Eden regions: 14->0(12)
[2.667s][info][gc,heap     ] GC(13) Survivor regions: 1->2(2)
[2.667s][info][gc,heap     ] GC(13) Old regions: 10->11
[2.669s][info][gc,heap     ] GC(13) Humongous regions: 0->0
[2.669s][info][gc,metaspace] GC(13) Metaspace: 78733K(79936K)->78733K(79936K) NonClass: 69825K(70528K)->69825K(70528K) Class: 8907K(9408K)->8907K(9408K)
[2.669s][info][gc          ] GC(13) Pause Young (Prepare Mixed) (G1 Evacuation Pause) 93M->49M(128M) 14.212ms
[2.669s][info][gc,cpu      ] GC(13) User=0.05s Sys=0.00s Real=0.01s
[3.313s][info][gc,start    ] GC(14) Pause Young (Mixed) (G1 Evacuation Pause)
[3.313s][info][gc,task     ] GC(14) Using 6 workers of 6 for evacuation
[3.328s][info][gc,phases   ] GC(14)   Pre Evacuate Collection Set: 0.2ms
[3.328s][info][gc,phases   ] GC(14)   Merge Heap Roots: 0.1ms
[3.329s][info][gc,phases   ] GC(14)   Evacuate Collection Set: 12.8ms
[3.329s][info][gc,phases   ] GC(14)   Post Evacuate Collection Set: 1.8ms
[3.329s][info][gc,phases   ] GC(14)   Other: 0.2ms
[3.329s][info][gc,heap     ] GC(14) Eden regions: 12->0(55)
[3.329s][info][gc,heap     ] GC(14) Survivor regions: 2->2(2)
[3.329s][info][gc,heap     ] GC(14) Old regions: 11->13
[3.330s][info][gc,heap     ] GC(14) Humongous regions: 0->0
[3.330s][info][gc,metaspace] GC(14) Metaspace: 84788K(86144K)->84788K(86144K) NonClass: 75093K(75904K)->75093K(75904K) Class: 9695K(10240K)->9695K(10240K)
[3.330s][info][gc          ] GC(14) Pause Young (Mixed) (G1 Evacuation Pause) 97M->56M(384M) 17.073ms
[3.330s][info][gc,cpu      ] GC(14) User=0.07s Sys=0.00s Real=0.02s
[3.508s][info][gc,heap,exit] Heap
[3.508s][info][gc,heap,exit]  garbage-first heap   total 393216K, used 69064K [0x00000006a6400000, 0x0000000800000000)
[3.509s][info][gc,heap,exit]   region size 4096K, 5 young (20480K), 2 survivors (8192K)
[3.509s][info][gc,heap,exit]  Metaspace       used 85851K, committed 87232K, reserved 1179648K
[3.509s][info][gc,heap,exit]   class space    used 9804K, committed 10368K, reserved 1048576K
