[0.234s][info][gc,start    ] GC(0) Pause Young (Normal) (G1 Evacuation Pause)
[0.236s][info][gc,task     ] GC(0) Using 3 workers of 6 for evacuation
[0.241s][info][gc,phases   ] GC(0)   Pre Evacuate Collection Set: 0.3ms
[0.241s][info][gc,phases   ] GC(0)   Merge Heap Roots: 0.2ms
[0.242s][info][gc,phases   ] GC(0)   Evacuate Collection Set: 3.6ms
[0.242s][info][gc,phases   ] GC(0)   Post Evacuate Collection Set: 0.6ms
[0.242s][info][gc,phases   ] GC(0)   Other: 1.1ms
[0.243s][info][gc,heap     ] GC(0) Eden regions: 4->0(2)
[0.243s][info][gc,heap     ] GC(0) Survivor regions: 0->1(1)
[0.243s][info][gc,heap     ] GC(0) Old regions: 1->2
[0.244s][info][gc,heap     ] GC(0) Humongous regions: 0->0
[0.244s][info][gc,metaspace] GC(0) Metaspace: 3558K(3776K)->3558K(3776K) NonClass: 3273K(3392K)->3273K(3392K) Class: 284K(384K)->284K(384K)
[0.244s][info][gc          ] GC(0) Pause Young (Normal) (G1 Evacuation Pause) 17M->8M(132M) 9.868ms
[0.244s][info][gc,cpu      ] GC(0) User=0.01s Sys=0.00s Real=0.01s
[0.377s][info][gc,start    ] GC(1) Pause Young (Normal) (G1 Evacuation Pause)
[0.378s][info][gc,task     ] GC(1) Using 6 workers of 6 for evacuation
[0.382s][info][gc,phases   ] GC(1)   Pre Evacuate Collection Set: 0.2ms
[0.382s][info][gc,phases   ] GC(1)   Merge Heap Roots: 0.1ms
[0.383s][info][gc,phases   ] GC(1)   Evacuate Collection Set: 3.1ms
[0.383s][info][gc,phases   ] GC(1)   Post Evacuate Collection Set: 0.5ms
[0.383s][info][gc,phases   ] GC(1)   Other: 0.7ms
[0.383s][info][gc,heap     ] GC(1) Eden regions: 2->0(7)
[0.383s][info][gc,heap     ] GC(1) Survivor regions: 1->1(1)
[0.383s][info][gc,heap     ] GC(1) Old regions: 2->3
[0.383s][info][gc,heap     ] GC(1) Humongous regions: 0->0
[0.383s][info][gc,metaspace] GC(1) Metaspace: 14271K(14528K)->14271K(14528K) NonClass: 12925K(13056K)->12925K(13056K) Class: 1346K(1472K)->1346K(1472K)
[0.384s][info][gc          ] GC(1) Pause Young (Normal) (G1 Evacuation Pause) 16M->11M(132M) 6.387ms
[0.384s][info][gc,cpu      ] GC(1) User=0.01s Sys=0.00s Real=0.01s
[0.517s][info][gc,start    ] GC(2) Pause Young (Normal) (G1 Evacuation Pause)
[0.518s][info][gc,task     ] GC(2) Using 6 workers of 6 for evacuation
[0.524s][info][gc,phases   ] GC(2)   Pre Evacuate Collection Set: 0.2ms
[0.525s][info][gc,phases   ] GC(2)   Merge Heap Roots: 0.1ms
[0.525s][info][gc,phases   ] GC(2)   Evacuate Collection Set: 5.8ms
[0.525s][info][gc,phases   ] GC(2)   Post Evacuate Collection Set: 0.6ms
[0.525s][info][gc,phases   ] GC(2)   Other: 0.2ms
[0.525s][info][gc,heap     ] GC(2) Eden regions: 7->0(8)
[0.525s][info][gc,heap     ] GC(2) Survivor regions: 1->1(1)
[0.526s][info][gc,heap     ] GC(2) Old regions: 3->6
[0.526s][info][gc,heap     ] GC(2) Humongous regions: 0->0
[0.526s][info][gc,metaspace] GC(2) Metaspace: 17917K(18240K)->17917K(18240K) NonClass: 16147K(16320K)->16147K(16320K) Class: 1770K(1920K)->1770K(1920K)
[0.526s][info][gc          ] GC(2) Pause Young (Normal) (G1 Evacuation Pause) 39M->25M(132M) 8.832ms
[0.526s][info][gc,cpu      ] GC(2) User=0.03s Sys=0.01s Real=0.01s
[0.691s][info][gc,start    ] GC(3) Pause Young (Concurrent Start) (Metadata GC Threshold)
[0.692s][info][gc,task     ] GC(3) Using 6 workers of 6 for evacuation
[0.696s][info][gc,phases   ] GC(3)   Pre Evacuate Collection Set: 0.2ms
[0.697s][info][gc,phases   ] GC(3)   Merge Heap Roots: 0.1ms
[0.697s][info][gc,phases   ] GC(3)   Evacuate Collection Set: 3.5ms
[0.697s][info][gc,phases   ] GC(3)   Post Evacuate Collection Set: 0.6ms
[0.697s][info][gc,phases   ] GC(3)   Other: 0.3ms
[0.697s][info][gc,heap     ] GC(3) Eden regions: 3->0(10)
[0.697s][info][gc,heap     ] GC(3) Survivor regions: 1->2(2)
[0.697s][info][gc,heap     ] GC(3) Old regions: 6->6
[0.698s][info][gc,heap     ] GC(3) Humongous regions: 0->0
[0.698s][info][gc,metaspace] GC(3) Metaspace: 21085K(21504K)->21085K(21504K) NonClass: 19014K(19264K)->19014K(19264K) Class: 2071K(2240K)->2071K(2240K)
[0.698s][info][gc          ] GC(3) Pause Young (Concurrent Start) (Metadata GC Threshold) 33M->27M(132M) 6.368ms
[0.698s][info][gc,cpu      ] GC(3) User=0.01s Sys=0.01s Real=0.00s
[0.698s][info][gc          ] GC(4) Concurrent Mark Cycle
[0.698s][info][gc,marking  ] GC(4) Concurrent Scan Root Regions
[0.701s][info][gc,marking  ] GC(4) Concurrent Scan Root Regions 3.217ms
[0.702s][info][gc,marking  ] GC(4) Concurrent Mark
[0.702s][info][gc,marking  ] GC(4) Concurrent Mark From Roots
[0.702s][info][gc,task     ] GC(4) Using 2 workers of 2 for marking
[0.712s][info][gc,marking  ] GC(4) Concurrent Mark From Roots 9.947ms
[0.712s][info][gc,marking  ] GC(4) Concurrent Preclean
[0.713s][info][gc,marking  ] GC(4) Concurrent Preclean 0.250ms
[0.713s][info][gc,start    ] GC(4) Pause Remark
[0.716s][info][gc          ] GC(4) Pause Remark 27M->27M(128M) 3.021ms
[0.716s][info][gc,cpu      ] GC(4) User=0.01s Sys=0.00s Real=0.00s
[0.716s][info][gc,marking  ] GC(4) Concurrent Mark 14.569ms
[0.717s][info][gc,marking  ] GC(4) Concurrent Rebuild Remembered Sets and Scrub Regions
[0.724s][info][gc,marking  ] GC(4) Concurrent Rebuild Remembered Sets and Scrub Regions 7.425ms
[0.724s][info][gc,start    ] GC(4) Pause Cleanup
[0.725s][info][gc          ] GC(4) Pause Cleanup 27M->27M(128M) 0.603ms
[0.725s][info][gc,cpu      ] GC(4) User=0.00s Sys=0.00s Real=0.00s
[0.726s][info][gc,marking  ] GC(4) Concurrent Clear Claimed Marks
[0.726s][info][gc,marking  ] GC(4) Concurrent Clear Claimed Marks 0.218ms
[0.726s][info][gc,marking  ] GC(4) Concurrent Cleanup for Next Mark
[0.728s][info][gc,marking  ] GC(4) Concurrent Cleanup for Next Mark 1.716ms
[0.728s][info][gc          ] GC(4) Concurrent Mark Cycle 30.135ms
[1.203s][info][gc,start    ] GC(5) Pause Young (Prepare Mixed) (G1 Evacuation Pause)
[1.203s][info][gc,task     ] GC(5) Using 6 workers of 6 for evacuation
[1.209s][info][gc,phases   ] GC(5)   Pre Evacuate Collection Set: 0.2ms
[1.210s][info][gc,phases   ] GC(5)   Merge Heap Roots: 0.2ms
[1.210s][info][gc,phases   ] GC(5)   Evacuate Collection Set: 4.9ms
[1.210s][info][gc,phases   ] GC(5)   Post Evacuate Collection Set: 0.9ms
[1.210s][info][gc,phases   ] GC(5)   Other: 0.3ms
[1.211s][info][gc,heap     ] GC(5) Eden regions: 3->0(15)
[1.211s][info][gc,heap     ] GC(5) Survivor regions: 2->1(1)
[1.211s][info][gc,heap     ] GC(5) Old regions: 6->8
[1.211s][info][gc,heap     ] GC(5) Humongous regions: 0->0
[1.211s][info][gc,metaspace] GC(5) Metaspace: 28162K(28672K)->28162K(28672K) NonClass: 25303K(25600K)->25303K(25600K) Class: 2859K(3072K)->2859K(3072K)
[1.211s][info][gc          ] GC(5) Pause Young (Prepare Mixed) (G1 Evacuation Pause) 39M->29M(160M) 8.750ms
[1.211s][info][gc,cpu      ] GC(5) User=0.03s Sys=0.00s Real=0.01s
[1.458s][info][gc,start    ] GC(6) Pause Young (Mixed) (Metadata GC Threshold)
[1.458s][info][gc,task     ] GC(6) Using 6 workers of 6 for evacuation
[1.502s][info][gc,phases   ] GC(6)   Pre Evacuate Collection Set: 0.9ms
[1.502s][info][gc,phases   ] GC(6)   Merge Heap Roots: 0.4ms
[1.502s][info][gc,phases   ] GC(6)   Evacuate Collection Set: 39.9ms
[1.502s][info][gc,phases   ] GC(6)   Post Evacuate Collection Set: 2.0ms
[1.502s][info][gc,phases   ] GC(6)   Other: 0.3ms
[1.503s][info][gc,heap     ] GC(6) Eden regions: 4->0(15)
[1.503s][info][gc,heap     ] GC(6) Survivor regions: 1->2(2)
[1.503s][info][gc,heap     ] GC(6) Old regions: 8->7
[1.504s][info][gc,heap     ] GC(6) Humongous regions: 0->0
[1.505s][info][gc,metaspace] GC(6) Metaspace: 36111K(36736K)->36111K(36736K) NonClass: 32336K(32704K)->32336K(32704K) Class: 3775K(4032K)->3775K(4032K)
[1.505s][info][gc          ] GC(6) Pause Young (Mixed) (Metadata GC Threshold) 45M->32M(160M) 47.069ms
[1.505s][info][gc,cpu      ] GC(6) User=0.08s Sys=0.05s Real=0.05s
[1.533s][info][gc,start    ] GC(7) Pause Young (Concurrent Start) (Metadata GC Threshold)
[1.533s][info][gc,task     ] GC(7) Using 6 workers of 6 for evacuation
[1.537s][info][gc,phases   ] GC(7)   Pre Evacuate Collection Set: 0.2ms
[1.541s][info][gc,phases   ] GC(7)   Merge Heap Roots: 0.1ms
[1.542s][info][gc,phases   ] GC(7)   Evacuate Collection Set: 2.6ms
[1.542s][info][gc,phases   ] GC(7)   Post Evacuate Collection Set: 0.9ms
[1.542s][info][gc,phases   ] GC(7)   Other: 0.2ms
[1.542s][info][gc,heap     ] GC(7) Eden regions: 1->0(18)
[1.542s][info][gc,heap     ] GC(7) Survivor regions: 2->2(3)
[1.543s][info][gc,heap     ] GC(7) Old regions: 7->7
[1.543s][info][gc,heap     ] GC(7) Humongous regions: 0->0
[1.543s][info][gc,metaspace] GC(7) Metaspace: 36421K(37056K)->36421K(37056K) NonClass: 32609K(32960K)->32609K(32960K) Class: 3811K(4096K)->3811K(4096K)
[1.543s][info][gc          ] GC(7) Pause Young (Concurrent Start) (Metadata GC Threshold) 34M->31M(160M) 9.946ms
[1.543s][info][gc,cpu      ] GC(7) User=0.02s Sys=0.00s Real=0.01s
[1.543s][info][gc          ] GC(8) Concurrent Mark Cycle
[1.544s][info][gc,marking  ] GC(8) Concurrent Scan Root Regions
[1.552s][info][gc,marking  ] GC(8) Concurrent Scan Root Regions 8.174ms
[1.562s][info][gc,marking  ] GC(8) Concurrent Mark
[1.563s][info][gc,marking  ] GC(8) Concurrent Mark From Roots
[1.563s][info][gc,task     ] GC(8) Using 2 workers of 2 for marking
[1.619s][info][gc,marking  ] GC(8) Concurrent Mark From Roots 56.066ms
[1.619s][info][gc,marking  ] GC(8) Concurrent Preclean
[1.619s][info][gc,marking  ] GC(8) Concurrent Preclean 0.207ms
[1.620s][info][gc,start    ] GC(8) Pause Remark
[1.623s][info][gc          ] GC(8) Pause Remark 35M->35M(128M) 3.432ms
[1.623s][info][gc,cpu      ] GC(8) User=0.01s Sys=0.00s Real=0.01s
[1.624s][info][gc,marking  ] GC(8) Concurrent Mark 61.204ms
[1.629s][info][gc,marking  ] GC(8) Concurrent Rebuild Remembered Sets and Scrub Regions
[1.639s][info][gc,marking  ] GC(8) Concurrent Rebuild Remembered Sets and Scrub Regions 10.017ms
[1.639s][info][gc,start    ] GC(8) Pause Cleanup
[1.640s][info][gc          ] GC(8) Pause Cleanup 36M->36M(128M) 0.281ms
[1.640s][info][gc,cpu      ] GC(8) User=0.00s Sys=0.00s Real=0.00s
[1.640s][info][gc,marking  ] GC(8) Concurrent Clear Claimed Marks
[1.640s][info][gc,marking  ] GC(8) Concurrent Clear Claimed Marks 0.206ms
[1.640s][info][gc,marking  ] GC(8) Concurrent Cleanup for Next Mark
[1.641s][info][gc,marking  ] GC(8) Concurrent Cleanup for Next Mark 0.330ms
[1.641s][info][gc          ] GC(8) Concurrent Mark Cycle 97.501ms
[2.028s][info][gc,start    ] GC(9) Pause Young (Prepare Mixed) (Metadata GC Threshold)
[2.028s][info][gc,task     ] GC(9) Using 6 workers of 6 for evacuation
[2.044s][info][gc,phases   ] GC(9)   Pre Evacuate Collection Set: 0.1ms
[2.045s][info][gc,phases   ] GC(9)   Merge Heap Roots: 0.1ms
[2.045s][info][gc,phases   ] GC(9)   Evacuate Collection Set: 10.7ms
[2.045s][info][gc,phases   ] GC(9)   Post Evacuate Collection Set: 4.8ms
[2.045s][info][gc,phases   ] GC(9)   Other: 0.2ms
[2.045s][info][gc,heap     ] GC(9) Eden regions: 14->0(12)
[2.045s][info][gc,heap     ] GC(9) Survivor regions: 2->3(3)
[2.045s][info][gc,heap     ] GC(9) Old regions: 7->7
[2.046s][info][gc,heap     ] GC(9) Humongous regions: 0->0
[2.046s][info][gc,metaspace] GC(9) Metaspace: 61792K(62848K)->61792K(62848K) NonClass: 54954K(55552K)->54954K(55552K) Class: 6838K(7296K)->6838K(7296K)
[2.046s][info][gc          ] GC(9) Pause Young (Prepare Mixed) (Metadata GC Threshold) 85M->39M(128M) 17.773ms
[2.046s][info][gc,cpu      ] GC(9) User=0.06s Sys=0.00s Real=0.02s
[2.054s][info][gc,start    ] GC(10) Pause Young (Mixed) (Metadata GC Threshold)
[2.054s][info][gc,task     ] GC(10) Using 6 workers of 6 for evacuation
[2.098s][info][gc,phases   ] GC(10)   Pre Evacuate Collection Set: 0.2ms
[2.098s][info][gc,phases   ] GC(10)   Merge Heap Roots: 0.1ms
[2.099s][info][gc,phases   ] GC(10)   Evacuate Collection Set: 35.9ms
[2.099s][info][gc,phases   ] GC(10)   Post Evacuate Collection Set: 6.4ms
[2.099s][info][gc,phases   ] GC(10)   Other: 1.1ms
[2.099s][info][gc,heap     ] GC(10) Eden regions: 1->0(12)
[2.099s][info][gc,heap     ] GC(10) Survivor regions: 3->1(2)
[2.099s][info][gc,heap     ] GC(10) Old regions: 7->10
[2.099s][info][gc,heap     ] GC(10) Humongous regions: 0->0
[2.100s][info][gc,metaspace] GC(10) Metaspace: 62163K(63168K)->62163K(63168K) NonClass: 55281K(55872K)->55281K(55872K) Class: 6881K(7296K)->6881K(7296K)
[2.100s][info][gc          ] GC(10) Pause Young (Mixed) (Metadata GC Threshold) 42M->39M(128M) 46.107ms
[2.100s][info][gc,cpu      ] GC(10) User=0.10s Sys=0.08s Real=0.04s
[2.105s][info][gc,start    ] GC(11) Pause Young (Concurrent Start) (Metadata GC Threshold)
[2.106s][info][gc,task     ] GC(11) Using 6 workers of 6 for evacuation
[2.108s][info][gc,phases   ] GC(11)   Pre Evacuate Collection Set: 0.2ms
[2.108s][info][gc,phases   ] GC(11)   Merge Heap Roots: 0.1ms
[2.109s][info][gc,phases   ] GC(11)   Evacuate Collection Set: 0.7ms
[2.109s][info][gc,phases   ] GC(11)   Post Evacuate Collection Set: 1.3ms
[2.109s][info][gc,phases   ] GC(11)   Other: 0.3ms
[2.109s][info][gc,heap     ] GC(11) Eden regions: 1->0(53)
[2.109s][info][gc,heap     ] GC(11) Survivor regions: 1->1(2)
[2.109s][info][gc,heap     ] GC(11) Old regions: 10->10
[2.109s][info][gc,heap     ] GC(11) Humongous regions: 0->0
[2.110s][info][gc,metaspace] GC(11) Metaspace: 62403K(63488K)->62403K(63488K) NonClass: 55503K(56128K)->55503K(56128K) Class: 6900K(7360K)->6900K(7360K)
[2.110s][info][gc          ] GC(11) Pause Young (Concurrent Start) (Metadata GC Threshold) 40M->38M(360M) 4.448ms
[2.110s][info][gc          ] GC(12) Concurrent Mark Cycle
[2.110s][info][gc,marking  ] GC(12) Concurrent Scan Root Regions
[2.110s][info][gc,cpu      ] GC(11) User=0.00s Sys=0.00s Real=0.00s
[2.111s][info][gc,marking  ] GC(12) Concurrent Scan Root Regions 0.906ms
[2.112s][info][gc,marking  ] GC(12) Concurrent Mark
[2.112s][info][gc,marking  ] GC(12) Concurrent Mark From Roots
[2.113s][info][gc,task     ] GC(12) Using 2 workers of 2 for marking
[2.144s][info][gc,marking  ] GC(12) Concurrent Mark From Roots 31.798ms
[2.144s][info][gc,marking  ] GC(12) Concurrent Preclean
[2.145s][info][gc,marking  ] GC(12) Concurrent Preclean 0.324ms
[2.147s][info][gc,start    ] GC(12) Pause Remark
[2.151s][info][gc          ] GC(12) Pause Remark 43M->43M(148M) 4.129ms
[2.152s][info][gc,cpu      ] GC(12) User=0.00s Sys=0.01s Real=0.01s
[2.152s][info][gc,marking  ] GC(12) Concurrent Mark 40.024ms
[2.152s][info][gc,marking  ] GC(12) Concurrent Rebuild Remembered Sets and Scrub Regions
[2.176s][info][gc,marking  ] GC(12) Concurrent Rebuild Remembered Sets and Scrub Regions 23.432ms
[2.176s][info][gc,start    ] GC(12) Pause Cleanup
[2.177s][info][gc          ] GC(12) Pause Cleanup 44M->44M(148M) 0.313ms
[2.177s][info][gc,cpu      ] GC(12) User=0.00s Sys=0.00s Real=0.00s
[2.177s][info][gc,marking  ] GC(12) Concurrent Clear Claimed Marks
[2.177s][info][gc,marking  ] GC(12) Concurrent Clear Claimed Marks 0.174ms
[2.177s][info][gc,marking  ] GC(12) Concurrent Cleanup for Next Mark
[2.178s][info][gc,marking  ] GC(12) Concurrent Cleanup for Next Mark 0.389ms
[2.178s][info][gc          ] GC(12) Concurrent Mark Cycle 67.864ms
[2.981s][info][gc,start    ] GC(13) Pause Young (Prepare Mixed) (G1 Evacuation Pause)
[2.981s][info][gc,task     ] GC(13) Using 6 workers of 6 for evacuation
[2.994s][info][gc,phases   ] GC(13)   Pre Evacuate Collection Set: 0.2ms
[2.994s][info][gc,phases   ] GC(13)   Merge Heap Roots: 0.1ms
[2.994s][info][gc,phases   ] GC(13)   Evacuate Collection Set: 10.9ms
[2.994s][info][gc,phases   ] GC(13)   Post Evacuate Collection Set: 1.5ms
[2.994s][info][gc,phases   ] GC(13)   Other: 0.2ms
[2.995s][info][gc,heap     ] GC(13) Eden regions: 21->0(13)
[2.995s][info][gc,heap     ] GC(13) Survivor regions: 1->3(3)
[2.995s][info][gc,heap     ] GC(13) Old regions: 10->12
[2.995s][info][gc,heap     ] GC(13) Humongous regions: 0->0
[2.995s][info][gc,metaspace] GC(13) Metaspace: 81994K(83392K)->81994K(83392K) NonClass: 72637K(73472K)->72637K(73472K) Class: 9356K(9920K)->9356K(9920K)
[2.995s][info][gc          ] GC(13) Pause Young (Prepare Mixed) (G1 Evacuation Pause) 122M->54M(148M) 14.591ms
[2.995s][info][gc,cpu      ] GC(13) User=0.04s Sys=0.01s Real=0.02s
[5.363s][info][gc,start    ] GC(14) Pause Young (Mixed) (G1 Evacuation Pause)
[5.364s][info][gc,task     ] GC(14) Using 6 workers of 6 for evacuation
[5.374s][info][gc,phases   ] GC(14)   Pre Evacuate Collection Set: 0.2ms
[5.374s][info][gc,phases   ] GC(14)   Merge Heap Roots: 0.1ms
[5.375s][info][gc,phases   ] GC(14)   Evacuate Collection Set: 8.4ms
[5.375s][info][gc,phases   ] GC(14)   Post Evacuate Collection Set: 1.2ms
[5.375s][info][gc,phases   ] GC(14)   Other: 0.3ms
[5.375s][info][gc,heap     ] GC(14) Eden regions: 13->0(13)
[5.375s][info][gc,heap     ] GC(14) Survivor regions: 3->2(2)
[5.376s][info][gc,heap     ] GC(14) Old regions: 12->14
[5.376s][info][gc,heap     ] GC(14) Humongous regions: 0->0
[5.376s][info][gc,metaspace] GC(14) Metaspace: 90394K(91840K)->90394K(91840K) NonClass: 80149K(81024K)->80149K(81024K) Class: 10244K(10816K)->10244K(10816K)
[5.376s][info][gc          ] GC(14) Pause Young (Mixed) (G1 Evacuation Pause) 106M->59M(148M) 12.806ms
[5.376s][info][gc,cpu      ] GC(14) User=0.04s Sys=0.00s Real=0.01s
[6.017s][info][gc,start    ] GC(15) Pause Young (Concurrent Start) (Metadata GC Threshold)
[6.018s][info][gc,task     ] GC(15) Using 6 workers of 6 for evacuation
[6.025s][info][gc,phases   ] GC(15)   Pre Evacuate Collection Set: 0.2ms
[6.025s][info][gc,phases   ] GC(15)   Merge Heap Roots: 0.1ms
[6.026s][info][gc,phases   ] GC(15)   Evacuate Collection Set: 5.8ms
[6.026s][info][gc,phases   ] GC(15)   Post Evacuate Collection Set: 1.2ms
[6.026s][info][gc,phases   ] GC(15)   Other: 0.3ms
[6.026s][info][gc,heap     ] GC(15) Eden regions: 6->0(13)
[6.026s][info][gc,heap     ] GC(15) Survivor regions: 2->2(2)
[6.026s][info][gc,heap     ] GC(15) Old regions: 14->15
[6.026s][info][gc,heap     ] GC(15) Humongous regions: 0->0
[6.027s][info][gc,metaspace] GC(15) Metaspace: 105994K(107520K)->105994K(107520K) NonClass: 93802K(94720K)->93802K(94720K) Class: 12191K(12800K)->12191K(12800K)
[6.027s][info][gc          ] GC(15) Pause Young (Concurrent Start) (Metadata GC Threshold) 81M->64M(148M) 9.302ms
[6.027s][info][gc          ] GC(16) Concurrent Mark Cycle
[6.027s][info][gc,marking  ] GC(16) Concurrent Scan Root Regions
[6.027s][info][gc,cpu      ] GC(15) User=0.03s Sys=0.00s Real=0.01s
[6.038s][info][gc,marking  ] GC(16) Concurrent Scan Root Regions 11.095ms
[6.038s][info][gc,marking  ] GC(16) Concurrent Mark
[6.039s][info][gc,marking  ] GC(16) Concurrent Mark From Roots
[6.039s][info][gc,task     ] GC(16) Using 2 workers of 2 for marking
[6.096s][info][gc,marking  ] GC(16) Concurrent Mark From Roots 57.052ms
[6.096s][info][gc,marking  ] GC(16) Concurrent Preclean
[6.097s][info][gc,marking  ] GC(16) Concurrent Preclean 0.685ms
[6.104s][info][gc,start    ] GC(16) Pause Remark
[6.109s][info][gc          ] GC(16) Pause Remark 67M->67M(148M) 5.170ms
[6.110s][info][gc,cpu      ] GC(16) User=0.01s Sys=0.00s Real=0.00s
[6.110s][info][gc,marking  ] GC(16) Concurrent Mark 71.423ms
[6.111s][info][gc,marking  ] GC(16) Concurrent Rebuild Remembered Sets and Scrub Regions
[6.150s][info][gc,marking  ] GC(16) Concurrent Rebuild Remembered Sets and Scrub Regions 38.812ms
[6.151s][info][gc,start    ] GC(16) Pause Cleanup
[6.152s][info][gc          ] GC(16) Pause Cleanup 71M->71M(148M) 0.347ms
[6.152s][info][gc,cpu      ] GC(16) User=0.00s Sys=0.00s Real=0.01s
[6.152s][info][gc,marking  ] GC(16) Concurrent Clear Claimed Marks
[6.153s][info][gc,marking  ] GC(16) Concurrent Clear Claimed Marks 0.374ms
[6.153s][info][gc,marking  ] GC(16) Concurrent Cleanup for Next Mark
[6.154s][info][gc,marking  ] GC(16) Concurrent Cleanup for Next Mark 0.711ms
[6.155s][info][gc          ] GC(16) Concurrent Mark Cycle 128.582ms
[6.372s][info][gc,start    ] GC(17) Pause Young (Prepare Mixed) (G1 Evacuation Pause)
[6.373s][info][gc,task     ] GC(17) Using 6 workers of 6 for evacuation
[6.383s][info][gc,phases   ] GC(17)   Pre Evacuate Collection Set: 0.2ms
[6.383s][info][gc,phases   ] GC(17)   Merge Heap Roots: 0.2ms
[6.383s][info][gc,phases   ] GC(17)   Evacuate Collection Set: 8.2ms
[6.383s][info][gc,phases   ] GC(17)   Post Evacuate Collection Set: 1.2ms
[6.383s][info][gc,phases   ] GC(17)   Other: 0.2ms
[6.383s][info][gc,heap     ] GC(17) Eden regions: 5->0(14)
[6.384s][info][gc,heap     ] GC(17) Survivor regions: 2->2(2)
[6.384s][info][gc,heap     ] GC(17) Old regions: 15->16
[6.384s][info][gc,heap     ] GC(17) Humongous regions: 21->6
[6.384s][info][gc,metaspace] GC(17) Metaspace: 118117K(120000K)->118117K(120000K) NonClass: 104417K(105536K)->104417K(105536K) Class: 13700K(14464K)->13700K(14464K)
[6.384s][info][gc          ] GC(17) Pause Young (Prepare Mixed) (G1 Evacuation Pause) 168M->92M(184M) 11.695ms
[6.384s][info][gc,cpu      ] GC(17) User=0.02s Sys=0.02s Real=0.01s
[6.572s][info][gc,start    ] GC(18) Pause Young (Mixed) (G1 Evacuation Pause)
[6.572s][info][gc,task     ] GC(18) Using 6 workers of 6 for evacuation
[6.582s][info][gc,phases   ] GC(18)   Pre Evacuate Collection Set: 0.2ms
[6.583s][info][gc,phases   ] GC(18)   Merge Heap Roots: 0.3ms
[6.583s][info][gc,phases   ] GC(18)   Evacuate Collection Set: 8.2ms
[6.583s][info][gc,phases   ] GC(18)   Post Evacuate Collection Set: 1.3ms
[6.583s][info][gc,phases   ] GC(18)   Other: 0.3ms
[6.583s][info][gc,heap     ] GC(18) Eden regions: 14->0(14)
[6.583s][info][gc,heap     ] GC(18) Survivor regions: 2->2(2)
[6.583s][info][gc,heap     ] GC(18) Old regions: 16->17
[6.584s][info][gc,heap     ] GC(18) Humongous regions: 6->6
[6.584s][info][gc,metaspace] GC(18) Metaspace: 122876K(124736K)->122876K(124736K) NonClass: 108593K(109696K)->108593K(109696K) Class: 14283K(15040K)->14283K(15040K)
[6.584s][info][gc          ] GC(18) Pause Young (Mixed) (G1 Evacuation Pause) 148M->98M(184M) 12.624ms
[6.585s][info][gc,cpu      ] GC(18) User=0.04s Sys=0.00s Real=0.01s
[6.736s][info][gc,start    ] GC(19) Pause Young (Concurrent Start) (G1 Evacuation Pause)
[6.736s][info][gc,task     ] GC(19) Using 6 workers of 6 for evacuation
[6.745s][info][gc,phases   ] GC(19)   Pre Evacuate Collection Set: 0.3ms
[6.745s][info][gc,phases   ] GC(19)   Merge Heap Roots: 0.1ms
[6.745s][info][gc,phases   ] GC(19)   Evacuate Collection Set: 6.7ms
[6.746s][info][gc,phases   ] GC(19)   Post Evacuate Collection Set: 1.3ms
[6.746s][info][gc,phases   ] GC(19)   Other: 0.3ms
[6.746s][info][gc,heap     ] GC(19) Eden regions: 14->0(13)
[6.746s][info][gc,heap     ] GC(19) Survivor regions: 2->2(2)
[6.746s][info][gc,heap     ] GC(19) Old regions: 17->19
[6.746s][info][gc,heap     ] GC(19) Humongous regions: 6->6
[6.747s][info][gc,metaspace] GC(19) Metaspace: 126077K(128000K)->126077K(128000K) NonClass: 111391K(112512K)->111391K(112512K) Class: 14685K(15488K)->14685K(15488K)
[6.747s][info][gc          ] GC(19) Pause Young (Concurrent Start) (G1 Evacuation Pause) 154M->105M(184M) 10.713ms
[6.747s][info][gc          ] GC(20) Concurrent Mark Cycle
[6.747s][info][gc,marking  ] GC(20) Concurrent Scan Root Regions
[6.747s][info][gc,cpu      ] GC(19) User=0.04s Sys=0.00s Real=0.01s
[6.751s][info][gc,marking  ] GC(20) Concurrent Scan Root Regions 3.402ms
[6.752s][info][gc,marking  ] GC(20) Concurrent Mark
[6.753s][info][gc,marking  ] GC(20) Concurrent Mark From Roots
[6.753s][info][gc,task     ] GC(20) Using 2 workers of 2 for marking
[6.798s][info][gc,marking  ] GC(20) Concurrent Mark From Roots 45.058ms
[6.798s][info][gc,marking  ] GC(20) Concurrent Preclean
[6.798s][info][gc,marking  ] GC(20) Concurrent Preclean 0.296ms
[6.799s][info][gc,start    ] GC(20) Pause Remark
[6.804s][info][gc          ] GC(20) Pause Remark 119M->119M(184M) 4.910ms
[6.804s][info][gc,cpu      ] GC(20) User=0.02s Sys=0.00s Real=0.01s
[6.813s][info][gc,marking  ] GC(20) Concurrent Mark 60.618ms
[6.813s][info][gc,marking  ] GC(20) Concurrent Rebuild Remembered Sets and Scrub Regions
[6.862s][info][gc,marking  ] GC(20) Concurrent Rebuild Remembered Sets and Scrub Regions 49.103ms
[6.863s][info][gc,start    ] GC(20) Pause Cleanup
[6.863s][info][gc          ] GC(20) Pause Cleanup 135M->135M(184M) 0.355ms
[6.864s][info][gc,cpu      ] GC(20) User=0.00s Sys=0.00s Real=0.00s
[6.864s][info][gc,marking  ] GC(20) Concurrent Clear Claimed Marks
[6.864s][info][gc,marking  ] GC(20) Concurrent Clear Claimed Marks 0.266ms
[6.866s][info][gc,marking  ] GC(20) Concurrent Cleanup for Next Mark
[6.878s][info][gc,marking  ] GC(20) Concurrent Cleanup for Next Mark 11.945ms
[6.878s][info][gc          ] GC(20) Concurrent Mark Cycle 131.252ms
[6.970s][info][gc,start    ] GC(21) Pause Young (Prepare Mixed) (G1 Evacuation Pause)
[6.970s][info][gc,task     ] GC(21) Using 6 workers of 6 for evacuation
[6.980s][info][gc,phases   ] GC(21)   Pre Evacuate Collection Set: 0.3ms
[6.980s][info][gc,phases   ] GC(21)   Merge Heap Roots: 0.1ms
[6.980s][info][gc,phases   ] GC(21)   Evacuate Collection Set: 7.8ms
[6.980s][info][gc,phases   ] GC(21)   Post Evacuate Collection Set: 1.4ms
[6.981s][info][gc,phases   ] GC(21)   Other: 0.3ms
[6.981s][info][gc,heap     ] GC(21) Eden regions: 13->0(10)
[6.981s][info][gc,heap     ] GC(21) Survivor regions: 2->2(2)
[6.981s][info][gc,heap     ] GC(21) Old regions: 19->22
[6.981s][info][gc,heap     ] GC(21) Humongous regions: 6->6
[6.981s][info][gc,metaspace] GC(21) Metaspace: 129142K(131136K)->129142K(131136K) NonClass: 114015K(115200K)->114015K(115200K) Class: 15127K(15936K)->15127K(15936K)
[6.981s][info][gc          ] GC(21) Pause Young (Prepare Mixed) (G1 Evacuation Pause) 157M->117M(184M) 11.640ms
[6.982s][info][gc,cpu      ] GC(21) User=0.05s Sys=0.00s Real=0.02s
[7.070s][info][gc,start    ] GC(22) Pause Young (Mixed) (G1 Evacuation Pause)
[7.070s][info][gc,task     ] GC(22) Using 6 workers of 6 for evacuation
[7.079s][info][gc,phases   ] GC(22)   Pre Evacuate Collection Set: 0.2ms
[7.079s][info][gc,phases   ] GC(22)   Merge Heap Roots: 0.1ms
[7.079s][info][gc,phases   ] GC(22)   Evacuate Collection Set: 7.4ms
[7.079s][info][gc,phases   ] GC(22)   Post Evacuate Collection Set: 1.0ms
[7.079s][info][gc,phases   ] GC(22)   Other: 0.2ms
[7.080s][info][gc,heap     ] GC(22) Eden regions: 10->0(25)
[7.080s][info][gc,heap     ] GC(22) Survivor regions: 2->2(2)
[7.080s][info][gc,heap     ] GC(22) Old regions: 22->24
[7.080s][info][gc,heap     ] GC(22) Humongous regions: 7->7
[7.080s][info][gc,metaspace] GC(22) Metaspace: 131888K(133824K)->131888K(133824K) NonClass: 116425K(117568K)->116425K(117568K) Class: 15463K(16256K)->15463K(16256K)
[7.080s][info][gc          ] GC(22) Pause Young (Mixed) (G1 Evacuation Pause) 161M->129M(276M) 10.641ms
[7.080s][info][gc,cpu      ] GC(22) User=0.05s Sys=0.00s Real=0.01s
[7.672s][info][gc,start    ] GC(23) Pause Young (Normal) (G1 Evacuation Pause)
[7.673s][info][gc,task     ] GC(23) Using 6 workers of 6 for evacuation
[7.684s][info][gc,phases   ] GC(23)   Pre Evacuate Collection Set: 0.2ms
[7.685s][info][gc,phases   ] GC(23)   Merge Heap Roots: 0.1ms
[7.685s][info][gc,phases   ] GC(23)   Evacuate Collection Set: 10.5ms
[7.685s][info][gc,phases   ] GC(23)   Post Evacuate Collection Set: 0.8ms
[7.685s][info][gc,phases   ] GC(23)   Other: 0.2ms
[7.685s][info][gc,heap     ] GC(23) Eden regions: 25->0(18)
[7.685s][info][gc,heap     ] GC(23) Survivor regions: 2->4(4)
[7.685s][info][gc,heap     ] GC(23) Old regions: 24->28
[7.685s][info][gc,heap     ] GC(23) Humongous regions: 9->9
[7.686s][info][gc,metaspace] GC(23) Metaspace: 138282K(140224K)->138282K(140224K) NonClass: 122077K(123264K)->122077K(123264K) Class: 16205K(16960K)->16205K(16960K)
[7.686s][info][gc          ] GC(23) Pause Young (Normal) (G1 Evacuation Pause) 237M->162M(276M) 13.423ms
[7.686s][info][gc,cpu      ] GC(23) User=0.07s Sys=0.00s Real=0.01s
[7.899s][info][gc,start    ] GC(24) Pause Young (Concurrent Start) (G1 Humongous Allocation)
[7.899s][info][gc,task     ] GC(24) Using 6 workers of 6 for evacuation
[7.909s][info][gc,phases   ] GC(24)   Pre Evacuate Collection Set: 0.3ms
[7.910s][info][gc,phases   ] GC(24)   Merge Heap Roots: 0.1ms
[7.910s][info][gc,phases   ] GC(24)   Evacuate Collection Set: 8.3ms
[7.910s][info][gc,phases   ] GC(24)   Post Evacuate Collection Set: 0.9ms
[7.910s][info][gc,phases   ] GC(24)   Other: 0.4ms
[7.911s][info][gc,heap     ] GC(24) Eden regions: 12->0(18)
[7.911s][info][gc,heap     ] GC(24) Survivor regions: 4->1(3)
[7.911s][info][gc,heap     ] GC(24) Old regions: 28->32
[7.911s][info][gc,heap     ] GC(24) Humongous regions: 9->9
[7.911s][info][gc,metaspace] GC(24) Metaspace: 138897K(140864K)->138897K(140864K) NonClass: 122616K(123776K)->122616K(123776K) Class: 16281K(17088K)->16281K(17088K)
[7.911s][info][gc          ] GC(24) Pause Young (Concurrent Start) (G1 Humongous Allocation) 209M->165M(276M) 12.429ms
[7.912s][info][gc          ] GC(25) Concurrent Mark Cycle
[7.912s][info][gc,cpu      ] GC(24) User=0.02s Sys=0.00s Real=0.02s
[7.912s][info][gc,marking  ] GC(25) Concurrent Scan Root Regions
[7.916s][info][gc,marking  ] GC(25) Concurrent Scan Root Regions 4.083ms
[7.916s][info][gc,marking  ] GC(25) Concurrent Mark
[7.916s][info][gc,marking  ] GC(25) Concurrent Mark From Roots
[7.916s][info][gc,task     ] GC(25) Using 2 workers of 2 for marking
[8.001s][info][gc,marking  ] GC(25) Concurrent Mark From Roots 84.689ms
[8.001s][info][gc,marking  ] GC(25) Concurrent Preclean
[8.002s][info][gc,marking  ] GC(25) Concurrent Preclean 0.645ms
[8.003s][info][gc,start    ] GC(25) Pause Remark
[8.009s][info][gc          ] GC(25) Pause Remark 188M->188M(296M) 6.002ms
[8.009s][info][gc,cpu      ] GC(25) User=0.01s Sys=0.01s Real=0.00s
[8.010s][info][gc,marking  ] GC(25) Concurrent Mark 94.222ms
[8.012s][info][gc,marking  ] GC(25) Concurrent Rebuild Remembered Sets and Scrub Regions
[8.051s][info][gc,marking  ] GC(25) Concurrent Rebuild Remembered Sets and Scrub Regions 39.479ms
[8.052s][info][gc,start    ] GC(25) Pause Cleanup
[8.052s][info][gc          ] GC(25) Pause Cleanup 190M->190M(296M) 0.354ms
[8.052s][info][gc,cpu      ] GC(25) User=0.01s Sys=0.01s Real=0.00s
[8.052s][info][gc,marking  ] GC(25) Concurrent Clear Claimed Marks
[8.053s][info][gc,marking  ] GC(25) Concurrent Clear Claimed Marks 0.436ms
[8.053s][info][gc,marking  ] GC(25) Concurrent Cleanup for Next Mark
[8.063s][info][gc,marking  ] GC(25) Concurrent Cleanup for Next Mark 9.878ms
[8.064s][info][gc          ] GC(25) Concurrent Mark Cycle 151.919ms
[8.502s][info][gc,start    ] GC(26) Pause Young (Prepare Mixed) (G1 Evacuation Pause)
[8.502s][info][gc,task     ] GC(26) Using 6 workers of 6 for evacuation
[8.511s][info][gc,phases   ] GC(26)   Pre Evacuate Collection Set: 0.3ms
[8.511s][info][gc,phases   ] GC(26)   Merge Heap Roots: 0.2ms
[8.511s][info][gc,phases   ] GC(26)   Evacuate Collection Set: 7.1ms
[8.512s][info][gc,phases   ] GC(26)   Post Evacuate Collection Set: 1.0ms
[8.512s][info][gc,phases   ] GC(26)   Other: 0.2ms
[8.512s][info][gc,heap     ] GC(26) Eden regions: 18->0(19)
[8.512s][info][gc,heap     ] GC(26) Survivor regions: 1->3(3)
[8.512s][info][gc,heap     ] GC(26) Old regions: 32->33
[8.512s][info][gc,heap     ] GC(26) Humongous regions: 16->10
[8.513s][info][gc,metaspace] GC(26) Metaspace: 142455K(144576K)->142455K(144576K) NonClass: 125754K(126976K)->125754K(126976K) Class: 16701K(17600K)->16701K(17600K)
[8.513s][info][gc          ] GC(26) Pause Young (Prepare Mixed) (G1 Evacuation Pause) 265M->180M(296M) 10.464ms
[8.513s][info][gc,cpu      ] GC(26) User=0.02s Sys=0.01s Real=0.01s
[8.811s][info][gc,start    ] GC(27) Pause Young (Mixed) (G1 Evacuation Pause)
[8.811s][info][gc,task     ] GC(27) Using 6 workers of 6 for evacuation
[8.825s][info][gc,phases   ] GC(27)   Pre Evacuate Collection Set: 0.4ms
[8.825s][info][gc,phases   ] GC(27)   Merge Heap Roots: 0.2ms
[8.825s][info][gc,phases   ] GC(27)   Evacuate Collection Set: 11.7ms
[8.825s][info][gc,phases   ] GC(27)   Post Evacuate Collection Set: 1.0ms
[8.825s][info][gc,phases   ] GC(27)   Other: 0.3ms
[8.826s][info][gc,heap     ] GC(27) Eden regions: 19->0(19)
[8.826s][info][gc,heap     ] GC(27) Survivor regions: 3->3(3)
[8.826s][info][gc,heap     ] GC(27) Old regions: 33->34
[8.826s][info][gc,heap     ] GC(27) Humongous regions: 14->10
[8.826s][info][gc,metaspace] GC(27) Metaspace: 143308K(145408K)->143308K(145408K) NonClass: 126506K(127680K)->126506K(127680K) Class: 16802K(17728K)->16802K(17728K)
[8.826s][info][gc          ] GC(27) Pause Young (Mixed) (G1 Evacuation Pause) 272M->184M(300M) 15.654ms
[8.827s][info][gc,cpu      ] GC(27) User=0.04s Sys=0.03s Real=0.02s
[13.172s][info][gc,start    ] GC(28) Pause Young (Concurrent Start) (G1 Evacuation Pause)
[13.173s][info][gc,task     ] GC(28) Using 6 workers of 6 for evacuation
[13.192s][info][gc,phases   ] GC(28)   Pre Evacuate Collection Set: 0.2ms
[13.193s][info][gc,phases   ] GC(28)   Merge Heap Roots: 0.1ms
[13.193s][info][gc,phases   ] GC(28)   Evacuate Collection Set: 14.8ms
[13.193s][info][gc,phases   ] GC(28)   Post Evacuate Collection Set: 4.4ms
[13.193s][info][gc,phases   ] GC(28)   Other: 0.2ms
[13.193s][info][gc,heap     ] GC(28) Eden regions: 19->0(40)
[13.193s][info][gc,heap     ] GC(28) Survivor regions: 3->3(3)
[13.194s][info][gc,heap     ] GC(28) Old regions: 34->37
[13.194s][info][gc,heap     ] GC(28) Humongous regions: 10->10
[13.194s][info][gc,metaspace] GC(28) Metaspace: 156399K(158592K)->156399K(158592K) NonClass: 138058K(139328K)->138058K(139328K) Class: 18341K(19264K)->18341K(19264K)
[13.194s][info][gc          ] GC(28) Pause Young (Concurrent Start) (G1 Evacuation Pause) 260M->197M(428M) 21.682ms
[13.194s][info][gc          ] GC(29) Concurrent Mark Cycle
[13.194s][info][gc,marking  ] GC(29) Concurrent Scan Root Regions
[13.194s][info][gc,cpu      ] GC(28) User=0.05s Sys=0.02s Real=0.02s
[13.204s][info][gc,marking  ] GC(29) Concurrent Scan Root Regions 9.846ms
[13.205s][info][gc,marking  ] GC(29) Concurrent Mark
[13.205s][info][gc,marking  ] GC(29) Concurrent Mark From Roots
[13.205s][info][gc,task     ] GC(29) Using 2 workers of 2 for marking
[13.283s][info][gc,marking  ] GC(29) Concurrent Mark From Roots 78.169ms
[13.283s][info][gc,marking  ] GC(29) Concurrent Preclean
[13.283s][info][gc,marking  ] GC(29) Concurrent Preclean 0.375ms
[13.284s][info][gc,start    ] GC(29) Pause Remark
[13.298s][info][gc          ] GC(29) Pause Remark 199M->159M(428M) 14.740ms
[13.299s][info][gc,cpu      ] GC(29) User=0.05s Sys=0.00s Real=0.01s
[13.301s][info][gc,marking  ] GC(29) Concurrent Mark 96.453ms
[13.301s][info][gc,marking  ] GC(29) Concurrent Rebuild Remembered Sets and Scrub Regions
[13.343s][info][gc,marking  ] GC(29) Concurrent Rebuild Remembered Sets and Scrub Regions 42.023ms
[13.344s][info][gc,start    ] GC(29) Pause Cleanup
[13.344s][info][gc          ] GC(29) Pause Cleanup 160M->160M(428M) 0.355ms
[13.344s][info][gc,cpu      ] GC(29) User=0.00s Sys=0.00s Real=0.00s
[13.345s][info][gc,marking  ] GC(29) Concurrent Clear Claimed Marks
[13.345s][info][gc,marking  ] GC(29) Concurrent Clear Claimed Marks 0.515ms
[13.345s][info][gc,marking  ] GC(29) Concurrent Cleanup for Next Mark
[13.362s][info][gc,marking  ] GC(29) Concurrent Cleanup for Next Mark 16.387ms
[13.362s][info][gc          ] GC(29) Concurrent Mark Cycle 167.595ms
[23.612s][info][gc,start    ] GC(30) Pause Young (Prepare Mixed) (G1 Evacuation Pause)
[23.612s][info][gc,task     ] GC(30) Using 6 workers of 6 for evacuation
[23.697s][info][gc,phases   ] GC(30)   Pre Evacuate Collection Set: 0.2ms
[23.697s][info][gc,phases   ] GC(30)   Merge Heap Roots: 10.3ms
[23.697s][info][gc,phases   ] GC(30)   Evacuate Collection Set: 71.5ms
[23.697s][info][gc,phases   ] GC(30)   Post Evacuate Collection Set: 1.8ms
[23.697s][info][gc,phases   ] GC(30)   Other: 0.3ms
[23.697s][info][gc,heap     ] GC(30) Eden regions: 40->0(51)
[23.698s][info][gc,heap     ] GC(30) Survivor regions: 3->6(6)
[23.698s][info][gc,heap     ] GC(30) Old regions: 34->36
[23.698s][info][gc,heap     ] GC(30) Humongous regions: 31->4
[23.698s][info][gc,metaspace] GC(30) Metaspace: 176570K(179072K)->176570K(179072K) NonClass: 155285K(156736K)->155285K(156736K) Class: 21285K(22336K)->21285K(22336K)
[23.698s][info][gc          ] GC(30) Pause Young (Prepare Mixed) (G1 Evacuation Pause) 429M->181M(464M) 86.242ms
[23.698s][info][gc,cpu      ] GC(30) User=0.22s Sys=0.14s Real=0.08s
[24.715s][info][gc,start    ] GC(31) Pause Young (Mixed) (G1 Evacuation Pause)
[24.716s][info][gc,task     ] GC(31) Using 6 workers of 6 for evacuation
[24.734s][info][gc,phases   ] GC(31)   Pre Evacuate Collection Set: 0.2ms
[24.734s][info][gc,phases   ] GC(31)   Merge Heap Roots: 0.2ms
[24.735s][info][gc,phases   ] GC(31)   Evacuate Collection Set: 16.9ms
[24.735s][info][gc,phases   ] GC(31)   Post Evacuate Collection Set: 1.1ms
[24.735s][info][gc,phases   ] GC(31)   Other: 0.2ms
[24.735s][info][gc,heap     ] GC(31) Eden regions: 51->0(52)
[24.735s][info][gc,heap     ] GC(31) Survivor regions: 6->8(8)
[24.735s][info][gc,heap     ] GC(31) Old regions: 36->36
[24.735s][info][gc,heap     ] GC(31) Humongous regions: 6->3
[24.736s][info][gc,metaspace] GC(31) Metaspace: 180917K(183296K)->180917K(183296K) NonClass: 159073K(160448K)->159073K(160448K) Class: 21843K(22848K)->21843K(22848K)
[24.736s][info][gc          ] GC(31) Pause Young (Mixed) (G1 Evacuation Pause) 393M->186M(464M) 20.389ms
[24.736s][info][gc,cpu      ] GC(31) User=0.09s Sys=0.00s Real=0.02s
[25.889s][info][gc,start    ] GC(32) Pause Young (Normal) (G1 Evacuation Pause)
[25.889s][info][gc,task     ] GC(32) Using 6 workers of 6 for evacuation
[25.903s][info][gc,phases   ] GC(32)   Pre Evacuate Collection Set: 0.3ms
[25.903s][info][gc,phases   ] GC(32)   Merge Heap Roots: 0.1ms
[25.903s][info][gc,phases   ] GC(32)   Evacuate Collection Set: 12.0ms
[25.903s][info][gc,phases   ] GC(32)   Post Evacuate Collection Set: 1.4ms
[25.904s][info][gc,phases   ] GC(32)   Other: 0.2ms
[25.904s][info][gc,heap     ] GC(32) Eden regions: 52->0(55)
[25.904s][info][gc,heap     ] GC(32) Survivor regions: 8->3(8)
[25.904s][info][gc,heap     ] GC(32) Old regions: 36->42
[25.904s][info][gc,heap     ] GC(32) Humongous regions: 3->3
[25.904s][info][gc,metaspace] GC(32) Metaspace: 189984K(192384K)->189984K(192384K) NonClass: 166915K(168320K)->166915K(168320K) Class: 23069K(24064K)->23069K(24064K)
[25.904s][info][gc          ] GC(32) Pause Young (Normal) (G1 Evacuation Pause) 394M->189M(464M) 15.907ms
[25.905s][info][gc,cpu      ] GC(32) User=0.08s Sys=0.00s Real=0.02s
[26.626s][info][gc,start    ] GC(33) Pause Young (Concurrent Start) (G1 Evacuation Pause)
[26.626s][info][gc,task     ] GC(33) Using 6 workers of 6 for evacuation
[26.637s][info][gc,phases   ] GC(33)   Pre Evacuate Collection Set: 0.2ms
[26.638s][info][gc,phases   ] GC(33)   Merge Heap Roots: 0.1ms
[26.638s][info][gc,phases   ] GC(33)   Evacuate Collection Set: 9.7ms
[26.638s][info][gc,phases   ] GC(33)   Post Evacuate Collection Set: 0.9ms
[26.638s][info][gc,phases   ] GC(33)   Other: 0.2ms
[26.638s][info][gc,heap     ] GC(33) Eden regions: 55->0(48)
[26.638s][info][gc,heap     ] GC(33) Survivor regions: 3->8(8)
[26.638s][info][gc,heap     ] GC(33) Old regions: 42->42
[26.638s][info][gc,heap     ] GC(33) Humongous regions: 3->3
[26.638s][info][gc,metaspace] GC(33) Metaspace: 191654K(194048K)->191654K(194048K) NonClass: 168319K(169728K)->168319K(169728K) Class: 23335K(24320K)->23335K(24320K)
[26.639s][info][gc          ] GC(33) Pause Young (Concurrent Start) (G1 Evacuation Pause) 409M->209M(464M) 12.570ms
[26.639s][info][gc,cpu      ] GC(33) User=0.05s Sys=0.00s Real=0.01s
[26.639s][info][gc          ] GC(34) Concurrent Mark Cycle
[26.639s][info][gc,marking  ] GC(34) Concurrent Scan Root Regions
[26.651s][info][gc,marking  ] GC(34) Concurrent Scan Root Regions 11.394ms
[26.651s][info][gc,marking  ] GC(34) Concurrent Mark
[26.651s][info][gc,marking  ] GC(34) Concurrent Mark From Roots
[26.651s][info][gc,task     ] GC(34) Using 2 workers of 2 for marking
[26.816s][info][gc,marking  ] GC(34) Concurrent Mark From Roots 165.078ms
[26.816s][info][gc,marking  ] GC(34) Concurrent Preclean
[26.817s][info][gc,marking  ] GC(34) Concurrent Preclean 0.450ms
[26.817s][info][gc,start    ] GC(34) Pause Remark
[26.838s][info][gc          ] GC(34) Pause Remark 267M->267M(464M) 20.667ms
[26.838s][info][gc,cpu      ] GC(34) User=0.08s Sys=0.00s Real=0.02s
[26.839s][info][gc,marking  ] GC(34) Concurrent Mark 187.822ms
[26.839s][info][gc,marking  ] GC(34) Concurrent Rebuild Remembered Sets and Scrub Regions
[26.912s][info][gc,marking  ] GC(34) Concurrent Rebuild Remembered Sets and Scrub Regions 72.885ms
[26.912s][info][gc,start    ] GC(34) Pause Cleanup
[26.913s][info][gc          ] GC(34) Pause Cleanup 291M->291M(464M) 0.329ms
[26.913s][info][gc,cpu      ] GC(34) User=0.00s Sys=0.00s Real=0.00s
[26.913s][info][gc,marking  ] GC(34) Concurrent Clear Claimed Marks
[26.917s][info][gc,marking  ] GC(34) Concurrent Clear Claimed Marks 4.344ms
[26.918s][info][gc,marking  ] GC(34) Concurrent Cleanup for Next Mark
[26.919s][info][gc,marking  ] GC(34) Concurrent Cleanup for Next Mark 1.546ms
[26.919s][info][gc          ] GC(34) Concurrent Mark Cycle 280.614ms
[27.167s][info][gc,start    ] GC(35) Pause Young (Prepare Mixed) (G1 Evacuation Pause)
[27.167s][info][gc,task     ] GC(35) Using 6 workers of 6 for evacuation
[27.189s][info][gc,phases   ] GC(35)   Pre Evacuate Collection Set: 0.2ms
[27.190s][info][gc,phases   ] GC(35)   Merge Heap Roots: 0.2ms
[27.190s][info][gc,phases   ] GC(35)   Evacuate Collection Set: 21.0ms
[27.190s][info][gc,phases   ] GC(35)   Post Evacuate Collection Set: 0.8ms
[27.190s][info][gc,phases   ] GC(35)   Other: 0.2ms
[27.190s][info][gc,heap     ] GC(35) Eden regions: 48->0(39)
[27.190s][info][gc,heap     ] GC(35) Survivor regions: 8->7(7)
[27.190s][info][gc,heap     ] GC(35) Old regions: 42->51
[27.190s][info][gc,heap     ] GC(35) Humongous regions: 3->3
[27.191s][info][gc,metaspace] GC(35) Metaspace: 192012K(194432K)->192012K(194432K) NonClass: 168677K(170048K)->168677K(170048K) Class: 23335K(24384K)->23335K(24384K)
[27.191s][info][gc          ] GC(35) Pause Young (Prepare Mixed) (G1 Evacuation Pause) 401M->242M(468M) 23.854ms
[27.191s][info][gc,cpu      ] GC(35) User=0.11s Sys=0.00s Real=0.02s
[27.646s][info][gc,start    ] GC(36) Pause Young (Mixed) (G1 Evacuation Pause)
[27.646s][info][gc,task     ] GC(36) Using 6 workers of 6 for evacuation
[27.667s][info][gc,phases   ] GC(36)   Pre Evacuate Collection Set: 0.2ms
[27.667s][info][gc,phases   ] GC(36)   Merge Heap Roots: 0.1ms
[27.668s][info][gc,phases   ] GC(36)   Evacuate Collection Set: 19.2ms
[27.668s][info][gc,phases   ] GC(36)   Post Evacuate Collection Set: 1.1ms
[27.668s][info][gc,phases   ] GC(36)   Other: 0.2ms
[27.668s][info][gc,heap     ] GC(36) Eden regions: 39->0(38)
[27.668s][info][gc,heap     ] GC(36) Survivor regions: 7->6(6)
[27.668s][info][gc,heap     ] GC(36) Old regions: 51->52
[27.668s][info][gc,heap     ] GC(36) Humongous regions: 3->3
[27.669s][info][gc,metaspace] GC(36) Metaspace: 192406K(194880K)->192406K(194880K) NonClass: 169056K(170496K)->169056K(170496K) Class: 23349K(24384K)->23349K(24384K)
[27.669s][info][gc          ] GC(36) Pause Young (Mixed) (G1 Evacuation Pause) 398M->241M(468M) 22.681ms
[27.669s][info][gc,cpu      ] GC(36) User=0.11s Sys=0.00s Real=0.02s
[28.016s][info][gc,start    ] GC(37) Pause Young (Concurrent Start) (G1 Humongous Allocation)
[28.017s][info][gc,task     ] GC(37) Using 6 workers of 6 for evacuation
[28.033s][info][gc,phases   ] GC(37)   Pre Evacuate Collection Set: 0.2ms
[28.033s][info][gc,phases   ] GC(37)   Merge Heap Roots: 0.1ms
[28.033s][info][gc,phases   ] GC(37)   Evacuate Collection Set: 14.7ms
[28.033s][info][gc,phases   ] GC(37)   Post Evacuate Collection Set: 0.8ms
[28.034s][info][gc,phases   ] GC(37)   Other: 0.2ms
[28.034s][info][gc,heap     ] GC(37) Eden regions: 22->0(33)
[28.034s][info][gc,heap     ] GC(37) Survivor regions: 6->6(6)
[28.034s][info][gc,heap     ] GC(37) Old regions: 52->58
[28.034s][info][gc,heap     ] GC(37) Humongous regions: 3->3
[28.034s][info][gc,metaspace] GC(37) Metaspace: 192585K(195072K)->192585K(195072K) NonClass: 169235K(170688K)->169235K(170688K) Class: 23349K(24384K)->23349K(24384K)
[28.034s][info][gc          ] GC(37) Pause Young (Concurrent Start) (G1 Humongous Allocation) 326M->263M(468M) 18.044ms
[28.035s][info][gc,cpu      ] GC(37) User=0.08s Sys=0.00s Real=0.02s
[28.035s][info][gc          ] GC(38) Concurrent Mark Cycle
[28.042s][info][gc,marking  ] GC(38) Concurrent Scan Root Regions
[28.059s][info][gc,marking  ] GC(38) Concurrent Scan Root Regions 17.370ms
[28.059s][info][gc,marking  ] GC(38) Concurrent Mark
[28.060s][info][gc,marking  ] GC(38) Concurrent Mark From Roots
[28.060s][info][gc,task     ] GC(38) Using 2 workers of 2 for marking
[28.448s][info][gc,marking  ] GC(38) Concurrent Mark From Roots 388.566ms
[28.462s][info][gc,marking  ] GC(38) Concurrent Preclean
[28.463s][info][gc,marking  ] GC(38) Concurrent Preclean 0.561ms
[28.463s][info][gc,start    ] GC(38) Pause Remark
[28.481s][info][gc          ] GC(38) Pause Remark 335M->335M(488M) 17.288ms
[28.481s][info][gc,cpu      ] GC(38) User=0.05s Sys=0.00s Real=0.01s
[28.481s][info][gc,marking  ] GC(38) Concurrent Mark 421.966ms
[28.510s][info][gc,marking  ] GC(38) Concurrent Rebuild Remembered Sets and Scrub Regions
[28.707s][info][gc,marking  ] GC(38) Concurrent Rebuild Remembered Sets and Scrub Regions 197.105ms
[28.708s][info][gc,start    ] GC(38) Pause Cleanup
[28.709s][info][gc          ] GC(38) Pause Cleanup 402M->402M(488M) 0.489ms
[28.709s][info][gc,cpu      ] GC(38) User=0.00s Sys=0.00s Real=0.00s
[28.709s][info][gc,marking  ] GC(38) Concurrent Clear Claimed Marks
[28.710s][info][gc,marking  ] GC(38) Concurrent Clear Claimed Marks 0.399ms
[28.710s][info][gc,marking  ] GC(38) Concurrent Cleanup for Next Mark
[28.743s][info][gc,marking  ] GC(38) Concurrent Cleanup for Next Mark 33.630ms
[28.760s][info][gc          ] GC(38) Concurrent Mark Cycle 725.072ms
[28.777s][info][gc,start    ] GC(39) Pause Young (Prepare Mixed) (G1 Evacuation Pause)
[28.777s][info][gc,task     ] GC(39) Using 6 workers of 6 for evacuation
[28.789s][info][gc,phases   ] GC(39)   Pre Evacuate Collection Set: 0.2ms
[28.789s][info][gc,phases   ] GC(39)   Merge Heap Roots: 0.2ms
[28.789s][info][gc,phases   ] GC(39)   Evacuate Collection Set: 10.5ms
[28.789s][info][gc,phases   ] GC(39)   Post Evacuate Collection Set: 0.7ms
[28.789s][info][gc,phases   ] GC(39)   Other: 0.3ms
[28.790s][info][gc,heap     ] GC(39) Eden regions: 33->0(34)
[28.790s][info][gc,heap     ] GC(39) Survivor regions: 6->5(5)
[28.790s][info][gc,heap     ] GC(39) Old regions: 58->62
[28.790s][info][gc,heap     ] GC(39) Humongous regions: 13->3
[28.790s][info][gc,metaspace] GC(39) Metaspace: 192670K(195136K)->192670K(195136K) NonClass: 169316K(170752K)->169316K(170752K) Class: 23353K(24384K)->23353K(24384K)
[28.790s][info][gc          ] GC(39) Pause Young (Prepare Mixed) (G1 Evacuation Pause) 435M->279M(488M) 13.629ms
[28.790s][info][gc,cpu      ] GC(39) User=0.05s Sys=0.00s Real=0.01s
[29.098s][info][gc,start    ] GC(40) Pause Young (Mixed) (G1 Evacuation Pause)
[29.098s][info][gc,task     ] GC(40) Using 6 workers of 6 for evacuation
[29.119s][info][gc,phases   ] GC(40)   Pre Evacuate Collection Set: 0.2ms
[29.120s][info][gc,phases   ] GC(40)   Merge Heap Roots: 0.1ms
[29.120s][info][gc,phases   ] GC(40)   Evacuate Collection Set: 18.5ms
[29.120s][info][gc,phases   ] GC(40)   Post Evacuate Collection Set: 2.1ms
[29.120s][info][gc,phases   ] GC(40)   Other: 0.2ms
[29.120s][info][gc,heap     ] GC(40) Eden regions: 34->0(114)
[29.120s][info][gc,heap     ] GC(40) Survivor regions: 5->5(5)
[29.121s][info][gc,heap     ] GC(40) Old regions: 62->65
[29.121s][info][gc,heap     ] GC(40) Humongous regions: 3->3
[29.121s][info][gc,metaspace] GC(40) Metaspace: 192870K(195328K)->192870K(195328K) NonClass: 169516K(170944K)->169516K(170944K) Class: 23353K(24384K)->23353K(24384K)
[29.121s][info][gc          ] GC(40) Pause Young (Mixed) (G1 Evacuation Pause) 415M->291M(860M) 22.939ms
[29.121s][info][gc,cpu      ] GC(40) User=0.12s Sys=0.00s Real=0.02s
[30.141s][info][gc,start    ] GC(41) Pause Young (Normal) (G1 Evacuation Pause)
[30.141s][info][gc,task     ] GC(41) Using 6 workers of 6 for evacuation
[30.165s][info][gc,phases   ] GC(41)   Pre Evacuate Collection Set: 0.3ms
[30.165s][info][gc,phases   ] GC(41)   Merge Heap Roots: 0.3ms
[30.165s][info][gc,phases   ] GC(41)   Evacuate Collection Set: 21.8ms
[30.166s][info][gc,phases   ] GC(41)   Post Evacuate Collection Set: 1.1ms
[30.166s][info][gc,phases   ] GC(41)   Other: 0.3ms
[30.166s][info][gc,heap     ] GC(41) Eden regions: 114->0(108)
[30.166s][info][gc,heap     ] GC(41) Survivor regions: 5->11(15)
[30.166s][info][gc,heap     ] GC(41) Old regions: 65->65
[30.167s][info][gc,heap     ] GC(41) Humongous regions: 3->3
[30.167s][info][gc,metaspace] GC(41) Metaspace: 193123K(195584K)->193123K(195584K) NonClass: 169769K(171200K)->169769K(171200K) Class: 23353K(24384K)->23353K(24384K)
[30.167s][info][gc          ] GC(41) Pause Young (Normal) (G1 Evacuation Pause) 747M->314M(860M) 25.994ms
[30.167s][info][gc,cpu      ] GC(41) User=0.13s Sys=0.00s Real=0.03s
[30.902s][info][gc,start    ] GC(42) Pause Young (Normal) (G1 Evacuation Pause)
[30.902s][info][gc,task     ] GC(42) Using 6 workers of 6 for evacuation
[30.922s][info][gc,phases   ] GC(42)   Pre Evacuate Collection Set: 0.3ms
[30.922s][info][gc,phases   ] GC(42)   Merge Heap Roots: 0.2ms
[30.922s][info][gc,phases   ] GC(42)   Evacuate Collection Set: 18.2ms
[30.922s][info][gc,phases   ] GC(42)   Post Evacuate Collection Set: 0.8ms
[30.922s][info][gc,phases   ] GC(42)   Other: 0.2ms
[30.922s][info][gc,heap     ] GC(42) Eden regions: 108->0(112)
[30.923s][info][gc,heap     ] GC(42) Survivor regions: 11->7(15)
[30.923s][info][gc,heap     ] GC(42) Old regions: 65->70
[30.923s][info][gc,heap     ] GC(42) Humongous regions: 3->3
[30.923s][info][gc,metaspace] GC(42) Metaspace: 193239K(195648K)->193239K(195648K) NonClass: 169885K(171264K)->169885K(171264K) Class: 23353K(24384K)->23353K(24384K)
[30.923s][info][gc          ] GC(42) Pause Young (Normal) (G1 Evacuation Pause) 746M->318M(860M) 21.497ms
[30.923s][info][gc,cpu      ] GC(42) User=0.10s Sys=0.01s Real=0.02s
[32.527s][info][gc,start    ] GC(43) Pause Young (Concurrent Start) (G1 Evacuation Pause)
[32.527s][info][gc,task     ] GC(43) Using 6 workers of 6 for evacuation
[32.543s][info][gc,phases   ] GC(43)   Pre Evacuate Collection Set: 0.3ms
[32.544s][info][gc,phases   ] GC(43)   Merge Heap Roots: 0.2ms
[32.544s][info][gc,phases   ] GC(43)   Evacuate Collection Set: 13.9ms
[32.544s][info][gc,phases   ] GC(43)   Post Evacuate Collection Set: 1.5ms
[32.544s][info][gc,phases   ] GC(43)   Other: 0.3ms
[32.544s][info][gc,heap     ] GC(43) Eden regions: 112->0(112)
[32.544s][info][gc,heap     ] GC(43) Survivor regions: 7->9(15)
[32.544s][info][gc,heap     ] GC(43) Old regions: 70->70
[32.545s][info][gc,heap     ] GC(43) Humongous regions: 3->3
[32.545s][info][gc,metaspace] GC(43) Metaspace: 206789K(209280K)->206789K(209280K) NonClass: 180784K(182272K)->180784K(182272K) Class: 26004K(27008K)->26004K(27008K)
[32.545s][info][gc          ] GC(43) Pause Young (Concurrent Start) (G1 Evacuation Pause) 766M->326M(860M) 17.966ms
[32.545s][info][gc          ] GC(44) Concurrent Mark Cycle
[32.545s][info][gc,marking  ] GC(44) Concurrent Scan Root Regions
[32.545s][info][gc,cpu      ] GC(43) User=0.08s Sys=0.00s Real=0.02s
[32.569s][info][gc,marking  ] GC(44) Concurrent Scan Root Regions 23.374ms
[32.569s][info][gc,marking  ] GC(44) Concurrent Mark
[32.569s][info][gc,marking  ] GC(44) Concurrent Mark From Roots
[32.569s][info][gc,task     ] GC(44) Using 2 workers of 2 for marking
[32.835s][info][gc,marking  ] GC(44) Concurrent Mark From Roots 266.538ms
[32.836s][info][gc,marking  ] GC(44) Concurrent Preclean
[32.836s][info][gc,marking  ] GC(44) Concurrent Preclean 0.427ms
[32.840s][info][gc,start    ] GC(44) Pause Remark
[32.862s][info][gc          ] GC(44) Pause Remark 467M->455M(860M) 22.063ms
[32.862s][info][gc,cpu      ] GC(44) User=0.09s Sys=0.00s Real=0.03s
[32.872s][info][gc,marking  ] GC(44) Concurrent Mark 303.722ms
[32.880s][info][gc,marking  ] GC(44) Concurrent Rebuild Remembered Sets and Scrub Regions
[32.986s][info][gc,marking  ] GC(44) Concurrent Rebuild Remembered Sets and Scrub Regions 105.793ms
[32.990s][info][gc,start    ] GC(44) Pause Cleanup
[32.990s][info][gc          ] GC(44) Pause Cleanup 488M->488M(860M) 0.502ms
[32.990s][info][gc,cpu      ] GC(44) User=0.00s Sys=0.01s Real=0.00s
[32.991s][info][gc,marking  ] GC(44) Concurrent Clear Claimed Marks
[32.991s][info][gc,marking  ] GC(44) Concurrent Clear Claimed Marks 0.434ms
[32.994s][info][gc,marking  ] GC(44) Concurrent Cleanup for Next Mark
[32.999s][info][gc,marking  ] GC(44) Concurrent Cleanup for Next Mark 4.907ms
[33.012s][info][gc          ] GC(44) Concurrent Mark Cycle 466.625ms
[33.528s][info][gc,start    ] GC(45) Pause Young (Prepare Mixed) (G1 Evacuation Pause)
[33.528s][info][gc,task     ] GC(45) Using 6 workers of 6 for evacuation
[33.542s][info][gc,phases   ] GC(45)   Pre Evacuate Collection Set: 0.2ms
[33.542s][info][gc,phases   ] GC(45)   Merge Heap Roots: 0.2ms
[33.542s][info][gc,phases   ] GC(45)   Evacuate Collection Set: 11.6ms
[33.543s][info][gc,phases   ] GC(45)   Post Evacuate Collection Set: 1.8ms
[33.543s][info][gc,phases   ] GC(45)   Other: 0.2ms
[33.543s][info][gc,heap     ] GC(45) Eden regions: 112->0(117)
[33.543s][info][gc,heap     ] GC(45) Survivor regions: 9->6(16)
[33.543s][info][gc,heap     ] GC(45) Old regions: 67->70
[33.543s][info][gc,heap     ] GC(45) Humongous regions: 3->3
[33.543s][info][gc,metaspace] GC(45) Metaspace: 206949K(209408K)->206949K(209408K) NonClass: 180944K(182400K)->180944K(182400K) Class: 26005K(27008K)->26005K(27008K)
[33.543s][info][gc          ] GC(45) Pause Young (Prepare Mixed) (G1 Evacuation Pause) 762M->312M(860M) 15.672ms
[33.543s][info][gc,cpu      ] GC(45) User=0.08s Sys=0.00s Real=0.02s
[34.685s][info][gc,start    ] GC(46) Pause Young (Mixed) (G1 Evacuation Pause)
[34.685s][info][gc,task     ] GC(46) Using 6 workers of 6 for evacuation
[34.703s][info][gc,phases   ] GC(46)   Pre Evacuate Collection Set: 0.3ms
[34.703s][info][gc,phases   ] GC(46)   Merge Heap Roots: 0.4ms
[34.703s][info][gc,phases   ] GC(46)   Evacuate Collection Set: 15.1ms
[34.703s][info][gc,phases   ] GC(46)   Post Evacuate Collection Set: 1.7ms
[34.703s][info][gc,phases   ] GC(46)   Other: 0.2ms
[34.704s][info][gc,heap     ] GC(46) Eden regions: 117->0(122)
[34.704s][info][gc,heap     ] GC(46) Survivor regions: 6->7(16)
[34.704s][info][gc,heap     ] GC(46) Old regions: 70->57
[34.704s][info][gc,heap     ] GC(46) Humongous regions: 4->3
[34.704s][info][gc,metaspace] GC(46) Metaspace: 214787K(217408K)->214787K(217408K) NonClass: 187783K(189248K)->187783K(189248K) Class: 27004K(28160K)->27004K(28160K)
[34.704s][info][gc          ] GC(46) Pause Young (Mixed) (G1 Evacuation Pause) 784M->263M(860M) 19.190ms
[34.704s][info][gc,cpu      ] GC(46) User=0.04s Sys=0.03s Real=0.02s
[40.384s][info][gc,start    ] GC(47) Pause Young (Normal) (G1 Evacuation Pause)
[40.384s][info][gc,task     ] GC(47) Using 6 workers of 6 for evacuation
[40.437s][info][gc,phases   ] GC(47)   Pre Evacuate Collection Set: 0.3ms
[40.438s][info][gc,phases   ] GC(47)   Merge Heap Roots: 0.2ms
[40.438s][info][gc,phases   ] GC(47)   Evacuate Collection Set: 49.0ms
[40.438s][info][gc,phases   ] GC(47)   Post Evacuate Collection Set: 3.4ms
[40.438s][info][gc,phases   ] GC(47)   Other: 0.2ms
[40.438s][info][gc,heap     ] GC(47) Eden regions: 122->0(90)
[40.438s][info][gc,heap     ] GC(47) Survivor regions: 7->17(17)
[40.439s][info][gc,heap     ] GC(47) Old regions: 57->75
[40.439s][info][gc,heap     ] GC(47) Humongous regions: 3->3
[40.439s][info][gc,metaspace] GC(47) Metaspace: 268568K(271552K)->268568K(271552K) NonClass: 233334K(235072K)->233334K(235072K) Class: 35234K(36480K)->35234K(36480K)
[40.439s][info][gc          ] GC(47) Pause Young (Normal) (G1 Evacuation Pause) 751M->380M(896M) 54.796ms
[40.439s][info][gc,cpu      ] GC(47) User=0.18s Sys=0.08s Real=0.05s
[42.220s][info][gc,start    ] GC(48) Pause Young (Concurrent Start) (G1 Evacuation Pause)
[42.220s][info][gc,task     ] GC(48) Using 6 workers of 6 for evacuation
[42.265s][info][gc,phases   ] GC(48)   Pre Evacuate Collection Set: 0.4ms
[42.265s][info][gc,phases   ] GC(48)   Merge Heap Roots: 0.2ms
[42.265s][info][gc,phases   ] GC(48)   Evacuate Collection Set: 39.7ms
[42.265s][info][gc,phases   ] GC(48)   Post Evacuate Collection Set: 4.1ms
[42.265s][info][gc,phases   ] GC(48)   Other: 0.4ms
[42.266s][info][gc,heap     ] GC(48) Eden regions: 90->0(76)
[42.266s][info][gc,heap     ] GC(48) Survivor regions: 17->14(14)
[42.266s][info][gc,heap     ] GC(48) Old regions: 75->94
[42.266s][info][gc,heap     ] GC(48) Humongous regions: 7->5
[42.266s][info][gc,metaspace] GC(48) Metaspace: 275219K(278144K)->275219K(278144K) NonClass: 239208K(240896K)->239208K(240896K) Class: 36010K(37248K)->36010K(37248K)
[42.266s][info][gc          ] GC(48) Pause Young (Concurrent Start) (G1 Evacuation Pause) 756M->450M(896M) 46.587ms
[42.266s][info][gc          ] GC(49) Concurrent Mark Cycle
[42.267s][info][gc,marking  ] GC(49) Concurrent Scan Root Regions
[42.266s][info][gc,cpu      ] GC(48) User=0.21s Sys=0.02s Real=0.05s
[42.343s][info][gc,marking  ] GC(49) Concurrent Scan Root Regions 76.141ms
[42.343s][info][gc,marking  ] GC(49) Concurrent Mark
[42.343s][info][gc,marking  ] GC(49) Concurrent Mark From Roots
[42.343s][info][gc,task     ] GC(49) Using 2 workers of 2 for marking
[42.631s][info][gc,marking  ] GC(49) Concurrent Mark From Roots 287.697ms
[42.631s][info][gc,marking  ] GC(49) Concurrent Preclean
[42.632s][info][gc,marking  ] GC(49) Concurrent Preclean 1.103ms
[42.633s][info][gc,start    ] GC(49) Pause Remark
[42.648s][info][gc          ] GC(49) Pause Remark 498M->494M(896M) 14.730ms
[42.648s][info][gc,cpu      ] GC(49) User=0.06s Sys=0.00s Real=0.01s
[42.648s][info][gc,marking  ] GC(49) Concurrent Mark 305.484ms
[42.650s][info][gc,marking  ] GC(49) Concurrent Rebuild Remembered Sets and Scrub Regions
[42.827s][info][gc,marking  ] GC(49) Concurrent Rebuild Remembered Sets and Scrub Regions 177.237ms
[42.828s][info][gc,start    ] GC(49) Pause Cleanup
[42.828s][info][gc          ] GC(49) Pause Cleanup 522M->522M(896M) 0.448ms
[42.829s][info][gc,cpu      ] GC(49) User=0.00s Sys=0.00s Real=0.00s
[42.831s][info][gc,marking  ] GC(49) Concurrent Clear Claimed Marks
[42.831s][info][gc,marking  ] GC(49) Concurrent Clear Claimed Marks 0.775ms
[42.832s][info][gc,marking  ] GC(49) Concurrent Cleanup for Next Mark
[42.835s][info][gc,marking  ] GC(49) Concurrent Cleanup for Next Mark 3.262ms
[42.835s][info][gc          ] GC(49) Concurrent Mark Cycle 568.732ms
[44.477s][info][gc,start    ] GC(50) Pause Young (Prepare Mixed) (G1 Evacuation Pause)
[44.478s][info][gc,task     ] GC(50) Using 6 workers of 6 for evacuation
[44.516s][info][gc,phases   ] GC(50)   Pre Evacuate Collection Set: 0.4ms
[44.516s][info][gc,phases   ] GC(50)   Merge Heap Roots: 0.4ms
[44.517s][info][gc,phases   ] GC(50)   Evacuate Collection Set: 34.8ms
[44.517s][info][gc,phases   ] GC(50)   Post Evacuate Collection Set: 2.9ms
[44.517s][info][gc,phases   ] GC(50)   Other: 0.3ms
[44.517s][info][gc,heap     ] GC(50) Eden regions: 76->0(77)
[44.517s][info][gc,heap     ] GC(50) Survivor regions: 14->5(12)
[44.517s][info][gc,heap     ] GC(50) Old regions: 93->107
[44.517s][info][gc,heap     ] GC(50) Humongous regions: 5->5
[44.518s][info][gc,metaspace] GC(50) Metaspace: 279137K(282112K)->279137K(282112K) NonClass: 242772K(244480K)->242772K(244480K) Class: 36364K(37632K)->36364K(37632K)
[44.518s][info][gc          ] GC(50) Pause Young (Prepare Mixed) (G1 Evacuation Pause) 750M->465M(896M) 40.484ms
[44.518s][info][gc,cpu      ] GC(50) User=0.17s Sys=0.01s Real=0.04s
[46.377s][info][gc,start    ] GC(51) Pause Young (Mixed) (G1 Evacuation Pause)
[46.378s][info][gc,task     ] GC(51) Using 6 workers of 6 for evacuation
[46.445s][info][gc,phases   ] GC(51)   Pre Evacuate Collection Set: 0.3ms
[46.447s][info][gc,phases   ] GC(51)   Merge Heap Roots: 0.3ms
[46.447s][info][gc,phases   ] GC(51)   Evacuate Collection Set: 54.5ms
[46.447s][info][gc,phases   ] GC(51)   Post Evacuate Collection Set: 9.8ms
[46.447s][info][gc,phases   ] GC(51)   Other: 1.3ms
[46.448s][info][gc,heap     ] GC(51) Eden regions: 77->0(85)
[46.448s][info][gc,heap     ] GC(51) Survivor regions: 5->7(11)
[46.448s][info][gc,heap     ] GC(51) Old regions: 107->97
[46.449s][info][gc,heap     ] GC(51) Humongous regions: 5->5
[46.449s][info][gc,metaspace] GC(51) Metaspace: 283718K(286912K)->283718K(286912K) NonClass: 246942K(248768K)->246942K(248768K) Class: 36776K(38144K)->36776K(38144K)
[46.449s][info][gc          ] GC(51) Pause Young (Mixed) (G1 Evacuation Pause) 773M->433M(896M) 72.365ms
[46.450s][info][gc,cpu      ] GC(51) User=0.27s Sys=0.03s Real=0.07s
[47.971s][info][gc,start    ] GC(52) Pause Young (Normal) (G1 Evacuation Pause)
[47.971s][info][gc,task     ] GC(52) Using 6 workers of 6 for evacuation
[47.994s][info][gc,phases   ] GC(52)   Pre Evacuate Collection Set: 0.2ms
[47.994s][info][gc,phases   ] GC(52)   Merge Heap Roots: 0.2ms
[47.994s][info][gc,phases   ] GC(52)   Evacuate Collection Set: 20.0ms
[47.994s][info][gc,phases   ] GC(52)   Post Evacuate Collection Set: 1.4ms
[47.994s][info][gc,phases   ] GC(52)   Other: 0.3ms
[47.994s][info][gc,heap     ] GC(52) Eden regions: 85->0(121)
[47.994s][info][gc,heap     ] GC(52) Survivor regions: 7->6(12)
[47.995s][info][gc,heap     ] GC(52) Old regions: 97->101
[47.995s][info][gc,heap     ] GC(52) Humongous regions: 5->5
[47.995s][info][gc,metaspace] GC(52) Metaspace: 284824K(287936K)->284824K(287936K) NonClass: 247972K(249728K)->247972K(249728K) Class: 36852K(38208K)->36852K(38208K)
[47.995s][info][gc          ] GC(52) Pause Young (Normal) (G1 Evacuation Pause) 773M->443M(1076M) 23.802ms
[47.995s][info][gc,cpu      ] GC(52) User=0.08s Sys=0.00s Real=0.03s
[50.164s][info][gc,start    ] GC(53) Pause Young (Normal) (G1 Evacuation Pause)
[50.167s][info][gc,task     ] GC(53) Using 6 workers of 6 for evacuation
[50.198s][info][gc,phases   ] GC(53)   Pre Evacuate Collection Set: 0.3ms
[50.198s][info][gc,phases   ] GC(53)   Merge Heap Roots: 0.2ms
[50.198s][info][gc,phases   ] GC(53)   Evacuate Collection Set: 27.7ms
[50.199s][info][gc,phases   ] GC(53)   Post Evacuate Collection Set: 2.9ms
[50.199s][info][gc,phases   ] GC(53)   Other: 0.5ms
[50.199s][info][gc,heap     ] GC(53) Eden regions: 121->0(120)
[50.199s][info][gc,heap     ] GC(53) Survivor regions: 6->10(16)
[50.199s][info][gc,heap     ] GC(53) Old regions: 101->101
[50.199s][info][gc,heap     ] GC(53) Humongous regions: 6->6
[50.200s][info][gc,metaspace] GC(53) Metaspace: 285930K(289024K)->285930K(289024K) NonClass: 249052K(250816K)->249052K(250816K) Class: 36878K(38208K)->36878K(38208K)
[50.200s][info][gc          ] GC(53) Pause Young (Normal) (G1 Evacuation Pause) 931M->463M(1076M) 35.671ms
[50.200s][info][gc,cpu      ] GC(53) User=0.16s Sys=0.00s Real=0.03s
[52.625s][info][gc,start    ] GC(54) Pause Young (Normal) (G1 Evacuation Pause)
[52.625s][info][gc,task     ] GC(54) Using 6 workers of 6 for evacuation
[52.650s][info][gc,phases   ] GC(54)   Pre Evacuate Collection Set: 0.3ms
[52.651s][info][gc,phases   ] GC(54)   Merge Heap Roots: 0.2ms
[52.651s][info][gc,phases   ] GC(54)   Evacuate Collection Set: 23.1ms
[52.651s][info][gc,phases   ] GC(54)   Post Evacuate Collection Set: 1.5ms
[52.651s][info][gc,phases   ] GC(54)   Other: 0.3ms
[52.651s][info][gc,heap     ] GC(54) Eden regions: 120->0(124)
[52.651s][info][gc,heap     ] GC(54) Survivor regions: 10->8(17)
[52.651s][info][gc,heap     ] GC(54) Old regions: 101->103
[52.651s][info][gc,heap     ] GC(54) Humongous regions: 6->5
[52.651s][info][gc,metaspace] GC(54) Metaspace: 286968K(290112K)->286968K(290112K) NonClass: 250046K(251840K)->250046K(251840K) Class: 36921K(38272K)->36921K(38272K)
[52.652s][info][gc          ] GC(54) Pause Young (Normal) (G1 Evacuation Pause) 943M->459M(1076M) 26.784ms
[52.652s][info][gc,cpu      ] GC(54) User=0.07s Sys=0.01s Real=0.03s
[54.301s][info][gc,start    ] GC(55) Pause Young (Concurrent Start) (G1 Evacuation Pause)
[54.302s][info][gc,task     ] GC(55) Using 6 workers of 6 for evacuation
[54.320s][info][gc,phases   ] GC(55)   Pre Evacuate Collection Set: 0.3ms
[54.321s][info][gc,phases   ] GC(55)   Merge Heap Roots: 0.2ms
[54.321s][info][gc,phases   ] GC(55)   Evacuate Collection Set: 16.2ms
[54.321s][info][gc,phases   ] GC(55)   Post Evacuate Collection Set: 1.3ms
[54.321s][info][gc,phases   ] GC(55)   Other: 0.4ms
[54.321s][info][gc,heap     ] GC(55) Eden regions: 124->0(128)
[54.321s][info][gc,heap     ] GC(55) Survivor regions: 8->8(17)
[54.321s][info][gc,heap     ] GC(55) Old regions: 103->103
[54.321s][info][gc,heap     ] GC(55) Humongous regions: 5->5
[54.322s][info][gc,metaspace] GC(55) Metaspace: 287202K(290304K)->287202K(290304K) NonClass: 250261K(252032K)->250261K(252032K) Class: 36940K(38272K)->36940K(38272K)
[54.322s][info][gc          ] GC(55) Pause Young (Concurrent Start) (G1 Evacuation Pause) 955M->462M(1076M) 20.963ms
[54.322s][info][gc          ] GC(56) Concurrent Mark Cycle
[54.322s][info][gc,marking  ] GC(56) Concurrent Scan Root Regions
[54.322s][info][gc,cpu      ] GC(55) User=0.07s Sys=0.00s Real=0.03s
[54.346s][info][gc,marking  ] GC(56) Concurrent Scan Root Regions 24.084ms
[54.346s][info][gc,marking  ] GC(56) Concurrent Mark
[54.347s][info][gc,marking  ] GC(56) Concurrent Mark From Roots
[54.347s][info][gc,task     ] GC(56) Using 2 workers of 2 for marking
[54.631s][info][gc,marking  ] GC(56) Concurrent Mark From Roots 284.139ms
[54.634s][info][gc,marking  ] GC(56) Concurrent Preclean
[54.635s][info][gc,marking  ] GC(56) Concurrent Preclean 1.532ms
[54.636s][info][gc,start    ] GC(56) Pause Remark
[54.679s][info][gc          ] GC(56) Pause Remark 522M->518M(1076M) 43.226ms
[54.679s][info][gc,cpu      ] GC(56) User=0.17s Sys=0.00s Real=0.04s
[54.692s][info][gc,marking  ] GC(56) Concurrent Mark 345.421ms
[54.692s][info][gc,marking  ] GC(56) Concurrent Rebuild Remembered Sets and Scrub Regions
[54.906s][info][gc,marking  ] GC(56) Concurrent Rebuild Remembered Sets and Scrub Regions 214.024ms
[54.907s][info][gc,start    ] GC(56) Pause Cleanup
[54.907s][info][gc          ] GC(56) Pause Cleanup 574M->574M(1076M) 0.531ms
[54.908s][info][gc,cpu      ] GC(56) User=0.00s Sys=0.01s Real=0.00s
[54.908s][info][gc,marking  ] GC(56) Concurrent Clear Claimed Marks
[54.909s][info][gc,marking  ] GC(56) Concurrent Clear Claimed Marks 1.032ms
[54.909s][info][gc,marking  ] GC(56) Concurrent Cleanup for Next Mark
[54.912s][info][gc,marking  ] GC(56) Concurrent Cleanup for Next Mark 2.537ms
[54.912s][info][gc          ] GC(56) Concurrent Mark Cycle 590.209ms
[65.397s][info][gc,start    ] GC(57) Pause Young (Prepare Mixed) (G1 Evacuation Pause)
[65.397s][info][gc,task     ] GC(57) Using 6 workers of 6 for evacuation
[65.419s][info][gc,phases   ] GC(57)   Pre Evacuate Collection Set: 0.3ms
[65.419s][info][gc,phases   ] GC(57)   Merge Heap Roots: 0.2ms
[65.419s][info][gc,phases   ] GC(57)   Evacuate Collection Set: 19.8ms
[65.420s][info][gc,phases   ] GC(57)   Post Evacuate Collection Set: 1.4ms
[65.420s][info][gc,phases   ] GC(57)   Other: 0.3ms
[65.420s][info][gc,heap     ] GC(57) Eden regions: 128->0(124)
[65.420s][info][gc,heap     ] GC(57) Survivor regions: 8->12(17)
[65.420s][info][gc,heap     ] GC(57) Old regions: 103->103
[65.420s][info][gc,heap     ] GC(57) Humongous regions: 4->4
[65.420s][info][gc,metaspace] GC(57) Metaspace: 291239K(294400K)->291239K(294400K) NonClass: 253900K(255680K)->253900K(255680K) Class: 37339K(38720K)->37339K(38720K)
[65.421s][info][gc          ] GC(57) Pause Young (Prepare Mixed) (G1 Evacuation Pause) 970M->474M(1076M) 23.794ms
[65.421s][info][gc,cpu      ] GC(57) User=0.11s Sys=0.00s Real=0.02s
[67.925s][info][gc,start    ] GC(58) Pause Young (Mixed) (G1 Evacuation Pause)
[67.928s][info][gc,task     ] GC(58) Using 6 workers of 6 for evacuation
[68.012s][info][gc,phases   ] GC(58)   Pre Evacuate Collection Set: 0.3ms
[68.012s][info][gc,phases   ] GC(58)   Merge Heap Roots: 0.4ms
[68.012s][info][gc,phases   ] GC(58)   Evacuate Collection Set: 80.6ms
[68.013s][info][gc,phases   ] GC(58)   Post Evacuate Collection Set: 2.6ms
[68.013s][info][gc,phases   ] GC(58)   Other: 0.6ms
[68.013s][info][gc,heap     ] GC(58) Eden regions: 124->0(129)
[68.013s][info][gc,heap     ] GC(58) Survivor regions: 12->16(17)
[68.013s][info][gc,heap     ] GC(58) Old regions: 103->91
[68.013s][info][gc,heap     ] GC(58) Humongous regions: 4->4
[68.014s][info][gc,metaspace] GC(58) Metaspace: 292390K(295552K)->292390K(295552K) NonClass: 255025K(256768K)->255025K(256768K) Class: 37365K(38784K)->37365K(38784K)
[68.014s][info][gc          ] GC(58) Pause Young (Mixed) (G1 Evacuation Pause) 970M->439M(1080M) 88.520ms
[68.014s][info][gc,cpu      ] GC(58) User=0.35s Sys=0.06s Real=0.09s
[69.567s][info][gc,start    ] GC(59) Pause Young (Normal) (G1 Evacuation Pause)
[69.567s][info][gc,task     ] GC(59) Using 6 workers of 6 for evacuation
[69.598s][info][gc,phases   ] GC(59)   Pre Evacuate Collection Set: 0.3ms
[69.598s][info][gc,phases   ] GC(59)   Merge Heap Roots: 0.2ms
[69.598s][info][gc,phases   ] GC(59)   Evacuate Collection Set: 28.9ms
[69.599s][info][gc,phases   ] GC(59)   Post Evacuate Collection Set: 1.4ms
[69.599s][info][gc,phases   ] GC(59)   Other: 0.2ms
[69.599s][info][gc,heap     ] GC(59) Eden regions: 129->0(122)
[69.599s][info][gc,heap     ] GC(59) Survivor regions: 16->15(19)
[69.599s][info][gc,heap     ] GC(59) Old regions: 91->100
[69.599s][info][gc,heap     ] GC(59) Humongous regions: 4->4
[69.599s][info][gc,metaspace] GC(59) Metaspace: 294775K(298304K)->294775K(298304K) NonClass: 257061K(259008K)->257061K(259008K) Class: 37713K(39296K)->37713K(39296K)
[69.600s][info][gc          ] GC(59) Pause Young (Normal) (G1 Evacuation Pause) 955M->472M(1080M) 32.863ms
[69.600s][info][gc,cpu      ] GC(59) User=0.17s Sys=0.00s Real=0.03s
[71.221s][info][gc,start    ] GC(60) Pause Young (Concurrent Start) (G1 Evacuation Pause)
[71.222s][info][gc,task     ] GC(60) Using 6 workers of 6 for evacuation
[71.250s][info][gc,phases   ] GC(60)   Pre Evacuate Collection Set: 0.3ms
[71.251s][info][gc,phases   ] GC(60)   Merge Heap Roots: 0.1ms
[71.251s][info][gc,phases   ] GC(60)   Evacuate Collection Set: 26.4ms
[71.251s][info][gc,phases   ] GC(60)   Post Evacuate Collection Set: 1.8ms
[71.251s][info][gc,phases   ] GC(60)   Other: 0.3ms
[71.251s][info][gc,heap     ] GC(60) Eden regions: 122->0(116)
[71.251s][info][gc,heap     ] GC(60) Survivor regions: 15->15(18)
[71.252s][info][gc,heap     ] GC(60) Old regions: 100->106
[71.252s][info][gc,heap     ] GC(60) Humongous regions: 4->4
[71.252s][info][gc,metaspace] GC(60) Metaspace: 295491K(299072K)->295491K(299072K) NonClass: 257738K(259712K)->257738K(259712K) Class: 37753K(39360K)->37753K(39360K)
[71.252s][info][gc          ] GC(60) Pause Young (Concurrent Start) (G1 Evacuation Pause) 960M->498M(1080M) 30.764ms
[71.252s][info][gc          ] GC(61) Concurrent Mark Cycle
[71.252s][info][gc,marking  ] GC(61) Concurrent Scan Root Regions
[71.252s][info][gc,cpu      ] GC(60) User=0.14s Sys=0.01s Real=0.04s
[71.304s][info][gc,marking  ] GC(61) Concurrent Scan Root Regions 51.528ms
[71.304s][info][gc,marking  ] GC(61) Concurrent Mark
[71.305s][info][gc,marking  ] GC(61) Concurrent Mark From Roots
[71.305s][info][gc,task     ] GC(61) Using 2 workers of 2 for marking
[71.594s][info][gc,marking  ] GC(61) Concurrent Mark From Roots 289.230ms
[71.594s][info][gc,marking  ] GC(61) Concurrent Preclean
[71.595s][info][gc,marking  ] GC(61) Concurrent Preclean 1.023ms
[71.595s][info][gc,start    ] GC(61) Pause Remark
[71.614s][info][gc          ] GC(61) Pause Remark 556M->556M(1080M) 18.822ms
[71.615s][info][gc,cpu      ] GC(61) User=0.08s Sys=0.00s Real=0.02s
[71.615s][info][gc,marking  ] GC(61) Concurrent Mark 310.499ms
[71.615s][info][gc,marking  ] GC(61) Concurrent Rebuild Remembered Sets and Scrub Regions
[71.874s][info][gc,marking  ] GC(61) Concurrent Rebuild Remembered Sets and Scrub Regions 259.032ms
[71.876s][info][gc,start    ] GC(61) Pause Cleanup
[71.877s][info][gc          ] GC(61) Pause Cleanup 623M->623M(1080M) 0.790ms
[71.877s][info][gc,cpu      ] GC(61) User=0.00s Sys=0.00s Real=0.00s
[71.878s][info][gc,marking  ] GC(61) Concurrent Clear Claimed Marks
[71.878s][info][gc,marking  ] GC(61) Concurrent Clear Claimed Marks 0.687ms
[71.878s][info][gc,marking  ] GC(61) Concurrent Cleanup for Next Mark
[71.881s][info][gc,marking  ] GC(61) Concurrent Cleanup for Next Mark 2.043ms
[71.882s][info][gc          ] GC(61) Concurrent Mark Cycle 629.387ms
[73.316s][info][gc,start    ] GC(62) Pause Young (Prepare Mixed) (G1 Evacuation Pause)
[73.316s][info][gc,task     ] GC(62) Using 6 workers of 6 for evacuation
[73.351s][info][gc,phases   ] GC(62)   Pre Evacuate Collection Set: 0.3ms
[73.351s][info][gc,phases   ] GC(62)   Merge Heap Roots: 0.2ms
[73.351s][info][gc,phases   ] GC(62)   Evacuate Collection Set: 32.5ms
[73.351s][info][gc,phases   ] GC(62)   Post Evacuate Collection Set: 1.3ms
[73.352s][info][gc,phases   ] GC(62)   Other: 0.2ms
[73.352s][info][gc,heap     ] GC(62) Eden regions: 116->0(110)
[73.352s][info][gc,heap     ] GC(62) Survivor regions: 15->14(17)
[73.352s][info][gc,heap     ] GC(62) Old regions: 106->114
[73.352s][info][gc,heap     ] GC(62) Humongous regions: 4->4
[73.352s][info][gc,metaspace] GC(62) Metaspace: 296055K(299648K)->296055K(299648K) NonClass: 258282K(260288K)->258282K(260288K) Class: 37773K(39360K)->37773K(39360K)
[73.352s][info][gc          ] GC(62) Pause Young (Prepare Mixed) (G1 Evacuation Pause) 962M->527M(1080M) 36.111ms
[73.352s][info][gc,cpu      ] GC(62) User=0.16s Sys=0.00s Real=0.04s
[74.949s][info][gc,start    ] GC(63) Pause Young (Mixed) (G1 Evacuation Pause)
[74.949s][info][gc,task     ] GC(63) Using 6 workers of 6 for evacuation
[74.983s][info][gc,phases   ] GC(63)   Pre Evacuate Collection Set: 0.3ms
[74.983s][info][gc,phases   ] GC(63)   Merge Heap Roots: 0.2ms
[74.983s][info][gc,phases   ] GC(63)   Evacuate Collection Set: 31.2ms
[74.983s][info][gc,phases   ] GC(63)   Post Evacuate Collection Set: 1.5ms
[74.983s][info][gc,phases   ] GC(63)   Other: 0.2ms
[74.983s][info][gc,heap     ] GC(63) Eden regions: 110->0(112)
[74.983s][info][gc,heap     ] GC(63) Survivor regions: 14->11(16)
[74.984s][info][gc,heap     ] GC(63) Old regions: 114->118
[74.984s][info][gc,heap     ] GC(63) Humongous regions: 6->4
[74.984s][info][gc,metaspace] GC(63) Metaspace: 297761K(301376K)->297761K(301376K) NonClass: 259812K(261824K)->259812K(261824K) Class: 37948K(39552K)->37948K(39552K)
[74.984s][info][gc          ] GC(63) Pause Young (Mixed) (G1 Evacuation Pause) 975M->531M(1080M) 35.087ms
[74.984s][info][gc,cpu      ] GC(63) User=0.15s Sys=0.00s Real=0.04s
[75.907s][info][gc,start    ] GC(64) Pause Young (Concurrent Start) (G1 Evacuation Pause)
[75.908s][info][gc,task     ] GC(64) Using 6 workers of 6 for evacuation
[75.940s][info][gc,phases   ] GC(64)   Pre Evacuate Collection Set: 0.4ms
[75.940s][info][gc,phases   ] GC(64)   Merge Heap Roots: 0.2ms
[75.940s][info][gc,phases   ] GC(64)   Evacuate Collection Set: 30.3ms
[75.941s][info][gc,phases   ] GC(64)   Post Evacuate Collection Set: 1.1ms
[75.941s][info][gc,phases   ] GC(64)   Other: 0.5ms
[75.941s][info][gc,heap     ] GC(64) Eden regions: 112->0(105)
[75.941s][info][gc,heap     ] GC(64) Survivor regions: 11->11(16)
[75.941s][info][gc,heap     ] GC(64) Old regions: 118->125
[75.941s][info][gc,heap     ] GC(64) Humongous regions: 4->4
[75.941s][info][gc,metaspace] GC(64) Metaspace: 298017K(301568K)->298017K(301568K) NonClass: 260059K(262016K)->260059K(262016K) Class: 37958K(39552K)->37958K(39552K)
[75.942s][info][gc          ] GC(64) Pause Young (Concurrent Start) (G1 Evacuation Pause) 979M->558M(1080M) 34.563ms
[75.942s][info][gc,cpu      ] GC(64) User=0.18s Sys=0.00s Real=0.04s
[75.942s][info][gc          ] GC(65) Concurrent Mark Cycle
[75.953s][info][gc,marking  ] GC(65) Concurrent Scan Root Regions
[75.990s][info][gc,marking  ] GC(65) Concurrent Scan Root Regions 36.121ms
[75.990s][info][gc,marking  ] GC(65) Concurrent Mark
[75.990s][info][gc,marking  ] GC(65) Concurrent Mark From Roots
[75.990s][info][gc,task     ] GC(65) Using 2 workers of 2 for marking
[76.473s][info][gc,marking  ] GC(65) Concurrent Mark From Roots 483.145ms
[76.476s][info][gc,marking  ] GC(65) Concurrent Preclean
[76.483s][info][gc,marking  ] GC(65) Concurrent Preclean 7.495ms
[76.484s][info][gc,start    ] GC(65) Pause Remark
[76.506s][info][gc          ] GC(65) Pause Remark 802M->802M(1080M) 22.365ms
[76.506s][info][gc,cpu      ] GC(65) User=0.10s Sys=0.00s Real=0.02s
[76.512s][info][gc,marking  ] GC(65) Concurrent Mark 522.325ms
[76.512s][info][gc,marking  ] GC(65) Concurrent Rebuild Remembered Sets and Scrub Regions
[76.966s][info][gc,start    ] GC(66) Pause Young (Normal) (G1 Evacuation Pause)
[76.966s][info][gc,task     ] GC(66) Using 6 workers of 6 for evacuation
[76.999s][info][gc,phases   ] GC(66)   Pre Evacuate Collection Set: 0.2ms
[76.999s][info][gc,phases   ] GC(66)   Merge Heap Roots: 0.2ms
[76.999s][info][gc,phases   ] GC(66)   Evacuate Collection Set: 30.9ms
[76.999s][info][gc,phases   ] GC(66)   Post Evacuate Collection Set: 1.1ms
[76.999s][info][gc,phases   ] GC(66)   Other: 0.3ms
[77.000s][info][gc,heap     ] GC(66) Eden regions: 105->0(97)
[77.000s][info][gc,heap     ] GC(66) Survivor regions: 11->13(15)
[77.000s][info][gc,heap     ] GC(66) Old regions: 125->129
[77.000s][info][gc,heap     ] GC(66) Humongous regions: 4->4
[77.000s][info][gc,metaspace] GC(66) Metaspace: 298295K(301888K)->298295K(301888K) NonClass: 260305K(262272K)->260305K(262272K) Class: 37989K(39616K)->37989K(39616K)
[77.000s][info][gc          ] GC(66) Pause Young (Normal) (G1 Evacuation Pause) 978M->582M(1080M) 34.538ms
[77.000s][info][gc,cpu      ] GC(66) User=0.12s Sys=0.00s Real=0.03s
[77.041s][info][gc,marking  ] GC(65) Concurrent Rebuild Remembered Sets and Scrub Regions 528.910ms
[77.042s][info][gc,start    ] GC(65) Pause Cleanup
[77.042s][info][gc          ] GC(65) Pause Cleanup 592M->592M(1080M) 0.513ms
[77.043s][info][gc,cpu      ] GC(65) User=0.00s Sys=0.00s Real=0.00s
[77.043s][info][gc,marking  ] GC(65) Concurrent Clear Claimed Marks
[77.043s][info][gc,marking  ] GC(65) Concurrent Clear Claimed Marks 0.625ms
[77.048s][info][gc,marking  ] GC(65) Concurrent Cleanup for Next Mark
[77.049s][info][gc,marking  ] GC(65) Concurrent Cleanup for Next Mark 1.118ms
[77.050s][info][gc          ] GC(65) Concurrent Mark Cycle 1108.673ms
[78.969s][info][gc,start    ] GC(67) Pause Young (Prepare Mixed) (G1 Evacuation Pause)
[78.969s][info][gc,task     ] GC(67) Using 6 workers of 6 for evacuation
[78.996s][info][gc,phases   ] GC(67)   Pre Evacuate Collection Set: 0.3ms
[78.996s][info][gc,phases   ] GC(67)   Merge Heap Roots: 0.3ms
[78.996s][info][gc,phases   ] GC(67)   Evacuate Collection Set: 24.6ms
[78.996s][info][gc,phases   ] GC(67)   Post Evacuate Collection Set: 1.3ms
[78.997s][info][gc,phases   ] GC(67)   Other: 0.2ms
[78.997s][info][gc,heap     ] GC(67) Eden regions: 97->0(94)
[78.997s][info][gc,heap     ] GC(67) Survivor regions: 13->11(14)
[78.997s][info][gc,heap     ] GC(67) Old regions: 129->136
[78.997s][info][gc,heap     ] GC(67) Humongous regions: 4->4
[78.997s][info][gc,metaspace] GC(67) Metaspace: 298711K(302272K)->298711K(302272K) NonClass: 260703K(262656K)->260703K(262656K) Class: 38008K(39616K)->38008K(39616K)
[78.997s][info][gc          ] GC(67) Pause Young (Prepare Mixed) (G1 Evacuation Pause) 970M->601M(1080M) 28.141ms
[78.997s][info][gc,cpu      ] GC(67) User=0.15s Sys=0.00s Real=0.03s
[80.150s][info][gc,start    ] GC(68) Pause Young (Mixed) (G1 Evacuation Pause)
[80.150s][info][gc,task     ] GC(68) Using 6 workers of 6 for evacuation
[80.179s][info][gc,phases   ] GC(68)   Pre Evacuate Collection Set: 0.3ms
[80.179s][info][gc,phases   ] GC(68)   Merge Heap Roots: 0.2ms
[80.179s][info][gc,phases   ] GC(68)   Evacuate Collection Set: 26.8ms
[80.179s][info][gc,phases   ] GC(68)   Post Evacuate Collection Set: 1.1ms
[80.179s][info][gc,phases   ] GC(68)   Other: 0.2ms
[80.180s][info][gc,heap     ] GC(68) Eden regions: 94->0(92)
[80.180s][info][gc,heap     ] GC(68) Survivor regions: 11->10(14)
[80.180s][info][gc,heap     ] GC(68) Old regions: 136->140
[80.180s][info][gc,heap     ] GC(68) Humongous regions: 4->4
[80.180s][info][gc,metaspace] GC(68) Metaspace: 298968K(302592K)->298968K(302592K) NonClass: 260955K(262976K)->260955K(262976K) Class: 38012K(39616K)->38012K(39616K)
[80.180s][info][gc          ] GC(68) Pause Young (Mixed) (G1 Evacuation Pause) 977M->614M(1080M) 29.949ms
[80.180s][info][gc,cpu      ] GC(68) User=0.16s Sys=0.00s Real=0.03s
[80.712s][info][gc,start    ] GC(69) Pause Young (Concurrent Start) (G1 Evacuation Pause)
[80.713s][info][gc,task     ] GC(69) Using 6 workers of 6 for evacuation
[80.735s][info][gc,phases   ] GC(69)   Pre Evacuate Collection Set: 0.3ms
[80.735s][info][gc,phases   ] GC(69)   Merge Heap Roots: 0.2ms
[80.735s][info][gc,phases   ] GC(69)   Evacuate Collection Set: 20.5ms
[80.735s][info][gc,phases   ] GC(69)   Post Evacuate Collection Set: 1.0ms
[80.735s][info][gc,phases   ] GC(69)   Other: 0.3ms
[80.736s][info][gc,heap     ] GC(69) Eden regions: 92->0(85)
[80.736s][info][gc,heap     ] GC(69) Survivor regions: 10->11(13)
[80.736s][info][gc,heap     ] GC(69) Old regions: 140->145
[80.736s][info][gc,heap     ] GC(69) Humongous regions: 4->4
[80.736s][info][gc,metaspace] GC(69) Metaspace: 299122K(302784K)->299122K(302784K) NonClass: 261109K(263168K)->261109K(263168K) Class: 38013K(39616K)->38013K(39616K)
[80.736s][info][gc          ] GC(69) Pause Young (Concurrent Start) (G1 Evacuation Pause) 982M->636M(1080M) 24.098ms
[80.737s][info][gc          ] GC(70) Concurrent Mark Cycle
[80.737s][info][gc,marking  ] GC(70) Concurrent Scan Root Regions
[80.737s][info][gc,cpu      ] GC(69) User=0.12s Sys=0.00s Real=0.02s
[80.779s][info][gc,marking  ] GC(70) Concurrent Scan Root Regions 42.096ms
[80.779s][info][gc,marking  ] GC(70) Concurrent Mark
[80.779s][info][gc,marking  ] GC(70) Concurrent Mark From Roots
[80.779s][info][gc,task     ] GC(70) Using 2 workers of 2 for marking
[81.365s][info][gc,marking  ] GC(70) Concurrent Mark From Roots 586.184ms
[81.366s][info][gc,marking  ] GC(70) Concurrent Preclean
[81.368s][info][gc,marking  ] GC(70) Concurrent Preclean 2.286ms
[81.369s][info][gc,start    ] GC(70) Pause Remark
[81.387s][info][gc          ] GC(70) Pause Remark 941M->941M(1080M) 18.709ms
[81.388s][info][gc,cpu      ] GC(70) User=0.07s Sys=0.00s Real=0.02s
[81.388s][info][gc,marking  ] GC(70) Concurrent Mark 608.807ms
[81.388s][info][gc,marking  ] GC(70) Concurrent Rebuild Remembered Sets and Scrub Regions
[81.464s][info][gc,start    ] GC(71) Pause Young (Normal) (G1 Evacuation Pause)
[81.467s][info][gc,task     ] GC(71) Using 6 workers of 6 for evacuation
[81.569s][info][gc,phases   ] GC(71)   Pre Evacuate Collection Set: 0.3ms
[81.569s][info][gc,phases   ] GC(71)   Merge Heap Roots: 0.2ms
[81.569s][info][gc,phases   ] GC(71)   Evacuate Collection Set: 49.0ms
[81.569s][info][gc,phases   ] GC(71)   Post Evacuate Collection Set: 1.9ms
[81.569s][info][gc,phases   ] GC(71)   Other: 50.3ms
[81.569s][info][gc,heap     ] GC(71) Eden regions: 85->0(80)
[81.570s][info][gc,heap     ] GC(71) Survivor regions: 11->11(12)
[81.570s][info][gc,heap     ] GC(71) Old regions: 145->150
[81.570s][info][gc,heap     ] GC(71) Humongous regions: 4->4
[81.570s][info][gc,metaspace] GC(71) Metaspace: 299162K(302784K)->299162K(302784K) NonClass: 261148K(263168K)->261148K(263168K) Class: 38013K(39616K)->38013K(39616K)
[81.570s][info][gc          ] GC(71) Pause Young (Normal) (G1 Evacuation Pause) 976M->657M(1080M) 106.148ms
[81.570s][info][gc,cpu      ] GC(71) User=0.27s Sys=0.01s Real=0.11s
[82.062s][info][gc,marking  ] GC(70) Concurrent Rebuild Remembered Sets and Scrub Regions 673.757ms
[82.066s][info][gc,start    ] GC(70) Pause Cleanup
[82.067s][info][gc          ] GC(70) Pause Cleanup 828M->828M(1080M) 0.530ms
[82.067s][info][gc,cpu      ] GC(70) User=0.00s Sys=0.00s Real=0.00s
[82.067s][info][gc,marking  ] GC(70) Concurrent Clear Claimed Marks
[82.068s][info][gc,marking  ] GC(70) Concurrent Clear Claimed Marks 0.494ms
[82.068s][info][gc,marking  ] GC(70) Concurrent Cleanup for Next Mark
[82.069s][info][gc,marking  ] GC(70) Concurrent Cleanup for Next Mark 1.360ms
[82.069s][info][gc          ] GC(70) Concurrent Mark Cycle 1332.937ms
[82.614s][info][gc,start    ] GC(72) Pause Young (Prepare Mixed) (G1 Evacuation Pause)
[82.614s][info][gc,task     ] GC(72) Using 6 workers of 6 for evacuation
[82.652s][info][gc,phases   ] GC(72)   Pre Evacuate Collection Set: 0.2ms
[82.652s][info][gc,phases   ] GC(72)   Merge Heap Roots: 0.3ms
[82.652s][info][gc,phases   ] GC(72)   Evacuate Collection Set: 33.9ms
[82.653s][info][gc,phases   ] GC(72)   Post Evacuate Collection Set: 2.6ms
[82.653s][info][gc,phases   ] GC(72)   Other: 0.7ms
[82.653s][info][gc,heap     ] GC(72) Eden regions: 80->0(119)
[82.653s][info][gc,heap     ] GC(72) Survivor regions: 11->10(12)
[82.653s][info][gc,heap     ] GC(72) Old regions: 150->155
[82.653s][info][gc,heap     ] GC(72) Humongous regions: 4->4
[82.654s][info][gc,metaspace] GC(72) Metaspace: 299257K(302848K)->299257K(302848K) NonClass: 261243K(263232K)->261243K(263232K) Class: 38013K(39616K)->38013K(39616K)
[82.654s][info][gc          ] GC(72) Pause Young (Prepare Mixed) (G1 Evacuation Pause) 977M->673M(1260M) 39.915ms
[82.654s][info][gc,cpu      ] GC(72) User=0.17s Sys=0.01s Real=0.04s
[84.919s][info][gc,start    ] GC(73) Pause Young (Mixed) (G1 Evacuation Pause)
[84.920s][info][gc,task     ] GC(73) Using 6 workers of 6 for evacuation
[84.976s][info][gc,phases   ] GC(73)   Pre Evacuate Collection Set: 0.4ms
[84.976s][info][gc,phases   ] GC(73)   Merge Heap Roots: 0.3ms
[84.977s][info][gc,phases   ] GC(73)   Evacuate Collection Set: 52.7ms
[84.977s][info][gc,phases   ] GC(73)   Post Evacuate Collection Set: 2.8ms
[84.977s][info][gc,phases   ] GC(73)   Other: 0.3ms
[84.977s][info][gc,heap     ] GC(73) Eden regions: 119->0(114)
[84.977s][info][gc,heap     ] GC(73) Survivor regions: 10->11(17)
[84.977s][info][gc,heap     ] GC(73) Old regions: 155->158
[84.978s][info][gc,heap     ] GC(73) Humongous regions: 4->4
[84.978s][info][gc,metaspace] GC(73) Metaspace: 299459K(303040K)->299459K(303040K) NonClass: 261445K(263424K)->261445K(263424K) Class: 38013K(39616K)->38013K(39616K)
[84.978s][info][gc          ] GC(73) Pause Young (Mixed) (G1 Evacuation Pause) 1149M->689M(1260M) 58.529ms
[84.978s][info][gc,cpu      ] GC(73) User=0.29s Sys=0.01s Real=0.06s
[86.216s][info][gc,start    ] GC(74) Pause Young (Concurrent Start) (G1 Evacuation Pause)
[86.216s][info][gc,task     ] GC(74) Using 6 workers of 6 for evacuation
[86.261s][info][gc,phases   ] GC(74)   Pre Evacuate Collection Set: 0.3ms
[86.261s][info][gc,phases   ] GC(74)   Merge Heap Roots: 0.2ms
[86.261s][info][gc,phases   ] GC(74)   Evacuate Collection Set: 41.8ms
[86.261s][info][gc,phases   ] GC(74)   Post Evacuate Collection Set: 1.5ms
[86.261s][info][gc,phases   ] GC(74)   Other: 0.4ms
[86.261s][info][gc,heap     ] GC(74) Eden regions: 114->0(106)
[86.262s][info][gc,heap     ] GC(74) Survivor regions: 11->13(16)
[86.262s][info][gc,heap     ] GC(74) Old regions: 158->162
[86.262s][info][gc,heap     ] GC(74) Humongous regions: 4->4
[86.262s][info][gc,metaspace] GC(74) Metaspace: 299609K(303168K)->299609K(303168K) NonClass: 261591K(263552K)->261591K(263552K) Class: 38018K(39616K)->38018K(39616K)
[86.262s][info][gc          ] GC(74) Pause Young (Concurrent Start) (G1 Evacuation Pause) 1145M->714M(1260M) 46.470ms
[86.262s][info][gc,cpu      ] GC(74) User=0.25s Sys=0.01s Real=0.05s
[86.262s][info][gc          ] GC(75) Concurrent Mark Cycle
[86.266s][info][gc,marking  ] GC(75) Concurrent Scan Root Regions
[86.356s][info][gc,marking  ] GC(75) Concurrent Scan Root Regions 90.121ms
[86.368s][info][gc,marking  ] GC(75) Concurrent Mark
[86.385s][info][gc,marking  ] GC(75) Concurrent Mark From Roots
[86.398s][info][gc,task     ] GC(75) Using 2 workers of 2 for marking
[87.388s][info][gc,marking  ] GC(75) Concurrent Mark From Roots 1002.815ms
[87.388s][info][gc,marking  ] GC(75) Concurrent Preclean
[87.390s][info][gc,marking  ] GC(75) Concurrent Preclean 2.318ms
[87.394s][info][gc,start    ] GC(75) Pause Remark
[87.416s][info][gc          ] GC(75) Pause Remark 1102M->1102M(1260M) 21.736ms
[87.416s][info][gc,cpu      ] GC(75) User=0.10s Sys=0.00s Real=0.02s
[87.432s][info][gc,marking  ] GC(75) Concurrent Mark 1063.504ms
[87.432s][info][gc,marking  ] GC(75) Concurrent Rebuild Remembered Sets and Scrub Regions
[87.486s][info][gc,start    ] GC(76) Pause Young (Normal) (G1 Evacuation Pause)
[87.487s][info][gc,task     ] GC(76) Using 6 workers of 6 for evacuation
[87.519s][info][gc,phases   ] GC(76)   Pre Evacuate Collection Set: 0.3ms
[87.519s][info][gc,phases   ] GC(76)   Merge Heap Roots: 0.3ms
[87.519s][info][gc,phases   ] GC(76)   Evacuate Collection Set: 30.2ms
[87.520s][info][gc,phases   ] GC(76)   Post Evacuate Collection Set: 1.3ms
[87.520s][info][gc,phases   ] GC(76)   Other: 0.3ms
[87.520s][info][gc,heap     ] GC(76) Eden regions: 106->0(99)
[87.520s][info][gc,heap     ] GC(76) Survivor regions: 13->13(15)
[87.520s][info][gc,heap     ] GC(76) Old regions: 162->169
[87.520s][info][gc,heap     ] GC(76) Humongous regions: 4->4
[87.520s][info][gc,metaspace] GC(76) Metaspace: 299820K(303360K)->299820K(303360K) NonClass: 261801K(263744K)->261801K(263744K) Class: 38018K(39616K)->38018K(39616K)
[87.521s][info][gc          ] GC(76) Pause Young (Normal) (G1 Evacuation Pause) 1138M->738M(1260M) 34.105ms
[87.521s][info][gc,cpu      ] GC(76) User=0.16s Sys=0.00s Real=0.03s
[88.204s][info][gc,marking  ] GC(75) Concurrent Rebuild Remembered Sets and Scrub Regions 771.798ms
[88.206s][info][gc,start    ] GC(75) Pause Cleanup
[88.206s][info][gc          ] GC(75) Pause Cleanup 1094M->1094M(1260M) 0.565ms
[88.206s][info][gc,cpu      ] GC(75) User=0.01s Sys=0.00s Real=0.00s
[88.210s][info][gc,marking  ] GC(75) Concurrent Clear Claimed Marks
[88.215s][info][gc,marking  ] GC(75) Concurrent Clear Claimed Marks 5.290ms
[88.216s][info][gc,marking  ] GC(75) Concurrent Cleanup for Next Mark
[88.224s][info][gc,marking  ] GC(75) Concurrent Cleanup for Next Mark 8.264ms
[88.224s][info][gc          ] GC(75) Concurrent Mark Cycle 1961.687ms
[88.278s][info][gc,start    ] GC(77) Pause Young (Prepare Mixed) (G1 Evacuation Pause)
[88.279s][info][gc,task     ] GC(77) Using 6 workers of 6 for evacuation
[88.314s][info][gc,phases   ] GC(77)   Pre Evacuate Collection Set: 0.3ms
[88.314s][info][gc,phases   ] GC(77)   Merge Heap Roots: 0.4ms
[88.314s][info][gc,phases   ] GC(77)   Evacuate Collection Set: 33.0ms
[88.314s][info][gc,phases   ] GC(77)   Post Evacuate Collection Set: 1.2ms
[88.314s][info][gc,phases   ] GC(77)   Other: 0.2ms
[88.315s][info][gc,heap     ] GC(77) Eden regions: 99->0(95)
[88.315s][info][gc,heap     ] GC(77) Survivor regions: 13->12(14)
[88.315s][info][gc,heap     ] GC(77) Old regions: 169->175
[88.315s][info][gc,heap     ] GC(77) Humongous regions: 4->4
[88.315s][info][gc,metaspace] GC(77) Metaspace: 299836K(303424K)->299836K(303424K) NonClass: 261817K(263808K)->261817K(263808K) Class: 38018K(39616K)->38018K(39616K)
[88.315s][info][gc          ] GC(77) Pause Young (Prepare Mixed) (G1 Evacuation Pause) 1134M->761M(1260M) 36.570ms
[88.316s][info][gc,cpu      ] GC(77) User=0.20s Sys=0.00s Real=0.04s
[88.943s][info][gc,start    ] GC(78) Pause Young (Mixed) (G1 Evacuation Pause)
[88.944s][info][gc,task     ] GC(78) Using 6 workers of 6 for evacuation
[89.035s][info][gc,phases   ] GC(78)   Pre Evacuate Collection Set: 0.3ms
[89.043s][info][gc,phases   ] GC(78)   Merge Heap Roots: 0.2ms
[89.048s][info][gc,phases   ] GC(78)   Evacuate Collection Set: 89.0ms
[89.054s][info][gc,phases   ] GC(78)   Post Evacuate Collection Set: 1.2ms
[89.054s][info][gc,phases   ] GC(78)   Other: 0.5ms
[89.063s][info][gc,heap     ] GC(78) Eden regions: 95->0(92)
[89.066s][info][gc,heap     ] GC(78) Survivor regions: 12->12(14)
[89.066s][info][gc,heap     ] GC(78) Old regions: 175->178
[89.066s][info][gc,heap     ] GC(78) Humongous regions: 4->4
[89.067s][info][gc,metaspace] GC(78) Metaspace: 299863K(303424K)->299863K(303424K) NonClass: 261844K(263808K)->261844K(263808K) Class: 38018K(39616K)->38018K(39616K)
[89.067s][info][gc          ] GC(78) Pause Young (Mixed) (G1 Evacuation Pause) 1141M->773M(1260M) 123.511ms
[89.067s][info][gc,cpu      ] GC(78) User=0.39s Sys=0.08s Real=0.12s
[89.700s][info][gc,start    ] GC(79) Pause Young (Concurrent Start) (G1 Evacuation Pause)
[89.701s][info][gc,task     ] GC(79) Using 6 workers of 6 for evacuation
[89.733s][info][gc,phases   ] GC(79)   Pre Evacuate Collection Set: 0.4ms
[89.734s][info][gc,phases   ] GC(79)   Merge Heap Roots: 0.2ms
[89.734s][info][gc,phases   ] GC(79)   Evacuate Collection Set: 30.1ms
[89.734s][info][gc,phases   ] GC(79)   Post Evacuate Collection Set: 1.7ms
[89.734s][info][gc,phases   ] GC(79)   Other: 0.3ms
[89.734s][info][gc,heap     ] GC(79) Eden regions: 92->0(86)
[89.734s][info][gc,heap     ] GC(79) Survivor regions: 12->12(13)
[89.735s][info][gc,heap     ] GC(79) Old regions: 178->184
[89.735s][info][gc,heap     ] GC(79) Humongous regions: 4->4
[89.735s][info][gc,metaspace] GC(79) Metaspace: 299883K(303488K)->299883K(303488K) NonClass: 261865K(263872K)->261865K(263872K) Class: 38018K(39616K)->38018K(39616K)
[89.735s][info][gc          ] GC(79) Pause Young (Concurrent Start) (G1 Evacuation Pause) 1141M->796M(1260M) 34.833ms
[89.735s][info][gc          ] GC(80) Concurrent Mark Cycle
[89.735s][info][gc,marking  ] GC(80) Concurrent Scan Root Regions
[89.735s][info][gc,cpu      ] GC(79) User=0.14s Sys=0.03s Real=0.04s
[89.777s][info][gc,marking  ] GC(80) Concurrent Scan Root Regions 41.547ms
[89.780s][info][gc,marking  ] GC(80) Concurrent Mark
[89.780s][info][gc,marking  ] GC(80) Concurrent Mark From Roots
[89.780s][info][gc,task     ] GC(80) Using 2 workers of 2 for marking
[90.466s][info][gc,start    ] GC(81) Pause Young (Normal) (G1 Evacuation Pause)
[90.467s][info][gc,task     ] GC(81) Using 6 workers of 6 for evacuation
[90.508s][info][gc,phases   ] GC(81)   Pre Evacuate Collection Set: 0.3ms
[90.508s][info][gc,phases   ] GC(81)   Merge Heap Roots: 0.2ms
[90.508s][info][gc,phases   ] GC(81)   Evacuate Collection Set: 36.6ms
[90.508s][info][gc,phases   ] GC(81)   Post Evacuate Collection Set: 3.4ms
[90.509s][info][gc,phases   ] GC(81)   Other: 0.5ms
[90.509s][info][gc,heap     ] GC(81) Eden regions: 86->0(284)
[90.509s][info][gc,heap     ] GC(81) Survivor regions: 12->12(13)
[90.509s][info][gc,heap     ] GC(81) Old regions: 184->190
[90.509s][info][gc,heap     ] GC(81) Humongous regions: 4->4
[90.509s][info][gc,metaspace] GC(81) Metaspace: 299884K(303488K)->299884K(303488K) NonClass: 261865K(263872K)->261865K(263872K) Class: 38018K(39616K)->38018K(39616K)
[90.510s][info][gc          ] GC(81) Pause Young (Normal) (G1 Evacuation Pause) 1140M->820M(2116M) 43.124ms
[90.510s][info][gc,cpu      ] GC(81) User=0.18s Sys=0.02s Real=0.04s
[90.982s][info][gc,marking  ] GC(80) Concurrent Mark From Roots 1201.572ms
[90.982s][info][gc,marking  ] GC(80) Concurrent Preclean
[90.985s][info][gc,marking  ] GC(80) Concurrent Preclean 2.985ms
[90.985s][info][gc,start    ] GC(80) Pause Remark
[91.006s][info][gc          ] GC(80) Pause Remark 1003M->1003M(2116M) 20.307ms
[91.006s][info][gc,cpu      ] GC(80) User=0.10s Sys=0.00s Real=0.02s
[91.014s][info][gc,marking  ] GC(80) Concurrent Mark 1233.917ms
[91.014s][info][gc,marking  ] GC(80) Concurrent Rebuild Remembered Sets and Scrub Regions
[91.544s][info][gc,marking  ] GC(80) Concurrent Rebuild Remembered Sets and Scrub Regions 529.921ms
[91.546s][info][gc,start    ] GC(80) Pause Cleanup
[91.547s][info][gc          ] GC(80) Pause Cleanup 1160M->1160M(2116M) 0.501ms
[91.547s][info][gc,cpu      ] GC(80) User=0.00s Sys=0.00s Real=0.00s
[91.547s][info][gc,marking  ] GC(80) Concurrent Clear Claimed Marks
[91.549s][info][gc,marking  ] GC(80) Concurrent Clear Claimed Marks 1.380ms
[91.550s][info][gc,marking  ] GC(80) Concurrent Cleanup for Next Mark
[91.641s][info][gc,marking  ] GC(80) Concurrent Cleanup for Next Mark 90.397ms
[91.642s][info][gc          ] GC(80) Concurrent Mark Cycle 1906.458ms
[93.450s][info][gc,start    ] GC(82) Pause Young (Prepare Mixed) (G1 Evacuation Pause)
[93.451s][info][gc,task     ] GC(82) Using 6 workers of 6 for evacuation
[93.499s][info][gc,phases   ] GC(82)   Pre Evacuate Collection Set: 0.3ms
[93.500s][info][gc,phases   ] GC(82)   Merge Heap Roots: 0.2ms
[93.500s][info][gc,phases   ] GC(82)   Evacuate Collection Set: 46.5ms
[93.500s][info][gc,phases   ] GC(82)   Post Evacuate Collection Set: 1.5ms
[93.500s][info][gc,phases   ] GC(82)   Other: 0.3ms
[93.500s][info][gc,heap     ] GC(82) Eden regions: 284->0(254)
[93.500s][info][gc,heap     ] GC(82) Survivor regions: 12->27(37)
[93.501s][info][gc,heap     ] GC(82) Old regions: 190->190
[93.501s][info][gc,heap     ] GC(82) Humongous regions: 4->4
[93.501s][info][gc,metaspace] GC(82) Metaspace: 300002K(303552K)->300002K(303552K) NonClass: 261983K(263936K)->261983K(263936K) Class: 38019K(39616K)->38019K(39616K)
[93.501s][info][gc          ] GC(82) Pause Young (Prepare Mixed) (G1 Evacuation Pause) 1956M->882M(2116M) 50.678ms
[93.501s][info][gc,cpu      ] GC(82) User=0.23s Sys=0.01s Real=0.05s
[100.590s][info][gc,heap,exit] Heap
[100.591s][info][gc,heap,exit]  garbage-first heap   total 2166784K, used 1743509K [0x00000006a6400000, 0x0000000800000000)
[100.591s][info][gc,heap,exit]   region size 4096K, 232 young (950272K), 27 survivors (110592K)
[100.591s][info][gc,heap,exit]  Metaspace       used 305544K, committed 309184K, reserved 1376256K
[100.591s][info][gc,heap,exit]   class space    used 38744K, committed 40384K, reserved 1048576K
