[0.172s][info][gc,start    ] GC(0) Pause Young (Normal) (G1 Evacuation Pause)
[0.173s][info][gc,task     ] GC(0) Using 3 workers of 6 for evacuation
[0.179s][info][gc,phases   ] GC(0)   Pre Evacuate Collection Set: 0.3ms
[0.179s][info][gc,phases   ] GC(0)   Merge Heap Roots: 0.2ms
[0.179s][info][gc,phases   ] GC(0)   Evacuate Collection Set: 4.4ms
[0.180s][info][gc,phases   ] GC(0)   Post Evacuate Collection Set: 0.6ms
[0.180s][info][gc,phases   ] GC(0)   Other: 0.8ms
[0.180s][info][gc,heap     ] GC(0) Eden regions: 4->0(1)
[0.180s][info][gc,heap     ] GC(0) Survivor regions: 0->1(1)
[0.181s][info][gc,heap     ] GC(0) Old regions: 1->3
[0.182s][info][gc,heap     ] GC(0) Humongous regions: 3->3
[0.182s][info][gc,metaspace] GC(0) Metaspace: 1828K(2048K)->1828K(2048K) NonClass: 1753K(1856K)->1753K(1856K) Class: 75K(192K)->75K(192K)
[0.182s][info][gc          ] GC(0) Pause Young (Normal) (G1 Evacuation Pause) 30M->26M(132M) 10.279ms
[0.182s][info][gc,cpu      ] GC(0) User=0.00s Sys=0.01s Real=0.01s
[0.187s][info][gc,start    ] GC(1) Pause Young (Normal) (G1 Evacuation Pause)
[0.187s][info][gc,task     ] GC(1) Using 3 workers of 6 for evacuation
[0.190s][info][gc,phases   ] GC(1)   Pre Evacuate Collection Set: 0.2ms
[0.190s][info][gc,phases   ] GC(1)   Merge Heap Roots: 0.1ms
[0.190s][info][gc,phases   ] GC(1)   Evacuate Collection Set: 1.7ms
[0.191s][info][gc,phases   ] GC(1)   Post Evacuate Collection Set: 0.3ms
[0.191s][info][gc,phases   ] GC(1)   Other: 0.3ms
[0.191s][info][gc,heap     ] GC(1) Eden regions: 1->0(5)
[0.191s][info][gc,heap     ] GC(1) Survivor regions: 1->1(1)
[0.192s][info][gc,heap     ] GC(1) Old regions: 3->4
[0.192s][info][gc,heap     ] GC(1) Humongous regions: 3->3
[0.192s][info][gc,metaspace] GC(1) Metaspace: 1847K(2048K)->1847K(2048K) NonClass: 1772K(1856K)->1772K(1856K) Class: 75K(192K)->75K(192K)
[0.192s][info][gc          ] GC(1) Pause Young (Normal) (G1 Evacuation Pause) 30M->27M(132M) 5.282ms
[0.192s][info][gc,cpu      ] GC(1) User=0.01s Sys=0.00s Real=0.00s
[0.599s][info][gc,start    ] GC(2) Pause Young (Normal) (G1 Evacuation Pause)
[0.600s][info][gc,task     ] GC(2) Using 6 workers of 6 for evacuation
[0.607s][info][gc,phases   ] GC(2)   Pre Evacuate Collection Set: 0.3ms
[0.607s][info][gc,phases   ] GC(2)   Merge Heap Roots: 0.1ms
[0.608s][info][gc,phases   ] GC(2)   Evacuate Collection Set: 5.1ms
[0.608s][info][gc,phases   ] GC(2)   Post Evacuate Collection Set: 1.3ms
[0.608s][info][gc,phases   ] GC(2)   Other: 1.0ms
[0.608s][info][gc,heap     ] GC(2) Eden regions: 5->0(8)
[0.609s][info][gc,heap     ] GC(2) Survivor regions: 1->1(1)
[0.609s][info][gc,heap     ] GC(2) Old regions: 4->5
[0.609s][info][gc,heap     ] GC(2) Humongous regions: 3->3
[0.609s][info][gc,metaspace] GC(2) Metaspace: 16096K(16512K)->16096K(16512K) NonClass: 14520K(14720K)->14520K(14720K) Class: 1576K(1792K)->1576K(1792K)
[0.609s][info][gc          ] GC(2) Pause Young (Normal) (G1 Evacuation Pause) 47M->32M(132M) 10.503ms
[0.610s][info][gc,cpu      ] GC(2) User=0.03s Sys=0.01s Real=0.01s
[0.972s][info][gc,start    ] GC(3) Pause Young (Normal) (G1 Evacuation Pause)
[0.973s][info][gc,task     ] GC(3) Using 6 workers of 6 for evacuation
[0.982s][info][gc,phases   ] GC(3)   Pre Evacuate Collection Set: 0.3ms
[0.982s][info][gc,phases   ] GC(3)   Merge Heap Roots: 0.1ms
[0.983s][info][gc,phases   ] GC(3)   Evacuate Collection Set: 8.0ms
[0.983s][info][gc,phases   ] GC(3)   Post Evacuate Collection Set: 0.9ms
[0.983s][info][gc,phases   ] GC(3)   Other: 0.3ms
[0.983s][info][gc,heap     ] GC(3) Eden regions: 8->0(9)
[0.983s][info][gc,heap     ] GC(3) Survivor regions: 1->2(2)
[0.983s][info][gc,heap     ] GC(3) Old regions: 5->7
[0.983s][info][gc,heap     ] GC(3) Humongous regions: 3->3
[0.984s][info][gc,metaspace] GC(3) Metaspace: 20492K(20992K)->20492K(20992K) NonClass: 18469K(18752K)->18469K(18752K) Class: 2023K(2240K)->2023K(2240K)
[0.984s][info][gc          ] GC(3) Pause Young (Normal) (G1 Evacuation Pause) 64M->45M(132M) 11.470ms
[0.984s][info][gc,cpu      ] GC(3) User=0.04s Sys=0.01s Real=0.02s
[1.036s][info][gc,start    ] GC(4) Pause Young (Concurrent Start) (Metadata GC Threshold)
[1.036s][info][gc,task     ] GC(4) Using 6 workers of 6 for evacuation
[1.043s][info][gc,phases   ] GC(4)   Pre Evacuate Collection Set: 0.3ms
[1.043s][info][gc,phases   ] GC(4)   Merge Heap Roots: 0.1ms
[1.043s][info][gc,phases   ] GC(4)   Evacuate Collection Set: 5.1ms
[1.044s][info][gc,phases   ] GC(4)   Post Evacuate Collection Set: 0.7ms
[1.044s][info][gc,phases   ] GC(4)   Other: 0.3ms
[1.044s][info][gc,heap     ] GC(4) Eden regions: 2->0(24)
[1.044s][info][gc,heap     ] GC(4) Survivor regions: 2->1(2)
[1.044s][info][gc,heap     ] GC(4) Old regions: 7->10
[1.044s][info][gc,heap     ] GC(4) Humongous regions: 3->3
[1.044s][info][gc,metaspace] GC(4) Metaspace: 21070K(21504K)->21070K(21504K) NonClass: 18990K(19200K)->18990K(19200K) Class: 2080K(2304K)->2080K(2304K)
[1.045s][info][gc          ] GC(4) Pause Young (Concurrent Start) (Metadata GC Threshold) 50M->48M(236M) 8.461ms
[1.045s][info][gc,cpu      ] GC(4) User=0.03s Sys=0.01s Real=0.01s
[1.045s][info][gc          ] GC(5) Concurrent Mark Cycle
[1.045s][info][gc,marking  ] GC(5) Concurrent Scan Root Regions
[1.048s][info][gc,marking  ] GC(5) Concurrent Scan Root Regions 2.726ms
[1.048s][info][gc,marking  ] GC(5) Concurrent Mark
[1.048s][info][gc,marking  ] GC(5) Concurrent Mark From Roots
[1.048s][info][gc,task     ] GC(5) Using 2 workers of 2 for marking
[1.057s][info][gc,marking  ] GC(5) Concurrent Mark From Roots 8.394ms
[1.057s][info][gc,marking  ] GC(5) Concurrent Preclean
[1.057s][info][gc,marking  ] GC(5) Concurrent Preclean 0.237ms
[1.057s][info][gc,start    ] GC(5) Pause Remark
[1.060s][info][gc          ] GC(5) Pause Remark 49M->49M(188M) 2.980ms
[1.061s][info][gc,cpu      ] GC(5) User=0.01s Sys=0.00s Real=0.00s
[1.061s][info][gc,marking  ] GC(5) Concurrent Mark 13.087ms
[1.061s][info][gc,marking  ] GC(5) Concurrent Rebuild Remembered Sets and Scrub Regions
[1.067s][info][gc,marking  ] GC(5) Concurrent Rebuild Remembered Sets and Scrub Regions 6.057ms
[1.068s][info][gc,start    ] GC(5) Pause Cleanup
[1.068s][info][gc          ] GC(5) Pause Cleanup 49M->49M(188M) 0.364ms
[1.068s][info][gc,cpu      ] GC(5) User=0.00s Sys=0.00s Real=0.00s
[1.069s][info][gc,marking  ] GC(5) Concurrent Clear Claimed Marks
[1.069s][info][gc,marking  ] GC(5) Concurrent Clear Claimed Marks 0.165ms
[1.069s][info][gc,marking  ] GC(5) Concurrent Cleanup for Next Mark
[1.071s][info][gc,marking  ] GC(5) Concurrent Cleanup for Next Mark 1.489ms
[1.071s][info][gc          ] GC(5) Concurrent Mark Cycle 26.143ms
[1.387s][info][gc,start    ] GC(6) Pause Young (Prepare Mixed) (Metadata GC Threshold)
[1.387s][info][gc,task     ] GC(6) Using 6 workers of 6 for evacuation
[1.396s][info][gc,phases   ] GC(6)   Pre Evacuate Collection Set: 0.2ms
[1.396s][info][gc,phases   ] GC(6)   Merge Heap Roots: 0.2ms
[1.396s][info][gc,phases   ] GC(6)   Evacuate Collection Set: 6.7ms
[1.396s][info][gc,phases   ] GC(6)   Post Evacuate Collection Set: 1.2ms
[1.396s][info][gc,phases   ] GC(6)   Other: 0.2ms
[1.397s][info][gc,heap     ] GC(6) Eden regions: 11->0(14)
[1.397s][info][gc,heap     ] GC(6) Survivor regions: 1->3(4)
[1.397s][info][gc,heap     ] GC(6) Old regions: 10->10
[1.397s][info][gc,heap     ] GC(6) Humongous regions: 3->3
[1.397s][info][gc,metaspace] GC(6) Metaspace: 35796K(36416K)->35796K(36416K) NonClass: 32047K(32384K)->32047K(32384K) Class: 3748K(4032K)->3748K(4032K)
[1.397s][info][gc          ] GC(6) Pause Young (Prepare Mixed) (Metadata GC Threshold) 88M->57M(188M) 10.379ms
[1.397s][info][gc,cpu      ] GC(6) User=0.03s Sys=0.01s Real=0.01s
[1.408s][info][gc,start    ] GC(7) Pause Young (Mixed) (Metadata GC Threshold)
[1.408s][info][gc,task     ] GC(7) Using 6 workers of 6 for evacuation
[1.416s][info][gc,phases   ] GC(7)   Pre Evacuate Collection Set: 0.2ms
[1.416s][info][gc,phases   ] GC(7)   Merge Heap Roots: 0.1ms
[1.416s][info][gc,phases   ] GC(7)   Evacuate Collection Set: 6.7ms
[1.416s][info][gc,phases   ] GC(7)   Post Evacuate Collection Set: 0.5ms
[1.417s][info][gc,phases   ] GC(7)   Other: 0.2ms
[1.417s][info][gc,heap     ] GC(7) Eden regions: 1->0(14)
[1.417s][info][gc,heap     ] GC(7) Survivor regions: 3->1(3)
[1.417s][info][gc,heap     ] GC(7) Old regions: 10->12
[1.417s][info][gc,heap     ] GC(7) Humongous regions: 3->3
[1.418s][info][gc,metaspace] GC(7) Metaspace: 36075K(36736K)->36075K(36736K) NonClass: 32293K(32640K)->32293K(32640K) Class: 3782K(4096K)->3782K(4096K)
[1.418s][info][gc          ] GC(7) Pause Young (Mixed) (Metadata GC Threshold) 59M->58M(188M) 9.967ms
[1.418s][info][gc,cpu      ] GC(7) User=0.03s Sys=0.02s Real=0.01s
[1.434s][info][gc,start    ] GC(8) Pause Young (Concurrent Start) (Metadata GC Threshold)
[1.434s][info][gc,task     ] GC(8) Using 6 workers of 6 for evacuation
[1.436s][info][gc,phases   ] GC(8)   Pre Evacuate Collection Set: 0.2ms
[1.436s][info][gc,phases   ] GC(8)   Merge Heap Roots: 0.1ms
[1.436s][info][gc,phases   ] GC(8)   Evacuate Collection Set: 0.7ms
[1.436s][info][gc,phases   ] GC(8)   Post Evacuate Collection Set: 0.4ms
[1.437s][info][gc,phases   ] GC(8)   Other: 0.2ms
[1.437s][info][gc,heap     ] GC(8) Eden regions: 1->0(16)
[1.437s][info][gc,heap     ] GC(8) Survivor regions: 1->1(2)
[1.437s][info][gc,heap     ] GC(8) Old regions: 12->12
[1.437s][info][gc,heap     ] GC(8) Humongous regions: 3->3
[1.437s][info][gc,metaspace] GC(8) Metaspace: 36414K(37056K)->36414K(37056K) NonClass: 32590K(32960K)->32590K(32960K) Class: 3824K(4096K)->3824K(4096K)
[1.438s][info][gc          ] GC(8) Pause Young (Concurrent Start) (Metadata GC Threshold) 60M->58M(188M) 3.717ms
[1.438s][info][gc,cpu      ] GC(8) User=0.01s Sys=0.00s Real=0.00s
[1.438s][info][gc          ] GC(9) Concurrent Mark Cycle
[1.438s][info][gc,marking  ] GC(9) Concurrent Scan Root Regions
[1.439s][info][gc,marking  ] GC(9) Concurrent Scan Root Regions 0.763ms
[1.439s][info][gc,marking  ] GC(9) Concurrent Mark
[1.439s][info][gc,marking  ] GC(9) Concurrent Mark From Roots
[1.439s][info][gc,task     ] GC(9) Using 2 workers of 2 for marking
[1.457s][info][gc,marking  ] GC(9) Concurrent Mark From Roots 17.932ms
[1.459s][info][gc,marking  ] GC(9) Concurrent Preclean
[1.460s][info][gc,marking  ] GC(9) Concurrent Preclean 1.573ms
[1.461s][info][gc,start    ] GC(9) Pause Remark
[1.464s][info][gc          ] GC(9) Pause Remark 59M->59M(188M) 3.300ms
[1.465s][info][gc,cpu      ] GC(9) User=0.02s Sys=0.00s Real=0.01s
[1.465s][info][gc,marking  ] GC(9) Concurrent Mark 25.837ms
[1.467s][info][gc,marking  ] GC(9) Concurrent Rebuild Remembered Sets and Scrub Regions
[1.476s][info][gc,marking  ] GC(9) Concurrent Rebuild Remembered Sets and Scrub Regions 9.195ms
[1.479s][info][gc,start    ] GC(9) Pause Cleanup
[1.479s][info][gc          ] GC(9) Pause Cleanup 60M->60M(188M) 0.330ms
[1.480s][info][gc,cpu      ] GC(9) User=0.00s Sys=0.00s Real=0.00s
[1.480s][info][gc,marking  ] GC(9) Concurrent Clear Claimed Marks
[1.480s][info][gc,marking  ] GC(9) Concurrent Clear Claimed Marks 0.212ms
[1.480s][info][gc,marking  ] GC(9) Concurrent Cleanup for Next Mark
[1.480s][info][gc,marking  ] GC(9) Concurrent Cleanup for Next Mark 0.229ms
[1.481s][info][gc          ] GC(9) Concurrent Mark Cycle 42.731ms
[1.904s][info][gc,start    ] GC(10) Pause Young (Prepare Mixed) (Metadata GC Threshold)
[1.905s][info][gc,task     ] GC(10) Using 6 workers of 6 for evacuation
[1.911s][info][gc,phases   ] GC(10)   Pre Evacuate Collection Set: 0.2ms
[1.911s][info][gc,phases   ] GC(10)   Merge Heap Roots: 0.1ms
[1.911s][info][gc,phases   ] GC(10)   Evacuate Collection Set: 4.1ms
[1.912s][info][gc,phases   ] GC(10)   Post Evacuate Collection Set: 1.6ms
[1.912s][info][gc,phases   ] GC(10)   Other: 0.2ms
[1.912s][info][gc,heap     ] GC(10) Eden regions: 16->0(17)
[1.912s][info][gc,heap     ] GC(10) Survivor regions: 1->3(3)
[1.912s][info][gc,heap     ] GC(10) Old regions: 12->12
[1.912s][info][gc,heap     ] GC(10) Humongous regions: 3->3
[1.912s][info][gc,metaspace] GC(10) Metaspace: 60901K(62016K)->60901K(62016K) NonClass: 54064K(54720K)->54064K(54720K) Class: 6836K(7296K)->6836K(7296K)
[1.913s][info][gc          ] GC(10) Pause Young (Prepare Mixed) (Metadata GC Threshold) 122M->66M(188M) 8.043ms
[1.913s][info][gc,cpu      ] GC(10) User=0.02s Sys=0.00s Real=0.00s
[1.921s][info][gc,start    ] GC(11) Pause Young (Mixed) (Metadata GC Threshold)
[1.922s][info][gc,task     ] GC(11) Using 6 workers of 6 for evacuation
[1.929s][info][gc,phases   ] GC(11)   Pre Evacuate Collection Set: 0.2ms
[1.929s][info][gc,phases   ] GC(11)   Merge Heap Roots: 0.1ms
[1.930s][info][gc,phases   ] GC(11)   Evacuate Collection Set: 6.1ms
[1.930s][info][gc,phases   ] GC(11)   Post Evacuate Collection Set: 1.0ms
[1.930s][info][gc,phases   ] GC(11)   Other: 0.2ms
[1.930s][info][gc,heap     ] GC(11) Eden regions: 1->0(49)
[1.930s][info][gc,heap     ] GC(11) Survivor regions: 3->1(3)
[1.930s][info][gc,heap     ] GC(11) Old regions: 12->14
[1.930s][info][gc,heap     ] GC(11) Humongous regions: 3->3
[1.931s][info][gc,metaspace] GC(11) Metaspace: 61201K(62336K)->61201K(62336K) NonClass: 54314K(54976K)->54314K(54976K) Class: 6886K(7360K)->6886K(7360K)
[1.931s][info][gc          ] GC(11) Pause Young (Mixed) (Metadata GC Threshold) 68M->66M(376M) 9.410ms
[1.931s][info][gc,cpu      ] GC(11) User=0.01s Sys=0.03s Real=0.01s
[1.938s][info][gc,start    ] GC(12) Pause Young (Concurrent Start) (Metadata GC Threshold)
[1.938s][info][gc,task     ] GC(12) Using 6 workers of 6 for evacuation
[1.942s][info][gc,phases   ] GC(12)   Pre Evacuate Collection Set: 0.2ms
[1.942s][info][gc,phases   ] GC(12)   Merge Heap Roots: 0.1ms
[1.942s][info][gc,phases   ] GC(12)   Evacuate Collection Set: 2.5ms
[1.942s][info][gc,phases   ] GC(12)   Post Evacuate Collection Set: 0.6ms
[1.942s][info][gc,phases   ] GC(12)   Other: 0.3ms
[1.943s][info][gc,heap     ] GC(12) Eden regions: 1->0(55)
[1.943s][info][gc,heap     ] GC(12) Survivor regions: 1->1(7)
[1.943s][info][gc,heap     ] GC(12) Old regions: 14->14
[1.943s][info][gc,heap     ] GC(12) Humongous regions: 3->3
[1.943s][info][gc,metaspace] GC(12) Metaspace: 61499K(62656K)->61499K(62656K) NonClass: 54586K(55232K)->54586K(55232K) Class: 6913K(7424K)->6913K(7424K)
[1.943s][info][gc          ] GC(12) Pause Young (Concurrent Start) (Metadata GC Threshold) 67M->65M(376M) 5.319ms
[1.943s][info][gc          ] GC(13) Concurrent Mark Cycle
[1.943s][info][gc,marking  ] GC(13) Concurrent Scan Root Regions
[1.943s][info][gc,cpu      ] GC(12) User=0.01s Sys=0.00s Real=0.00s
[1.944s][info][gc,marking  ] GC(13) Concurrent Scan Root Regions 0.792ms
[1.944s][info][gc,marking  ] GC(13) Concurrent Mark
[1.945s][info][gc,marking  ] GC(13) Concurrent Mark From Roots
[1.945s][info][gc,task     ] GC(13) Using 2 workers of 2 for marking
[1.979s][info][gc,marking  ] GC(13) Concurrent Mark From Roots 34.778ms
[1.980s][info][gc,marking  ] GC(13) Concurrent Preclean
[1.980s][info][gc,marking  ] GC(13) Concurrent Preclean 0.260ms
[1.980s][info][gc,start    ] GC(13) Pause Remark
[1.986s][info][gc          ] GC(13) Pause Remark 68M->68M(240M) 5.551ms
[1.986s][info][gc,cpu      ] GC(13) User=0.03s Sys=0.00s Real=0.01s
[1.986s][info][gc,marking  ] GC(13) Concurrent Mark 41.729ms
[1.986s][info][gc,marking  ] GC(13) Concurrent Rebuild Remembered Sets and Scrub Regions
[2.002s][info][gc,marking  ] GC(13) Concurrent Rebuild Remembered Sets and Scrub Regions 15.311ms
[2.002s][info][gc,start    ] GC(13) Pause Cleanup
[2.002s][info][gc          ] GC(13) Pause Cleanup 70M->70M(240M) 0.338ms
[2.003s][info][gc,cpu      ] GC(13) User=0.00s Sys=0.00s Real=0.00s
[2.003s][info][gc,marking  ] GC(13) Concurrent Clear Claimed Marks
[2.004s][info][gc,marking  ] GC(13) Concurrent Clear Claimed Marks 0.514ms
[2.004s][info][gc,marking  ] GC(13) Concurrent Cleanup for Next Mark
[2.006s][info][gc,marking  ] GC(13) Concurrent Cleanup for Next Mark 1.610ms
[2.006s][info][gc          ] GC(13) Concurrent Mark Cycle 62.374ms
[6.974s][info][gc,start    ] GC(14) Pause Young (Prepare Mixed) (G1 Evacuation Pause)
[6.975s][info][gc,task     ] GC(14) Using 6 workers of 6 for evacuation
[6.989s][info][gc,phases   ] GC(14)   Pre Evacuate Collection Set: 0.3ms
[6.990s][info][gc,phases   ] GC(14)   Merge Heap Roots: 0.2ms
[6.990s][info][gc,phases   ] GC(14)   Evacuate Collection Set: 11.9ms
[6.990s][info][gc,phases   ] GC(14)   Post Evacuate Collection Set: 1.7ms
[6.991s][info][gc,phases   ] GC(14)   Other: 0.4ms
[6.991s][info][gc,heap     ] GC(14) Eden regions: 35->0(22)
[6.991s][info][gc,heap     ] GC(14) Survivor regions: 1->5(5)
[6.992s][info][gc,heap     ] GC(14) Old regions: 14->15
[6.992s][info][gc,heap     ] GC(14) Humongous regions: 3->3
[6.992s][info][gc,metaspace] GC(14) Metaspace: 79317K(80704K)->79317K(80704K) NonClass: 70136K(70976K)->70136K(70976K) Class: 9180K(9728K)->9180K(9728K)
[6.992s][info][gc          ] GC(14) Pause Young (Prepare Mixed) (G1 Evacuation Pause) 205M->88M(240M) 18.105ms
[6.993s][info][gc,cpu      ] GC(14) User=0.04s Sys=0.02s Real=0.01s
[7.823s][info][gc,start    ] GC(15) Pause Young (Mixed) (Metadata GC Threshold)
[7.823s][info][gc,task     ] GC(15) Using 6 workers of 6 for evacuation
[7.837s][info][gc,phases   ] GC(15)   Pre Evacuate Collection Set: 0.2ms
[7.837s][info][gc,phases   ] GC(15)   Merge Heap Roots: 0.1ms
[7.837s][info][gc,phases   ] GC(15)   Evacuate Collection Set: 11.2ms
[7.837s][info][gc,phases   ] GC(15)   Post Evacuate Collection Set: 1.8ms
[7.837s][info][gc,phases   ] GC(15)   Other: 0.2ms
[7.838s][info][gc,heap     ] GC(15) Eden regions: 11->0(21)
[7.838s][info][gc,heap     ] GC(15) Survivor regions: 5->3(4)
[7.838s][info][gc,heap     ] GC(15) Old regions: 15->20
[7.838s][info][gc,heap     ] GC(15) Humongous regions: 3->3
[7.838s][info][gc,metaspace] GC(15) Metaspace: 104825K(106560K)->104825K(106560K) NonClass: 92436K(93504K)->92436K(93504K) Class: 12389K(13056K)->12389K(13056K)
[7.838s][info][gc          ] GC(15) Pause Young (Mixed) (Metadata GC Threshold) 130M->96M(240M) 15.039ms
[7.838s][info][gc,cpu      ] GC(15) User=0.06s Sys=0.01s Real=0.02s
[7.847s][info][gc,start    ] GC(16) Pause Young (Concurrent Start) (Metadata GC Threshold)
[7.847s][info][gc,task     ] GC(16) Using 6 workers of 6 for evacuation
[7.852s][info][gc,phases   ] GC(16)   Pre Evacuate Collection Set: 0.2ms
[7.852s][info][gc,phases   ] GC(16)   Merge Heap Roots: 0.1ms
[7.852s][info][gc,phases   ] GC(16)   Evacuate Collection Set: 3.6ms
[7.852s][info][gc,phases   ] GC(16)   Post Evacuate Collection Set: 0.6ms
[7.852s][info][gc,phases   ] GC(16)   Other: 0.2ms
[7.852s][info][gc,heap     ] GC(16) Eden regions: 1->0(23)
[7.853s][info][gc,heap     ] GC(16) Survivor regions: 3->1(3)
[7.853s][info][gc,heap     ] GC(16) Old regions: 20->22
[7.853s][info][gc,heap     ] GC(16) Humongous regions: 3->3
[7.853s][info][gc,metaspace] GC(16) Metaspace: 105184K(106880K)->105184K(106880K) NonClass: 92750K(93760K)->92750K(93760K) Class: 12433K(13120K)->12433K(13120K)
[7.853s][info][gc          ] GC(16) Pause Young (Concurrent Start) (Metadata GC Threshold) 99M->96M(240M) 6.259ms
[7.853s][info][gc          ] GC(17) Concurrent Mark Cycle
[7.853s][info][gc,marking  ] GC(17) Concurrent Scan Root Regions
[7.853s][info][gc,cpu      ] GC(16) User=0.02s Sys=0.00s Real=0.00s
[7.857s][info][gc,marking  ] GC(17) Concurrent Scan Root Regions 3.533ms
[7.857s][info][gc,marking  ] GC(17) Concurrent Mark
[7.857s][info][gc,marking  ] GC(17) Concurrent Mark From Roots
[7.857s][info][gc,task     ] GC(17) Using 2 workers of 2 for marking
[7.929s][info][gc,marking  ] GC(17) Concurrent Mark From Roots 72.129ms
[7.930s][info][gc,marking  ] GC(17) Concurrent Preclean
[7.930s][info][gc,marking  ] GC(17) Concurrent Preclean 0.331ms
[7.936s][info][gc,start    ] GC(17) Pause Remark
[7.945s][info][gc          ] GC(17) Pause Remark 102M->102M(240M) 9.051ms
[7.945s][info][gc,cpu      ] GC(17) User=0.03s Sys=0.01s Real=0.01s
[7.946s][info][gc,marking  ] GC(17) Concurrent Mark 89.175ms
[7.947s][info][gc,marking  ] GC(17) Concurrent Rebuild Remembered Sets and Scrub Regions
[7.995s][info][gc,marking  ] GC(17) Concurrent Rebuild Remembered Sets and Scrub Regions 48.246ms
[7.995s][info][gc,start    ] GC(17) Pause Cleanup
[7.996s][info][gc          ] GC(17) Pause Cleanup 128M->128M(240M) 0.313ms
[7.996s][info][gc,cpu      ] GC(17) User=0.01s Sys=0.00s Real=0.00s
[7.996s][info][gc,marking  ] GC(17) Concurrent Clear Claimed Marks
[7.997s][info][gc,marking  ] GC(17) Concurrent Clear Claimed Marks 0.788ms
[8.000s][info][gc,marking  ] GC(17) Concurrent Cleanup for Next Mark
[8.002s][info][gc,marking  ] GC(17) Concurrent Cleanup for Next Mark 2.453ms
[8.002s][info][gc          ] GC(17) Concurrent Mark Cycle 149.259ms
[8.316s][info][gc,start    ] GC(18) Pause Young (Prepare Mixed) (G1 Evacuation Pause)
[8.316s][info][gc,task     ] GC(18) Using 6 workers of 6 for evacuation
[8.333s][info][gc,phases   ] GC(18)   Pre Evacuate Collection Set: 0.2ms
[8.333s][info][gc,phases   ] GC(18)   Merge Heap Roots: 0.1ms
[8.333s][info][gc,phases   ] GC(18)   Evacuate Collection Set: 13.8ms
[8.334s][info][gc,phases   ] GC(18)   Post Evacuate Collection Set: 2.5ms
[8.334s][info][gc,phases   ] GC(18)   Other: 0.2ms
[8.334s][info][gc,heap     ] GC(18) Eden regions: 12->0(19)
[8.334s][info][gc,heap     ] GC(18) Survivor regions: 1->3(3)
[8.334s][info][gc,heap     ] GC(18) Old regions: 22->22
[8.334s][info][gc,heap     ] GC(18) Humongous regions: 25->9
[8.334s][info][gc,metaspace] GC(18) Metaspace: 123744K(125760K)->123744K(125760K) NonClass: 108725K(109952K)->108725K(109952K) Class: 15018K(15808K)->15018K(15808K)
[8.335s][info][gc          ] GC(18) Pause Young (Prepare Mixed) (G1 Evacuation Pause) 232M->133M(252M) 18.854ms
[8.335s][info][gc,cpu      ] GC(18) User=0.05s Sys=0.01s Real=0.02s
[8.501s][info][gc,start    ] GC(19) Pause Young (Mixed) (G1 Evacuation Pause)
[8.501s][info][gc,task     ] GC(19) Using 6 workers of 6 for evacuation
[8.513s][info][gc,phases   ] GC(19)   Pre Evacuate Collection Set: 0.2ms
[8.513s][info][gc,phases   ] GC(19)   Merge Heap Roots: 0.1ms
[8.514s][info][gc,phases   ] GC(19)   Evacuate Collection Set: 10.7ms
[8.514s][info][gc,phases   ] GC(19)   Post Evacuate Collection Set: 0.9ms
[8.514s][info][gc,phases   ] GC(19)   Other: 0.2ms
[8.514s][info][gc,heap     ] GC(19) Eden regions: 19->0(15)
[8.514s][info][gc,heap     ] GC(19) Survivor regions: 3->3(3)
[8.514s][info][gc,heap     ] GC(19) Old regions: 22->27
[8.514s][info][gc,heap     ] GC(19) Humongous regions: 9->9
[8.515s][info][gc,metaspace] GC(19) Metaspace: 127090K(129216K)->127090K(129216K) NonClass: 111619K(112896K)->111619K(112896K) Class: 15471K(16320K)->15471K(16320K)
[8.515s][info][gc          ] GC(19) Pause Young (Mixed) (G1 Evacuation Pause) 209M->151M(252M) 13.788ms
[8.515s][info][gc,cpu      ] GC(19) User=0.07s Sys=0.00s Real=0.02s
[8.573s][info][gc,start    ] GC(20) Pause Young (Concurrent Start) (G1 Humongous Allocation)
[8.573s][info][gc,task     ] GC(20) Using 6 workers of 6 for evacuation
[8.581s][info][gc,phases   ] GC(20)   Pre Evacuate Collection Set: 0.2ms
[8.581s][info][gc,phases   ] GC(20)   Merge Heap Roots: 0.1ms
[8.581s][info][gc,phases   ] GC(20)   Evacuate Collection Set: 5.8ms
[8.582s][info][gc,phases   ] GC(20)   Post Evacuate Collection Set: 1.3ms
[8.582s][info][gc,phases   ] GC(20)   Other: 0.2ms
[8.582s][info][gc,heap     ] GC(20) Eden regions: 7->0(61)
[8.582s][info][gc,heap     ] GC(20) Survivor regions: 3->2(3)
[8.582s][info][gc,heap     ] GC(20) Old regions: 27->30
[8.582s][info][gc,heap     ] GC(20) Humongous regions: 9->9
[8.582s][info][gc,metaspace] GC(20) Metaspace: 127766K(129920K)->127766K(129920K) NonClass: 112222K(113472K)->112222K(113472K) Class: 15544K(16448K)->15544K(16448K)
[8.583s][info][gc          ] GC(20) Pause Young (Concurrent Start) (G1 Humongous Allocation) 177M->159M(520M) 9.554ms
[8.583s][info][gc          ] GC(21) Concurrent Undo Cycle
[8.583s][info][gc,cpu      ] GC(20) User=0.04s Sys=0.00s Real=0.01s
[8.583s][info][gc,marking  ] GC(21) Concurrent Clear Claimed Marks
[8.585s][info][gc,marking  ] GC(21) Concurrent Clear Claimed Marks 2.116ms
[8.585s][info][gc,marking  ] GC(21) Concurrent Cleanup for Next Mark
[8.586s][info][gc,marking  ] GC(21) Concurrent Cleanup for Next Mark 0.227ms
[8.586s][info][gc          ] GC(21) Concurrent Undo Cycle 2.988ms
[8.713s][info][gc,start    ] GC(22) Pause Young (Concurrent Start) (G1 Humongous Allocation)
[8.714s][info][gc,task     ] GC(22) Using 6 workers of 6 for evacuation
[8.731s][info][gc,phases   ] GC(22)   Pre Evacuate Collection Set: 0.6ms
[8.731s][info][gc,phases   ] GC(22)   Merge Heap Roots: 0.2ms
[8.731s][info][gc,phases   ] GC(22)   Evacuate Collection Set: 15.7ms
[8.732s][info][gc,phases   ] GC(22)   Post Evacuate Collection Set: 0.7ms
[8.732s][info][gc,phases   ] GC(22)   Other: 0.3ms
[8.732s][info][gc,heap     ] GC(22) Eden regions: 10->0(56)
[8.732s][info][gc,heap     ] GC(22) Survivor regions: 2->5(8)
[8.732s][info][gc,heap     ] GC(22) Old regions: 30->30
[8.732s][info][gc,heap     ] GC(22) Humongous regions: 10->10
[8.732s][info][gc,metaspace] GC(22) Metaspace: 128259K(130368K)->128259K(130368K) NonClass: 112662K(113920K)->112662K(113920K) Class: 15596K(16448K)->15596K(16448K)
[8.733s][info][gc          ] GC(22) Pause Young (Concurrent Start) (G1 Humongous Allocation) 202M->175M(520M) 19.225ms
[8.733s][info][gc          ] GC(23) Concurrent Mark Cycle
[8.733s][info][gc,marking  ] GC(23) Concurrent Scan Root Regions
[8.733s][info][gc,cpu      ] GC(22) User=0.03s Sys=0.04s Real=0.02s
[8.737s][info][gc,marking  ] GC(23) Concurrent Scan Root Regions 4.460ms
[8.738s][info][gc,marking  ] GC(23) Concurrent Mark
[8.738s][info][gc,marking  ] GC(23) Concurrent Mark From Roots
[8.738s][info][gc,task     ] GC(23) Using 2 workers of 2 for marking
[8.816s][info][gc,marking  ] GC(23) Concurrent Mark From Roots 77.893ms
[8.816s][info][gc,marking  ] GC(23) Concurrent Preclean
[8.816s][info][gc,marking  ] GC(23) Concurrent Preclean 0.276ms
[8.817s][info][gc,start    ] GC(23) Pause Remark
[8.826s][info][gc          ] GC(23) Pause Remark 199M->199M(520M) 9.687ms
[8.826s][info][gc,cpu      ] GC(23) User=0.04s Sys=0.00s Real=0.01s
[8.827s][info][gc,marking  ] GC(23) Concurrent Mark 89.380ms
[8.827s][info][gc,marking  ] GC(23) Concurrent Rebuild Remembered Sets and Scrub Regions
[8.886s][info][gc,marking  ] GC(23) Concurrent Rebuild Remembered Sets and Scrub Regions 59.100ms
[8.887s][info][gc,start    ] GC(23) Pause Cleanup
[8.887s][info][gc          ] GC(23) Pause Cleanup 218M->218M(520M) 0.265ms
[8.887s][info][gc,cpu      ] GC(23) User=0.00s Sys=0.00s Real=0.00s
[8.888s][info][gc,marking  ] GC(23) Concurrent Clear Claimed Marks
[8.888s][info][gc,marking  ] GC(23) Concurrent Clear Claimed Marks 0.274ms
[8.888s][info][gc,marking  ] GC(23) Concurrent Cleanup for Next Mark
[8.891s][info][gc,marking  ] GC(23) Concurrent Cleanup for Next Mark 2.827ms
[8.891s][info][gc          ] GC(23) Concurrent Mark Cycle 158.223ms
[9.954s][info][gc,start    ] GC(24) Pause Young (Prepare Mixed) (G1 Evacuation Pause)
[9.955s][info][gc,task     ] GC(24) Using 6 workers of 6 for evacuation
[9.979s][info][gc,phases   ] GC(24)   Pre Evacuate Collection Set: 0.2ms
[9.979s][info][gc,phases   ] GC(24)   Merge Heap Roots: 0.2ms
[9.979s][info][gc,phases   ] GC(24)   Evacuate Collection Set: 21.4ms
[9.979s][info][gc,phases   ] GC(24)   Post Evacuate Collection Set: 2.1ms
[9.979s][info][gc,phases   ] GC(24)   Other: 0.2ms
[9.980s][info][gc,heap     ] GC(24) Eden regions: 56->0(57)
[9.980s][info][gc,heap     ] GC(24) Survivor regions: 5->8(8)
[9.980s][info][gc,heap     ] GC(24) Old regions: 30->32
[9.980s][info][gc,heap     ] GC(24) Humongous regions: 23->12
[9.980s][info][gc,metaspace] GC(24) Metaspace: 149071K(151232K)->149071K(151232K) NonClass: 130771K(131968K)->130771K(131968K) Class: 18300K(19264K)->18300K(19264K)
[9.980s][info][gc          ] GC(24) Pause Young (Prepare Mixed) (G1 Evacuation Pause) 451M->204M(520M) 25.842ms
[9.980s][info][gc,cpu      ] GC(24) User=0.11s Sys=0.02s Real=0.02s
[15.121s][info][gc,start    ] GC(25) Pause Young (Mixed) (G1 Evacuation Pause)
[15.121s][info][gc,task     ] GC(25) Using 6 workers of 6 for evacuation
[15.150s][info][gc,phases   ] GC(25)   Pre Evacuate Collection Set: 0.2ms
[15.150s][info][gc,phases   ] GC(25)   Merge Heap Roots: 0.2ms
[15.150s][info][gc,phases   ] GC(25)   Evacuate Collection Set: 24.6ms
[15.151s][info][gc,phases   ] GC(25)   Post Evacuate Collection Set: 3.5ms
[15.151s][info][gc,phases   ] GC(25)   Other: 0.2ms
[15.151s][info][gc,heap     ] GC(25) Eden regions: 57->0(52)
[15.151s][info][gc,heap     ] GC(25) Survivor regions: 8->8(9)
[15.151s][info][gc,heap     ] GC(25) Old regions: 32->38
[15.152s][info][gc,heap     ] GC(25) Humongous regions: 12->12
[15.152s][info][gc,metaspace] GC(25) Metaspace: 192691K(195328K)->192691K(195328K) NonClass: 168111K(169600K)->168111K(169600K) Class: 24579K(25728K)->24579K(25728K)
[15.152s][info][gc          ] GC(25) Pause Young (Mixed) (G1 Evacuation Pause) 432M->224M(520M) 30.673ms
[15.152s][info][gc,cpu      ] GC(25) User=0.11s Sys=0.00s Real=0.03s
[18.712s][info][gc,start    ] GC(26) Pause Young (Concurrent Start) (G1 Humongous Allocation)
[18.712s][info][gc,task     ] GC(26) Using 6 workers of 6 for evacuation
[18.728s][info][gc,phases   ] GC(26)   Pre Evacuate Collection Set: 0.2ms
[18.728s][info][gc,phases   ] GC(26)   Merge Heap Roots: 0.1ms
[18.728s][info][gc,phases   ] GC(26)   Evacuate Collection Set: 13.4ms
[18.728s][info][gc,phases   ] GC(26)   Post Evacuate Collection Set: 1.6ms
[18.729s][info][gc,phases   ] GC(26)   Other: 0.3ms
[18.729s][info][gc,heap     ] GC(26) Eden regions: 30->0(44)
[18.729s][info][gc,heap     ] GC(26) Survivor regions: 8->7(8)
[18.729s][info][gc,heap     ] GC(26) Old regions: 38->45
[18.729s][info][gc,heap     ] GC(26) Humongous regions: 12->12
[18.729s][info][gc,metaspace] GC(26) Metaspace: 204283K(206976K)->204283K(206976K) NonClass: 178415K(179904K)->178415K(179904K) Class: 25867K(27072K)->25867K(27072K)
[18.730s][info][gc          ] GC(26) Pause Young (Concurrent Start) (G1 Humongous Allocation) 342M->250M(520M) 17.503ms
[18.730s][info][gc          ] GC(27) Concurrent Mark Cycle
[18.730s][info][gc,marking  ] GC(27) Concurrent Scan Root Regions
[18.730s][info][gc,cpu      ] GC(26) User=0.08s Sys=0.00s Real=0.02s
[18.747s][info][gc,marking  ] GC(27) Concurrent Scan Root Regions 17.076ms
[18.747s][info][gc,marking  ] GC(27) Concurrent Mark
[18.747s][info][gc,marking  ] GC(27) Concurrent Mark From Roots
[18.748s][info][gc,task     ] GC(27) Using 2 workers of 2 for marking
[18.818s][info][gc,marking  ] GC(27) Concurrent Mark From Roots 70.598ms
[18.818s][info][gc,marking  ] GC(27) Concurrent Preclean
[18.819s][info][gc,marking  ] GC(27) Concurrent Preclean 0.493ms
[18.820s][info][gc,start    ] GC(27) Pause Remark
[18.831s][info][gc          ] GC(27) Pause Remark 295M->259M(520M) 11.381ms
[18.832s][info][gc,cpu      ] GC(27) User=0.04s Sys=0.00s Real=0.01s
[18.832s][info][gc,marking  ] GC(27) Concurrent Mark 84.605ms
[18.832s][info][gc,marking  ] GC(27) Concurrent Rebuild Remembered Sets and Scrub Regions
[18.879s][info][gc,marking  ] GC(27) Concurrent Rebuild Remembered Sets and Scrub Regions 46.692ms
[18.879s][info][gc,start    ] GC(27) Pause Cleanup
[18.880s][info][gc          ] GC(27) Pause Cleanup 260M->260M(520M) 0.327ms
[18.880s][info][gc,cpu      ] GC(27) User=0.00s Sys=0.00s Real=0.00s
[18.880s][info][gc,marking  ] GC(27) Concurrent Clear Claimed Marks
[18.880s][info][gc,marking  ] GC(27) Concurrent Clear Claimed Marks 0.413ms
[18.881s][info][gc,marking  ] GC(27) Concurrent Cleanup for Next Mark
[18.881s][info][gc,marking  ] GC(27) Concurrent Cleanup for Next Mark 0.641ms
[18.881s][info][gc          ] GC(27) Concurrent Mark Cycle 151.638ms
[23.869s][info][gc,start    ] GC(28) Pause Young (Prepare Mixed) (G1 Evacuation Pause)
[23.869s][info][gc,task     ] GC(28) Using 6 workers of 6 for evacuation
[23.893s][info][gc,phases   ] GC(28)   Pre Evacuate Collection Set: 0.3ms
[23.894s][info][gc,phases   ] GC(28)   Merge Heap Roots: 0.2ms
[23.894s][info][gc,phases   ] GC(28)   Evacuate Collection Set: 21.2ms
[23.894s][info][gc,phases   ] GC(28)   Post Evacuate Collection Set: 2.1ms
[23.894s][info][gc,phases   ] GC(28)   Other: 0.2ms
[23.894s][info][gc,heap     ] GC(28) Eden regions: 44->0(37)
[23.894s][info][gc,heap     ] GC(28) Survivor regions: 7->7(7)
[23.895s][info][gc,heap     ] GC(28) Old regions: 43->56
[23.895s][info][gc,heap     ] GC(28) Humongous regions: 15->5
[23.895s][info][gc,metaspace] GC(28) Metaspace: 221145K(224064K)->221145K(224064K) NonClass: 191880K(193536K)->191880K(193536K) Class: 29264K(30528K)->29264K(30528K)
[23.895s][info][gc          ] GC(28) Pause Young (Prepare Mixed) (G1 Evacuation Pause) 430M->270M(520M) 25.893ms
[23.895s][info][gc,cpu      ] GC(28) User=0.11s Sys=0.00s Real=0.03s
[24.906s][info][gc,start    ] GC(29) Pause Young (Mixed) (G1 Evacuation Pause)
[24.906s][info][gc,task     ] GC(29) Using 6 workers of 6 for evacuation
[24.925s][info][gc,phases   ] GC(29)   Pre Evacuate Collection Set: 0.2ms
[24.926s][info][gc,phases   ] GC(29)   Merge Heap Roots: 0.1ms
[24.926s][info][gc,phases   ] GC(29)   Evacuate Collection Set: 17.1ms
[24.926s][info][gc,phases   ] GC(29)   Post Evacuate Collection Set: 1.8ms
[24.926s][info][gc,phases   ] GC(29)   Other: 0.2ms
[24.926s][info][gc,heap     ] GC(29) Eden regions: 37->0(35)
[24.927s][info][gc,heap     ] GC(29) Survivor regions: 7->6(6)
[24.927s][info][gc,heap     ] GC(29) Old regions: 56->62
[24.927s][info][gc,heap     ] GC(29) Humongous regions: 5->5
[24.927s][info][gc,metaspace] GC(29) Metaspace: 234159K(237120K)->234159K(237120K) NonClass: 203208K(204864K)->203208K(204864K) Class: 30950K(32256K)->30950K(32256K)
[24.927s][info][gc          ] GC(29) Pause Young (Mixed) (G1 Evacuation Pause) 418M->287M(520M) 21.615ms
[24.927s][info][gc,cpu      ] GC(29) User=0.09s Sys=0.00s Real=0.02s
[26.004s][info][gc,start    ] GC(30) Pause Young (Concurrent Start) (G1 Evacuation Pause)
[26.004s][info][gc,task     ] GC(30) Using 6 workers of 6 for evacuation
[26.019s][info][gc,phases   ] GC(30)   Pre Evacuate Collection Set: 0.2ms
[26.019s][info][gc,phases   ] GC(30)   Merge Heap Roots: 0.2ms
[26.019s][info][gc,phases   ] GC(30)   Evacuate Collection Set: 10.5ms
[26.019s][info][gc,phases   ] GC(30)   Post Evacuate Collection Set: 3.7ms
[26.019s][info][gc,phases   ] GC(30)   Other: 0.3ms
[26.019s][info][gc,heap     ] GC(30) Eden regions: 35->0(35)
[26.020s][info][gc,heap     ] GC(30) Survivor regions: 6->4(6)
[26.020s][info][gc,heap     ] GC(30) Old regions: 62->67
[26.020s][info][gc,heap     ] GC(30) Humongous regions: 5->5
[26.020s][info][gc,metaspace] GC(30) Metaspace: 248417K(251392K)->248417K(251392K) NonClass: 215382K(217088K)->215382K(217088K) Class: 33034K(34304K)->33034K(34304K)
[26.020s][info][gc          ] GC(30) Pause Young (Concurrent Start) (G1 Evacuation Pause) 427M->297M(520M) 16.495ms
[26.020s][info][gc          ] GC(31) Concurrent Mark Cycle
[26.020s][info][gc,marking  ] GC(31) Concurrent Scan Root Regions
[26.020s][info][gc,cpu      ] GC(30) User=0.06s Sys=0.00s Real=0.02s
[26.029s][info][gc,marking  ] GC(31) Concurrent Scan Root Regions 8.469ms
[26.029s][info][gc,marking  ] GC(31) Concurrent Mark
[26.029s][info][gc,marking  ] GC(31) Concurrent Mark From Roots
[26.029s][info][gc,task     ] GC(31) Using 2 workers of 2 for marking
[26.263s][info][gc,marking  ] GC(31) Concurrent Mark From Roots 233.850ms
[26.263s][info][gc,marking  ] GC(31) Concurrent Preclean
[26.264s][info][gc,marking  ] GC(31) Concurrent Preclean 0.367ms
[26.264s][info][gc,start    ] GC(31) Pause Remark
[26.285s][info][gc          ] GC(31) Pause Remark 353M->353M(520M) 20.845ms
[26.285s][info][gc,cpu      ] GC(31) User=0.10s Sys=0.00s Real=0.02s
[26.289s][info][gc,marking  ] GC(31) Concurrent Mark 259.297ms
[26.289s][info][gc,marking  ] GC(31) Concurrent Rebuild Remembered Sets and Scrub Regions
[26.494s][info][gc,marking  ] GC(31) Concurrent Rebuild Remembered Sets and Scrub Regions 205.656ms
[26.496s][info][gc,start    ] GC(31) Pause Cleanup
[26.496s][info][gc          ] GC(31) Pause Cleanup 385M->385M(520M) 0.394ms
[26.496s][info][gc,cpu      ] GC(31) User=0.00s Sys=0.00s Real=0.00s
[26.501s][info][gc,marking  ] GC(31) Concurrent Clear Claimed Marks
[26.501s][info][gc,marking  ] GC(31) Concurrent Clear Claimed Marks 0.492ms
[26.502s][info][gc,marking  ] GC(31) Concurrent Cleanup for Next Mark
[26.502s][info][gc,marking  ] GC(31) Concurrent Cleanup for Next Mark 0.528ms
[26.502s][info][gc          ] GC(31) Concurrent Mark Cycle 482.032ms
[26.800s][info][gc,start    ] GC(32) Pause Young (Prepare Mixed) (G1 Evacuation Pause)
[26.800s][info][gc,task     ] GC(32) Using 6 workers of 6 for evacuation
[26.813s][info][gc,phases   ] GC(32)   Pre Evacuate Collection Set: 0.3ms
[26.813s][info][gc,phases   ] GC(32)   Merge Heap Roots: 0.2ms
[26.813s][info][gc,phases   ] GC(32)   Evacuate Collection Set: 10.7ms
[26.813s][info][gc,phases   ] GC(32)   Post Evacuate Collection Set: 1.3ms
[26.813s][info][gc,phases   ] GC(32)   Other: 0.2ms
[26.814s][info][gc,heap     ] GC(32) Eden regions: 35->0(36)
[26.814s][info][gc,heap     ] GC(32) Survivor regions: 4->3(5)
[26.814s][info][gc,heap     ] GC(32) Old regions: 67->70
[26.814s][info][gc,heap     ] GC(32) Humongous regions: 5->5
[26.814s][info][gc,metaspace] GC(32) Metaspace: 252517K(255552K)->252517K(255552K) NonClass: 218926K(220672K)->218926K(220672K) Class: 33591K(34880K)->33591K(34880K)
[26.814s][info][gc          ] GC(32) Pause Young (Prepare Mixed) (G1 Evacuation Pause) 437M->308M(520M) 14.477ms
[26.814s][info][gc,cpu      ] GC(32) User=0.05s Sys=0.00s Real=0.02s
[27.456s][info][gc,start    ] GC(33) Pause Young (Mixed) (G1 Evacuation Pause)
[27.456s][info][gc,task     ] GC(33) Using 6 workers of 6 for evacuation
[27.468s][info][gc,phases   ] GC(33)   Pre Evacuate Collection Set: 0.2ms
[27.468s][info][gc,phases   ] GC(33)   Merge Heap Roots: 0.2ms
[27.469s][info][gc,phases   ] GC(33)   Evacuate Collection Set: 9.8ms
[27.469s][info][gc,phases   ] GC(33)   Post Evacuate Collection Set: 1.8ms
[27.469s][info][gc,phases   ] GC(33)   Other: 0.2ms
[27.470s][info][gc,heap     ] GC(33) Eden regions: 36->0(82)
[27.470s][info][gc,heap     ] GC(33) Survivor regions: 3->5(5)
[27.470s][info][gc,heap     ] GC(33) Old regions: 70->68
[27.470s][info][gc,heap     ] GC(33) Humongous regions: 5->5
[27.470s][info][gc,metaspace] GC(33) Metaspace: 254415K(257408K)->254415K(257408K) NonClass: 220650K(222336K)->220650K(222336K) Class: 33765K(35072K)->33765K(35072K)
[27.471s][info][gc          ] GC(33) Pause Young (Mixed) (G1 Evacuation Pause) 452M->304M(748M) 14.821ms
[27.471s][info][gc,cpu      ] GC(33) User=0.06s Sys=0.00s Real=0.01s
[28.585s][info][gc,start    ] GC(34) Pause Young (Concurrent Start) (G1 Evacuation Pause)
[28.585s][info][gc,task     ] GC(34) Using 6 workers of 6 for evacuation
[28.597s][info][gc,phases   ] GC(34)   Pre Evacuate Collection Set: 0.3ms
[28.597s][info][gc,phases   ] GC(34)   Merge Heap Roots: 0.1ms
[28.598s][info][gc,phases   ] GC(34)   Evacuate Collection Set: 10.1ms
[28.598s][info][gc,phases   ] GC(34)   Post Evacuate Collection Set: 1.2ms
[28.598s][info][gc,phases   ] GC(34)   Other: 0.3ms
[28.598s][info][gc,heap     ] GC(34) Eden regions: 82->0(85)
[28.598s][info][gc,heap     ] GC(34) Survivor regions: 5->7(11)
[28.598s][info][gc,heap     ] GC(34) Old regions: 68->68
[28.598s][info][gc,heap     ] GC(34) Humongous regions: 5->5
[28.598s][info][gc,metaspace] GC(34) Metaspace: 258920K(261952K)->258920K(261952K) NonClass: 224744K(226432K)->224744K(226432K) Class: 34175K(35520K)->34175K(35520K)
[28.598s][info][gc          ] GC(34) Pause Young (Concurrent Start) (G1 Evacuation Pause) 632M->314M(748M) 13.393ms
[28.599s][info][gc          ] GC(35) Concurrent Mark Cycle
[28.599s][info][gc,marking  ] GC(35) Concurrent Scan Root Regions
[28.599s][info][gc,cpu      ] GC(34) User=0.06s Sys=0.00s Real=0.01s
[28.609s][info][gc,marking  ] GC(35) Concurrent Scan Root Regions 9.939ms
[28.609s][info][gc,marking  ] GC(35) Concurrent Mark
[28.609s][info][gc,marking  ] GC(35) Concurrent Mark From Roots
[28.609s][info][gc,task     ] GC(35) Using 2 workers of 2 for marking
[28.948s][info][gc,marking  ] GC(35) Concurrent Mark From Roots 339.190ms
[28.949s][info][gc,marking  ] GC(35) Concurrent Preclean
[28.949s][info][gc,marking  ] GC(35) Concurrent Preclean 0.489ms
[28.962s][info][gc,start    ] GC(35) Pause Remark
[28.990s][info][gc          ] GC(35) Pause Remark 390M->390M(748M) 28.443ms
[28.990s][info][gc,cpu      ] GC(35) User=0.12s Sys=0.00s Real=0.03s
[28.992s][info][gc,marking  ] GC(35) Concurrent Mark 383.500ms
[28.993s][info][gc,marking  ] GC(35) Concurrent Rebuild Remembered Sets and Scrub Regions
[29.180s][info][gc,marking  ] GC(35) Concurrent Rebuild Remembered Sets and Scrub Regions 186.947ms
[29.181s][info][gc,start    ] GC(35) Pause Cleanup
[29.181s][info][gc          ] GC(35) Pause Cleanup 433M->433M(748M) 0.446ms
[29.181s][info][gc,cpu      ] GC(35) User=0.01s Sys=0.00s Real=0.00s
[29.182s][info][gc,marking  ] GC(35) Concurrent Clear Claimed Marks
[29.182s][info][gc,marking  ] GC(35) Concurrent Clear Claimed Marks 0.400ms
[29.182s][info][gc,marking  ] GC(35) Concurrent Cleanup for Next Mark
[29.186s][info][gc,marking  ] GC(35) Concurrent Cleanup for Next Mark 3.835ms
[29.187s][info][gc          ] GC(35) Concurrent Mark Cycle 588.124ms
[29.863s][info][gc,start    ] GC(36) Pause Young (Prepare Mixed) (G1 Evacuation Pause)
[29.864s][info][gc,task     ] GC(36) Using 6 workers of 6 for evacuation
[29.880s][info][gc,phases   ] GC(36)   Pre Evacuate Collection Set: 0.2ms
[29.880s][info][gc,phases   ] GC(36)   Merge Heap Roots: 0.2ms
[29.880s][info][gc,phases   ] GC(36)   Evacuate Collection Set: 14.4ms
[29.881s][info][gc,phases   ] GC(36)   Post Evacuate Collection Set: 1.3ms
[29.881s][info][gc,phases   ] GC(36)   Other: 0.2ms
[29.881s][info][gc,heap     ] GC(36) Eden regions: 85->0(85)
[29.881s][info][gc,heap     ] GC(36) Survivor regions: 7->8(12)
[29.881s][info][gc,heap     ] GC(36) Old regions: 68->70
[29.881s][info][gc,heap     ] GC(36) Humongous regions: 5->5
[29.881s][info][gc,metaspace] GC(36) Metaspace: 261187K(264256K)->261187K(264256K) NonClass: 226874K(228608K)->226874K(228608K) Class: 34312K(35648K)->34312K(35648K)
[29.881s][info][gc          ] GC(36) Pause Young (Prepare Mixed) (G1 Evacuation Pause) 654M->328M(748M) 18.029ms
[29.882s][info][gc,cpu      ] GC(36) User=0.07s Sys=0.01s Real=0.02s
[30.707s][info][gc,start    ] GC(37) Pause Young (Mixed) (G1 Evacuation Pause)
[30.708s][info][gc,task     ] GC(37) Using 6 workers of 6 for evacuation
[30.726s][info][gc,phases   ] GC(37)   Pre Evacuate Collection Set: 0.2ms
[30.726s][info][gc,phases   ] GC(37)   Merge Heap Roots: 0.2ms
[30.726s][info][gc,phases   ] GC(37)   Evacuate Collection Set: 16.7ms
[30.726s][info][gc,phases   ] GC(37)   Post Evacuate Collection Set: 1.1ms
[30.727s][info][gc,phases   ] GC(37)   Other: 0.2ms
[30.727s][info][gc,heap     ] GC(37) Eden regions: 85->0(82)
[30.727s][info][gc,heap     ] GC(37) Survivor regions: 8->10(12)
[30.727s][info][gc,heap     ] GC(37) Old regions: 70->70
[30.727s][info][gc,heap     ] GC(37) Humongous regions: 5->5
[30.727s][info][gc,metaspace] GC(37) Metaspace: 262938K(266048K)->262938K(266048K) NonClass: 228517K(230272K)->228517K(230272K) Class: 34420K(35776K)->34420K(35776K)
[30.727s][info][gc          ] GC(37) Pause Young (Mixed) (G1 Evacuation Pause) 668M->333M(748M) 19.869ms
[30.727s][info][gc,cpu      ] GC(37) User=0.10s Sys=0.00s Real=0.02s
[31.539s][info][gc,start    ] GC(38) Pause Young (Concurrent Start) (G1 Evacuation Pause)
[31.540s][info][gc,task     ] GC(38) Using 6 workers of 6 for evacuation
[31.563s][info][gc,phases   ] GC(38)   Pre Evacuate Collection Set: 0.2ms
[31.564s][info][gc,phases   ] GC(38)   Merge Heap Roots: 0.1ms
[31.564s][info][gc,phases   ] GC(38)   Evacuate Collection Set: 21.9ms
[31.564s][info][gc,phases   ] GC(38)   Post Evacuate Collection Set: 1.1ms
[31.564s][info][gc,phases   ] GC(38)   Other: 0.3ms
[31.564s][info][gc,heap     ] GC(38) Eden regions: 82->0(81)
[31.564s][info][gc,heap     ] GC(38) Survivor regions: 10->8(12)
[31.564s][info][gc,heap     ] GC(38) Old regions: 70->75
[31.565s][info][gc,heap     ] GC(38) Humongous regions: 5->5
[31.565s][info][gc,metaspace] GC(38) Metaspace: 264258K(267392K)->264258K(267392K) NonClass: 229762K(231488K)->229762K(231488K) Class: 34496K(35904K)->34496K(35904K)
[31.565s][info][gc          ] GC(38) Pause Young (Concurrent Start) (G1 Evacuation Pause) 661M->347M(748M) 25.519ms
[31.565s][info][gc          ] GC(39) Concurrent Mark Cycle
[31.565s][info][gc,marking  ] GC(39) Concurrent Scan Root Regions
[31.565s][info][gc,cpu      ] GC(38) User=0.13s Sys=0.01s Real=0.03s
[31.610s][info][gc,marking  ] GC(39) Concurrent Scan Root Regions 44.750ms
[31.610s][info][gc,marking  ] GC(39) Concurrent Mark
[31.613s][info][gc,marking  ] GC(39) Concurrent Mark From Roots
[31.613s][info][gc,task     ] GC(39) Using 2 workers of 2 for marking
[31.814s][info][gc,marking  ] GC(39) Concurrent Mark From Roots 201.288ms
[31.815s][info][gc,marking  ] GC(39) Concurrent Preclean
[31.815s][info][gc,marking  ] GC(39) Concurrent Preclean 0.543ms
[31.816s][info][gc,start    ] GC(39) Pause Remark
[31.827s][info][gc          ] GC(39) Pause Remark 419M->419M(748M) 10.931ms
[31.827s][info][gc,cpu      ] GC(39) User=0.06s Sys=0.00s Real=0.01s
[31.829s][info][gc,marking  ] GC(39) Concurrent Mark 219.163ms
[31.830s][info][gc,marking  ] GC(39) Concurrent Rebuild Remembered Sets and Scrub Regions
[31.988s][info][gc,marking  ] GC(39) Concurrent Rebuild Remembered Sets and Scrub Regions 158.543ms
[31.989s][info][gc,start    ] GC(39) Pause Cleanup
[31.989s][info][gc          ] GC(39) Pause Cleanup 455M->455M(748M) 0.389ms
[31.989s][info][gc,cpu      ] GC(39) User=0.00s Sys=0.00s Real=0.00s
[31.989s][info][gc,marking  ] GC(39) Concurrent Clear Claimed Marks
[31.991s][info][gc,marking  ] GC(39) Concurrent Clear Claimed Marks 1.223ms
[31.991s][info][gc,marking  ] GC(39) Concurrent Cleanup for Next Mark
[31.992s][info][gc,marking  ] GC(39) Concurrent Cleanup for Next Mark 0.857ms
[31.992s][info][gc          ] GC(39) Concurrent Mark Cycle 427.026ms
[32.746s][info][gc,start    ] GC(40) Pause Young (Prepare Mixed) (G1 Evacuation Pause)
[32.747s][info][gc,task     ] GC(40) Using 6 workers of 6 for evacuation
[32.768s][info][gc,phases   ] GC(40)   Pre Evacuate Collection Set: 0.2ms
[32.768s][info][gc,phases   ] GC(40)   Merge Heap Roots: 0.1ms
[32.768s][info][gc,phases   ] GC(40)   Evacuate Collection Set: 18.8ms
[32.768s][info][gc,phases   ] GC(40)   Post Evacuate Collection Set: 1.4ms
[32.768s][info][gc,phases   ] GC(40)   Other: 0.2ms
[32.769s][info][gc,heap     ] GC(40) Eden regions: 81->0(74)
[32.769s][info][gc,heap     ] GC(40) Survivor regions: 8->10(12)
[32.769s][info][gc,heap     ] GC(40) Old regions: 75->78
[32.769s][info][gc,heap     ] GC(40) Humongous regions: 5->5
[32.769s][info][gc,metaspace] GC(40) Metaspace: 273572K(277120K)->273572K(277120K) NonClass: 237011K(238976K)->237011K(238976K) Class: 36561K(38144K)->36561K(38144K)
[32.769s][info][gc          ] GC(40) Pause Young (Prepare Mixed) (G1 Evacuation Pause) 671M->370M(748M) 22.803ms
[32.769s][info][gc,cpu      ] GC(40) User=0.11s Sys=0.00s Real=0.02s
[33.501s][info][gc,start    ] GC(41) Pause Young (Mixed) (G1 Evacuation Pause)
[33.501s][info][gc,task     ] GC(41) Using 6 workers of 6 for evacuation
[33.526s][info][gc,phases   ] GC(41)   Pre Evacuate Collection Set: 0.2ms
[33.526s][info][gc,phases   ] GC(41)   Merge Heap Roots: 0.2ms
[33.526s][info][gc,phases   ] GC(41)   Evacuate Collection Set: 22.7ms
[33.526s][info][gc,phases   ] GC(41)   Post Evacuate Collection Set: 1.2ms
[33.526s][info][gc,phases   ] GC(41)   Other: 0.2ms
[33.526s][info][gc,heap     ] GC(41) Eden regions: 74->0(78)
[33.527s][info][gc,heap     ] GC(41) Survivor regions: 10->4(11)
[33.527s][info][gc,heap     ] GC(41) Old regions: 78->86
[33.527s][info][gc,heap     ] GC(41) Humongous regions: 5->5
[33.527s][info][gc,metaspace] GC(41) Metaspace: 274182K(277696K)->274182K(277696K) NonClass: 237594K(239552K)->237594K(239552K) Class: 36587K(38144K)->36587K(38144K)
[33.527s][info][gc          ] GC(41) Pause Young (Mixed) (G1 Evacuation Pause) 666M->378M(748M) 26.277ms
[33.527s][info][gc,cpu      ] GC(41) User=0.11s Sys=0.00s Real=0.03s
[34.329s][info][gc,start    ] GC(42) Pause Young (Concurrent Start) (G1 Evacuation Pause)
[34.329s][info][gc,task     ] GC(42) Using 6 workers of 6 for evacuation
[34.344s][info][gc,phases   ] GC(42)   Pre Evacuate Collection Set: 0.2ms
[34.344s][info][gc,phases   ] GC(42)   Merge Heap Roots: 0.1ms
[34.344s][info][gc,phases   ] GC(42)   Evacuate Collection Set: 12.4ms
[34.344s][info][gc,phases   ] GC(42)   Post Evacuate Collection Set: 1.6ms
[34.344s][info][gc,phases   ] GC(42)   Other: 0.3ms
[34.345s][info][gc,heap     ] GC(42) Eden regions: 78->0(106)
[34.345s][info][gc,heap     ] GC(42) Survivor regions: 4->8(11)
[34.345s][info][gc,heap     ] GC(42) Old regions: 86->86
[34.345s][info][gc,heap     ] GC(42) Humongous regions: 5->5
[34.345s][info][gc,metaspace] GC(42) Metaspace: 275118K(278592K)->275118K(278592K) NonClass: 238490K(240384K)->238490K(240384K) Class: 36628K(38208K)->36628K(38208K)
[34.345s][info][gc          ] GC(42) Pause Young (Concurrent Start) (G1 Evacuation Pause) 690M->393M(900M) 16.353ms
[34.345s][info][gc          ] GC(43) Concurrent Mark Cycle
[34.346s][info][gc,marking  ] GC(43) Concurrent Scan Root Regions
[34.345s][info][gc,cpu      ] GC(42) User=0.07s Sys=0.00s Real=0.02s
[34.388s][info][gc,marking  ] GC(43) Concurrent Scan Root Regions 42.174ms
[34.388s][info][gc,marking  ] GC(43) Concurrent Mark
[34.388s][info][gc,marking  ] GC(43) Concurrent Mark From Roots
[34.388s][info][gc,task     ] GC(43) Using 2 workers of 2 for marking
[34.824s][info][gc,marking  ] GC(43) Concurrent Mark From Roots 435.759ms
[34.824s][info][gc,marking  ] GC(43) Concurrent Preclean
[34.825s][info][gc,marking  ] GC(43) Concurrent Preclean 0.732ms
[34.826s][info][gc,start    ] GC(43) Pause Remark
[34.837s][info][gc          ] GC(43) Pause Remark 540M->540M(900M) 11.395ms
[34.838s][info][gc,cpu      ] GC(43) User=0.06s Sys=0.00s Real=0.01s
[34.838s][info][gc,marking  ] GC(43) Concurrent Mark 449.985ms
[34.839s][info][gc,marking  ] GC(43) Concurrent Rebuild Remembered Sets and Scrub Regions
[35.017s][info][gc,marking  ] GC(43) Concurrent Rebuild Remembered Sets and Scrub Regions 177.938ms
[35.018s][info][gc,start    ] GC(43) Pause Cleanup
[35.018s][info][gc          ] GC(43) Pause Cleanup 631M->631M(900M) 0.381ms
[35.018s][info][gc,cpu      ] GC(43) User=0.00s Sys=0.00s Real=0.00s
[35.019s][info][gc,marking  ] GC(43) Concurrent Clear Claimed Marks
[35.019s][info][gc,marking  ] GC(43) Concurrent Clear Claimed Marks 0.424ms
[35.019s][info][gc,marking  ] GC(43) Concurrent Cleanup for Next Mark
[35.023s][info][gc,marking  ] GC(43) Concurrent Cleanup for Next Mark 4.223ms
[35.024s][info][gc          ] GC(43) Concurrent Mark Cycle 678.216ms
[35.599s][info][gc,start    ] GC(44) Pause Young (Prepare Mixed) (G1 Evacuation Pause)
[35.599s][info][gc,task     ] GC(44) Using 6 workers of 6 for evacuation
[35.622s][info][gc,phases   ] GC(44)   Pre Evacuate Collection Set: 0.2ms
[35.623s][info][gc,phases   ] GC(44)   Merge Heap Roots: 0.2ms
[35.623s][info][gc,phases   ] GC(44)   Evacuate Collection Set: 21.6ms
[35.623s][info][gc,phases   ] GC(44)   Post Evacuate Collection Set: 1.2ms
[35.623s][info][gc,phases   ] GC(44)   Other: 0.2ms
[35.623s][info][gc,heap     ] GC(44) Eden regions: 106->0(94)
[35.623s][info][gc,heap     ] GC(44) Survivor regions: 8->14(15)
[35.624s][info][gc,heap     ] GC(44) Old regions: 86->86
[35.624s][info][gc,heap     ] GC(44) Humongous regions: 5->5
[35.624s][info][gc,metaspace] GC(44) Metaspace: 277455K(280960K)->277455K(280960K) NonClass: 240596K(242560K)->240596K(242560K) Class: 36858K(38400K)->36858K(38400K)
[35.624s][info][gc          ] GC(44) Pause Young (Prepare Mixed) (G1 Evacuation Pause) 817M->415M(900M) 25.380ms
[35.624s][info][gc,cpu      ] GC(44) User=0.12s Sys=0.00s Real=0.03s
[36.357s][info][gc,start    ] GC(45) Pause Young (Mixed) (G1 Evacuation Pause)
[36.358s][info][gc,task     ] GC(45) Using 6 workers of 6 for evacuation
[36.385s][info][gc,phases   ] GC(45)   Pre Evacuate Collection Set: 0.2ms
[36.385s][info][gc,phases   ] GC(45)   Merge Heap Roots: 0.1ms
[36.385s][info][gc,phases   ] GC(45)   Evacuate Collection Set: 25.3ms
[36.385s][info][gc,phases   ] GC(45)   Post Evacuate Collection Set: 1.1ms
[36.385s][info][gc,phases   ] GC(45)   Other: 0.2ms
[36.385s][info][gc,heap     ] GC(45) Eden regions: 94->0(93)
[36.386s][info][gc,heap     ] GC(45) Survivor regions: 14->12(14)
[36.386s][info][gc,heap     ] GC(45) Old regions: 86->91
[36.386s][info][gc,heap     ] GC(45) Humongous regions: 5->5
[36.386s][info][gc,metaspace] GC(45) Metaspace: 278345K(281856K)->278345K(281856K) NonClass: 241441K(243392K)->241441K(243392K) Class: 36903K(38464K)->36903K(38464K)
[36.386s][info][gc          ] GC(45) Pause Young (Mixed) (G1 Evacuation Pause) 791M->428M(900M) 28.756ms
[36.386s][info][gc,cpu      ] GC(45) User=0.15s Sys=0.01s Real=0.03s
[36.892s][info][gc,start    ] GC(46) Pause Young (Concurrent Start) (G1 Evacuation Pause)
[36.892s][info][gc,task     ] GC(46) Using 6 workers of 6 for evacuation
[36.917s][info][gc,phases   ] GC(46)   Pre Evacuate Collection Set: 0.2ms
[36.917s][info][gc,phases   ] GC(46)   Merge Heap Roots: 0.1ms
[36.917s][info][gc,phases   ] GC(46)   Evacuate Collection Set: 22.9ms
[36.917s][info][gc,phases   ] GC(46)   Post Evacuate Collection Set: 0.9ms
[36.917s][info][gc,phases   ] GC(46)   Other: 0.3ms
[36.917s][info][gc,heap     ] GC(46) Eden regions: 93->0(89)
[36.917s][info][gc,heap     ] GC(46) Survivor regions: 12->11(14)
[36.918s][info][gc,heap     ] GC(46) Old regions: 91->97
[36.918s][info][gc,heap     ] GC(46) Humongous regions: 5->5
[36.918s][info][gc,metaspace] GC(46) Metaspace: 278494K(281984K)->278494K(281984K) NonClass: 241591K(243520K)->241591K(243520K) Class: 36903K(38464K)->36903K(38464K)
[36.918s][info][gc          ] GC(46) Pause Young (Concurrent Start) (G1 Evacuation Pause) 800M->449M(900M) 26.130ms
[36.918s][info][gc          ] GC(47) Concurrent Mark Cycle
[36.918s][info][gc,marking  ] GC(47) Concurrent Scan Root Regions
[36.918s][info][gc,cpu      ] GC(46) User=0.12s Sys=0.00s Real=0.03s
[36.965s][info][gc,marking  ] GC(47) Concurrent Scan Root Regions 46.627ms
[36.967s][info][gc,marking  ] GC(47) Concurrent Mark
[36.967s][info][gc,marking  ] GC(47) Concurrent Mark From Roots
[36.967s][info][gc,task     ] GC(47) Using 2 workers of 2 for marking
[37.303s][info][gc,marking  ] GC(47) Concurrent Mark From Roots 335.295ms
[37.303s][info][gc,marking  ] GC(47) Concurrent Preclean
[37.304s][info][gc,marking  ] GC(47) Concurrent Preclean 0.826ms
[37.304s][info][gc,start    ] GC(47) Pause Remark
[37.317s][info][gc          ] GC(47) Pause Remark 666M->666M(900M) 12.964ms
[37.317s][info][gc,cpu      ] GC(47) User=0.06s Sys=0.00s Real=0.01s
[37.318s][info][gc,marking  ] GC(47) Concurrent Mark 351.006ms
[37.319s][info][gc,marking  ] GC(47) Concurrent Rebuild Remembered Sets and Scrub Regions
[37.661s][info][gc,marking  ] GC(47) Concurrent Rebuild Remembered Sets and Scrub Regions 341.972ms
[37.661s][info][gc,start    ] GC(47) Pause Cleanup
[37.661s][info][gc          ] GC(47) Pause Cleanup 795M->795M(900M) 0.416ms
[37.662s][info][gc,cpu      ] GC(47) User=0.01s Sys=0.00s Real=0.00s
[37.662s][info][gc,marking  ] GC(47) Concurrent Clear Claimed Marks
[37.662s][info][gc,marking  ] GC(47) Concurrent Clear Claimed Marks 0.427ms
[37.663s][info][gc,marking  ] GC(47) Concurrent Cleanup for Next Mark
[37.664s][info][gc,marking  ] GC(47) Concurrent Cleanup for Next Mark 1.027ms
[37.664s][info][gc          ] GC(47) Concurrent Mark Cycle 745.741ms
[37.687s][info][gc,start    ] GC(48) Pause Young (Prepare Mixed) (G1 Evacuation Pause)
[37.687s][info][gc,task     ] GC(48) Using 6 workers of 6 for evacuation
[37.708s][info][gc,phases   ] GC(48)   Pre Evacuate Collection Set: 0.2ms
[37.708s][info][gc,phases   ] GC(48)   Merge Heap Roots: 0.1ms
[37.709s][info][gc,phases   ] GC(48)   Evacuate Collection Set: 19.1ms
[37.709s][info][gc,phases   ] GC(48)   Post Evacuate Collection Set: 1.0ms
[37.709s][info][gc,phases   ] GC(48)   Other: 0.3ms
[37.709s][info][gc,heap     ] GC(48) Eden regions: 89->0(85)
[37.709s][info][gc,heap     ] GC(48) Survivor regions: 11->10(13)
[37.709s][info][gc,heap     ] GC(48) Old regions: 97->103
[37.709s][info][gc,heap     ] GC(48) Humongous regions: 5->5
[37.710s][info][gc,metaspace] GC(48) Metaspace: 279041K(282496K)->279041K(282496K) NonClass: 242103K(244032K)->242103K(244032K) Class: 36938K(38464K)->36938K(38464K)
[37.710s][info][gc          ] GC(48) Pause Young (Prepare Mixed) (G1 Evacuation Pause) 805M->469M(900M) 22.648ms
[37.710s][info][gc,cpu      ] GC(48) User=0.12s Sys=0.00s Real=0.02s
[38.421s][info][gc,start    ] GC(49) Pause Young (Mixed) (G1 Evacuation Pause)
[38.421s][info][gc,task     ] GC(49) Using 6 workers of 6 for evacuation
[38.448s][info][gc,phases   ] GC(49)   Pre Evacuate Collection Set: 0.2ms
[38.448s][info][gc,phases   ] GC(49)   Merge Heap Roots: 0.2ms
[38.448s][info][gc,phases   ] GC(49)   Evacuate Collection Set: 25.0ms
[38.448s][info][gc,phases   ] GC(49)   Post Evacuate Collection Set: 1.1ms
[38.449s][info][gc,phases   ] GC(49)   Other: 0.2ms
[38.449s][info][gc,heap     ] GC(49) Eden regions: 85->0(82)
[38.449s][info][gc,heap     ] GC(49) Survivor regions: 10->10(12)
[38.449s][info][gc,heap     ] GC(49) Old regions: 103->106
[38.449s][info][gc,heap     ] GC(49) Humongous regions: 5->5
[38.449s][info][gc,metaspace] GC(49) Metaspace: 279868K(283328K)->279868K(283328K) NonClass: 242881K(244800K)->242881K(244800K) Class: 36987K(38528K)->36987K(38528K)
[38.449s][info][gc          ] GC(49) Pause Young (Mixed) (G1 Evacuation Pause) 809M->478M(900M) 28.413ms
[38.449s][info][gc,cpu      ] GC(49) User=0.14s Sys=0.00s Real=0.03s
[39.028s][info][gc,start    ] GC(50) Pause Young (Concurrent Start) (G1 Evacuation Pause)
[39.028s][info][gc,task     ] GC(50) Using 6 workers of 6 for evacuation
[39.053s][info][gc,phases   ] GC(50)   Pre Evacuate Collection Set: 0.3ms
[39.053s][info][gc,phases   ] GC(50)   Merge Heap Roots: 0.1ms
[39.053s][info][gc,phases   ] GC(50)   Evacuate Collection Set: 20.9ms
[39.054s][info][gc,phases   ] GC(50)   Post Evacuate Collection Set: 3.2ms
[39.054s][info][gc,phases   ] GC(50)   Other: 0.3ms
[39.054s][info][gc,heap     ] GC(50) Eden regions: 82->0(260)
[39.054s][info][gc,heap     ] GC(50) Survivor regions: 10->10(12)
[39.054s][info][gc,heap     ] GC(50) Old regions: 106->111
[39.054s][info][gc,heap     ] GC(50) Humongous regions: 5->5
[39.054s][info][gc,metaspace] GC(50) Metaspace: 280181K(283648K)->280181K(283648K) NonClass: 243190K(245120K)->243190K(245120K) Class: 36990K(38528K)->36990K(38528K)
[39.055s][info][gc          ] GC(50) Pause Young (Concurrent Start) (G1 Evacuation Pause) 806M->499M(1800M) 26.655ms
[39.055s][info][gc          ] GC(51) Concurrent Mark Cycle
[39.055s][info][gc,marking  ] GC(51) Concurrent Scan Root Regions
[39.055s][info][gc,cpu      ] GC(50) User=0.13s Sys=0.01s Real=0.03s
[39.073s][info][gc,marking  ] GC(51) Concurrent Scan Root Regions 18.463ms
[39.074s][info][gc,marking  ] GC(51) Concurrent Mark
[39.074s][info][gc,marking  ] GC(51) Concurrent Mark From Roots
[39.074s][info][gc,task     ] GC(51) Using 2 workers of 2 for marking
[39.487s][info][gc,marking  ] GC(51) Concurrent Mark From Roots 413.153ms
[39.487s][info][gc,marking  ] GC(51) Concurrent Preclean
[39.488s][info][gc,marking  ] GC(51) Concurrent Preclean 0.870ms
[39.490s][info][gc,start    ] GC(51) Pause Remark
[39.504s][info][gc          ] GC(51) Pause Remark 658M->658M(1680M) 14.182ms
[39.504s][info][gc,cpu      ] GC(51) User=0.05s Sys=0.00s Real=0.02s
[39.505s][info][gc,marking  ] GC(51) Concurrent Mark 431.791ms
[39.508s][info][gc,marking  ] GC(51) Concurrent Rebuild Remembered Sets and Scrub Regions
[39.945s][info][gc,marking  ] GC(51) Concurrent Rebuild Remembered Sets and Scrub Regions 437.041ms
[39.949s][info][gc,start    ] GC(51) Pause Cleanup
[39.950s][info][gc          ] GC(51) Pause Cleanup 893M->893M(1680M) 0.470ms
[39.950s][info][gc,cpu      ] GC(51) User=0.00s Sys=0.00s Real=0.00s
[39.952s][info][gc,marking  ] GC(51) Concurrent Clear Claimed Marks
[39.958s][info][gc,marking  ] GC(51) Concurrent Clear Claimed Marks 6.003ms
[39.966s][info][gc,marking  ] GC(51) Concurrent Cleanup for Next Mark
[39.994s][info][gc,marking  ] GC(51) Concurrent Cleanup for Next Mark 28.181ms
[39.994s][info][gc          ] GC(51) Concurrent Mark Cycle 939.420ms
[40.816s][info][gc,start    ] GC(52) Pause Young (Prepare Mixed) (G1 Evacuation Pause)
[40.817s][info][gc,task     ] GC(52) Using 6 workers of 6 for evacuation
[40.855s][info][gc,phases   ] GC(52)   Pre Evacuate Collection Set: 0.3ms
[40.855s][info][gc,phases   ] GC(52)   Merge Heap Roots: 0.2ms
[40.855s][info][gc,phases   ] GC(52)   Evacuate Collection Set: 36.1ms
[40.855s][info][gc,phases   ] GC(52)   Post Evacuate Collection Set: 1.3ms
[40.855s][info][gc,phases   ] GC(52)   Other: 0.3ms
[40.855s][info][gc,heap     ] GC(52) Eden regions: 242->0(230)
[40.856s][info][gc,heap     ] GC(52) Survivor regions: 10->22(32)
[40.856s][info][gc,heap     ] GC(52) Old regions: 111->111
[40.856s][info][gc,heap     ] GC(52) Humongous regions: 5->5
[40.856s][info][gc,metaspace] GC(52) Metaspace: 280782K(284288K)->280782K(284288K) NonClass: 243791K(245760K)->243791K(245760K) Class: 36991K(38528K)->36991K(38528K)
[40.856s][info][gc          ] GC(52) Pause Young (Prepare Mixed) (G1 Evacuation Pause) 1467M->548M(1680M) 39.687ms
[40.856s][info][gc,cpu      ] GC(52) User=0.20s Sys=0.01s Real=0.04s
[42.619s][info][gc,start    ] GC(53) Pause Young (Mixed) (G1 Evacuation Pause)
[42.619s][info][gc,task     ] GC(53) Using 6 workers of 6 for evacuation
[42.668s][info][gc,phases   ] GC(53)   Pre Evacuate Collection Set: 0.3ms
[42.668s][info][gc,phases   ] GC(53)   Merge Heap Roots: 0.2ms
[42.668s][info][gc,phases   ] GC(53)   Evacuate Collection Set: 46.1ms
[42.668s][info][gc,phases   ] GC(53)   Post Evacuate Collection Set: 1.6ms
[42.668s][info][gc,phases   ] GC(53)   Other: 0.2ms
[42.669s][info][gc,heap     ] GC(53) Eden regions: 230->0(224)
[42.669s][info][gc,heap     ] GC(53) Survivor regions: 22->26(32)
[42.669s][info][gc,heap     ] GC(53) Old regions: 111->118
[42.669s][info][gc,heap     ] GC(53) Humongous regions: 5->5
[42.669s][info][gc,metaspace] GC(53) Metaspace: 281371K(284800K)->281371K(284800K) NonClass: 244368K(246272K)->244368K(246272K) Class: 37003K(38528K)->37003K(38528K)
[42.669s][info][gc          ] GC(53) Pause Young (Mixed) (G1 Evacuation Pause) 1468M->593M(1680M) 50.291ms
[42.669s][info][gc,cpu      ] GC(53) User=0.28s Sys=0.00s Real=0.05s
[43.791s][info][gc,start    ] GC(54) Pause Young (Concurrent Start) (G1 Evacuation Pause)
[43.791s][info][gc,task     ] GC(54) Using 6 workers of 6 for evacuation
[43.840s][info][gc,phases   ] GC(54)   Pre Evacuate Collection Set: 0.4ms
[43.840s][info][gc,phases   ] GC(54)   Merge Heap Roots: 0.2ms
[43.840s][info][gc,phases   ] GC(54)   Evacuate Collection Set: 46.4ms
[43.840s][info][gc,phases   ] GC(54)   Post Evacuate Collection Set: 1.3ms
[43.840s][info][gc,phases   ] GC(54)   Other: 0.3ms
[43.840s][info][gc,heap     ] GC(54) Eden regions: 224->0(215)
[43.841s][info][gc,heap     ] GC(54) Survivor regions: 26->24(32)
[43.841s][info][gc,heap     ] GC(54) Old regions: 118->131
[43.841s][info][gc,heap     ] GC(54) Humongous regions: 5->5
[43.841s][info][gc,metaspace] GC(54) Metaspace: 281735K(285184K)->281735K(285184K) NonClass: 244731K(246656K)->244731K(246656K) Class: 37003K(38528K)->37003K(38528K)
[43.841s][info][gc          ] GC(54) Pause Young (Concurrent Start) (G1 Evacuation Pause) 1489M->636M(1680M) 49.842ms
[43.841s][info][gc          ] GC(55) Concurrent Mark Cycle
[43.841s][info][gc,marking  ] GC(55) Concurrent Scan Root Regions
[43.841s][info][gc,cpu      ] GC(54) User=0.25s Sys=0.00s Real=0.05s
[43.901s][info][gc,marking  ] GC(55) Concurrent Scan Root Regions 59.263ms
[43.901s][info][gc,marking  ] GC(55) Concurrent Mark
[43.901s][info][gc,marking  ] GC(55) Concurrent Mark From Roots
[43.901s][info][gc,task     ] GC(55) Using 2 workers of 2 for marking
[44.354s][info][gc,marking  ] GC(55) Concurrent Mark From Roots 453.330ms
[44.355s][info][gc,marking  ] GC(55) Concurrent Preclean
[44.356s][info][gc,marking  ] GC(55) Concurrent Preclean 1.642ms
[44.359s][info][gc,start    ] GC(55) Pause Remark
[44.372s][info][gc          ] GC(55) Pause Remark 978M->978M(1680M) 13.702ms
[44.373s][info][gc,cpu      ] GC(55) User=0.06s Sys=0.00s Real=0.01s
[44.373s][info][gc,marking  ] GC(55) Concurrent Mark 472.014ms
[44.373s][info][gc,marking  ] GC(55) Concurrent Rebuild Remembered Sets and Scrub Regions
[44.773s][info][gc,marking  ] GC(55) Concurrent Rebuild Remembered Sets and Scrub Regions 400.416ms
[44.774s][info][gc,start    ] GC(55) Pause Cleanup
[44.774s][info][gc          ] GC(55) Pause Cleanup 1308M->1308M(1680M) 0.359ms
[44.774s][info][gc,cpu      ] GC(55) User=0.00s Sys=0.00s Real=0.00s
[44.777s][info][gc,marking  ] GC(55) Concurrent Clear Claimed Marks
[44.778s][info][gc,marking  ] GC(55) Concurrent Clear Claimed Marks 1.628ms
[44.779s][info][gc,marking  ] GC(55) Concurrent Cleanup for Next Mark
[44.780s][info][gc,marking  ] GC(55) Concurrent Cleanup for Next Mark 1.597ms
[44.780s][info][gc          ] GC(55) Concurrent Mark Cycle 939.321ms
[44.934s][info][gc,start    ] GC(56) Pause Young (Prepare Mixed) (G1 Evacuation Pause)
[44.934s][info][gc,task     ] GC(56) Using 6 workers of 6 for evacuation
[44.980s][info][gc,phases   ] GC(56)   Pre Evacuate Collection Set: 0.2ms
[44.981s][info][gc,phases   ] GC(56)   Merge Heap Roots: 0.2ms
[44.981s][info][gc,phases   ] GC(56)   Evacuate Collection Set: 44.5ms
[44.981s][info][gc,phases   ] GC(56)   Post Evacuate Collection Set: 1.1ms
[44.981s][info][gc,phases   ] GC(56)   Other: 0.2ms
[44.981s][info][gc,heap     ] GC(56) Eden regions: 215->0(205)
[44.981s][info][gc,heap     ] GC(56) Survivor regions: 24->23(30)
[44.982s][info][gc,heap     ] GC(56) Old regions: 131->143
[44.982s][info][gc,heap     ] GC(56) Humongous regions: 5->5
[44.982s][info][gc,metaspace] GC(56) Metaspace: 281861K(285312K)->281861K(285312K) NonClass: 244856K(246784K)->244856K(246784K) Class: 37004K(38528K)->37004K(38528K)
[44.982s][info][gc          ] GC(56) Pause Young (Prepare Mixed) (G1 Evacuation Pause) 1496M->680M(1680M) 48.219ms
[44.982s][info][gc,cpu      ] GC(56) User=0.26s Sys=0.00s Real=0.05s
[45.691s][info][gc,start    ] GC(57) Pause Young (Mixed) (G1 Evacuation Pause)
[45.691s][info][gc,task     ] GC(57) Using 6 workers of 6 for evacuation
[45.738s][info][gc,phases   ] GC(57)   Pre Evacuate Collection Set: 0.3ms
[45.738s][info][gc,phases   ] GC(57)   Merge Heap Roots: 0.2ms
[45.738s][info][gc,phases   ] GC(57)   Evacuate Collection Set: 44.9ms
[45.739s][info][gc,phases   ] GC(57)   Post Evacuate Collection Set: 1.3ms
[45.739s][info][gc,phases   ] GC(57)   Other: 0.2ms
[45.739s][info][gc,heap     ] GC(57) Eden regions: 205->0(195)
[45.739s][info][gc,heap     ] GC(57) Survivor regions: 23->23(29)
[45.739s][info][gc,heap     ] GC(57) Old regions: 143->153
[45.739s][info][gc,heap     ] GC(57) Humongous regions: 5->5
[45.739s][info][gc,metaspace] GC(57) Metaspace: 281887K(285376K)->281887K(285376K) NonClass: 244883K(246848K)->244883K(246848K) Class: 37004K(38528K)->37004K(38528K)
[45.739s][info][gc          ] GC(57) Pause Young (Mixed) (G1 Evacuation Pause) 1500M->722M(1680M) 48.322ms
[45.739s][info][gc,cpu      ] GC(57) User=0.25s Sys=0.00s Real=0.05s
[46.423s][info][gc,start    ] GC(58) Pause Young (Concurrent Start) (G1 Evacuation Pause)
[46.423s][info][gc,task     ] GC(58) Using 6 workers of 6 for evacuation
[46.462s][info][gc,phases   ] GC(58)   Pre Evacuate Collection Set: 0.3ms
[46.462s][info][gc,phases   ] GC(58)   Merge Heap Roots: 0.2ms
[46.462s][info][gc,phases   ] GC(58)   Evacuate Collection Set: 36.5ms
[46.462s][info][gc,phases   ] GC(58)   Post Evacuate Collection Set: 0.9ms
[46.462s][info][gc,phases   ] GC(58)   Other: 0.3ms
[46.462s][info][gc,heap     ] GC(58) Eden regions: 195->0(187)
[46.462s][info][gc,heap     ] GC(58) Survivor regions: 23->21(28)
[46.463s][info][gc,heap     ] GC(58) Old regions: 153->165
[46.463s][info][gc,heap     ] GC(58) Humongous regions: 5->5
[46.463s][info][gc,metaspace] GC(58) Metaspace: 281902K(285376K)->281902K(285376K) NonClass: 244898K(246848K)->244898K(246848K) Class: 37004K(38528K)->37004K(38528K)
[46.463s][info][gc          ] GC(58) Pause Young (Concurrent Start) (G1 Evacuation Pause) 1502M->760M(1680M) 39.967ms
[46.463s][info][gc          ] GC(59) Concurrent Mark Cycle
[46.463s][info][gc,marking  ] GC(59) Concurrent Scan Root Regions
[46.463s][info][gc,cpu      ] GC(58) User=0.23s Sys=0.00s Real=0.04s
[46.534s][info][gc,marking  ] GC(59) Concurrent Scan Root Regions 70.976ms
[46.535s][info][gc,marking  ] GC(59) Concurrent Mark
[46.535s][info][gc,marking  ] GC(59) Concurrent Mark From Roots
[46.535s][info][gc,task     ] GC(59) Using 2 workers of 2 for marking
[47.224s][info][gc,marking  ] GC(59) Concurrent Mark From Roots 689.164ms
[47.232s][info][gc,marking  ] GC(59) Concurrent Preclean
[47.234s][info][gc,marking  ] GC(59) Concurrent Preclean 1.656ms
[47.234s][info][gc,start    ] GC(59) Pause Remark
[47.253s][info][gc          ] GC(59) Pause Remark 1424M->1424M(1680M) 18.975ms
[47.253s][info][gc,cpu      ] GC(59) User=0.07s Sys=0.00s Real=0.01s
[47.254s][info][gc,marking  ] GC(59) Concurrent Mark 718.934ms
[47.254s][info][gc,marking  ] GC(59) Concurrent Rebuild Remembered Sets and Scrub Regions
[47.346s][info][gc,start    ] GC(60) Pause Young (Normal) (G1 Evacuation Pause)
[47.346s][info][gc,task     ] GC(60) Using 6 workers of 6 for evacuation
[47.386s][info][gc,phases   ] GC(60)   Pre Evacuate Collection Set: 0.2ms
[47.386s][info][gc,phases   ] GC(60)   Merge Heap Roots: 0.2ms
[47.386s][info][gc,phases   ] GC(60)   Evacuate Collection Set: 38.0ms
[47.386s][info][gc,phases   ] GC(60)   Post Evacuate Collection Set: 1.2ms
[47.386s][info][gc,phases   ] GC(60)   Other: 0.2ms
[47.387s][info][gc,heap     ] GC(60) Eden regions: 187->0(176)
[47.387s][info][gc,heap     ] GC(60) Survivor regions: 21->21(26)
[47.387s][info][gc,heap     ] GC(60) Old regions: 165->176
[47.387s][info][gc,heap     ] GC(60) Humongous regions: 5->5
[47.387s][info][gc,metaspace] GC(60) Metaspace: 281920K(285376K)->281920K(285376K) NonClass: 244915K(246848K)->244915K(246848K) Class: 37005K(38528K)->37005K(38528K)
[47.387s][info][gc          ] GC(60) Pause Young (Normal) (G1 Evacuation Pause) 1508M->803M(1680M) 41.678ms
[47.387s][info][gc,cpu      ] GC(60) User=0.22s Sys=0.00s Real=0.04s
[47.838s][info][gc,marking  ] GC(59) Concurrent Rebuild Remembered Sets and Scrub Regions 584.256ms
[47.838s][info][gc,start    ] GC(59) Pause Cleanup
[47.839s][info][gc          ] GC(59) Pause Cleanup 997M->997M(1680M) 0.472ms
[47.839s][info][gc,cpu      ] GC(59) User=0.00s Sys=0.00s Real=0.00s
[47.839s][info][gc,marking  ] GC(59) Concurrent Clear Claimed Marks
[47.840s][info][gc,marking  ] GC(59) Concurrent Clear Claimed Marks 0.447ms
[47.840s][info][gc,marking  ] GC(59) Concurrent Cleanup for Next Mark
[47.841s][info][gc,marking  ] GC(59) Concurrent Cleanup for Next Mark 1.102ms
[47.841s][info][gc          ] GC(59) Concurrent Mark Cycle 1377.856ms
[51.209s][info][gc,start    ] GC(61) Pause Young (Prepare Mixed) (G1 Evacuation Pause)
[51.209s][info][gc,task     ] GC(61) Using 6 workers of 6 for evacuation
[51.245s][info][gc,phases   ] GC(61)   Pre Evacuate Collection Set: 0.3ms
[51.246s][info][gc,phases   ] GC(61)   Merge Heap Roots: 0.5ms
[51.246s][info][gc,phases   ] GC(61)   Evacuate Collection Set: 33.5ms
[51.246s][info][gc,phases   ] GC(61)   Post Evacuate Collection Set: 1.7ms
[51.247s][info][gc,phases   ] GC(61)   Other: 0.2ms
[51.247s][info][gc,heap     ] GC(61) Eden regions: 176->0(177)
[51.247s][info][gc,heap     ] GC(61) Survivor regions: 21->15(25)
[51.247s][info][gc,heap     ] GC(61) Old regions: 176->187
[51.248s][info][gc,heap     ] GC(61) Humongous regions: 5->5
[51.248s][info][gc,metaspace] GC(61) Metaspace: 284855K(288448K)->284855K(288448K) NonClass: 247489K(249472K)->247489K(249472K) Class: 37366K(38976K)->37366K(38976K)
[51.248s][info][gc          ] GC(61) Pause Young (Prepare Mixed) (G1 Evacuation Pause) 1506M->821M(1680M) 39.287ms
[51.248s][info][gc,cpu      ] GC(61) User=0.18s Sys=0.02s Real=0.04s
[54.589s][info][gc,heap,exit] Heap
[54.589s][info][gc,heap,exit]  garbage-first heap   total 1720320K, used 1021867K [0x00000006a6400000, 0x0000000800000000)
[54.590s][info][gc,heap,exit]   region size 4096K, 59 young (241664K), 15 survivors (61440K)
[54.590s][info][gc,heap,exit]  Metaspace       used 288430K, committed 292096K, reserved 1310720K
[54.590s][info][gc,heap,exit]   class space    used 37844K, committed 39488K, reserved 1048576K
